/home/justin/miniconda3/envs/fraud-fl-TA/lib/python3.10/site-packages/ray/_private/parameter.py:4: UserWarning: pkg_resources is deprecated as an API. See https://setuptools.pypa.io/en/latest/pkg_resources.html. The pkg_resources package is slated for removal as early as 2025-11-30. Refrain from using this package or pin to Setuptools<81.
  import pkg_resources
/home/justin/miniconda3/envs/fraud-fl-TA/lib/python3.10/site-packages/hydra/_internal/defaults_list.py:251: UserWarning: In 'base': Defaults list is missing `_self_`. See https://hydra.cc/docs/1.2/upgrades/1.0_to_1.1/default_composition_order for more information
  warnings.warn(msg, UserWarning)
/home/justin/miniconda3/envs/fraud-fl-TA/lib/python3.10/site-packages/wandb/sdk/launch/builder/build.py:11: UserWarning: pkg_resources is deprecated as an API. See https://setuptools.pypa.io/en/latest/pkg_resources.html. The pkg_resources package is slated for removal as early as 2025-11-30. Refrain from using this package or pin to Setuptools<81.
  import pkg_resources
wandb: Currently logged in as: deo250605 (deo250605-sepuluh-nopember-insitute-of-technology). Use `wandb login --relogin` to force relogin
wandb: wandb version 0.28.0 is available!  To upgrade, please run:
wandb:  $ pip install wandb --upgrade
wandb: Tracking run with wandb version 0.15.12
wandb: Run data is saved locally in /home/justin/fraud-fl-TA/wandb/run-20260709_170919-xi2as5in
wandb: Run `wandb offline` to turn off syncing.
wandb: Syncing run fedxgbllr_dirichlet_alpha1.0_smote_seed42
wandb: ⭐️ View project at https://wandb.ai/deo250605-sepuluh-nopember-insitute-of-technology/fraud-fl-TA
wandb: 🚀 View run at https://wandb.ai/deo250605-sepuluh-nopember-insitute-of-technology/fraud-fl-TA/runs/xi2as5in
WARNING flwr 2026-07-09 17:09:22,809 | app.py:210 | Both server and strategy were provided, ignoring strategy
dataset:
  task:
    task_type: BINARY
    metric:
      name: Accuracy
      fn:
        _target_: torchmetrics.Accuracy
        task: binary
    criterion:
      _target_: torch.nn.BCELoss
    xgb:
      _target_: xgboost.XGBClassifier
      objective: binary:logistic
  dataset_name: creditcard
  train_ratio: 0.7
  early_stop_patience_rounds: 10
  oversampling:
    method: smote
    k_neighbors: 5
    sampling_strategy: 0.01
    base_seed: 42
  non_iid:
    enabled: true
    alpha: 1.0
clients:
  n_estimators_client: 50
  num_rounds: 50
  client_num: 5
  num_iterations: 50
  xgb:
    max_depth: 6
  CNN:
    lr: 0.0005
wandb:
  setup:
    project: fraud-fl-TA
    mode: online
  watch:
    log: all
    log_freq: 100
centralized: false
use_wandb: true
show_each_client_performance_on_its_local_data: false
val_ratio: 0.0
batch_size: whole
n_estimators_client: ${clients.n_estimators_client}
task_type: ${dataset.task.task_type}
client_num: ${clients.client_num}
random_seed: 42
XGBoost:
  _target_: ${dataset.task.xgb._target_}
  objective: ${dataset.task.xgb.objective}
  learning_rate: 0.1
  max_depth: ${clients.xgb.max_depth}
  n_estimators: ${clients.n_estimators_client}
  subsample: 0.8
  colsample_bylevel: 1
  colsample_bynode: 1
  colsample_bytree: 1
  alpha: 5
  gamma: 5
  num_parallel_tree: 1
  min_child_weight: 1
server:
  max_workers: None
  device: cuda
client_resources:
  num_cpus: 10
  num_gpus: 1.0
strategy:
  _target_: hfedxgboost.strategy.FedXgbNnAvg
  _recursive_: true
  fraction_fit: 1.0
  fraction_evaluate: 0.0
  min_fit_clients: 1
  min_evaluate_clients: 1
  min_available_clients: ${client_num}
  accept_failures: false
run_experiment:
  num_rounds: 20
  batch_size: 32
  fraction_fit: 1.0
  min_fit_clients: 1
  fit_config:
    num_iterations: ${clients.num_iterations}

Dataset Name creditcard
[creditcard] loading /home/justin/fraud-fl-TA/data/creditcard/creditcard.csv
[creditcard] loaded 284,807 rows, 31 columns

[creditcard] === data summary ===
  total rows loaded : 284,807
  feature count     : 30
  feature names     : ['Time', 'V1', 'V2', 'V3', 'V4', 'V5', 'V6', 'V7', 'V8', 'V9', 'V10', 'V11', 'V12', 'V13', 'V14', 'V15', 'V16', 'V17', 'V18', 'V19', 'V20', 'V21', 'V22', 'V23', 'V24', 'V25', 'V26', 'V27', 'V28', 'Amount']
  x_train: (199364, 30)  dtype=float32   |  y_train: (199364,)  dtype=int32
  x_val  : (42721, 30)  dtype=float32   |  y_val  : (42721,)  dtype=int32
  x_test : (42722, 30)  dtype=float32   |  y_test : (42722,)  dtype=int32
  fraud in train: 344 / 199,364  (0.1725%)
  fraud in val  : 74 / 42,721  (0.1732%)
  fraud in test : 74 / 42,722  (0.1732%)
[creditcard] === end summary ===

Feature dimension of the dataset: 30
Size of the trainset: 199364
Size of the testset: 42722
Fraud ratio in train data: 0.0017254870488152324
[dirichlet] non-IID partition with alpha=1.0 — client sizes: [86499, 31650, 52833, 11441, 16941]
Data partitioned across 5 clients and 0.0 of local dataset reserved for validation.
FL experiment configured for 20 rounds with 5 client in the pool.
[2026-07-09 17:09:22,809][flwr][WARNING] - Both server and strategy were provided, ignoring strategy
INFO flwr 2026-07-09 17:09:22,810 | app.py:175 | Starting Flower simulation, config: ServerConfig(num_rounds=20, round_timeout=None)
[2026-07-09 17:09:22,810][flwr][INFO] - Starting Flower simulation, config: ServerConfig(num_rounds=20, round_timeout=None)
2026-07-09 17:09:24,453	INFO worker.py:1612 -- Started a local Ray instance. View the dashboard at [1m[32m127.0.0.1:8265 [39m[22m
INFO flwr 2026-07-09 17:09:25,031 | app.py:210 | Flower VCE: Ray initialized with resources: {'CPU': 20.0, 'node:__internal_head__': 1.0, 'memory': 8123589428.0, 'GPU': 1.0, 'node:172.24.108.56': 1.0, 'object_store_memory': 4061794713.0}
[2026-07-09 17:09:25,031][flwr][INFO] - Flower VCE: Ray initialized with resources: {'CPU': 20.0, 'node:__internal_head__': 1.0, 'memory': 8123589428.0, 'GPU': 1.0, 'node:172.24.108.56': 1.0, 'object_store_memory': 4061794713.0}
INFO flwr 2026-07-09 17:09:25,031 | app.py:224 | Flower VCE: Resources for each Virtual Client: {'num_cpus': 10, 'num_gpus': 1.0}
[2026-07-09 17:09:25,031][flwr][INFO] - Flower VCE: Resources for each Virtual Client: {'num_cpus': 10, 'num_gpus': 1.0}
INFO flwr 2026-07-09 17:09:25,040 | app.py:270 | Flower VCE: Creating VirtualClientEngineActorPool with 1 actors
[2026-07-09 17:09:25,040][flwr][INFO] - Flower VCE: Creating VirtualClientEngineActorPool with 1 actors
INFO flwr 2026-07-09 17:09:25,040 | server.py:236 | Initializing global parameters
[2026-07-09 17:09:25,040][flwr][INFO] - Initializing global parameters
INFO flwr 2026-07-09 17:09:25,040 | server.py:350 | Requesting initial parameters from one random client
[2026-07-09 17:09:25,040][flwr][INFO] - Requesting initial parameters from one random client
[2m[33m(raylet)[0m /home/justin/miniconda3/envs/fraud-fl-TA/lib/python3.10/site-packages/ray/_private/parameter.py:4: UserWarning: pkg_resources is deprecated as an API. See https://setuptools.pypa.io/en/latest/pkg_resources.html. The pkg_resources package is slated for removal as early as 2025-11-30. Refrain from using this package or pin to Setuptools<81.
[2m[33m(raylet)[0m   import pkg_resources
INFO flwr 2026-07-09 17:09:27,344 | server.py:354 | Received initial parameters from one random client
[2026-07-09 17:09:27,344][flwr][INFO] - Received initial parameters from one random client
INFO flwr 2026-07-09 17:09:27,344 | server.py:239 | Evaluating initial parameters
[2026-07-09 17:09:27,344][flwr][INFO] - Evaluating initial parameters
INFO flwr 2026-07-09 17:09:33,591 | server.py:242 | initial parameters (loss, other metrics): 0.012210168252416075, {'Accuracy': tensor(0.9983), 'test_auprc': tensor(0.4421), 'test_f1': tensor(0.5385), 'test_precision': tensor(0.4537), 'test_recall': tensor(0.6622), 'val_loss': tensor(0.0122), 'val_accuracy': tensor(0.9983), 'val_auprc': tensor(0.3841), 'val_f1': tensor(0.5217), 'val_precision': tensor(0.4364), 'val_recall': tensor(0.6486)}
{} 0
Evaluation on the server (val): val_loss=0.0122, val_auprc=0.3841, val_f1=0.5217, val_precision=0.4364, val_recall=0.6486
Evaluation on the server: test_loss=0.0122, test_,Accuracy,=0.9983, thr=0.3328, auprc=0.4421, f1=0.5385, precision=0.4537, recall=0.6622
[2026-07-09 17:09:33,591][flwr][INFO] - initial parameters (loss, other metrics): 0.012210168252416075, {'Accuracy': tensor(0.9983), 'test_auprc': tensor(0.4421), 'test_f1': tensor(0.5385), 'test_precision': tensor(0.4537), 'test_recall': tensor(0.6622), 'val_loss': tensor(0.0122), 'val_accuracy': tensor(0.9983), 'val_auprc': tensor(0.3841), 'val_f1': tensor(0.5217), 'val_precision': tensor(0.4364), 'val_recall': tensor(0.6486)}
INFO flwr 2026-07-09 17:09:33,596 | server.py:252 | FL starting
[2026-07-09 17:09:33,596][flwr][INFO] - FL starting
DEBUG flwr 2026-07-09 17:09:33,597 | server.py:129 | fit_round 1: strategy sampled 5 clients (out of 5)
Configuring round 1
[2026-07-09 17:09:33,597][flwr][DEBUG] - fit_round 1: strategy sampled 5 clients (out of 5)
DEBUG flwr 2026-07-09 17:09:42,283 | server.py:147 | fit_round 1 received 5 results and 0 failures
[2m[36m(DefaultActor pid=1530058)[0m Client 4: only had its own tree
[2m[36m(DefaultActor pid=1530058)[0m Client 4 : training for 50 iterations/updates
[2m[36m(DefaultActor pid=1530058)[0m Client 4: training round complete, 1600 update-samples over 50 updates; reporting FedAvg weight N_k=16941 (pre-SMOTE local partition size)
[2m[36m(DefaultActor pid=1530058)[0m Client 3: only had its own tree
[2m[36m(DefaultActor pid=1530058)[0m Client 3 : training for 50 iterations/updates
[2m[36m(DefaultActor pid=1530058)[0m Client 3: training round complete, 1600 update-samples over 50 updates; reporting FedAvg weight N_k=11441 (pre-SMOTE local partition size)
[2m[36m(DefaultActor pid=1530058)[0m [smote] client 3: skipping SMOTE — target already met (minority:majority 0.0212 >= target 0.01)
[2m[36m(DefaultActor pid=1530058)[0m Client 2: only had its own tree
[2m[36m(DefaultActor pid=1530058)[0m Client 2 : training for 50 iterations/updates
[2m[36m(DefaultActor pid=1530058)[0m Client 2: training round complete, 1600 update-samples over 50 updates; reporting FedAvg weight N_k=52833 (pre-SMOTE local partition size)
[2m[36m(DefaultActor pid=1530058)[0m Client 1: only had its own tree
[2m[36m(DefaultActor pid=1530058)[0m Client 1 : training for 50 iterations/updates
[2m[36m(DefaultActor pid=1530058)[0m Client 1: training round complete, 1600 update-samples over 50 updates; reporting FedAvg weight N_k=31650 (pre-SMOTE local partition size)
[2m[36m(DefaultActor pid=1530058)[0m Client 0: only had its own tree
[2m[36m(DefaultActor pid=1530058)[0m Client 0 : training for 50 iterations/updates
[2m[36m(DefaultActor pid=1530058)[0m Client 0: training round complete, 1600 update-samples over 50 updates; reporting FedAvg weight N_k=86499 (pre-SMOTE local partition size)
[2026-07-09 17:09:42,283][flwr][DEBUG] - fit_round 1 received 5 results and 0 failures
WARNING flwr 2026-07-09 17:09:42,284 | strategy.py:91 | No fit_metrics_aggregation_fn provided
[2026-07-09 17:09:42,284][flwr][WARNING] - No fit_metrics_aggregation_fn provided
INFO flwr 2026-07-09 17:09:47,616 | server.py:202 | fit progress: (1, 0.0004527367780995787, {'Accuracy': tensor(0.9983), 'test_auprc': tensor(0.8002), 'test_f1': tensor(0.8175), 'test_precision': tensor(0.8889), 'test_recall': tensor(0.7568), 'val_loss': tensor(0.0005), 'val_accuracy': tensor(0.9983), 'val_auprc': tensor(0.7340), 'val_f1': tensor(0.7891), 'val_precision': tensor(0.7945), 'val_recall': tensor(0.7838)}, 14.019263971989858)
Server side aggregated 5 trees.
{} 1
Evaluation on the server (val): val_loss=0.0005, val_auprc=0.7340, val_f1=0.7891, val_precision=0.7945, val_recall=0.7838
Evaluation on the server: test_loss=0.0005, test_,Accuracy,=0.9983, thr=0.0084, auprc=0.8002, f1=0.8175, precision=0.8889, recall=0.7568
[2026-07-09 17:09:47,616][flwr][INFO] - fit progress: (1, 0.0004527367780995787, {'Accuracy': tensor(0.9983), 'test_auprc': tensor(0.8002), 'test_f1': tensor(0.8175), 'test_precision': tensor(0.8889), 'test_recall': tensor(0.7568), 'val_loss': tensor(0.0005), 'val_accuracy': tensor(0.9983), 'val_auprc': tensor(0.7340), 'val_f1': tensor(0.7891), 'val_precision': tensor(0.7945), 'val_recall': tensor(0.7838)}, 14.019263971989858)
INFO flwr 2026-07-09 17:09:47,620 | server.py:306 | evaluate_round 1: no clients selected, cancel
New best loss value achieved, loss 0.0004527367780995787 metric value 0.9982678890228271
[2026-07-09 17:09:47,620][flwr][INFO] - evaluate_round 1: no clients selected, cancel
DEBUG flwr 2026-07-09 17:09:47,620 | server.py:129 | fit_round 2: strategy sampled 5 clients (out of 5)
Configuring round 2
[2026-07-09 17:09:47,620][flwr][DEBUG] - fit_round 2: strategy sampled 5 clients (out of 5)
DEBUG flwr 2026-07-09 17:09:54,906 | server.py:147 | fit_round 2 received 5 results and 0 failures
[2m[36m(DefaultActor pid=1530058)[0m Client 0: received 5 trees
[2m[36m(DefaultActor pid=1530058)[0m Client 0 : training for 50 iterations/updates
[2m[36m(DefaultActor pid=1530058)[0m Client 0: training round complete, 1600 update-samples over 50 updates; reporting FedAvg weight N_k=86499 (pre-SMOTE local partition size)
[2m[36m(DefaultActor pid=1530058)[0m Client 3: received 5 trees
[2m[36m(DefaultActor pid=1530058)[0m Client 3 : training for 50 iterations/updates
[2m[36m(DefaultActor pid=1530058)[0m Client 3: training round complete, 1600 update-samples over 50 updates; reporting FedAvg weight N_k=11441 (pre-SMOTE local partition size)
[2m[36m(DefaultActor pid=1530058)[0m [smote] client 3: skipping SMOTE — target already met (minority:majority 0.0212 >= target 0.01)
[2m[36m(DefaultActor pid=1530058)[0m Client 4: received 5 trees
[2m[36m(DefaultActor pid=1530058)[0m Client 4 : training for 50 iterations/updates
[2m[36m(DefaultActor pid=1530058)[0m Client 4: training round complete, 1600 update-samples over 50 updates; reporting FedAvg weight N_k=16941 (pre-SMOTE local partition size)
[2m[36m(DefaultActor pid=1530058)[0m Client 1: received 5 trees
[2m[36m(DefaultActor pid=1530058)[0m Client 1 : training for 50 iterations/updates
[2m[36m(DefaultActor pid=1530058)[0m Client 1: training round complete, 1600 update-samples over 50 updates; reporting FedAvg weight N_k=31650 (pre-SMOTE local partition size)
[2m[36m(DefaultActor pid=1530058)[0m Client 2: received 5 trees
[2m[36m(DefaultActor pid=1530058)[0m Client 2 : training for 50 iterations/updates
[2m[36m(DefaultActor pid=1530058)[0m Client 2: training round complete, 1600 update-samples over 50 updates; reporting FedAvg weight N_k=52833 (pre-SMOTE local partition size)
[2026-07-09 17:09:54,906][flwr][DEBUG] - fit_round 2 received 5 results and 0 failures
INFO flwr 2026-07-09 17:10:00,274 | server.py:202 | fit progress: (2, 0.0003846663545414302, {'Accuracy': tensor(0.9983), 'test_auprc': tensor(0.7889), 'test_f1': tensor(0.7852), 'test_precision': tensor(0.8689), 'test_recall': tensor(0.7162), 'val_loss': tensor(0.0004), 'val_accuracy': tensor(0.9983), 'val_auprc': tensor(0.7502), 'val_f1': tensor(0.7887), 'val_precision': tensor(0.8235), 'val_recall': tensor(0.7568)}, 26.677608972997405)
Server side aggregated 5 trees.
{} 2
Evaluation on the server (val): val_loss=0.0004, val_auprc=0.7502, val_f1=0.7887, val_precision=0.8235, val_recall=0.7568
Evaluation on the server: test_loss=0.0004, test_,Accuracy,=0.9983, thr=0.0012, auprc=0.7889, f1=0.7852, precision=0.8689, recall=0.7162
[2026-07-09 17:10:00,274][flwr][INFO] - fit progress: (2, 0.0003846663545414302, {'Accuracy': tensor(0.9983), 'test_auprc': tensor(0.7889), 'test_f1': tensor(0.7852), 'test_precision': tensor(0.8689), 'test_recall': tensor(0.7162), 'val_loss': tensor(0.0004), 'val_accuracy': tensor(0.9983), 'val_auprc': tensor(0.7502), 'val_f1': tensor(0.7887), 'val_precision': tensor(0.8235), 'val_recall': tensor(0.7568)}, 26.677608972997405)
INFO flwr 2026-07-09 17:10:00,277 | server.py:306 | evaluate_round 2: no clients selected, cancel
New best loss value achieved, loss 0.0003846663545414302 metric value 0.9982678890228271
[2026-07-09 17:10:00,277][flwr][INFO] - evaluate_round 2: no clients selected, cancel
DEBUG flwr 2026-07-09 17:10:00,278 | server.py:129 | fit_round 3: strategy sampled 5 clients (out of 5)
Configuring round 3
[2026-07-09 17:10:00,278][flwr][DEBUG] - fit_round 3: strategy sampled 5 clients (out of 5)
DEBUG flwr 2026-07-09 17:10:07,508 | server.py:147 | fit_round 3 received 5 results and 0 failures
[2m[36m(DefaultActor pid=1530058)[0m Client 3: received 5 trees
[2m[36m(DefaultActor pid=1530058)[0m Client 3 : training for 50 iterations/updates
[2m[36m(DefaultActor pid=1530058)[0m Client 3: training round complete, 1600 update-samples over 50 updates; reporting FedAvg weight N_k=11441 (pre-SMOTE local partition size)
[2m[36m(DefaultActor pid=1530058)[0m [smote] client 3: skipping SMOTE — target already met (minority:majority 0.0212 >= target 0.01)
[2m[36m(DefaultActor pid=1530058)[0m Client 0: received 5 trees
[2m[36m(DefaultActor pid=1530058)[0m Client 0 : training for 50 iterations/updates
[2m[36m(DefaultActor pid=1530058)[0m Client 0: training round complete, 1600 update-samples over 50 updates; reporting FedAvg weight N_k=86499 (pre-SMOTE local partition size)
[2m[36m(DefaultActor pid=1530058)[0m Client 1: received 5 trees
[2m[36m(DefaultActor pid=1530058)[0m Client 1 : training for 50 iterations/updates
[2m[36m(DefaultActor pid=1530058)[0m Client 1: training round complete, 1600 update-samples over 50 updates; reporting FedAvg weight N_k=31650 (pre-SMOTE local partition size)
[2m[36m(DefaultActor pid=1530058)[0m Client 4: received 5 trees
[2m[36m(DefaultActor pid=1530058)[0m Client 4 : training for 50 iterations/updates
[2m[36m(DefaultActor pid=1530058)[0m Client 4: training round complete, 1600 update-samples over 50 updates; reporting FedAvg weight N_k=16941 (pre-SMOTE local partition size)
[2m[36m(DefaultActor pid=1530058)[0m Client 2: received 5 trees
[2m[36m(DefaultActor pid=1530058)[0m Client 2 : training for 50 iterations/updates
[2m[36m(DefaultActor pid=1530058)[0m Client 2: training round complete, 1600 update-samples over 50 updates; reporting FedAvg weight N_k=52833 (pre-SMOTE local partition size)
[2026-07-09 17:10:07,508][flwr][DEBUG] - fit_round 3 received 5 results and 0 failures
INFO flwr 2026-07-09 17:10:13,190 | server.py:202 | fit progress: (3, 0.0005095759043463594, {'Accuracy': tensor(0.9983), 'test_auprc': tensor(0.7950), 'test_f1': tensor(0.8085), 'test_precision': tensor(0.8507), 'test_recall': tensor(0.7703), 'val_loss': tensor(0.0005), 'val_accuracy': tensor(0.9983), 'val_auprc': tensor(0.7636), 'val_f1': tensor(0.7945), 'val_precision': tensor(0.8056), 'val_recall': tensor(0.7838)}, 39.59338936799031)
Server side aggregated 5 trees.
{} 3
Evaluation on the server (val): val_loss=0.0005, val_auprc=0.7636, val_f1=0.7945, val_precision=0.8056, val_recall=0.7838
Evaluation on the server: test_loss=0.0005, test_,Accuracy,=0.9983, thr=0.0001, auprc=0.7950, f1=0.8085, precision=0.8507, recall=0.7703
[2026-07-09 17:10:13,190][flwr][INFO] - fit progress: (3, 0.0005095759043463594, {'Accuracy': tensor(0.9983), 'test_auprc': tensor(0.7950), 'test_f1': tensor(0.8085), 'test_precision': tensor(0.8507), 'test_recall': tensor(0.7703), 'val_loss': tensor(0.0005), 'val_accuracy': tensor(0.9983), 'val_auprc': tensor(0.7636), 'val_f1': tensor(0.7945), 'val_precision': tensor(0.8056), 'val_recall': tensor(0.7838)}, 39.59338936799031)
INFO flwr 2026-07-09 17:10:13,193 | server.py:306 | evaluate_round 3: no clients selected, cancel
[2026-07-09 17:10:13,193][flwr][INFO] - evaluate_round 3: no clients selected, cancel
DEBUG flwr 2026-07-09 17:10:13,194 | server.py:129 | fit_round 4: strategy sampled 5 clients (out of 5)
Configuring round 4
[2026-07-09 17:10:13,194][flwr][DEBUG] - fit_round 4: strategy sampled 5 clients (out of 5)
DEBUG flwr 2026-07-09 17:10:20,599 | server.py:147 | fit_round 4 received 5 results and 0 failures
[2m[36m(DefaultActor pid=1530058)[0m Client 1: received 5 trees
[2m[36m(DefaultActor pid=1530058)[0m Client 1 : training for 50 iterations/updates
[2m[36m(DefaultActor pid=1530058)[0m Client 1: training round complete, 1600 update-samples over 50 updates; reporting FedAvg weight N_k=31650 (pre-SMOTE local partition size)
[2m[36m(DefaultActor pid=1530058)[0m Client 0: received 5 trees
[2m[36m(DefaultActor pid=1530058)[0m Client 0 : training for 50 iterations/updates
[2m[36m(DefaultActor pid=1530058)[0m Client 0: training round complete, 1600 update-samples over 50 updates; reporting FedAvg weight N_k=86499 (pre-SMOTE local partition size)
[2m[36m(DefaultActor pid=1530058)[0m Client 4: received 5 trees
[2m[36m(DefaultActor pid=1530058)[0m Client 4 : training for 50 iterations/updates
[2m[36m(DefaultActor pid=1530058)[0m Client 4: training round complete, 1600 update-samples over 50 updates; reporting FedAvg weight N_k=16941 (pre-SMOTE local partition size)
[2m[36m(DefaultActor pid=1530058)[0m Client 3: received 5 trees
[2m[36m(DefaultActor pid=1530058)[0m Client 3 : training for 50 iterations/updates
[2m[36m(DefaultActor pid=1530058)[0m Client 3: training round complete, 1600 update-samples over 50 updates; reporting FedAvg weight N_k=11441 (pre-SMOTE local partition size)
[2m[36m(DefaultActor pid=1530058)[0m [smote] client 3: skipping SMOTE — target already met (minority:majority 0.0212 >= target 0.01)
[2m[36m(DefaultActor pid=1530058)[0m Client 2: received 5 trees
[2m[36m(DefaultActor pid=1530058)[0m Client 2 : training for 50 iterations/updates
[2m[36m(DefaultActor pid=1530058)[0m Client 2: training round complete, 1600 update-samples over 50 updates; reporting FedAvg weight N_k=52833 (pre-SMOTE local partition size)
[2026-07-09 17:10:20,599][flwr][DEBUG] - fit_round 4 received 5 results and 0 failures
INFO flwr 2026-07-09 17:10:26,003 | server.py:202 | fit progress: (4, 0.0005777730461997803, {'Accuracy': tensor(0.9983), 'test_auprc': tensor(0.8058), 'test_f1': tensor(0.8060), 'test_precision': tensor(0.9000), 'test_recall': tensor(0.7297), 'val_loss': tensor(0.0006), 'val_accuracy': tensor(0.9983), 'val_auprc': tensor(0.7595), 'val_f1': tensor(0.7778), 'val_precision': tensor(0.8000), 'val_recall': tensor(0.7568)}, 52.40698075199907)
Server side aggregated 5 trees.
{} 4
Evaluation on the server (val): val_loss=0.0006, val_auprc=0.7595, val_f1=0.7778, val_precision=0.8000, val_recall=0.7568
Evaluation on the server: test_loss=0.0006, test_,Accuracy,=0.9983, thr=0.0000, auprc=0.8058, f1=0.8060, precision=0.9000, recall=0.7297
[2026-07-09 17:10:26,003][flwr][INFO] - fit progress: (4, 0.0005777730461997803, {'Accuracy': tensor(0.9983), 'test_auprc': tensor(0.8058), 'test_f1': tensor(0.8060), 'test_precision': tensor(0.9000), 'test_recall': tensor(0.7297), 'val_loss': tensor(0.0006), 'val_accuracy': tensor(0.9983), 'val_auprc': tensor(0.7595), 'val_f1': tensor(0.7778), 'val_precision': tensor(0.8000), 'val_recall': tensor(0.7568)}, 52.40698075199907)
INFO flwr 2026-07-09 17:10:26,006 | server.py:306 | evaluate_round 4: no clients selected, cancel
[2026-07-09 17:10:26,006][flwr][INFO] - evaluate_round 4: no clients selected, cancel
DEBUG flwr 2026-07-09 17:10:26,007 | server.py:129 | fit_round 5: strategy sampled 5 clients (out of 5)
Configuring round 5
[2026-07-09 17:10:26,007][flwr][DEBUG] - fit_round 5: strategy sampled 5 clients (out of 5)
DEBUG flwr 2026-07-09 17:10:33,372 | server.py:147 | fit_round 5 received 5 results and 0 failures
[2m[36m(DefaultActor pid=1530058)[0m Client 0: received 5 trees
[2m[36m(DefaultActor pid=1530058)[0m Client 0 : training for 50 iterations/updates
[2m[36m(DefaultActor pid=1530058)[0m Client 0: training round complete, 1600 update-samples over 50 updates; reporting FedAvg weight N_k=86499 (pre-SMOTE local partition size)
[2m[36m(DefaultActor pid=1530058)[0m Client 2: received 5 trees
[2m[36m(DefaultActor pid=1530058)[0m Client 2 : training for 50 iterations/updates
[2m[36m(DefaultActor pid=1530058)[0m Client 2: training round complete, 1600 update-samples over 50 updates; reporting FedAvg weight N_k=52833 (pre-SMOTE local partition size)
[2m[36m(DefaultActor pid=1530058)[0m Client 1: received 5 trees
[2m[36m(DefaultActor pid=1530058)[0m Client 1 : training for 50 iterations/updates
[2m[36m(DefaultActor pid=1530058)[0m Client 1: training round complete, 1600 update-samples over 50 updates; reporting FedAvg weight N_k=31650 (pre-SMOTE local partition size)
[2m[36m(DefaultActor pid=1530058)[0m Client 3: received 5 trees
[2m[36m(DefaultActor pid=1530058)[0m Client 3 : training for 50 iterations/updates
[2m[36m(DefaultActor pid=1530058)[0m Client 3: training round complete, 1600 update-samples over 50 updates; reporting FedAvg weight N_k=11441 (pre-SMOTE local partition size)
[2m[36m(DefaultActor pid=1530058)[0m [smote] client 3: skipping SMOTE — target already met (minority:majority 0.0212 >= target 0.01)
[2m[36m(DefaultActor pid=1530058)[0m Client 4: received 5 trees
[2m[36m(DefaultActor pid=1530058)[0m Client 4 : training for 50 iterations/updates
[2m[36m(DefaultActor pid=1530058)[0m Client 4: training round complete, 1600 update-samples over 50 updates; reporting FedAvg weight N_k=16941 (pre-SMOTE local partition size)
[2026-07-09 17:10:33,372][flwr][DEBUG] - fit_round 5 received 5 results and 0 failures
INFO flwr 2026-07-09 17:10:38,799 | server.py:202 | fit progress: (5, 0.0005667416790882522, {'Accuracy': tensor(0.9983), 'test_auprc': tensor(0.8124), 'test_f1': tensor(0.8235), 'test_precision': tensor(0.9032), 'test_recall': tensor(0.7568), 'val_loss': tensor(0.0006), 'val_accuracy': tensor(0.9983), 'val_auprc': tensor(0.7654), 'val_f1': tensor(0.7808), 'val_precision': tensor(0.7917), 'val_recall': tensor(0.7703)}, 65.20221007699729)
Server side aggregated 5 trees.
{} 5
Evaluation on the server (val): val_loss=0.0006, val_auprc=0.7654, val_f1=0.7808, val_precision=0.7917, val_recall=0.7703
Evaluation on the server: test_loss=0.0006, test_,Accuracy,=0.9983, thr=0.0000, auprc=0.8124, f1=0.8235, precision=0.9032, recall=0.7568
[2026-07-09 17:10:38,799][flwr][INFO] - fit progress: (5, 0.0005667416790882522, {'Accuracy': tensor(0.9983), 'test_auprc': tensor(0.8124), 'test_f1': tensor(0.8235), 'test_precision': tensor(0.9032), 'test_recall': tensor(0.7568), 'val_loss': tensor(0.0006), 'val_accuracy': tensor(0.9983), 'val_auprc': tensor(0.7654), 'val_f1': tensor(0.7808), 'val_precision': tensor(0.7917), 'val_recall': tensor(0.7703)}, 65.20221007699729)
INFO flwr 2026-07-09 17:10:38,801 | server.py:306 | evaluate_round 5: no clients selected, cancel
[2026-07-09 17:10:38,801][flwr][INFO] - evaluate_round 5: no clients selected, cancel
DEBUG flwr 2026-07-09 17:10:38,802 | server.py:129 | fit_round 6: strategy sampled 5 clients (out of 5)
Configuring round 6
[2026-07-09 17:10:38,802][flwr][DEBUG] - fit_round 6: strategy sampled 5 clients (out of 5)
DEBUG flwr 2026-07-09 17:10:46,060 | server.py:147 | fit_round 6 received 5 results and 0 failures
[2m[36m(DefaultActor pid=1530058)[0m Client 1: received 5 trees
[2m[36m(DefaultActor pid=1530058)[0m Client 1 : training for 50 iterations/updates
[2m[36m(DefaultActor pid=1530058)[0m Client 1: training round complete, 1600 update-samples over 50 updates; reporting FedAvg weight N_k=31650 (pre-SMOTE local partition size)
[2m[36m(DefaultActor pid=1530058)[0m Client 4: received 5 trees
[2m[36m(DefaultActor pid=1530058)[0m Client 4 : training for 50 iterations/updates
[2m[36m(DefaultActor pid=1530058)[0m Client 4: training round complete, 1600 update-samples over 50 updates; reporting FedAvg weight N_k=16941 (pre-SMOTE local partition size)
[2m[36m(DefaultActor pid=1530058)[0m Client 2: received 5 trees
[2m[36m(DefaultActor pid=1530058)[0m Client 2 : training for 50 iterations/updates
[2m[36m(DefaultActor pid=1530058)[0m Client 2: training round complete, 1600 update-samples over 50 updates; reporting FedAvg weight N_k=52833 (pre-SMOTE local partition size)
[2m[36m(DefaultActor pid=1530058)[0m Client 0: received 5 trees
[2m[36m(DefaultActor pid=1530058)[0m Client 0 : training for 50 iterations/updates
[2m[36m(DefaultActor pid=1530058)[0m Client 0: training round complete, 1600 update-samples over 50 updates; reporting FedAvg weight N_k=86499 (pre-SMOTE local partition size)
[2m[36m(DefaultActor pid=1530058)[0m Client 3: received 5 trees
[2m[36m(DefaultActor pid=1530058)[0m Client 3 : training for 50 iterations/updates
[2m[36m(DefaultActor pid=1530058)[0m Client 3: training round complete, 1600 update-samples over 50 updates; reporting FedAvg weight N_k=11441 (pre-SMOTE local partition size)
[2m[36m(DefaultActor pid=1530058)[0m [smote] client 3: skipping SMOTE — target already met (minority:majority 0.0212 >= target 0.01)
[2026-07-09 17:10:46,060][flwr][DEBUG] - fit_round 6 received 5 results and 0 failures
INFO flwr 2026-07-09 17:10:51,536 | server.py:202 | fit progress: (6, 0.000636947637511448, {'Accuracy': tensor(0.9983), 'test_auprc': tensor(0.8029), 'test_f1': tensor(0.8235), 'test_precision': tensor(0.9032), 'test_recall': tensor(0.7568), 'val_loss': tensor(0.0006), 'val_accuracy': tensor(0.9983), 'val_auprc': tensor(0.7621), 'val_f1': tensor(0.8000), 'val_precision': tensor(0.8169), 'val_recall': tensor(0.7838)}, 77.93960914800118)
Server side aggregated 5 trees.
{} 6
Evaluation on the server (val): val_loss=0.0006, val_auprc=0.7621, val_f1=0.8000, val_precision=0.8169, val_recall=0.7838
Evaluation on the server: test_loss=0.0006, test_,Accuracy,=0.9983, thr=0.0000, auprc=0.8029, f1=0.8235, precision=0.9032, recall=0.7568
[2026-07-09 17:10:51,536][flwr][INFO] - fit progress: (6, 0.000636947637511448, {'Accuracy': tensor(0.9983), 'test_auprc': tensor(0.8029), 'test_f1': tensor(0.8235), 'test_precision': tensor(0.9032), 'test_recall': tensor(0.7568), 'val_loss': tensor(0.0006), 'val_accuracy': tensor(0.9983), 'val_auprc': tensor(0.7621), 'val_f1': tensor(0.8000), 'val_precision': tensor(0.8169), 'val_recall': tensor(0.7838)}, 77.93960914800118)
INFO flwr 2026-07-09 17:10:51,539 | server.py:306 | evaluate_round 6: no clients selected, cancel
[2026-07-09 17:10:51,539][flwr][INFO] - evaluate_round 6: no clients selected, cancel
DEBUG flwr 2026-07-09 17:10:51,540 | server.py:129 | fit_round 7: strategy sampled 5 clients (out of 5)
Configuring round 7
[2026-07-09 17:10:51,540][flwr][DEBUG] - fit_round 7: strategy sampled 5 clients (out of 5)
DEBUG flwr 2026-07-09 17:10:58,877 | server.py:147 | fit_round 7 received 5 results and 0 failures
[2m[36m(DefaultActor pid=1530058)[0m Client 3: received 5 trees
[2m[36m(DefaultActor pid=1530058)[0m Client 3 : training for 50 iterations/updates
[2m[36m(DefaultActor pid=1530058)[0m Client 3: training round complete, 1600 update-samples over 50 updates; reporting FedAvg weight N_k=11441 (pre-SMOTE local partition size)
[2m[36m(DefaultActor pid=1530058)[0m [smote] client 3: skipping SMOTE — target already met (minority:majority 0.0212 >= target 0.01)
[2m[36m(DefaultActor pid=1530058)[0m Client 0: received 5 trees
[2m[36m(DefaultActor pid=1530058)[0m Client 0 : training for 50 iterations/updates
[2m[36m(DefaultActor pid=1530058)[0m Client 0: training round complete, 1600 update-samples over 50 updates; reporting FedAvg weight N_k=86499 (pre-SMOTE local partition size)
[2m[36m(DefaultActor pid=1530058)[0m Client 1: received 5 trees
[2m[36m(DefaultActor pid=1530058)[0m Client 1 : training for 50 iterations/updates
[2m[36m(DefaultActor pid=1530058)[0m Client 1: training round complete, 1600 update-samples over 50 updates; reporting FedAvg weight N_k=31650 (pre-SMOTE local partition size)
[2m[36m(DefaultActor pid=1530058)[0m Client 2: received 5 trees
[2m[36m(DefaultActor pid=1530058)[0m Client 2 : training for 50 iterations/updates
[2m[36m(DefaultActor pid=1530058)[0m Client 2: training round complete, 1600 update-samples over 50 updates; reporting FedAvg weight N_k=52833 (pre-SMOTE local partition size)
[2m[36m(DefaultActor pid=1530058)[0m Client 4: received 5 trees
[2m[36m(DefaultActor pid=1530058)[0m Client 4 : training for 50 iterations/updates
[2m[36m(DefaultActor pid=1530058)[0m Client 4: training round complete, 1600 update-samples over 50 updates; reporting FedAvg weight N_k=16941 (pre-SMOTE local partition size)
[2026-07-09 17:10:58,877][flwr][DEBUG] - fit_round 7 received 5 results and 0 failures
INFO flwr 2026-07-09 17:11:04,255 | server.py:202 | fit progress: (7, 0.0007644646549985177, {'Accuracy': tensor(0.9983), 'test_auprc': tensor(0.8060), 'test_f1': tensor(0.8261), 'test_precision': tensor(0.8906), 'test_recall': tensor(0.7703), 'val_loss': tensor(0.0008), 'val_accuracy': tensor(0.9983), 'val_auprc': tensor(0.7596), 'val_f1': tensor(0.7919), 'val_precision': tensor(0.7867), 'val_recall': tensor(0.7973)}, 90.65898433599796)
Server side aggregated 5 trees.
{} 7
Evaluation on the server (val): val_loss=0.0008, val_auprc=0.7596, val_f1=0.7919, val_precision=0.7867, val_recall=0.7973
Evaluation on the server: test_loss=0.0008, test_,Accuracy,=0.9983, thr=0.0000, auprc=0.8060, f1=0.8261, precision=0.8906, recall=0.7703
[2026-07-09 17:11:04,255][flwr][INFO] - fit progress: (7, 0.0007644646549985177, {'Accuracy': tensor(0.9983), 'test_auprc': tensor(0.8060), 'test_f1': tensor(0.8261), 'test_precision': tensor(0.8906), 'test_recall': tensor(0.7703), 'val_loss': tensor(0.0008), 'val_accuracy': tensor(0.9983), 'val_auprc': tensor(0.7596), 'val_f1': tensor(0.7919), 'val_precision': tensor(0.7867), 'val_recall': tensor(0.7973)}, 90.65898433599796)
INFO flwr 2026-07-09 17:11:04,258 | server.py:306 | evaluate_round 7: no clients selected, cancel
[2026-07-09 17:11:04,258][flwr][INFO] - evaluate_round 7: no clients selected, cancel
DEBUG flwr 2026-07-09 17:11:04,259 | server.py:129 | fit_round 8: strategy sampled 5 clients (out of 5)
Configuring round 8
[2026-07-09 17:11:04,259][flwr][DEBUG] - fit_round 8: strategy sampled 5 clients (out of 5)
DEBUG flwr 2026-07-09 17:11:11,550 | server.py:147 | fit_round 8 received 5 results and 0 failures
[2m[36m(DefaultActor pid=1530058)[0m Client 4: received 5 trees
[2m[36m(DefaultActor pid=1530058)[0m Client 4 : training for 50 iterations/updates
[2m[36m(DefaultActor pid=1530058)[0m Client 4: training round complete, 1600 update-samples over 50 updates; reporting FedAvg weight N_k=16941 (pre-SMOTE local partition size)
[2m[36m(DefaultActor pid=1530058)[0m Client 1: received 5 trees
[2m[36m(DefaultActor pid=1530058)[0m Client 1 : training for 50 iterations/updates
[2m[36m(DefaultActor pid=1530058)[0m Client 1: training round complete, 1600 update-samples over 50 updates; reporting FedAvg weight N_k=31650 (pre-SMOTE local partition size)
[2m[36m(DefaultActor pid=1530058)[0m Client 2: received 5 trees
[2m[36m(DefaultActor pid=1530058)[0m Client 2 : training for 50 iterations/updates
[2m[36m(DefaultActor pid=1530058)[0m Client 2: training round complete, 1600 update-samples over 50 updates; reporting FedAvg weight N_k=52833 (pre-SMOTE local partition size)
[2m[36m(DefaultActor pid=1530058)[0m Client 3: received 5 trees
[2m[36m(DefaultActor pid=1530058)[0m Client 3 : training for 50 iterations/updates
[2m[36m(DefaultActor pid=1530058)[0m Client 3: training round complete, 1600 update-samples over 50 updates; reporting FedAvg weight N_k=11441 (pre-SMOTE local partition size)
[2m[36m(DefaultActor pid=1530058)[0m [smote] client 3: skipping SMOTE — target already met (minority:majority 0.0212 >= target 0.01)
[2m[36m(DefaultActor pid=1530058)[0m Client 0: received 5 trees
[2m[36m(DefaultActor pid=1530058)[0m Client 0 : training for 50 iterations/updates
[2m[36m(DefaultActor pid=1530058)[0m Client 0: training round complete, 1600 update-samples over 50 updates; reporting FedAvg weight N_k=86499 (pre-SMOTE local partition size)
[2026-07-09 17:11:11,550][flwr][DEBUG] - fit_round 8 received 5 results and 0 failures
INFO flwr 2026-07-09 17:11:16,997 | server.py:202 | fit progress: (8, 0.000850488831497116, {'Accuracy': tensor(0.9983), 'test_auprc': tensor(0.7952), 'test_f1': tensor(0.8058), 'test_precision': tensor(0.8615), 'test_recall': tensor(0.7568), 'val_loss': tensor(0.0008), 'val_accuracy': tensor(0.9983), 'val_auprc': tensor(0.7554), 'val_f1': tensor(0.7973), 'val_precision': tensor(0.7973), 'val_recall': tensor(0.7973)}, 103.40070847599418)
Server side aggregated 5 trees.
{} 8
Evaluation on the server (val): val_loss=0.0008, val_auprc=0.7554, val_f1=0.7973, val_precision=0.7973, val_recall=0.7973
Evaluation on the server: test_loss=0.0009, test_,Accuracy,=0.9983, thr=0.0000, auprc=0.7952, f1=0.8058, precision=0.8615, recall=0.7568
[2026-07-09 17:11:16,997][flwr][INFO] - fit progress: (8, 0.000850488831497116, {'Accuracy': tensor(0.9983), 'test_auprc': tensor(0.7952), 'test_f1': tensor(0.8058), 'test_precision': tensor(0.8615), 'test_recall': tensor(0.7568), 'val_loss': tensor(0.0008), 'val_accuracy': tensor(0.9983), 'val_auprc': tensor(0.7554), 'val_f1': tensor(0.7973), 'val_precision': tensor(0.7973), 'val_recall': tensor(0.7973)}, 103.40070847599418)
INFO flwr 2026-07-09 17:11:17,000 | server.py:306 | evaluate_round 8: no clients selected, cancel
[2026-07-09 17:11:17,000][flwr][INFO] - evaluate_round 8: no clients selected, cancel
DEBUG flwr 2026-07-09 17:11:17,001 | server.py:129 | fit_round 9: strategy sampled 5 clients (out of 5)
Configuring round 9
[2026-07-09 17:11:17,001][flwr][DEBUG] - fit_round 9: strategy sampled 5 clients (out of 5)
DEBUG flwr 2026-07-09 17:11:24,246 | server.py:147 | fit_round 9 received 5 results and 0 failures
[2m[36m(DefaultActor pid=1530058)[0m Client 2: received 5 trees
[2m[36m(DefaultActor pid=1530058)[0m Client 2 : training for 50 iterations/updates
[2m[36m(DefaultActor pid=1530058)[0m Client 2: training round complete, 1600 update-samples over 50 updates; reporting FedAvg weight N_k=52833 (pre-SMOTE local partition size)
[2m[36m(DefaultActor pid=1530058)[0m Client 4: received 5 trees
[2m[36m(DefaultActor pid=1530058)[0m Client 4 : training for 50 iterations/updates
[2m[36m(DefaultActor pid=1530058)[0m Client 4: training round complete, 1600 update-samples over 50 updates; reporting FedAvg weight N_k=16941 (pre-SMOTE local partition size)
[2m[36m(DefaultActor pid=1530058)[0m Client 0: received 5 trees
[2m[36m(DefaultActor pid=1530058)[0m Client 0 : training for 50 iterations/updates
[2m[36m(DefaultActor pid=1530058)[0m Client 0: training round complete, 1600 update-samples over 50 updates; reporting FedAvg weight N_k=86499 (pre-SMOTE local partition size)
[2m[36m(DefaultActor pid=1530058)[0m Client 1: received 5 trees
[2m[36m(DefaultActor pid=1530058)[0m Client 1 : training for 50 iterations/updates
[2m[36m(DefaultActor pid=1530058)[0m Client 1: training round complete, 1600 update-samples over 50 updates; reporting FedAvg weight N_k=31650 (pre-SMOTE local partition size)
[2m[36m(DefaultActor pid=1530058)[0m Client 3: received 5 trees
[2m[36m(DefaultActor pid=1530058)[0m Client 3 : training for 50 iterations/updates
[2m[36m(DefaultActor pid=1530058)[0m Client 3: training round complete, 1600 update-samples over 50 updates; reporting FedAvg weight N_k=11441 (pre-SMOTE local partition size)
[2026-07-09 17:11:24,246][flwr][DEBUG] - fit_round 9 received 5 results and 0 failures
INFO flwr 2026-07-09 17:11:29,159 | server.py:202 | fit progress: (9, 0.0009117230879709745, {'Accuracy': tensor(0.9983), 'test_auprc': tensor(0.8054), 'test_f1': tensor(0.8406), 'test_precision': tensor(0.9062), 'test_recall': tensor(0.7838), 'val_loss': tensor(0.0009), 'val_accuracy': tensor(0.9983), 'val_auprc': tensor(0.7589), 'val_f1': tensor(0.7945), 'val_precision': tensor(0.8056), 'val_recall': tensor(0.7838)}, 115.56271929999639)
Server side aggregated 5 trees.
{} 9
[2m[36m(DefaultActor pid=1530058)[0m [smote] client 3: skipping SMOTE — target already met (minority:majority 0.0212 >= target 0.01)
Evaluation on the server (val): val_loss=0.0009, val_auprc=0.7589, val_f1=0.7945, val_precision=0.8056, val_recall=0.7838
Evaluation on the server: test_loss=0.0009, test_,Accuracy,=0.9983, thr=0.0000, auprc=0.8054, f1=0.8406, precision=0.9062, recall=0.7838
[2026-07-09 17:11:29,159][flwr][INFO] - fit progress: (9, 0.0009117230879709745, {'Accuracy': tensor(0.9983), 'test_auprc': tensor(0.8054), 'test_f1': tensor(0.8406), 'test_precision': tensor(0.9062), 'test_recall': tensor(0.7838), 'val_loss': tensor(0.0009), 'val_accuracy': tensor(0.9983), 'val_auprc': tensor(0.7589), 'val_f1': tensor(0.7945), 'val_precision': tensor(0.8056), 'val_recall': tensor(0.7838)}, 115.56271929999639)
INFO flwr 2026-07-09 17:11:29,162 | server.py:306 | evaluate_round 9: no clients selected, cancel
[2026-07-09 17:11:29,162][flwr][INFO] - evaluate_round 9: no clients selected, cancel
DEBUG flwr 2026-07-09 17:11:29,164 | server.py:129 | fit_round 10: strategy sampled 5 clients (out of 5)
Configuring round 10
[2026-07-09 17:11:29,164][flwr][DEBUG] - fit_round 10: strategy sampled 5 clients (out of 5)
DEBUG flwr 2026-07-09 17:11:36,435 | server.py:147 | fit_round 10 received 5 results and 0 failures
[2m[36m(DefaultActor pid=1530058)[0m Client 0: received 5 trees
[2m[36m(DefaultActor pid=1530058)[0m Client 0 : training for 50 iterations/updates
[2m[36m(DefaultActor pid=1530058)[0m Client 0: training round complete, 1600 update-samples over 50 updates; reporting FedAvg weight N_k=86499 (pre-SMOTE local partition size)
[2m[36m(DefaultActor pid=1530058)[0m Client 3: received 5 trees
[2m[36m(DefaultActor pid=1530058)[0m Client 3 : training for 50 iterations/updates
[2m[36m(DefaultActor pid=1530058)[0m Client 3: training round complete, 1600 update-samples over 50 updates; reporting FedAvg weight N_k=11441 (pre-SMOTE local partition size)
[2m[36m(DefaultActor pid=1530058)[0m [smote] client 3: skipping SMOTE — target already met (minority:majority 0.0212 >= target 0.01)
[2m[36m(DefaultActor pid=1530058)[0m Client 2: received 5 trees
[2m[36m(DefaultActor pid=1530058)[0m Client 2 : training for 50 iterations/updates
[2m[36m(DefaultActor pid=1530058)[0m Client 2: training round complete, 1600 update-samples over 50 updates; reporting FedAvg weight N_k=52833 (pre-SMOTE local partition size)
[2m[36m(DefaultActor pid=1530058)[0m Client 4: received 5 trees
[2m[36m(DefaultActor pid=1530058)[0m Client 4 : training for 50 iterations/updates
[2m[36m(DefaultActor pid=1530058)[0m Client 4: training round complete, 1600 update-samples over 50 updates; reporting FedAvg weight N_k=16941 (pre-SMOTE local partition size)
[2m[36m(DefaultActor pid=1530058)[0m Client 1: received 5 trees
[2m[36m(DefaultActor pid=1530058)[0m Client 1 : training for 50 iterations/updates
[2m[36m(DefaultActor pid=1530058)[0m Client 1: training round complete, 1600 update-samples over 50 updates; reporting FedAvg weight N_k=31650 (pre-SMOTE local partition size)
[2026-07-09 17:11:36,435][flwr][DEBUG] - fit_round 10 received 5 results and 0 failures
INFO flwr 2026-07-09 17:11:41,539 | server.py:202 | fit progress: (10, 0.0008989729867268035, {'Accuracy': tensor(0.9983), 'test_auprc': tensor(0.8097), 'test_f1': tensor(0.8296), 'test_precision': tensor(0.9180), 'test_recall': tensor(0.7568), 'val_loss': tensor(0.0009), 'val_accuracy': tensor(0.9983), 'val_auprc': tensor(0.7667), 'val_f1': tensor(0.7862), 'val_precision': tensor(0.8028), 'val_recall': tensor(0.7703)}, 127.94277216999035)
Server side aggregated 5 trees.
{} 10
Evaluation on the server (val): val_loss=0.0009, val_auprc=0.7667, val_f1=0.7862, val_precision=0.8028, val_recall=0.7703
Evaluation on the server: test_loss=0.0009, test_,Accuracy,=0.9983, thr=0.0000, auprc=0.8097, f1=0.8296, precision=0.9180, recall=0.7568
[2026-07-09 17:11:41,539][flwr][INFO] - fit progress: (10, 0.0008989729867268035, {'Accuracy': tensor(0.9983), 'test_auprc': tensor(0.8097), 'test_f1': tensor(0.8296), 'test_precision': tensor(0.9180), 'test_recall': tensor(0.7568), 'val_loss': tensor(0.0009), 'val_accuracy': tensor(0.9983), 'val_auprc': tensor(0.7667), 'val_f1': tensor(0.7862), 'val_precision': tensor(0.8028), 'val_recall': tensor(0.7703)}, 127.94277216999035)
INFO flwr 2026-07-09 17:11:41,542 | server.py:306 | evaluate_round 10: no clients selected, cancel
[2026-07-09 17:11:41,542][flwr][INFO] - evaluate_round 10: no clients selected, cancel
DEBUG flwr 2026-07-09 17:11:41,543 | server.py:129 | fit_round 11: strategy sampled 5 clients (out of 5)
Configuring round 11
[2026-07-09 17:11:41,543][flwr][DEBUG] - fit_round 11: strategy sampled 5 clients (out of 5)
DEBUG flwr 2026-07-09 17:11:48,903 | server.py:147 | fit_round 11 received 5 results and 0 failures
[2m[36m(DefaultActor pid=1530058)[0m Client 2: received 5 trees
[2m[36m(DefaultActor pid=1530058)[0m Client 2 : training for 50 iterations/updates
[2m[36m(DefaultActor pid=1530058)[0m Client 2: training round complete, 1600 update-samples over 50 updates; reporting FedAvg weight N_k=52833 (pre-SMOTE local partition size)
[2m[36m(DefaultActor pid=1530058)[0m Client 1: received 5 trees
[2m[36m(DefaultActor pid=1530058)[0m Client 1 : training for 50 iterations/updates
[2m[36m(DefaultActor pid=1530058)[0m Client 1: training round complete, 1600 update-samples over 50 updates; reporting FedAvg weight N_k=31650 (pre-SMOTE local partition size)
[2m[36m(DefaultActor pid=1530058)[0m Client 3: received 5 trees
[2m[36m(DefaultActor pid=1530058)[0m Client 3 : training for 50 iterations/updates
[2m[36m(DefaultActor pid=1530058)[0m Client 3: training round complete, 1600 update-samples over 50 updates; reporting FedAvg weight N_k=11441 (pre-SMOTE local partition size)
[2m[36m(DefaultActor pid=1530058)[0m [smote] client 3: skipping SMOTE — target already met (minority:majority 0.0212 >= target 0.01)
[2m[36m(DefaultActor pid=1530058)[0m Client 4: received 5 trees
[2m[36m(DefaultActor pid=1530058)[0m Client 4 : training for 50 iterations/updates
[2m[36m(DefaultActor pid=1530058)[0m Client 4: training round complete, 1600 update-samples over 50 updates; reporting FedAvg weight N_k=16941 (pre-SMOTE local partition size)
[2m[36m(DefaultActor pid=1530058)[0m Client 0: received 5 trees
[2m[36m(DefaultActor pid=1530058)[0m Client 0 : training for 50 iterations/updates
[2m[36m(DefaultActor pid=1530058)[0m Client 0: training round complete, 1600 update-samples over 50 updates; reporting FedAvg weight N_k=86499 (pre-SMOTE local partition size)
[2026-07-09 17:11:48,903][flwr][DEBUG] - fit_round 11 received 5 results and 0 failures
INFO flwr 2026-07-09 17:11:54,496 | server.py:202 | fit progress: (11, 0.0009721381452242936, {'Accuracy': tensor(0.9983), 'test_auprc': tensor(0.8106), 'test_f1': tensor(0.8148), 'test_precision': tensor(0.9016), 'test_recall': tensor(0.7432), 'val_loss': tensor(0.0010), 'val_accuracy': tensor(0.9983), 'val_auprc': tensor(0.7646), 'val_f1': tensor(0.8056), 'val_precision': tensor(0.8286), 'val_recall': tensor(0.7838)}, 140.90007965799305)
Server side aggregated 5 trees.
{} 11
Evaluation on the server (val): val_loss=0.0010, val_auprc=0.7646, val_f1=0.8056, val_precision=0.8286, val_recall=0.7838
Evaluation on the server: test_loss=0.0010, test_,Accuracy,=0.9983, thr=0.0000, auprc=0.8106, f1=0.8148, precision=0.9016, recall=0.7432
[2026-07-09 17:11:54,496][flwr][INFO] - fit progress: (11, 0.0009721381452242936, {'Accuracy': tensor(0.9983), 'test_auprc': tensor(0.8106), 'test_f1': tensor(0.8148), 'test_precision': tensor(0.9016), 'test_recall': tensor(0.7432), 'val_loss': tensor(0.0010), 'val_accuracy': tensor(0.9983), 'val_auprc': tensor(0.7646), 'val_f1': tensor(0.8056), 'val_precision': tensor(0.8286), 'val_recall': tensor(0.7838)}, 140.90007965799305)
INFO flwr 2026-07-09 17:11:54,500 | server.py:306 | evaluate_round 11: no clients selected, cancel
[2026-07-09 17:11:54,500][flwr][INFO] - evaluate_round 11: no clients selected, cancel
DEBUG flwr 2026-07-09 17:11:54,500 | server.py:129 | fit_round 12: strategy sampled 5 clients (out of 5)
Configuring round 12
[2026-07-09 17:11:54,500][flwr][DEBUG] - fit_round 12: strategy sampled 5 clients (out of 5)
DEBUG flwr 2026-07-09 17:12:01,688 | server.py:147 | fit_round 12 received 5 results and 0 failures
[2m[36m(DefaultActor pid=1530058)[0m Client 3: received 5 trees
[2m[36m(DefaultActor pid=1530058)[0m Client 3 : training for 50 iterations/updates
[2m[36m(DefaultActor pid=1530058)[0m Client 3: training round complete, 1600 update-samples over 50 updates; reporting FedAvg weight N_k=11441 (pre-SMOTE local partition size)
[2m[36m(DefaultActor pid=1530058)[0m [smote] client 3: skipping SMOTE — target already met (minority:majority 0.0212 >= target 0.01)
[2m[36m(DefaultActor pid=1530058)[0m Client 2: received 5 trees
[2m[36m(DefaultActor pid=1530058)[0m Client 2 : training for 50 iterations/updates
[2m[36m(DefaultActor pid=1530058)[0m Client 2: training round complete, 1600 update-samples over 50 updates; reporting FedAvg weight N_k=52833 (pre-SMOTE local partition size)
[2m[36m(DefaultActor pid=1530058)[0m Client 1: received 5 trees
[2m[36m(DefaultActor pid=1530058)[0m Client 1 : training for 50 iterations/updates
[2m[36m(DefaultActor pid=1530058)[0m Client 1: training round complete, 1600 update-samples over 50 updates; reporting FedAvg weight N_k=31650 (pre-SMOTE local partition size)
[2m[36m(DefaultActor pid=1530058)[0m Client 0: received 5 trees
[2m[36m(DefaultActor pid=1530058)[0m Client 0 : training for 50 iterations/updates
[2m[36m(DefaultActor pid=1530058)[0m Client 0: training round complete, 1600 update-samples over 50 updates; reporting FedAvg weight N_k=86499 (pre-SMOTE local partition size)
[2m[36m(DefaultActor pid=1530058)[0m Client 4: received 5 trees
[2m[36m(DefaultActor pid=1530058)[0m Client 4 : training for 50 iterations/updates
[2m[36m(DefaultActor pid=1530058)[0m Client 4: training round complete, 1600 update-samples over 50 updates; reporting FedAvg weight N_k=16941 (pre-SMOTE local partition size)
[2026-07-09 17:12:01,688][flwr][DEBUG] - fit_round 12 received 5 results and 0 failures
INFO flwr 2026-07-09 17:12:07,228 | server.py:202 | fit progress: (12, 0.0009053925658417868, {'Accuracy': tensor(0.9983), 'test_auprc': tensor(0.8074), 'test_f1': tensor(0.8235), 'test_precision': tensor(0.9032), 'test_recall': tensor(0.7568), 'val_loss': tensor(0.0009), 'val_accuracy': tensor(0.9983), 'val_auprc': tensor(0.7597), 'val_f1': tensor(0.7945), 'val_precision': tensor(0.8056), 'val_recall': tensor(0.7838)}, 153.63179512099305)
Server side aggregated 5 trees.
{} 12
Evaluation on the server (val): val_loss=0.0009, val_auprc=0.7597, val_f1=0.7945, val_precision=0.8056, val_recall=0.7838
Evaluation on the server: test_loss=0.0009, test_,Accuracy,=0.9983, thr=0.0000, auprc=0.8074, f1=0.8235, precision=0.9032, recall=0.7568
[2026-07-09 17:12:07,228][flwr][INFO] - fit progress: (12, 0.0009053925658417868, {'Accuracy': tensor(0.9983), 'test_auprc': tensor(0.8074), 'test_f1': tensor(0.8235), 'test_precision': tensor(0.9032), 'test_recall': tensor(0.7568), 'val_loss': tensor(0.0009), 'val_accuracy': tensor(0.9983), 'val_auprc': tensor(0.7597), 'val_f1': tensor(0.7945), 'val_precision': tensor(0.8056), 'val_recall': tensor(0.7838)}, 153.63179512099305)
INFO flwr 2026-07-09 17:12:07,231 | server.py:306 | evaluate_round 12: no clients selected, cancel
That training is been stopped as the model achieve no progress with loss = 0.0003846663545414302 result = 0.9982678890228271
[2026-07-09 17:12:07,231][flwr][INFO] - evaluate_round 12: no clients selected, cancel
INFO flwr 2026-07-09 17:12:07,232 | server.py:274 | FL finished in 153.63518862899218
[2026-07-09 17:12:07,232][flwr][INFO] - FL finished in 153.63518862899218
INFO flwr 2026-07-09 17:12:07,232 | app.py:225 | app_fit: losses_distributed []
[2026-07-09 17:12:07,232][flwr][INFO] - app_fit: losses_distributed []
INFO flwr 2026-07-09 17:12:07,232 | app.py:226 | app_fit: metrics_distributed_fit {}
[2026-07-09 17:12:07,232][flwr][INFO] - app_fit: metrics_distributed_fit {}
INFO flwr 2026-07-09 17:12:07,232 | app.py:227 | app_fit: metrics_distributed {}
[2026-07-09 17:12:07,232][flwr][INFO] - app_fit: metrics_distributed {}
INFO flwr 2026-07-09 17:12:07,233 | app.py:228 | app_fit: losses_centralized [(0, 0.012210168252416075), (1, 0.0004527367780995787), (2, 0.0003846663545414302), (3, 0.0005095759043463594), (4, 0.0005777730461997803), (5, 0.0005667416790882522), (6, 0.000636947637511448), (7, 0.0007644646549985177), (8, 0.000850488831497116), (9, 0.0009117230879709745), (10, 0.0008989729867268035), (11, 0.0009721381452242936), (12, 0.0009053925658417868)]
[2026-07-09 17:12:07,233][flwr][INFO] - app_fit: losses_centralized [(0, 0.012210168252416075), (1, 0.0004527367780995787), (2, 0.0003846663545414302), (3, 0.0005095759043463594), (4, 0.0005777730461997803), (5, 0.0005667416790882522), (6, 0.000636947637511448), (7, 0.0007644646549985177), (8, 0.000850488831497116), (9, 0.0009117230879709745), (10, 0.0008989729867268035), (11, 0.0009721381452242936), (12, 0.0009053925658417868)]
INFO flwr 2026-07-09 17:12:07,241 | app.py:229 | app_fit: metrics_centralized {'Accuracy': [(0, tensor(0.9983)), (1, tensor(0.9983)), (2, tensor(0.9983)), (3, tensor(0.9983)), (4, tensor(0.9983)), (5, tensor(0.9983)), (6, tensor(0.9983)), (7, tensor(0.9983)), (8, tensor(0.9983)), (9, tensor(0.9983)), (10, tensor(0.9983)), (11, tensor(0.9983)), (12, tensor(0.9983))], 'test_auprc': [(0, tensor(0.4421)), (1, tensor(0.8002)), (2, tensor(0.7889)), (3, tensor(0.7950)), (4, tensor(0.8058)), (5, tensor(0.8124)), (6, tensor(0.8029)), (7, tensor(0.8060)), (8, tensor(0.7952)), (9, tensor(0.8054)), (10, tensor(0.8097)), (11, tensor(0.8106)), (12, tensor(0.8074))], 'test_f1': [(0, tensor(0.5385)), (1, tensor(0.8175)), (2, tensor(0.7852)), (3, tensor(0.8085)), (4, tensor(0.8060)), (5, tensor(0.8235)), (6, tensor(0.8235)), (7, tensor(0.8261)), (8, tensor(0.8058)), (9, tensor(0.8406)), (10, tensor(0.8296)), (11, tensor(0.8148)), (12, tensor(0.8235))], 'test_precision': [(0, tensor(0.4537)), (1, tensor(0.8889)), (2, tensor(0.8689)), (3, tensor(0.8507)), (4, tensor(0.9000)), (5, tensor(0.9032)), (6, tensor(0.9032)), (7, tensor(0.8906)), (8, tensor(0.8615)), (9, tensor(0.9062)), (10, tensor(0.9180)), (11, tensor(0.9016)), (12, tensor(0.9032))], 'test_recall': [(0, tensor(0.6622)), (1, tensor(0.7568)), (2, tensor(0.7162)), (3, tensor(0.7703)), (4, tensor(0.7297)), (5, tensor(0.7568)), (6, tensor(0.7568)), (7, tensor(0.7703)), (8, tensor(0.7568)), (9, tensor(0.7838)), (10, tensor(0.7568)), (11, tensor(0.7432)), (12, tensor(0.7568))], 'val_loss': [(0, tensor(0.0122)), (1, tensor(0.0005)), (2, tensor(0.0004)), (3, tensor(0.0005)), (4, tensor(0.0006)), (5, tensor(0.0006)), (6, tensor(0.0006)), (7, tensor(0.0008)), (8, tensor(0.0008)), (9, tensor(0.0009)), (10, tensor(0.0009)), (11, tensor(0.0010)), (12, tensor(0.0009))], 'val_accuracy': [(0, tensor(0.9983)), (1, tensor(0.9983)), (2, tensor(0.9983)), (3, tensor(0.9983)), (4, tensor(0.9983)), (5, tensor(0.9983)), (6, tensor(0.9983)), (7, tensor(0.9983)), (8, tensor(0.9983)), (9, tensor(0.9983)), (10, tensor(0.9983)), (11, tensor(0.9983)), (12, tensor(0.9983))], 'val_auprc': [(0, tensor(0.3841)), (1, tensor(0.7340)), (2, tensor(0.7502)), (3, tensor(0.7636)), (4, tensor(0.7595)), (5, tensor(0.7654)), (6, tensor(0.7621)), (7, tensor(0.7596)), (8, tensor(0.7554)), (9, tensor(0.7589)), (10, tensor(0.7667)), (11, tensor(0.7646)), (12, tensor(0.7597))], 'val_f1': [(0, tensor(0.5217)), (1, tensor(0.7891)), (2, tensor(0.7887)), (3, tensor(0.7945)), (4, tensor(0.7778)), (5, tensor(0.7808)), (6, tensor(0.8000)), (7, tensor(0.7919)), (8, tensor(0.7973)), (9, tensor(0.7945)), (10, tensor(0.7862)), (11, tensor(0.8056)), (12, tensor(0.7945))], 'val_precision': [(0, tensor(0.4364)), (1, tensor(0.7945)), (2, tensor(0.8235)), (3, tensor(0.8056)), (4, tensor(0.8000)), (5, tensor(0.7917)), (6, tensor(0.8169)), (7, tensor(0.7867)), (8, tensor(0.7973)), (9, tensor(0.8056)), (10, tensor(0.8028)), (11, tensor(0.8286)), (12, tensor(0.8056))], 'val_recall': [(0, tensor(0.6486)), (1, tensor(0.7838)), (2, tensor(0.7568)), (3, tensor(0.7838)), (4, tensor(0.7568)), (5, tensor(0.7703)), (6, tensor(0.7838)), (7, tensor(0.7973)), (8, tensor(0.7973)), (9, tensor(0.7838)), (10, tensor(0.7703)), (11, tensor(0.7838)), (12, tensor(0.7838))]}
[2026-07-09 17:12:07,241][flwr][INFO] - app_fit: metrics_centralized {'Accuracy': [(0, tensor(0.9983)), (1, tensor(0.9983)), (2, tensor(0.9983)), (3, tensor(0.9983)), (4, tensor(0.9983)), (5, tensor(0.9983)), (6, tensor(0.9983)), (7, tensor(0.9983)), (8, tensor(0.9983)), (9, tensor(0.9983)), (10, tensor(0.9983)), (11, tensor(0.9983)), (12, tensor(0.9983))], 'test_auprc': [(0, tensor(0.4421)), (1, tensor(0.8002)), (2, tensor(0.7889)), (3, tensor(0.7950)), (4, tensor(0.8058)), (5, tensor(0.8124)), (6, tensor(0.8029)), (7, tensor(0.8060)), (8, tensor(0.7952)), (9, tensor(0.8054)), (10, tensor(0.8097)), (11, tensor(0.8106)), (12, tensor(0.8074))], 'test_f1': [(0, tensor(0.5385)), (1, tensor(0.8175)), (2, tensor(0.7852)), (3, tensor(0.8085)), (4, tensor(0.8060)), (5, tensor(0.8235)), (6, tensor(0.8235)), (7, tensor(0.8261)), (8, tensor(0.8058)), (9, tensor(0.8406)), (10, tensor(0.8296)), (11, tensor(0.8148)), (12, tensor(0.8235))], 'test_precision': [(0, tensor(0.4537)), (1, tensor(0.8889)), (2, tensor(0.8689)), (3, tensor(0.8507)), (4, tensor(0.9000)), (5, tensor(0.9032)), (6, tensor(0.9032)), (7, tensor(0.8906)), (8, tensor(0.8615)), (9, tensor(0.9062)), (10, tensor(0.9180)), (11, tensor(0.9016)), (12, tensor(0.9032))], 'test_recall': [(0, tensor(0.6622)), (1, tensor(0.7568)), (2, tensor(0.7162)), (3, tensor(0.7703)), (4, tensor(0.7297)), (5, tensor(0.7568)), (6, tensor(0.7568)), (7, tensor(0.7703)), (8, tensor(0.7568)), (9, tensor(0.7838)), (10, tensor(0.7568)), (11, tensor(0.7432)), (12, tensor(0.7568))], 'val_loss': [(0, tensor(0.0122)), (1, tensor(0.0005)), (2, tensor(0.0004)), (3, tensor(0.0005)), (4, tensor(0.0006)), (5, tensor(0.0006)), (6, tensor(0.0006)), (7, tensor(0.0008)), (8, tensor(0.0008)), (9, tensor(0.0009)), (10, tensor(0.0009)), (11, tensor(0.0010)), (12, tensor(0.0009))], 'val_accuracy': [(0, tensor(0.9983)), (1, tensor(0.9983)), (2, tensor(0.9983)), (3, tensor(0.9983)), (4, tensor(0.9983)), (5, tensor(0.9983)), (6, tensor(0.9983)), (7, tensor(0.9983)), (8, tensor(0.9983)), (9, tensor(0.9983)), (10, tensor(0.9983)), (11, tensor(0.9983)), (12, tensor(0.9983))], 'val_auprc': [(0, tensor(0.3841)), (1, tensor(0.7340)), (2, tensor(0.7502)), (3, tensor(0.7636)), (4, tensor(0.7595)), (5, tensor(0.7654)), (6, tensor(0.7621)), (7, tensor(0.7596)), (8, tensor(0.7554)), (9, tensor(0.7589)), (10, tensor(0.7667)), (11, tensor(0.7646)), (12, tensor(0.7597))], 'val_f1': [(0, tensor(0.5217)), (1, tensor(0.7891)), (2, tensor(0.7887)), (3, tensor(0.7945)), (4, tensor(0.7778)), (5, tensor(0.7808)), (6, tensor(0.8000)), (7, tensor(0.7919)), (8, tensor(0.7973)), (9, tensor(0.7945)), (10, tensor(0.7862)), (11, tensor(0.8056)), (12, tensor(0.7945))], 'val_precision': [(0, tensor(0.4364)), (1, tensor(0.7945)), (2, tensor(0.8235)), (3, tensor(0.8056)), (4, tensor(0.8000)), (5, tensor(0.7917)), (6, tensor(0.8169)), (7, tensor(0.7867)), (8, tensor(0.7973)), (9, tensor(0.8056)), (10, tensor(0.8028)), (11, tensor(0.8286)), (12, tensor(0.8056))], 'val_recall': [(0, tensor(0.6486)), (1, tensor(0.7838)), (2, tensor(0.7568)), (3, tensor(0.7838)), (4, tensor(0.7568)), (5, tensor(0.7703)), (6, tensor(0.7838)), (7, tensor(0.7973)), (8, tensor(0.7973)), (9, tensor(0.7838)), (10, tensor(0.7703)), (11, tensor(0.7838)), (12, tensor(0.7838))]}
wandb: Waiting for W&B process to finish... (success).
wandb: - 0.003 MB of 0.003 MB uploaded (0.000 MB deduped)wandb: \ 0.003 MB of 0.069 MB uploaded (0.000 MB deduped)wandb: | 0.069 MB of 0.069 MB uploaded (0.000 MB deduped)wandb: / 0.069 MB of 0.069 MB uploaded (0.000 MB deduped)wandb: 
wandb: Run history:
wandb:            round ▁▂▂▃▃▄▅▅▆▆▇▇█
wandb:  server_accuracy ▁▁▁▁▁▁▁▁▁▁▁▁▁
wandb:     server_auprc ▁████████████
wandb:        server_f1 ▁▇▇▇▇███▇██▇█
wandb:      server_loss █▁▁▁▁▁▁▁▁▁▁▁▁
wandb: server_precision ▁█▇▇████▇████
wandb:    server_recall ▁▆▄▇▅▆▆▇▆█▆▆▆
wandb:     val_accuracy ▁▁▁▁▁▁▁▁▁▁▁▁▁
wandb:        val_auprc ▁▇███████████
wandb:           val_f1 ▁███▇▇███████
wandb:         val_loss █▁▁▁▁▁▁▁▁▁▁▁▁
wandb:    val_precision ▁▇██▇▇█▇▇████
wandb:       val_recall ▁▇▆▇▆▇▇██▇▇▇▇
wandb: 
wandb: Run summary:
wandb:       best_round 10
wandb:   best_val_auprc 0.76668
wandb: duration_seconds 169.04431
wandb:            round 12
wandb:  server_accuracy 0.99827
wandb:     server_auprc 0.80739
wandb:        server_f1 0.82353
wandb:      server_loss 0.00091
wandb: server_precision 0.90323
wandb:    server_recall 0.75676
wandb:       test_auprc 0.80739
wandb:          test_f1 0.82353
wandb:   test_precision 0.90323
wandb:      test_recall 0.75676
wandb:     val_accuracy 0.99827
wandb:        val_auprc 0.75973
wandb:           val_f1 0.79452
wandb:         val_loss 0.00091
wandb:    val_precision 0.80556
wandb:       val_recall 0.78378
wandb: 
wandb: 🚀 View run fedxgbllr_dirichlet_alpha1.0_smote_seed42 at: https://wandb.ai/deo250605-sepuluh-nopember-insitute-of-technology/fraud-fl-TA/runs/xi2as5in
wandb: Synced 6 W&B file(s), 0 media file(s), 0 artifact file(s) and 0 other file(s)
wandb: Find logs at: ./wandb/run-20260709_170919-xi2as5in/logs
History (loss, centralized):
	round 0: 0.012210168252416075
	round 1: 0.0004527367780995787
	round 2: 0.0003846663545414302
	round 3: 0.0005095759043463594
	round 4: 0.0005777730461997803
	round 5: 0.0005667416790882522
	round 6: 0.000636947637511448
	round 7: 0.0007644646549985177
	round 8: 0.000850488831497116
	round 9: 0.0009117230879709745
	round 10: 0.0008989729867268035
	round 11: 0.0009721381452242936
	round 12: 0.0009053925658417868
History (metrics, centralized):
{'Accuracy': [(0, tensor(0.9983)), (1, tensor(0.9983)), (2, tensor(0.9983)), (3, tensor(0.9983)), (4, tensor(0.9983)), (5, tensor(0.9983)), (6, tensor(0.9983)), (7, tensor(0.9983)), (8, tensor(0.9983)), (9, tensor(0.9983)), (10, tensor(0.9983)), (11, tensor(0.9983)), (12, tensor(0.9983))], 'test_auprc': [(0, tensor(0.4421)), (1, tensor(0.8002)), (2, tensor(0.7889)), (3, tensor(0.7950)), (4, tensor(0.8058)), (5, tensor(0.8124)), (6, tensor(0.8029)), (7, tensor(0.8060)), (8, tensor(0.7952)), (9, tensor(0.8054)), (10, tensor(0.8097)), (11, tensor(0.8106)), (12, tensor(0.8074))], 'test_f1': [(0, tensor(0.5385)), (1, tensor(0.8175)), (2, tensor(0.7852)), (3, tensor(0.8085)), (4, tensor(0.8060)), (5, tensor(0.8235)), (6, tensor(0.8235)), (7, tensor(0.8261)), (8, tensor(0.8058)), (9, tensor(0.8406)), (10, tensor(0.8296)), (11, tensor(0.8148)), (12, tensor(0.8235))], 'test_precision': [(0, tensor(0.4537)), (1, tensor(0.8889)), (2, tensor(0.8689)), (3, tensor(0.8507)), (4, tensor(0.9000)), (5, tensor(0.9032)), (6, tensor(0.9032)), (7, tensor(0.8906)), (8, tensor(0.8615)), (9, tensor(0.9062)), (10, tensor(0.9180)), (11, tensor(0.9016)), (12, tensor(0.9032))], 'test_recall': [(0, tensor(0.6622)), (1, tensor(0.7568)), (2, tensor(0.7162)), (3, tensor(0.7703)), (4, tensor(0.7297)), (5, tensor(0.7568)), (6, tensor(0.7568)), (7, tensor(0.7703)), (8, tensor(0.7568)), (9, tensor(0.7838)), (10, tensor(0.7568)), (11, tensor(0.7432)), (12, tensor(0.7568))], 'val_loss': [(0, tensor(0.0122)), (1, tensor(0.0005)), (2, tensor(0.0004)), (3, tensor(0.0005)), (4, tensor(0.0006)), (5, tensor(0.0006)), (6, tensor(0.0006)), (7, tensor(0.0008)), (8, tensor(0.0008)), (9, tensor(0.0009)), (10, tensor(0.0009)), (11, tensor(0.0010)), (12, tensor(0.0009))], 'val_accuracy': [(0, tensor(0.9983)), (1, tensor(0.9983)), (2, tensor(0.9983)), (3, tensor(0.9983)), (4, tensor(0.9983)), (5, tensor(0.9983)), (6, tensor(0.9983)), (7, tensor(0.9983)), (8, tensor(0.9983)), (9, tensor(0.9983)), (10, tensor(0.9983)), (11, tensor(0.9983)), (12, tensor(0.9983))], 'val_auprc': [(0, tensor(0.3841)), (1, tensor(0.7340)), (2, tensor(0.7502)), (3, tensor(0.7636)), (4, tensor(0.7595)), (5, tensor(0.7654)), (6, tensor(0.7621)), (7, tensor(0.7596)), (8, tensor(0.7554)), (9, tensor(0.7589)), (10, tensor(0.7667)), (11, tensor(0.7646)), (12, tensor(0.7597))], 'val_f1': [(0, tensor(0.5217)), (1, tensor(0.7891)), (2, tensor(0.7887)), (3, tensor(0.7945)), (4, tensor(0.7778)), (5, tensor(0.7808)), (6, tensor(0.8000)), (7, tensor(0.7919)), (8, tensor(0.7973)), (9, tensor(0.7945)), (10, tensor(0.7862)), (11, tensor(0.8056)), (12, tensor(0.7945))], 'val_precision': [(0, tensor(0.4364)), (1, tensor(0.7945)), (2, tensor(0.8235)), (3, tensor(0.8056)), (4, tensor(0.8000)), (5, tensor(0.7917)), (6, tensor(0.8169)), (7, tensor(0.7867)), (8, tensor(0.7973)), (9, tensor(0.8056)), (10, tensor(0.8028)), (11, tensor(0.8286)), (12, tensor(0.8056))], 'val_recall': [(0, tensor(0.6486)), (1, tensor(0.7838)), (2, tensor(0.7568)), (3, tensor(0.7838)), (4, tensor(0.7568)), (5, tensor(0.7703)), (6, tensor(0.7838)), (7, tensor(0.7973)), (8, tensor(0.7973)), (9, tensor(0.7838)), (10, tensor(0.7703)), (11, tensor(0.7838)), (12, tensor(0.7838))]}
Best Result 0.9982678890228271 best_res_round 0
[results] wrote summary CSV → results/logs/creditcard/fedxgbllr/fedxgbllr_dirichlet_alpha1.0_smote_seed42.csv
[results] wrote rounds CSV  → results/logs/creditcard/fedxgbllr/fedxgbllr_dirichlet_alpha1.0_smote_seed42_rounds.csv
