/home/justin/miniconda3/envs/fraud-fl-TA/lib/python3.10/site-packages/ray/_private/parameter.py:4: UserWarning: pkg_resources is deprecated as an API. See https://setuptools.pypa.io/en/latest/pkg_resources.html. The pkg_resources package is slated for removal as early as 2025-11-30. Refrain from using this package or pin to Setuptools<81.
  import pkg_resources
/home/justin/miniconda3/envs/fraud-fl-TA/lib/python3.10/site-packages/wandb/sdk/launch/builder/build.py:11: UserWarning: pkg_resources is deprecated as an API. See https://setuptools.pypa.io/en/latest/pkg_resources.html. The pkg_resources package is slated for removal as early as 2025-11-30. Refrain from using this package or pin to Setuptools<81.
  import pkg_resources
wandb: Currently logged in as: deo250605 (deo250605-sepuluh-nopember-insitute-of-technology). Use `wandb login --relogin` to force relogin
wandb: - Waiting for wandb.init()...wandb: \ Waiting for wandb.init()...wandb: wandb version 0.28.0 is available!  To upgrade, please run:
wandb:  $ pip install wandb --upgrade
wandb: Tracking run with wandb version 0.15.12
wandb: Run data is saved locally in /home/justin/fraud-fl-TA/wandb/run-20260709_162616-eon30tm1
wandb: Run `wandb offline` to turn off syncing.
wandb: Syncing run lr_dirichlet_alpha1.0_smote_seed42
wandb: ⭐️ View project at https://wandb.ai/deo250605-sepuluh-nopember-insitute-of-technology/fraud-fl-TA
wandb: 🚀 View run at https://wandb.ai/deo250605-sepuluh-nopember-insitute-of-technology/fraud-fl-TA/runs/eon30tm1
INFO flwr 2026-07-09 16:26:19,147 | app.py:175 | Starting Flower simulation, config: ServerConfig(num_rounds=20, round_timeout=None)
2026-07-09 16:26:20,809	INFO worker.py:1621 -- Started a local Ray instance.
INFO flwr 2026-07-09 16:26:21,359 | app.py:210 | Flower VCE: Ray initialized with resources: {'node:__internal_head__': 1.0, 'node:172.24.108.56': 1.0, 'object_store_memory': 4646654361.0, 'memory': 9293308724.0, 'CPU': 20.0}
INFO flwr 2026-07-09 16:26:21,359 | app.py:224 | Flower VCE: Resources for each Virtual Client: {'num_cpus': 1, 'num_gpus': 0}
INFO flwr 2026-07-09 16:26:21,369 | app.py:270 | Flower VCE: Creating VirtualClientEngineActorPool with 20 actors
INFO flwr 2026-07-09 16:26:21,369 | server.py:89 | Initializing global parameters
INFO flwr 2026-07-09 16:26:21,369 | server.py:272 | Using initial parameters provided by strategy
INFO flwr 2026-07-09 16:26:21,369 | server.py:91 | Evaluating initial parameters
INFO flwr 2026-07-09 16:26:21,500 | server.py:94 | initial parameters (loss, other metrics): 0.9982678308092039, {'val_auprc': 0.0017321691907960957, 'val_f1': 0.003458347937843206, 'val_precision': 0.0017321691907960957, 'val_recall': 1.0}
INFO flwr 2026-07-09 16:26:21,501 | server.py:104 | FL starting
DEBUG flwr 2026-07-09 16:26:21,501 | server.py:222 | fit_round 1: strategy sampled 5 clients (out of 5)
[2m[33m(raylet)[0m /home/justin/miniconda3/envs/fraud-fl-TA/lib/python3.10/site-packages/ray/_private/parameter.py:4: UserWarning: pkg_resources is deprecated as an API. See https://setuptools.pypa.io/en/latest/pkg_resources.html. The pkg_resources package is slated for removal as early as 2025-11-30. Refrain from using this package or pin to Setuptools<81.
[2m[33m(raylet)[0m   import pkg_resources
[2m[33m(raylet)[0m /home/justin/miniconda3/envs/fraud-fl-TA/lib/python3.10/site-packages/ray/_private/parameter.py:4: UserWarning: pkg_resources is deprecated as an API. See https://setuptools.pypa.io/en/latest/pkg_resources.html. The pkg_resources package is slated for removal as early as 2025-11-30. Refrain from using this package or pin to Setuptools<81.
[2m[33m(raylet)[0m   import pkg_resources
[2m[33m(raylet)[0m /home/justin/miniconda3/envs/fraud-fl-TA/lib/python3.10/site-packages/ray/_private/parameter.py:4: UserWarning: pkg_resources is deprecated as an API. See https://setuptools.pypa.io/en/latest/pkg_resources.html. The pkg_resources package is slated for removal as early as 2025-11-30. Refrain from using this package or pin to Setuptools<81.
[2m[33m(raylet)[0m   import pkg_resources
[2m[33m(raylet)[0m /home/justin/miniconda3/envs/fraud-fl-TA/lib/python3.10/site-packages/ray/_private/parameter.py:4: UserWarning: pkg_resources is deprecated as an API. See https://setuptools.pypa.io/en/latest/pkg_resources.html. The pkg_resources package is slated for removal as early as 2025-11-30. Refrain from using this package or pin to Setuptools<81.
[2m[33m(raylet)[0m   import pkg_resources
[2m[33m(raylet)[0m /home/justin/miniconda3/envs/fraud-fl-TA/lib/python3.10/site-packages/ray/_private/parameter.py:4: UserWarning: pkg_resources is deprecated as an API. See https://setuptools.pypa.io/en/latest/pkg_resources.html. The pkg_resources package is slated for removal as early as 2025-11-30. Refrain from using this package or pin to Setuptools<81.
[2m[33m(raylet)[0m   import pkg_resources
[2m[33m(raylet)[0m /home/justin/miniconda3/envs/fraud-fl-TA/lib/python3.10/site-packages/ray/_private/parameter.py:4: UserWarning: pkg_resources is deprecated as an API. See https://setuptools.pypa.io/en/latest/pkg_resources.html. The pkg_resources package is slated for removal as early as 2025-11-30. Refrain from using this package or pin to Setuptools<81.
[2m[33m(raylet)[0m   import pkg_resources
[2m[33m(raylet)[0m /home/justin/miniconda3/envs/fraud-fl-TA/lib/python3.10/site-packages/ray/_private/parameter.py:4: UserWarning: pkg_resources is deprecated as an API. See https://setuptools.pypa.io/en/latest/pkg_resources.html. The pkg_resources package is slated for removal as early as 2025-11-30. Refrain from using this package or pin to Setuptools<81.
[2m[33m(raylet)[0m   import pkg_resources
[2m[33m(raylet)[0m /home/justin/miniconda3/envs/fraud-fl-TA/lib/python3.10/site-packages/ray/_private/parameter.py:4: UserWarning: pkg_resources is deprecated as an API. See https://setuptools.pypa.io/en/latest/pkg_resources.html. The pkg_resources package is slated for removal as early as 2025-11-30. Refrain from using this package or pin to Setuptools<81.
[2m[33m(raylet)[0m   import pkg_resources
[2m[33m(raylet)[0m /home/justin/miniconda3/envs/fraud-fl-TA/lib/python3.10/site-packages/ray/_private/parameter.py:4: UserWarning: pkg_resources is deprecated as an API. See https://setuptools.pypa.io/en/latest/pkg_resources.html. The pkg_resources package is slated for removal as early as 2025-11-30. Refrain from using this package or pin to Setuptools<81.
[2m[33m(raylet)[0m   import pkg_resources
[2m[33m(raylet)[0m /home/justin/miniconda3/envs/fraud-fl-TA/lib/python3.10/site-packages/ray/_private/parameter.py:4: UserWarning: pkg_resources is deprecated as an API. See https://setuptools.pypa.io/en/latest/pkg_resources.html. The pkg_resources package is slated for removal as early as 2025-11-30. Refrain from using this package or pin to Setuptools<81.
[2m[33m(raylet)[0m   import pkg_resources
[2m[33m(raylet)[0m /home/justin/miniconda3/envs/fraud-fl-TA/lib/python3.10/site-packages/ray/_private/parameter.py:4: UserWarning: pkg_resources is deprecated as an API. See https://setuptools.pypa.io/en/latest/pkg_resources.html. The pkg_resources package is slated for removal as early as 2025-11-30. Refrain from using this package or pin to Setuptools<81.
[2m[33m(raylet)[0m   import pkg_resources
[2m[33m(raylet)[0m /home/justin/miniconda3/envs/fraud-fl-TA/lib/python3.10/site-packages/ray/_private/parameter.py:4: UserWarning: pkg_resources is deprecated as an API. See https://setuptools.pypa.io/en/latest/pkg_resources.html. The pkg_resources package is slated for removal as early as 2025-11-30. Refrain from using this package or pin to Setuptools<81.
[2m[33m(raylet)[0m   import pkg_resources
[2m[33m(raylet)[0m /home/justin/miniconda3/envs/fraud-fl-TA/lib/python3.10/site-packages/ray/_private/parameter.py:4: UserWarning: pkg_resources is deprecated as an API. See https://setuptools.pypa.io/en/latest/pkg_resources.html. The pkg_resources package is slated for removal as early as 2025-11-30. Refrain from using this package or pin to Setuptools<81.
[2m[33m(raylet)[0m   import pkg_resources
[2m[33m(raylet)[0m /home/justin/miniconda3/envs/fraud-fl-TA/lib/python3.10/site-packages/ray/_private/parameter.py:4: UserWarning: pkg_resources is deprecated as an API. See https://setuptools.pypa.io/en/latest/pkg_resources.html. The pkg_resources package is slated for removal as early as 2025-11-30. Refrain from using this package or pin to Setuptools<81.
[2m[33m(raylet)[0m   import pkg_resources
[2m[33m(raylet)[0m /home/justin/miniconda3/envs/fraud-fl-TA/lib/python3.10/site-packages/ray/_private/parameter.py:4: UserWarning: pkg_resources is deprecated as an API. See https://setuptools.pypa.io/en/latest/pkg_resources.html. The pkg_resources package is slated for removal as early as 2025-11-30. Refrain from using this package or pin to Setuptools<81.
[2m[33m(raylet)[0m   import pkg_resources
[2m[33m(raylet)[0m /home/justin/miniconda3/envs/fraud-fl-TA/lib/python3.10/site-packages/ray/_private/parameter.py:4: UserWarning: pkg_resources is deprecated as an API. See https://setuptools.pypa.io/en/latest/pkg_resources.html. The pkg_resources package is slated for removal as early as 2025-11-30. Refrain from using this package or pin to Setuptools<81.
[2m[33m(raylet)[0m   import pkg_resources
[2m[33m(raylet)[0m /home/justin/miniconda3/envs/fraud-fl-TA/lib/python3.10/site-packages/ray/_private/parameter.py:4: UserWarning: pkg_resources is deprecated as an API. See https://setuptools.pypa.io/en/latest/pkg_resources.html. The pkg_resources package is slated for removal as early as 2025-11-30. Refrain from using this package or pin to Setuptools<81.
[2m[33m(raylet)[0m   import pkg_resources
[2m[33m(raylet)[0m /home/justin/miniconda3/envs/fraud-fl-TA/lib/python3.10/site-packages/ray/_private/parameter.py:4: UserWarning: pkg_resources is deprecated as an API. See https://setuptools.pypa.io/en/latest/pkg_resources.html. The pkg_resources package is slated for removal as early as 2025-11-30. Refrain from using this package or pin to Setuptools<81.
[2m[33m(raylet)[0m   import pkg_resources
[2m[33m(raylet)[0m /home/justin/miniconda3/envs/fraud-fl-TA/lib/python3.10/site-packages/ray/_private/parameter.py:4: UserWarning: pkg_resources is deprecated as an API. See https://setuptools.pypa.io/en/latest/pkg_resources.html. The pkg_resources package is slated for removal as early as 2025-11-30. Refrain from using this package or pin to Setuptools<81.
[2m[33m(raylet)[0m   import pkg_resources
[2m[33m(raylet)[0m /home/justin/miniconda3/envs/fraud-fl-TA/lib/python3.10/site-packages/ray/_private/parameter.py:4: UserWarning: pkg_resources is deprecated as an API. See https://setuptools.pypa.io/en/latest/pkg_resources.html. The pkg_resources package is slated for removal as early as 2025-11-30. Refrain from using this package or pin to Setuptools<81.
[2m[33m(raylet)[0m   import pkg_resources
DEBUG flwr 2026-07-09 16:26:22,604 | server.py:236 | fit_round 1 received 5 results and 0 failures
INFO flwr 2026-07-09 16:26:22,644 | server.py:125 | fit progress: (1, 0.34526729788001875, {'val_auprc': 0.6547327021199812, 'val_f1': 0.7466666666666667, 'val_precision': 0.7368421052631579, 'val_recall': 0.7567567567567568}, 1.1435544780106284)
INFO flwr 2026-07-09 16:26:22,644 | server.py:171 | evaluate_round 1: no clients selected, cancel
DEBUG flwr 2026-07-09 16:26:22,645 | server.py:222 | fit_round 2: strategy sampled 5 clients (out of 5)
DEBUG flwr 2026-07-09 16:26:22,825 | server.py:236 | fit_round 2 received 5 results and 0 failures
INFO flwr 2026-07-09 16:26:22,869 | server.py:125 | fit progress: (2, 0.3472446301360601, {'val_auprc': 0.6527553698639399, 'val_f1': 0.7432432432432432, 'val_precision': 0.7432432432432432, 'val_recall': 0.7432432432432432}, 1.3679996770079015)
INFO flwr 2026-07-09 16:26:22,869 | server.py:171 | evaluate_round 2: no clients selected, cancel
DEBUG flwr 2026-07-09 16:26:22,869 | server.py:222 | fit_round 3: strategy sampled 5 clients (out of 5)
DEBUG flwr 2026-07-09 16:26:23,017 | server.py:236 | fit_round 3 received 5 results and 0 failures
INFO flwr 2026-07-09 16:26:23,057 | server.py:125 | fit progress: (3, 0.3413669697603864, {'val_auprc': 0.6586330302396136, 'val_f1': 0.7466666666666667, 'val_precision': 0.7368421052631579, 'val_recall': 0.7567567567567568}, 1.5562500439991709)
INFO flwr 2026-07-09 16:26:23,057 | server.py:171 | evaluate_round 3: no clients selected, cancel
DEBUG flwr 2026-07-09 16:26:23,057 | server.py:222 | fit_round 4: strategy sampled 5 clients (out of 5)
DEBUG flwr 2026-07-09 16:26:23,223 | server.py:236 | fit_round 4 received 5 results and 0 failures
INFO flwr 2026-07-09 16:26:23,266 | server.py:125 | fit progress: (4, 0.34567852019538137, {'val_auprc': 0.6543214798046186, 'val_f1': 0.738255033557047, 'val_precision': 0.7333333333333333, 'val_recall': 0.7432432432432432}, 1.765512961006607)
INFO flwr 2026-07-09 16:26:23,266 | server.py:171 | evaluate_round 4: no clients selected, cancel
DEBUG flwr 2026-07-09 16:26:23,266 | server.py:222 | fit_round 5: strategy sampled 5 clients (out of 5)
DEBUG flwr 2026-07-09 16:26:23,428 | server.py:236 | fit_round 5 received 5 results and 0 failures
INFO flwr 2026-07-09 16:26:23,471 | server.py:125 | fit progress: (5, 0.3406575668456532, {'val_auprc': 0.6593424331543468, 'val_f1': 0.7466666666666667, 'val_precision': 0.7368421052631579, 'val_recall': 0.7567567567567568}, 1.970403430997976)
INFO flwr 2026-07-09 16:26:23,471 | server.py:171 | evaluate_round 5: no clients selected, cancel
DEBUG flwr 2026-07-09 16:26:23,472 | server.py:222 | fit_round 6: strategy sampled 5 clients (out of 5)
DEBUG flwr 2026-07-09 16:26:23,626 | server.py:236 | fit_round 6 received 5 results and 0 failures
INFO flwr 2026-07-09 16:26:23,668 | server.py:125 | fit progress: (6, 0.3430556443764503, {'val_auprc': 0.6569443556235497, 'val_f1': 0.7466666666666667, 'val_precision': 0.7368421052631579, 'val_recall': 0.7567567567567568}, 2.167384309999761)
INFO flwr 2026-07-09 16:26:23,668 | server.py:171 | evaluate_round 6: no clients selected, cancel
DEBUG flwr 2026-07-09 16:26:23,668 | server.py:222 | fit_round 7: strategy sampled 5 clients (out of 5)
DEBUG flwr 2026-07-09 16:26:23,832 | server.py:236 | fit_round 7 received 5 results and 0 failures
INFO flwr 2026-07-09 16:26:23,876 | server.py:125 | fit progress: (7, 0.3442710411130444, {'val_auprc': 0.6557289588869556, 'val_f1': 0.7466666666666667, 'val_precision': 0.7368421052631579, 'val_recall': 0.7567567567567568}, 2.375477690002299)
INFO flwr 2026-07-09 16:26:23,876 | server.py:171 | evaluate_round 7: no clients selected, cancel
DEBUG flwr 2026-07-09 16:26:23,876 | server.py:222 | fit_round 8: strategy sampled 5 clients (out of 5)
DEBUG flwr 2026-07-09 16:26:24,015 | server.py:236 | fit_round 8 received 5 results and 0 failures
INFO flwr 2026-07-09 16:26:24,057 | server.py:125 | fit progress: (8, 0.34382534200707104, {'val_auprc': 0.656174657992929, 'val_f1': 0.7466666666666667, 'val_precision': 0.7368421052631579, 'val_recall': 0.7567567567567568}, 2.5566996590059716)
INFO flwr 2026-07-09 16:26:24,058 | server.py:171 | evaluate_round 8: no clients selected, cancel
DEBUG flwr 2026-07-09 16:26:24,058 | server.py:222 | fit_round 9: strategy sampled 5 clients (out of 5)
DEBUG flwr 2026-07-09 16:26:24,204 | server.py:236 | fit_round 9 received 5 results and 0 failures
INFO flwr 2026-07-09 16:26:24,257 | server.py:125 | fit progress: (9, 0.3443589133502143, {'val_auprc': 0.6556410866497857, 'val_f1': 0.7466666666666667, 'val_precision': 0.7368421052631579, 'val_recall': 0.7567567567567568}, 2.7558833560033236)
INFO flwr 2026-07-09 16:26:24,257 | server.py:171 | evaluate_round 9: no clients selected, cancel
DEBUG flwr 2026-07-09 16:26:24,257 | server.py:222 | fit_round 10: strategy sampled 5 clients (out of 5)
DEBUG flwr 2026-07-09 16:26:24,406 | server.py:236 | fit_round 10 received 5 results and 0 failures
INFO flwr 2026-07-09 16:26:24,451 | server.py:125 | fit progress: (10, 0.34288601436484456, {'val_auprc': 0.6571139856351554, 'val_f1': 0.7466666666666667, 'val_precision': 0.7368421052631579, 'val_recall': 0.7567567567567568}, 2.9501224300038302)
INFO flwr 2026-07-09 16:26:24,451 | server.py:171 | evaluate_round 10: no clients selected, cancel
DEBUG flwr 2026-07-09 16:26:24,451 | server.py:222 | fit_round 11: strategy sampled 5 clients (out of 5)
DEBUG flwr 2026-07-09 16:26:24,603 | server.py:236 | fit_round 11 received 5 results and 0 failures
INFO flwr 2026-07-09 16:26:24,642 | server.py:125 | fit progress: (11, 0.3413393903131211, {'val_auprc': 0.6586606096868789, 'val_f1': 0.7466666666666667, 'val_precision': 0.7368421052631579, 'val_recall': 0.7567567567567568}, 3.1410405290080234)
INFO flwr 2026-07-09 16:26:24,642 | server.py:171 | evaluate_round 11: no clients selected, cancel
DEBUG flwr 2026-07-09 16:26:24,642 | server.py:222 | fit_round 12: strategy sampled 5 clients (out of 5)
DEBUG flwr 2026-07-09 16:26:24,793 | server.py:236 | fit_round 12 received 5 results and 0 failures
INFO flwr 2026-07-09 16:26:24,835 | server.py:125 | fit progress: (12, 0.34431555228216004, {'val_auprc': 0.65568444771784, 'val_f1': 0.7432432432432432, 'val_precision': 0.7432432432432432, 'val_recall': 0.7432432432432432}, 3.334482714009937)
INFO flwr 2026-07-09 16:26:24,835 | server.py:171 | evaluate_round 12: no clients selected, cancel
DEBUG flwr 2026-07-09 16:26:24,835 | server.py:222 | fit_round 13: strategy sampled 5 clients (out of 5)
DEBUG flwr 2026-07-09 16:26:24,986 | server.py:236 | fit_round 13 received 5 results and 0 failures
INFO flwr 2026-07-09 16:26:25,030 | server.py:125 | fit progress: (13, 0.34587453487388775, {'val_auprc': 0.6541254651261122, 'val_f1': 0.738255033557047, 'val_precision': 0.7333333333333333, 'val_recall': 0.7432432432432432}, 3.5293485500005772)
INFO flwr 2026-07-09 16:26:25,030 | server.py:171 | evaluate_round 13: no clients selected, cancel
DEBUG flwr 2026-07-09 16:26:25,030 | server.py:222 | fit_round 14: strategy sampled 5 clients (out of 5)
DEBUG flwr 2026-07-09 16:26:25,162 | server.py:236 | fit_round 14 received 5 results and 0 failures
INFO flwr 2026-07-09 16:26:25,202 | server.py:125 | fit progress: (14, 0.34382312634748724, {'val_auprc': 0.6561768736525128, 'val_f1': 0.7466666666666667, 'val_precision': 0.7368421052631579, 'val_recall': 0.7567567567567568}, 3.701466252008686)
INFO flwr 2026-07-09 16:26:25,202 | server.py:171 | evaluate_round 14: no clients selected, cancel
DEBUG flwr 2026-07-09 16:26:25,202 | server.py:222 | fit_round 15: strategy sampled 5 clients (out of 5)
DEBUG flwr 2026-07-09 16:26:25,358 | server.py:236 | fit_round 15 received 5 results and 0 failures
INFO flwr 2026-07-09 16:26:25,402 | server.py:125 | fit progress: (15, 0.3412850641494347, {'val_auprc': 0.6587149358505653, 'val_f1': 0.7466666666666667, 'val_precision': 0.7368421052631579, 'val_recall': 0.7567567567567568}, 3.901398861009511)
INFO flwr 2026-07-09 16:26:25,402 | server.py:171 | evaluate_round 15: no clients selected, cancel
DEBUG flwr 2026-07-09 16:26:25,402 | server.py:222 | fit_round 16: strategy sampled 5 clients (out of 5)
DEBUG flwr 2026-07-09 16:26:25,535 | server.py:236 | fit_round 16 received 5 results and 0 failures
INFO flwr 2026-07-09 16:26:25,577 | server.py:125 | fit progress: (16, 0.34408845247799924, {'val_auprc': 0.6559115475220008, 'val_f1': 0.7466666666666667, 'val_precision': 0.7368421052631579, 'val_recall': 0.7567567567567568}, 4.075940894006635)
INFO flwr 2026-07-09 16:26:25,577 | server.py:171 | evaluate_round 16: no clients selected, cancel
DEBUG flwr 2026-07-09 16:26:25,577 | server.py:222 | fit_round 17: strategy sampled 5 clients (out of 5)
DEBUG flwr 2026-07-09 16:26:25,735 | server.py:236 | fit_round 17 received 5 results and 0 failures
INFO flwr 2026-07-09 16:26:25,778 | server.py:125 | fit progress: (17, 0.34360878898605784, {'val_auprc': 0.6563912110139422, 'val_f1': 0.7466666666666667, 'val_precision': 0.7368421052631579, 'val_recall': 0.7567567567567568}, 4.277540067007067)
INFO flwr 2026-07-09 16:26:25,778 | server.py:171 | evaluate_round 17: no clients selected, cancel
DEBUG flwr 2026-07-09 16:26:25,780 | server.py:222 | fit_round 18: strategy sampled 5 clients (out of 5)
DEBUG flwr 2026-07-09 16:26:25,923 | server.py:236 | fit_round 18 received 5 results and 0 failures
INFO flwr 2026-07-09 16:26:25,965 | server.py:125 | fit progress: (18, 0.34165064310182325, {'val_auprc': 0.6583493568981768, 'val_f1': 0.7466666666666667, 'val_precision': 0.7368421052631579, 'val_recall': 0.7567567567567568}, 4.463928898010636)
INFO flwr 2026-07-09 16:26:25,965 | server.py:171 | evaluate_round 18: no clients selected, cancel
DEBUG flwr 2026-07-09 16:26:25,965 | server.py:222 | fit_round 19: strategy sampled 5 clients (out of 5)
DEBUG flwr 2026-07-09 16:26:26,119 | server.py:236 | fit_round 19 received 5 results and 0 failures
INFO flwr 2026-07-09 16:26:26,162 | server.py:125 | fit progress: (19, 0.34091194322461504, {'val_auprc': 0.659088056775385, 'val_f1': 0.7466666666666667, 'val_precision': 0.7368421052631579, 'val_recall': 0.7567567567567568}, 4.661410804008483)
INFO flwr 2026-07-09 16:26:26,162 | server.py:171 | evaluate_round 19: no clients selected, cancel
DEBUG flwr 2026-07-09 16:26:26,162 | server.py:222 | fit_round 20: strategy sampled 5 clients (out of 5)
DEBUG flwr 2026-07-09 16:26:26,295 | server.py:236 | fit_round 20 received 5 results and 0 failures
INFO flwr 2026-07-09 16:26:26,370 | server.py:125 | fit progress: (20, 0.34296804093493694, {'val_auprc': 0.6570319590650631, 'val_f1': 0.7466666666666667, 'val_precision': 0.7368421052631579, 'val_recall': 0.7567567567567568}, 4.8688511030049995)
INFO flwr 2026-07-09 16:26:26,370 | server.py:171 | evaluate_round 20: no clients selected, cancel
INFO flwr 2026-07-09 16:26:26,370 | server.py:153 | FL finished in 4.869121000010637
INFO flwr 2026-07-09 16:26:26,370 | app.py:225 | app_fit: losses_distributed []
INFO flwr 2026-07-09 16:26:26,370 | app.py:226 | app_fit: metrics_distributed_fit {'client_id': [(1, 1.1997971501586007), (2, 1.1997971501586007), (3, 1.1997971501586007), (4, 1.1997971501586007), (5, 1.1997971501586007), (6, 1.1997971501586007), (7, 1.1997971501586007), (8, 1.1997971501586007), (9, 1.1997971501586007), (10, 1.1997971501586007), (11, 1.1997971501586007), (12, 1.1997971501586007), (13, 1.1997971501586007), (14, 1.1997971501586007), (15, 1.1997971501586007), (16, 1.1997971501586007), (17, 1.1997971501586007), (18, 1.1997971501586007), (19, 1.1997971501586007), (20, 1.1997971501586007)], 'local_auprc': [(1, 0.972430794008336), (2, 0.9733475834011343), (3, 0.9734448356210772), (4, 0.9738071428819567), (5, 0.9735944500707776), (6, 0.9731556268488567), (7, 0.9737467960835093), (8, 0.9733225251771338), (9, 0.9734958823592366), (10, 0.9737740914723733), (11, 0.9737832779186562), (12, 0.9733252170326316), (13, 0.9737391141875631), (14, 0.9733878713569127), (15, 0.9735483882226447), (16, 0.9733632621473263), (17, 0.9735361725035713), (18, 0.9736460749472098), (19, 0.9731634793740066), (20, 0.973365463643671)]}
INFO flwr 2026-07-09 16:26:26,371 | app.py:227 | app_fit: metrics_distributed {}
INFO flwr 2026-07-09 16:26:26,371 | app.py:228 | app_fit: losses_centralized [(0, 0.9982678308092039), (1, 0.34526729788001875), (2, 0.3472446301360601), (3, 0.3413669697603864), (4, 0.34567852019538137), (5, 0.3406575668456532), (6, 0.3430556443764503), (7, 0.3442710411130444), (8, 0.34382534200707104), (9, 0.3443589133502143), (10, 0.34288601436484456), (11, 0.3413393903131211), (12, 0.34431555228216004), (13, 0.34587453487388775), (14, 0.34382312634748724), (15, 0.3412850641494347), (16, 0.34408845247799924), (17, 0.34360878898605784), (18, 0.34165064310182325), (19, 0.34091194322461504), (20, 0.34296804093493694)]
INFO flwr 2026-07-09 16:26:26,371 | app.py:229 | app_fit: metrics_centralized {'val_auprc': [(0, 0.0017321691907960957), (1, 0.6547327021199812), (2, 0.6527553698639399), (3, 0.6586330302396136), (4, 0.6543214798046186), (5, 0.6593424331543468), (6, 0.6569443556235497), (7, 0.6557289588869556), (8, 0.656174657992929), (9, 0.6556410866497857), (10, 0.6571139856351554), (11, 0.6586606096868789), (12, 0.65568444771784), (13, 0.6541254651261122), (14, 0.6561768736525128), (15, 0.6587149358505653), (16, 0.6559115475220008), (17, 0.6563912110139422), (18, 0.6583493568981768), (19, 0.659088056775385), (20, 0.6570319590650631)], 'val_f1': [(0, 0.003458347937843206), (1, 0.7466666666666667), (2, 0.7432432432432432), (3, 0.7466666666666667), (4, 0.738255033557047), (5, 0.7466666666666667), (6, 0.7466666666666667), (7, 0.7466666666666667), (8, 0.7466666666666667), (9, 0.7466666666666667), (10, 0.7466666666666667), (11, 0.7466666666666667), (12, 0.7432432432432432), (13, 0.738255033557047), (14, 0.7466666666666667), (15, 0.7466666666666667), (16, 0.7466666666666667), (17, 0.7466666666666667), (18, 0.7466666666666667), (19, 0.7466666666666667), (20, 0.7466666666666667)], 'val_precision': [(0, 0.0017321691907960957), (1, 0.7368421052631579), (2, 0.7432432432432432), (3, 0.7368421052631579), (4, 0.7333333333333333), (5, 0.7368421052631579), (6, 0.7368421052631579), (7, 0.7368421052631579), (8, 0.7368421052631579), (9, 0.7368421052631579), (10, 0.7368421052631579), (11, 0.7368421052631579), (12, 0.7432432432432432), (13, 0.7333333333333333), (14, 0.7368421052631579), (15, 0.7368421052631579), (16, 0.7368421052631579), (17, 0.7368421052631579), (18, 0.7368421052631579), (19, 0.7368421052631579), (20, 0.7368421052631579)], 'val_recall': [(0, 1.0), (1, 0.7567567567567568), (2, 0.7432432432432432), (3, 0.7567567567567568), (4, 0.7432432432432432), (5, 0.7567567567567568), (6, 0.7567567567567568), (7, 0.7567567567567568), (8, 0.7567567567567568), (9, 0.7567567567567568), (10, 0.7567567567567568), (11, 0.7567567567567568), (12, 0.7432432432432432), (13, 0.7432432432432432), (14, 0.7567567567567568), (15, 0.7567567567567568), (16, 0.7567567567567568), (17, 0.7567567567567568), (18, 0.7567567567567568), (19, 0.7567567567567568), (20, 0.7567567567567568)]}
wandb: Waiting for W&B process to finish... (success).
wandb: 
wandb: Run history:
wandb:          round ▁▁▂▂▂▃▃▃▄▄▅▅▅▆▆▆▇▇▇███
wandb:     test_auprc ▁
wandb:        test_f1 ▁
wandb:      test_loss ▁
wandb: test_precision ▁
wandb:    test_recall ▁
wandb:      val_auprc ▁████████████████████
wandb:         val_f1 ▁████████████████████
wandb:       val_loss █▁▁▁▁▁▁▁▁▁▁▁▁▁▁▁▁▁▁▁▁
wandb:  val_precision ▁████████████████████
wandb:     val_recall █▁▁▁▁▁▁▁▁▁▁▁▁▁▁▁▁▁▁▁▁
wandb: 
wandb: Run summary:
wandb:       best_round 5
wandb:   best_val_auprc 0.65934
wandb: duration_seconds 12.5181
wandb:            round 20
wandb:       test_auprc 0.73755
wandb:          test_f1 0.78014
wandb:        test_loss 0.26245
wandb:   test_precision 0.8209
wandb:      test_recall 0.74324
wandb:        val_auprc 0.65703
wandb:           val_f1 0.74667
wandb:         val_loss 0.34297
wandb:    val_precision 0.73684
wandb:       val_recall 0.75676
wandb: 
wandb: 🚀 View run lr_dirichlet_alpha1.0_smote_seed42 at: https://wandb.ai/deo250605-sepuluh-nopember-insitute-of-technology/fraud-fl-TA/runs/eon30tm1
wandb: Synced 6 W&B file(s), 0 media file(s), 0 artifact file(s) and 0 other file(s)
wandb: Find logs at: ./wandb/run-20260709_162616-eon30tm1/logs
[run] resolved config: {'model': 'fedavg_lr', 'num_clients': 5, 'num_rounds': 20, 'local_epochs': 1, 'random_seed': 42, 'oversampling': 'smote', 'smote_k_neighbors': 5, 'sampling_strategy': 0.01, 'use_wandb': True, 'wandb_project': 'fraud-fl-TA', 'early_stop_patience': 10, 'partition': {'scheme': 'dirichlet', 'alpha': 1.0}, 'lr_params': {'C': 1.0, 'max_iter': 1000, 'warm_start': True}, 'dataset': 'creditcard'}
[run] === lr | dataset=creditcard scheme=dirichlet alpha=1.0 K=5 R=20 oversampling=smote seed=42 ===
[creditcard] loading data/creditcard/creditcard.csv
[creditcard] loaded 284,807 rows, 31 columns

[creditcard] === data summary ===
  total rows loaded : 284,807
  feature count     : 30
  feature names     : ['Time', 'V1', 'V2', 'V3', 'V4', 'V5', 'V6', 'V7', 'V8', 'V9', 'V10', 'V11', 'V12', 'V13', 'V14', 'V15', 'V16', 'V17', 'V18', 'V19', 'V20', 'V21', 'V22', 'V23', 'V24', 'V25', 'V26', 'V27', 'V28', 'Amount']
  x_train: (199364, 30)  dtype=float32   |  y_train: (199364,)  dtype=int32
  x_val  : (42721, 30)  dtype=float32   |  y_val  : (42721,)  dtype=int32
  x_test : (42722, 30)  dtype=float32   |  y_test : (42722,)  dtype=int32
  fraud in train: 344 / 199,364  (0.1725%)
  fraud in val  : 74 / 42,721  (0.1732%)
  fraud in test : 74 / 42,722  (0.1732%)
[creditcard] === end summary ===

[smote] client 3: skipping SMOTE — target already met (minority:majority 0.0212 >= target 0.01)

[smote] === per-client SMOTE summary ===
  cid |    n_before |     n_after |  fraud_before |  fraud_after | ratio_after | applied
----------------------------------------------------------------------------------------
    0 |      86,499 |      87,314 |            49 |          864 |     0.9895% |    True
    1 |      31,650 |      31,947 |            19 |          316 |     0.9891% |    True
    2 |      52,833 |      53,339 |            22 |          528 |     0.9899% |    True
    3 |      11,441 |      11,441 |           237 |          237 |     2.0715% |   False
    4 |      16,941 |      17,093 |            17 |          169 |     0.9887% |    True
[smote] === end summary ===

[run] FL starting: 20 rounds, 5 clients
[server] round 0 | thr=0.5000 | val_auprc=0.0017 | val_f1=0.0035 | val_precision=0.0017 | val_recall=1.0000
[server] round 1 | thr=0.1444 | val_auprc=0.6547 | val_f1=0.7467 | val_precision=0.7368 | val_recall=0.7568
[server] round 2 | thr=0.2275 | val_auprc=0.6528 | val_f1=0.7432 | val_precision=0.7432 | val_recall=0.7432
[server] round 3 | thr=0.1594 | val_auprc=0.6586 | val_f1=0.7467 | val_precision=0.7368 | val_recall=0.7568
[server] round 4 | thr=0.2351 | val_auprc=0.6543 | val_f1=0.7383 | val_precision=0.7333 | val_recall=0.7432
[server] round 5 | thr=0.2013 | val_auprc=0.6593 | val_f1=0.7467 | val_precision=0.7368 | val_recall=0.7568
[server] round 6 | thr=0.1520 | val_auprc=0.6569 | val_f1=0.7467 | val_precision=0.7368 | val_recall=0.7568
[server] round 7 | thr=0.1456 | val_auprc=0.6557 | val_f1=0.7467 | val_precision=0.7368 | val_recall=0.7568
[server] round 8 | thr=0.1487 | val_auprc=0.6562 | val_f1=0.7467 | val_precision=0.7368 | val_recall=0.7568
[server] round 9 | thr=0.1459 | val_auprc=0.6556 | val_f1=0.7467 | val_precision=0.7368 | val_recall=0.7568
[server] round 10 | thr=0.1669 | val_auprc=0.6571 | val_f1=0.7467 | val_precision=0.7368 | val_recall=0.7568
[server] round 11 | thr=0.1925 | val_auprc=0.6587 | val_f1=0.7467 | val_precision=0.7368 | val_recall=0.7568
[server] round 12 | thr=0.2190 | val_auprc=0.6557 | val_f1=0.7432 | val_precision=0.7432 | val_recall=0.7432
[server] round 13 | thr=0.2385 | val_auprc=0.6541 | val_f1=0.7383 | val_precision=0.7333 | val_recall=0.7432
[server] round 14 | thr=0.1489 | val_auprc=0.6562 | val_f1=0.7467 | val_precision=0.7368 | val_recall=0.7568
[server] round 15 | thr=0.1680 | val_auprc=0.6587 | val_f1=0.7467 | val_precision=0.7368 | val_recall=0.7568
[server] early-stop signal at round 15: val_auprc unchanged for 10 rounds (best=0.6593 at round 5)
[server] round 16 | thr=0.1496 | val_auprc=0.6559 | val_f1=0.7467 | val_precision=0.7368 | val_recall=0.7568
[server] round 17 | thr=0.1640 | val_auprc=0.6564 | val_f1=0.7467 | val_precision=0.7368 | val_recall=0.7568
[server] round 18 | thr=0.1903 | val_auprc=0.6583 | val_f1=0.7467 | val_precision=0.7368 | val_recall=0.7568
[server] round 19 | thr=0.1872 | val_auprc=0.6591 | val_f1=0.7467 | val_precision=0.7368 | val_recall=0.7568
[server] round 20 | thr=0.1569 | val_auprc=0.6570 | val_f1=0.7467 | val_precision=0.7368 | val_recall=0.7568
[server] FINAL round 20 | test_auprc=0.7375 | test_f1=0.7801 | test_precision=0.8209 | test_recall=0.7432
[run] best val_auprc: 0.6593 at round 5
[run] final test: auprc=0.7375 | f1=0.7801 | precision=0.8209 | recall=0.7432
[results] wrote summary CSV → results/logs/creditcard/lr/lr_dirichlet_alpha1.0_smote_seed42.csv
[results] wrote rounds CSV  → results/logs/creditcard/lr/lr_dirichlet_alpha1.0_smote_seed42_rounds.csv
