/home/justin/miniconda3/envs/fraud-fl-TA/lib/python3.10/site-packages/wandb/sdk/launch/builder/build.py:11: UserWarning: pkg_resources is deprecated as an API. See https://setuptools.pypa.io/en/latest/pkg_resources.html. The pkg_resources package is slated for removal as early as 2025-11-30. Refrain from using this package or pin to Setuptools<81.
  import pkg_resources
/home/justin/miniconda3/envs/fraud-fl-TA/lib/python3.10/site-packages/wandb/sdk/launch/builder/build.py:11: UserWarning: pkg_resources is deprecated as an API. See https://setuptools.pypa.io/en/latest/pkg_resources.html. The pkg_resources package is slated for removal as early as 2025-11-30. Refrain from using this package or pin to Setuptools<81.
  import pkg_resources
wandb: Currently logged in as: deo250605 (deo250605-sepuluh-nopember-insitute-of-technology). Use `wandb login --relogin` to force relogin
wandb: wandb version 0.27.0 is available!  To upgrade, please run:
wandb:  $ pip install wandb --upgrade
wandb: Tracking run with wandb version 0.15.12
wandb: Run data is saved locally in /home/justin/fraud-fl-TA/wandb/run-20260603_140715-rtl1bwio
wandb: Run `wandb offline` to turn off syncing.
wandb: Syncing run centralized_lr_none_seed42
wandb: ⭐️ View project at https://wandb.ai/deo250605-sepuluh-nopember-insitute-of-technology/hfedxgboost-paysim
wandb: 🚀 View run at https://wandb.ai/deo250605-sepuluh-nopember-insitute-of-technology/hfedxgboost-paysim/runs/rtl1bwio
wandb: Waiting for W&B process to finish... (success).
wandb: 
wandb: Run history:
wandb:      test_auprc ▁
wandb:         test_f1 ▁
wandb:  test_precision ▁
wandb:     test_recall ▁
wandb: training_time_s ▁
wandb:       val_auprc ▁
wandb:          val_f1 ▁
wandb:   val_precision ▁
wandb:      val_recall ▁
wandb: 
wandb: Run summary:
wandb:      test_auprc 0.6028
wandb:         test_f1 0.57576
wandb:  test_precision 0.86364
wandb:     test_recall 0.43182
wandb: training_time_s 3.38614
wandb:       val_auprc 0.61831
wandb:          val_f1 0.61053
wandb:   val_precision 0.86826
wandb:      val_recall 0.47078
wandb: 
wandb: 🚀 View run centralized_lr_none_seed42 at: https://wandb.ai/deo250605-sepuluh-nopember-insitute-of-technology/hfedxgboost-paysim/runs/rtl1bwio
wandb: Synced 6 W&B file(s), 0 media file(s), 0 artifact file(s) and 0 other file(s)
wandb: Find logs at: ./wandb/run-20260603_140715-rtl1bwio/logs
[paysim] loading data/paysim/paysim.csv
[paysim] loaded 6,362,620 rows, 11 columns

[paysim] === data summary ===
  total rows loaded : 6,362,620
  feature count     : 13
  feature names     : ['step', 'amount', 'oldbalanceOrg', 'newbalanceOrig', 'oldbalanceDest', 'newbalanceDest', 'errorBalanceOrig', 'errorBalanceDest', 'type_CASH_IN', 'type_CASH_OUT', 'type_DEBIT', 'type_PAYMENT', 'type_TRANSFER']
  x_train: (4453834, 13)  dtype=float32   |  y_train: (4453834,)  dtype=int32
  x_val  : (954393, 13)  dtype=float32   |  y_val  : (954393,)  dtype=int32
  x_test : (954393, 13)  dtype=float32   |  y_test : (954393,)  dtype=int32
  fraud in train: 5,749 / 4,453,834  (0.1291%)
  fraud in val  : 1,232 / 954,393  (0.1291%)
  fraud in test : 1,232 / 954,393  (0.1291%)
[paysim] === end summary ===

=== CENTRALIZED BASELINE — LR ===
Dataset: PaySim | x_train: (4453834, 13) | fraud ratio: 0.1291%
Oversampling: none | x_train: (4453834, 13) | oversampling disabled
[VAL]  auprc=0.6183 | f1=0.6105 | precision=0.8683 | recall=0.4708
[TEST] auprc=0.6028 | f1=0.5758 | precision=0.8636 | recall=0.4318
Training time: 3.39s
[results] wrote summary CSV → results/logs/centralized/centralized_lr_none_seed42.csv
