/home/justin/miniconda3/envs/fraud-fl-TA/lib/python3.10/site-packages/wandb/sdk/launch/builder/build.py:11: UserWarning: pkg_resources is deprecated as an API. See https://setuptools.pypa.io/en/latest/pkg_resources.html. The pkg_resources package is slated for removal as early as 2025-11-30. Refrain from using this package or pin to Setuptools<81.
  import pkg_resources
/home/justin/miniconda3/envs/fraud-fl-TA/lib/python3.10/site-packages/wandb/sdk/launch/builder/build.py:11: UserWarning: pkg_resources is deprecated as an API. See https://setuptools.pypa.io/en/latest/pkg_resources.html. The pkg_resources package is slated for removal as early as 2025-11-30. Refrain from using this package or pin to Setuptools<81.
  import pkg_resources
wandb: Currently logged in as: deo250605 (deo250605-sepuluh-nopember-insitute-of-technology). Use `wandb login --relogin` to force relogin
wandb: wandb version 0.27.0 is available!  To upgrade, please run:
wandb:  $ pip install wandb --upgrade
wandb: Tracking run with wandb version 0.15.12
wandb: Run data is saved locally in /home/justin/fraud-fl-TA/wandb/run-20260603_125814-yox8g26l
wandb: Run `wandb offline` to turn off syncing.
wandb: Syncing run centralized_ffd_adasyn_seed42
wandb: ⭐️ View project at https://wandb.ai/deo250605-sepuluh-nopember-insitute-of-technology/hfedxgboost-paysim
wandb: 🚀 View run at https://wandb.ai/deo250605-sepuluh-nopember-insitute-of-technology/hfedxgboost-paysim/runs/yox8g26l
wandb: Waiting for W&B process to finish... (success).
wandb: - 0.003 MB of 0.003 MB uploaded (0.000 MB deduped)wandb: \ 0.011 MB of 0.013 MB uploaded (0.000 MB deduped)wandb: | 0.013 MB of 0.013 MB uploaded (0.000 MB deduped)wandb: / 0.013 MB of 0.013 MB uploaded (0.000 MB deduped)wandb: 
wandb: Run history:
wandb:           epoch ▁▁▂▂▂▃▃▄▄▄▅▅▅▆▆▇▇▇██
wandb:      test_auprc ▁
wandb:         test_f1 ▁
wandb:  test_precision ▁
wandb:     test_recall ▁
wandb:      train_loss █▅▄▃▃▂▂▂▂▂▂▂▁▁▁▁▁▁▁▁
wandb: training_time_s ▁
wandb:       val_auprc ▁▅▆▆▆▅▅▃▆▆▄▆▇▆▇▇█▇▇██
wandb:          val_f1 ▁▂▅▄▃▃█▃▂▂▁▂▆▃▇▄▃▃█▄▄
wandb:   val_precision ▁▂▅▃▃▃█▃▂▂▁▂▅▃▇▄▃▃█▄▄
wandb:      val_recall █▇▄▆▇▇▁▇█▇██▆▇▇▇▇▇▅▇▇
wandb: 
wandb: Run summary:
wandb:           epoch 20
wandb:      test_auprc 0.85069
wandb:         test_f1 0.10301
wandb:  test_precision 0.05435
wandb:     test_recall 0.98458
wandb:      train_loss 0.03745
wandb: training_time_s 4113.66743
wandb:       val_auprc 0.86825
wandb:          val_f1 0.10472
wandb:   val_precision 0.0553
wandb:      val_recall 0.9862
wandb: 
wandb: 🚀 View run centralized_ffd_adasyn_seed42 at: https://wandb.ai/deo250605-sepuluh-nopember-insitute-of-technology/hfedxgboost-paysim/runs/yox8g26l
wandb: Synced 6 W&B file(s), 0 media file(s), 0 artifact file(s) and 0 other file(s)
wandb: Find logs at: ./wandb/run-20260603_125814-yox8g26l/logs
[paysim] loading data/paysim/paysim.csv
[paysim] loaded 6,362,620 rows, 11 columns

[paysim] === data summary ===
  total rows loaded : 6,362,620
  feature count     : 13
  feature names     : ['step', 'amount', 'oldbalanceOrg', 'newbalanceOrig', 'oldbalanceDest', 'newbalanceDest', 'errorBalanceOrig', 'errorBalanceDest', 'type_CASH_IN', 'type_CASH_OUT', 'type_DEBIT', 'type_PAYMENT', 'type_TRANSFER']
  x_train: (4453834, 13)  dtype=float32   |  y_train: (4453834,)  dtype=int32
  x_val  : (954393, 13)  dtype=float32   |  y_val  : (954393,)  dtype=int32
  x_test : (954393, 13)  dtype=float32   |  y_test : (954393,)  dtype=int32
  fraud in train: 5,749 / 4,453,834  (0.1291%)
  fraud in val  : 1,232 / 954,393  (0.1291%)
  fraud in test : 1,232 / 954,393  (0.1291%)
[paysim] === end summary ===

=== CENTRALIZED BASELINE — FFD ===
Dataset: PaySim | x_train: (4453834, 13) | fraud ratio: 0.1291%
Oversampling: ADASYN | x_train after: (8895972, 13) | fraud ratio: 50.00%
[epoch   1/20] loss=0.1437 | val_auprc=0.7373 | val_f1=0.0436 | val_precision=0.0223 | val_recall=0.9911
[epoch   2/20] loss=0.0918 | val_auprc=0.8054 | val_f1=0.0593 | val_precision=0.0306 | val_recall=0.9870
[epoch   3/20] loss=0.0768 | val_auprc=0.8288 | val_f1=0.1326 | val_precision=0.0712 | val_recall=0.9594
[epoch   4/20] loss=0.0682 | val_auprc=0.8239 | val_f1=0.1030 | val_precision=0.0544 | val_recall=0.9797
[epoch   5/20] loss=0.0630 | val_auprc=0.8263 | val_f1=0.0809 | val_precision=0.0422 | val_recall=0.9862
[epoch   6/20] loss=0.0587 | val_auprc=0.8201 | val_f1=0.0977 | val_precision=0.0514 | val_recall=0.9862
[epoch   7/20] loss=0.0557 | val_auprc=0.8187 | val_f1=0.1957 | val_precision=0.1092 | val_recall=0.9416
[epoch   8/20] loss=0.0525 | val_auprc=0.7733 | val_f1=0.0951 | val_precision=0.0500 | val_recall=0.9838
[epoch   9/20] loss=0.0507 | val_auprc=0.8315 | val_f1=0.0741 | val_precision=0.0385 | val_recall=0.9886
[epoch  10/20] loss=0.0487 | val_auprc=0.8377 | val_f1=0.0758 | val_precision=0.0394 | val_recall=0.9870
[epoch  11/20] loss=0.0470 | val_auprc=0.7898 | val_f1=0.0423 | val_precision=0.0216 | val_recall=0.9911
[epoch  12/20] loss=0.0455 | val_auprc=0.8272 | val_f1=0.0694 | val_precision=0.0359 | val_recall=0.9886
[epoch  13/20] loss=0.0440 | val_auprc=0.8526 | val_f1=0.1501 | val_precision=0.0813 | val_recall=0.9756
[epoch  14/20] loss=0.0431 | val_auprc=0.8259 | val_f1=0.0971 | val_precision=0.0511 | val_recall=0.9854
[epoch  15/20] loss=0.0419 | val_auprc=0.8560 | val_f1=0.1772 | val_precision=0.0974 | val_recall=0.9813
[epoch  16/20] loss=0.0412 | val_auprc=0.8467 | val_f1=0.1099 | val_precision=0.0582 | val_recall=0.9846
[epoch  17/20] loss=0.0400 | val_auprc=0.8673 | val_f1=0.0832 | val_precision=0.0434 | val_recall=0.9870
[epoch  18/20] loss=0.0391 | val_auprc=0.8500 | val_f1=0.0976 | val_precision=0.0513 | val_recall=0.9846
[epoch  19/20] loss=0.0380 | val_auprc=0.8542 | val_f1=0.2057 | val_precision=0.1150 | val_recall=0.9724
[epoch  20/20] loss=0.0374 | val_auprc=0.8682 | val_f1=0.1047 | val_precision=0.0553 | val_recall=0.9862
[VAL]  auprc=0.8682 | f1=0.1047 | precision=0.0553 | recall=0.9862
[TEST] auprc=0.8507 | f1=0.1030 | precision=0.0543 | recall=0.9846
Training time: 4113.67s
[results] wrote summary CSV → results/logs/centralized/centralized_ffd_adasyn_seed42.csv
