/home/justin/miniconda3/envs/fraud-fl-TA/lib/python3.10/site-packages/ray/_private/parameter.py:4: UserWarning: pkg_resources is deprecated as an API. See https://setuptools.pypa.io/en/latest/pkg_resources.html. The pkg_resources package is slated for removal as early as 2025-11-30. Refrain from using this package or pin to Setuptools<81.
  import pkg_resources
/home/justin/miniconda3/envs/fraud-fl-TA/lib/python3.10/site-packages/wandb/sdk/launch/builder/build.py:11: UserWarning: pkg_resources is deprecated as an API. See https://setuptools.pypa.io/en/latest/pkg_resources.html. The pkg_resources package is slated for removal as early as 2025-11-30. Refrain from using this package or pin to Setuptools<81.
  import pkg_resources
wandb: Currently logged in as: deo250605 (deo250605-sepuluh-nopember-insitute-of-technology). Use `wandb login --relogin` to force relogin
wandb: wandb version 0.27.0 is available!  To upgrade, please run:
wandb:  $ pip install wandb --upgrade
wandb: Tracking run with wandb version 0.15.12
wandb: Run data is saved locally in /home/justin/fraud-fl-TA/wandb/run-20260603_162950-7y9ote6b
wandb: Run `wandb offline` to turn off syncing.
wandb: Syncing run lr_dirichlet_alpha0.5_adasyn_seed42
wandb: ⭐️ View project at https://wandb.ai/deo250605-sepuluh-nopember-insitute-of-technology/hfedxgboost-paysim
wandb: 🚀 View run at https://wandb.ai/deo250605-sepuluh-nopember-insitute-of-technology/hfedxgboost-paysim/runs/7y9ote6b
INFO flwr 2026-06-03 16:29:53,056 | app.py:175 | Starting Flower simulation, config: ServerConfig(num_rounds=20, round_timeout=None)
2026-06-03 16:29:54,611	INFO worker.py:1621 -- Started a local Ray instance.
INFO flwr 2026-06-03 16:29:55,274 | app.py:210 | Flower VCE: Ray initialized with resources: {'node:__internal_head__': 1.0, 'CPU': 20.0, 'node:172.24.108.56': 1.0, 'memory': 7735681844.0, 'object_store_memory': 3867840921.0}
INFO flwr 2026-06-03 16:29:55,274 | app.py:224 | Flower VCE: Resources for each Virtual Client: {'num_cpus': 1, 'num_gpus': 0}
INFO flwr 2026-06-03 16:29:55,284 | app.py:270 | Flower VCE: Creating VirtualClientEngineActorPool with 20 actors
INFO flwr 2026-06-03 16:29:55,285 | server.py:89 | Initializing global parameters
INFO flwr 2026-06-03 16:29:55,285 | server.py:272 | Using initial parameters provided by strategy
INFO flwr 2026-06-03 16:29:55,285 | server.py:91 | Evaluating initial parameters
[2m[33m(raylet)[0m /home/justin/miniconda3/envs/fraud-fl-TA/lib/python3.10/site-packages/ray/_private/parameter.py:4: UserWarning: pkg_resources is deprecated as an API. See https://setuptools.pypa.io/en/latest/pkg_resources.html. The pkg_resources package is slated for removal as early as 2025-11-30. Refrain from using this package or pin to Setuptools<81.
[2m[33m(raylet)[0m   import pkg_resources
[2m[33m(raylet)[0m /home/justin/miniconda3/envs/fraud-fl-TA/lib/python3.10/site-packages/ray/_private/parameter.py:4: UserWarning: pkg_resources is deprecated as an API. See https://setuptools.pypa.io/en/latest/pkg_resources.html. The pkg_resources package is slated for removal as early as 2025-11-30. Refrain from using this package or pin to Setuptools<81.
[2m[33m(raylet)[0m   import pkg_resources
[2m[33m(raylet)[0m /home/justin/miniconda3/envs/fraud-fl-TA/lib/python3.10/site-packages/ray/_private/parameter.py:4: UserWarning: pkg_resources is deprecated as an API. See https://setuptools.pypa.io/en/latest/pkg_resources.html. The pkg_resources package is slated for removal as early as 2025-11-30. Refrain from using this package or pin to Setuptools<81.
[2m[33m(raylet)[0m   import pkg_resources
[2m[33m(raylet)[0m /home/justin/miniconda3/envs/fraud-fl-TA/lib/python3.10/site-packages/ray/_private/parameter.py:4: UserWarning: pkg_resources is deprecated as an API. See https://setuptools.pypa.io/en/latest/pkg_resources.html. The pkg_resources package is slated for removal as early as 2025-11-30. Refrain from using this package or pin to Setuptools<81.
[2m[33m(raylet)[0m   import pkg_resources
[2m[33m(raylet)[0m /home/justin/miniconda3/envs/fraud-fl-TA/lib/python3.10/site-packages/ray/_private/parameter.py:4: UserWarning: pkg_resources is deprecated as an API. See https://setuptools.pypa.io/en/latest/pkg_resources.html. The pkg_resources package is slated for removal as early as 2025-11-30. Refrain from using this package or pin to Setuptools<81.
[2m[33m(raylet)[0m   import pkg_resources
[2m[33m(raylet)[0m /home/justin/miniconda3/envs/fraud-fl-TA/lib/python3.10/site-packages/ray/_private/parameter.py:4: UserWarning: pkg_resources is deprecated as an API. See https://setuptools.pypa.io/en/latest/pkg_resources.html. The pkg_resources package is slated for removal as early as 2025-11-30. Refrain from using this package or pin to Setuptools<81.
[2m[33m(raylet)[0m   import pkg_resources
[2m[33m(raylet)[0m /home/justin/miniconda3/envs/fraud-fl-TA/lib/python3.10/site-packages/ray/_private/parameter.py:4: UserWarning: pkg_resources is deprecated as an API. See https://setuptools.pypa.io/en/latest/pkg_resources.html. The pkg_resources package is slated for removal as early as 2025-11-30. Refrain from using this package or pin to Setuptools<81.
[2m[33m(raylet)[0m   import pkg_resources
[2m[33m(raylet)[0m /home/justin/miniconda3/envs/fraud-fl-TA/lib/python3.10/site-packages/ray/_private/parameter.py:4: UserWarning: pkg_resources is deprecated as an API. See https://setuptools.pypa.io/en/latest/pkg_resources.html. The pkg_resources package is slated for removal as early as 2025-11-30. Refrain from using this package or pin to Setuptools<81.
[2m[33m(raylet)[0m   import pkg_resources
[2m[33m(raylet)[0m /home/justin/miniconda3/envs/fraud-fl-TA/lib/python3.10/site-packages/ray/_private/parameter.py:4: UserWarning: pkg_resources is deprecated as an API. See https://setuptools.pypa.io/en/latest/pkg_resources.html. The pkg_resources package is slated for removal as early as 2025-11-30. Refrain from using this package or pin to Setuptools<81.
[2m[33m(raylet)[0m   import pkg_resources
[2m[33m(raylet)[0m /home/justin/miniconda3/envs/fraud-fl-TA/lib/python3.10/site-packages/ray/_private/parameter.py:4: UserWarning: pkg_resources is deprecated as an API. See https://setuptools.pypa.io/en/latest/pkg_resources.html. The pkg_resources package is slated for removal as early as 2025-11-30. Refrain from using this package or pin to Setuptools<81.
[2m[33m(raylet)[0m   import pkg_resources
[2m[33m(raylet)[0m /home/justin/miniconda3/envs/fraud-fl-TA/lib/python3.10/site-packages/ray/_private/parameter.py:4: UserWarning: pkg_resources is deprecated as an API. See https://setuptools.pypa.io/en/latest/pkg_resources.html. The pkg_resources package is slated for removal as early as 2025-11-30. Refrain from using this package or pin to Setuptools<81.
[2m[33m(raylet)[0m   import pkg_resources
[2m[33m(raylet)[0m /home/justin/miniconda3/envs/fraud-fl-TA/lib/python3.10/site-packages/ray/_private/parameter.py:4: UserWarning: pkg_resources is deprecated as an API. See https://setuptools.pypa.io/en/latest/pkg_resources.html. The pkg_resources package is slated for removal as early as 2025-11-30. Refrain from using this package or pin to Setuptools<81.
[2m[33m(raylet)[0m   import pkg_resources
[2m[33m(raylet)[0m /home/justin/miniconda3/envs/fraud-fl-TA/lib/python3.10/site-packages/ray/_private/parameter.py:4: UserWarning: pkg_resources is deprecated as an API. See https://setuptools.pypa.io/en/latest/pkg_resources.html. The pkg_resources package is slated for removal as early as 2025-11-30. Refrain from using this package or pin to Setuptools<81.
[2m[33m(raylet)[0m   import pkg_resources
[2m[33m(raylet)[0m /home/justin/miniconda3/envs/fraud-fl-TA/lib/python3.10/site-packages/ray/_private/parameter.py:4: UserWarning: pkg_resources is deprecated as an API. See https://setuptools.pypa.io/en/latest/pkg_resources.html. The pkg_resources package is slated for removal as early as 2025-11-30. Refrain from using this package or pin to Setuptools<81.
[2m[33m(raylet)[0m   import pkg_resources
[2m[33m(raylet)[0m /home/justin/miniconda3/envs/fraud-fl-TA/lib/python3.10/site-packages/ray/_private/parameter.py:4: UserWarning: pkg_resources is deprecated as an API. See https://setuptools.pypa.io/en/latest/pkg_resources.html. The pkg_resources package is slated for removal as early as 2025-11-30. Refrain from using this package or pin to Setuptools<81.
[2m[33m(raylet)[0m   import pkg_resources
[2m[33m(raylet)[0m /home/justin/miniconda3/envs/fraud-fl-TA/lib/python3.10/site-packages/ray/_private/parameter.py:4: UserWarning: pkg_resources is deprecated as an API. See https://setuptools.pypa.io/en/latest/pkg_resources.html. The pkg_resources package is slated for removal as early as 2025-11-30. Refrain from using this package or pin to Setuptools<81.
[2m[33m(raylet)[0m   import pkg_resources
[2m[33m(raylet)[0m /home/justin/miniconda3/envs/fraud-fl-TA/lib/python3.10/site-packages/ray/_private/parameter.py:4: UserWarning: pkg_resources is deprecated as an API. See https://setuptools.pypa.io/en/latest/pkg_resources.html. The pkg_resources package is slated for removal as early as 2025-11-30. Refrain from using this package or pin to Setuptools<81.
[2m[33m(raylet)[0m   import pkg_resources
[2m[33m(raylet)[0m /home/justin/miniconda3/envs/fraud-fl-TA/lib/python3.10/site-packages/ray/_private/parameter.py:4: UserWarning: pkg_resources is deprecated as an API. See https://setuptools.pypa.io/en/latest/pkg_resources.html. The pkg_resources package is slated for removal as early as 2025-11-30. Refrain from using this package or pin to Setuptools<81.
[2m[33m(raylet)[0m   import pkg_resources
[2m[33m(raylet)[0m /home/justin/miniconda3/envs/fraud-fl-TA/lib/python3.10/site-packages/ray/_private/parameter.py:4: UserWarning: pkg_resources is deprecated as an API. See https://setuptools.pypa.io/en/latest/pkg_resources.html. The pkg_resources package is slated for removal as early as 2025-11-30. Refrain from using this package or pin to Setuptools<81.
[2m[33m(raylet)[0m   import pkg_resources
[2m[33m(raylet)[0m /home/justin/miniconda3/envs/fraud-fl-TA/lib/python3.10/site-packages/ray/_private/parameter.py:4: UserWarning: pkg_resources is deprecated as an API. See https://setuptools.pypa.io/en/latest/pkg_resources.html. The pkg_resources package is slated for removal as early as 2025-11-30. Refrain from using this package or pin to Setuptools<81.
[2m[33m(raylet)[0m   import pkg_resources
INFO flwr 2026-06-03 16:29:56,180 | server.py:94 | initial parameters (loss, other metrics): 0.9987091271625002, {'val_auprc': 0.001290872837499856, 'val_f1': 0.0, 'val_precision': 0.0, 'val_recall': 0.0}
INFO flwr 2026-06-03 16:29:56,181 | server.py:104 | FL starting
DEBUG flwr 2026-06-03 16:29:56,181 | server.py:222 | fit_round 1: strategy sampled 5 clients (out of 5)
DEBUG flwr 2026-06-03 16:29:58,525 | server.py:236 | fit_round 1 received 5 results and 0 failures
INFO flwr 2026-06-03 16:29:59,080 | server.py:125 | fit progress: (1, 0.3338753249427515, {'val_auprc': 0.6661246750572485, 'val_f1': 0.33513513513513515, 'val_precision': 1.0, 'val_recall': 0.2012987012987013}, 2.8995282840915024)
INFO flwr 2026-06-03 16:29:59,081 | server.py:171 | evaluate_round 1: no clients selected, cancel
DEBUG flwr 2026-06-03 16:29:59,081 | server.py:222 | fit_round 2: strategy sampled 5 clients (out of 5)
DEBUG flwr 2026-06-03 16:30:00,932 | server.py:236 | fit_round 2 received 5 results and 0 failures
INFO flwr 2026-06-03 16:30:01,507 | server.py:125 | fit progress: (2, 0.36241096613891155, {'val_auprc': 0.6375890338610885, 'val_f1': 0.5182089552238806, 'val_precision': 0.9796839729119639, 'val_recall': 0.3522727272727273}, 5.326100174104795)
INFO flwr 2026-06-03 16:30:01,507 | server.py:171 | evaluate_round 2: no clients selected, cancel
DEBUG flwr 2026-06-03 16:30:01,507 | server.py:222 | fit_round 3: strategy sampled 5 clients (out of 5)
DEBUG flwr 2026-06-03 16:30:03,204 | server.py:236 | fit_round 3 received 5 results and 0 failures
INFO flwr 2026-06-03 16:30:03,739 | server.py:125 | fit progress: (3, 0.3733717092264446, {'val_auprc': 0.6266282907735554, 'val_f1': 0.5830546265328874, 'val_precision': 0.9306049822064056, 'val_recall': 0.424512987012987}, 7.5583753830287606)
INFO flwr 2026-06-03 16:30:03,739 | server.py:171 | evaluate_round 3: no clients selected, cancel
DEBUG flwr 2026-06-03 16:30:03,739 | server.py:222 | fit_round 4: strategy sampled 5 clients (out of 5)
DEBUG flwr 2026-06-03 16:30:05,531 | server.py:236 | fit_round 4 received 5 results and 0 failures
INFO flwr 2026-06-03 16:30:06,075 | server.py:125 | fit progress: (4, 0.3783966085894508, {'val_auprc': 0.6216033914105492, 'val_f1': 0.5962059620596206, 'val_precision': 0.8972267536704731, 'val_recall': 0.44642857142857145}, 9.89476202102378)
INFO flwr 2026-06-03 16:30:06,076 | server.py:171 | evaluate_round 4: no clients selected, cancel
DEBUG flwr 2026-06-03 16:30:06,076 | server.py:222 | fit_round 5: strategy sampled 5 clients (out of 5)
DEBUG flwr 2026-06-03 16:30:07,518 | server.py:236 | fit_round 5 received 5 results and 0 failures
INFO flwr 2026-06-03 16:30:08,059 | server.py:125 | fit progress: (5, 0.38453225912340827, {'val_auprc': 0.6154677408765917, 'val_f1': 0.6094736842105263, 'val_precision': 0.8667664670658682, 'val_recall': 0.4699675324675325}, 11.877786054974422)
INFO flwr 2026-06-03 16:30:08,059 | server.py:171 | evaluate_round 5: no clients selected, cancel
DEBUG flwr 2026-06-03 16:30:08,059 | server.py:222 | fit_round 6: strategy sampled 5 clients (out of 5)
DEBUG flwr 2026-06-03 16:30:09,951 | server.py:236 | fit_round 6 received 5 results and 0 failures
INFO flwr 2026-06-03 16:30:10,500 | server.py:125 | fit progress: (6, 0.38773663646358303, {'val_auprc': 0.612263363536417, 'val_f1': 0.6148263348885433, 'val_precision': 0.8507890961262554, 'val_recall': 0.48133116883116883}, 14.318931219168007)
INFO flwr 2026-06-03 16:30:10,500 | server.py:171 | evaluate_round 6: no clients selected, cancel
DEBUG flwr 2026-06-03 16:30:10,500 | server.py:222 | fit_round 7: strategy sampled 5 clients (out of 5)
DEBUG flwr 2026-06-03 16:30:12,020 | server.py:236 | fit_round 7 received 5 results and 0 failures
INFO flwr 2026-06-03 16:30:12,616 | server.py:125 | fit progress: (7, 0.38981600209064193, {'val_auprc': 0.6101839979093581, 'val_f1': 0.6151484135107472, 'val_precision': 0.832409972299169, 'val_recall': 0.4878246753246753}, 16.43539172108285)
INFO flwr 2026-06-03 16:30:12,616 | server.py:171 | evaluate_round 7: no clients selected, cancel
DEBUG flwr 2026-06-03 16:30:12,616 | server.py:222 | fit_round 8: strategy sampled 5 clients (out of 5)
DEBUG flwr 2026-06-03 16:30:14,339 | server.py:236 | fit_round 8 received 5 results and 0 failures
INFO flwr 2026-06-03 16:30:14,941 | server.py:125 | fit progress: (8, 0.39620386158173937, {'val_auprc': 0.6037961384182606, 'val_f1': 0.6097691894793345, 'val_precision': 0.9001584786053882, 'val_recall': 0.461038961038961}, 18.760411240160465)
INFO flwr 2026-06-03 16:30:14,941 | server.py:171 | evaluate_round 8: no clients selected, cancel
DEBUG flwr 2026-06-03 16:30:14,942 | server.py:222 | fit_round 9: strategy sampled 5 clients (out of 5)
DEBUG flwr 2026-06-03 16:30:16,594 | server.py:236 | fit_round 9 received 5 results and 0 failures
INFO flwr 2026-06-03 16:30:17,344 | server.py:125 | fit progress: (9, 0.3907770462434519, {'val_auprc': 0.6092229537565481, 'val_f1': 0.6170655567117586, 'val_precision': 0.8594202898550725, 'val_recall': 0.48133116883116883}, 21.163622223073617)
INFO flwr 2026-06-03 16:30:17,345 | server.py:171 | evaluate_round 9: no clients selected, cancel
DEBUG flwr 2026-06-03 16:30:17,345 | server.py:222 | fit_round 10: strategy sampled 5 clients (out of 5)
DEBUG flwr 2026-06-03 16:30:19,067 | server.py:236 | fit_round 10 received 5 results and 0 failures
INFO flwr 2026-06-03 16:30:19,580 | server.py:125 | fit progress: (10, 0.3929948095206466, {'val_auprc': 0.6070051904793534, 'val_f1': 0.6149100257069409, 'val_precision': 0.8387096774193549, 'val_recall': 0.48538961038961037}, 23.3992487359792)
INFO flwr 2026-06-03 16:30:19,580 | server.py:171 | evaluate_round 10: no clients selected, cancel
DEBUG flwr 2026-06-03 16:30:19,581 | server.py:222 | fit_round 11: strategy sampled 5 clients (out of 5)
DEBUG flwr 2026-06-03 16:30:21,112 | server.py:236 | fit_round 11 received 5 results and 0 failures
INFO flwr 2026-06-03 16:30:21,627 | server.py:125 | fit progress: (11, 0.39278253226620385, {'val_auprc': 0.6072174677337961, 'val_f1': 0.6173469387755102, 'val_precision': 0.8310439560439561, 'val_recall': 0.49107142857142855}, 25.44610009016469)
INFO flwr 2026-06-03 16:30:21,627 | server.py:171 | evaluate_round 11: no clients selected, cancel
DEBUG flwr 2026-06-03 16:30:21,627 | server.py:222 | fit_round 12: strategy sampled 5 clients (out of 5)
DEBUG flwr 2026-06-03 16:30:23,681 | server.py:236 | fit_round 12 received 5 results and 0 failures
INFO flwr 2026-06-03 16:30:24,199 | server.py:125 | fit progress: (12, 0.39274567959919215, {'val_auprc': 0.6072543204008078, 'val_f1': 0.6189024390243902, 'val_precision': 0.8274456521739131, 'val_recall': 0.4943181818181818}, 28.01823499496095)
INFO flwr 2026-06-03 16:30:24,199 | server.py:171 | evaluate_round 12: no clients selected, cancel
DEBUG flwr 2026-06-03 16:30:24,199 | server.py:222 | fit_round 13: strategy sampled 5 clients (out of 5)
DEBUG flwr 2026-06-03 16:30:25,798 | server.py:236 | fit_round 13 received 5 results and 0 failures
INFO flwr 2026-06-03 16:30:26,350 | server.py:125 | fit progress: (13, 0.3934024814113689, {'val_auprc': 0.6065975185886311, 'val_f1': 0.6181818181818182, 'val_precision': 0.8181818181818182, 'val_recall': 0.4967532467532468}, 30.168940717121586)
INFO flwr 2026-06-03 16:30:26,350 | server.py:171 | evaluate_round 13: no clients selected, cancel
DEBUG flwr 2026-06-03 16:30:26,350 | server.py:222 | fit_round 14: strategy sampled 5 clients (out of 5)
DEBUG flwr 2026-06-03 16:30:27,689 | server.py:236 | fit_round 14 received 5 results and 0 failures
INFO flwr 2026-06-03 16:30:28,218 | server.py:125 | fit progress: (14, 0.39372003502091435, {'val_auprc': 0.6062799649790857, 'val_f1': 0.6189516129032258, 'val_precision': 0.8164893617021277, 'val_recall': 0.49837662337662336}, 32.037275737151504)
INFO flwr 2026-06-03 16:30:28,218 | server.py:171 | evaluate_round 14: no clients selected, cancel
DEBUG flwr 2026-06-03 16:30:28,218 | server.py:222 | fit_round 15: strategy sampled 5 clients (out of 5)
DEBUG flwr 2026-06-03 16:30:29,662 | server.py:236 | fit_round 15 received 5 results and 0 failures
INFO flwr 2026-06-03 16:30:30,192 | server.py:125 | fit progress: (15, 0.39394017863971165, {'val_auprc': 0.6060598213602884, 'val_f1': 0.6183282980866063, 'val_precision': 0.8143236074270557, 'val_recall': 0.49837662337662336}, 34.01126179518178)
INFO flwr 2026-06-03 16:30:30,192 | server.py:171 | evaluate_round 15: no clients selected, cancel
DEBUG flwr 2026-06-03 16:30:30,193 | server.py:222 | fit_round 16: strategy sampled 5 clients (out of 5)
DEBUG flwr 2026-06-03 16:30:31,729 | server.py:236 | fit_round 16 received 5 results and 0 failures
INFO flwr 2026-06-03 16:30:32,391 | server.py:125 | fit progress: (16, 0.3940496182970341, {'val_auprc': 0.6059503817029659, 'val_f1': 0.6180171112229492, 'val_precision': 0.8132450331125828, 'val_recall': 0.49837662337662336}, 36.210048931185156)
INFO flwr 2026-06-03 16:30:32,391 | server.py:171 | evaluate_round 16: no clients selected, cancel
DEBUG flwr 2026-06-03 16:30:32,391 | server.py:222 | fit_round 17: strategy sampled 5 clients (out of 5)
DEBUG flwr 2026-06-03 16:30:33,780 | server.py:236 | fit_round 17 received 5 results and 0 failures
INFO flwr 2026-06-03 16:30:34,295 | server.py:125 | fit progress: (17, 0.39680309356346155, {'val_auprc': 0.6031969064365384, 'val_f1': 0.6178608515057114, 'val_precision': 0.8573487031700289, 'val_recall': 0.48295454545454547}, 38.11446558916941)
INFO flwr 2026-06-03 16:30:34,295 | server.py:171 | evaluate_round 17: no clients selected, cancel
DEBUG flwr 2026-06-03 16:30:34,296 | server.py:222 | fit_round 18: strategy sampled 5 clients (out of 5)
DEBUG flwr 2026-06-03 16:30:35,760 | server.py:236 | fit_round 18 received 5 results and 0 failures
INFO flwr 2026-06-03 16:30:36,310 | server.py:125 | fit progress: (18, 0.395228279812309, {'val_auprc': 0.604771720187691, 'val_f1': 0.6168898043254377, 'val_precision': 0.8436619718309859, 'val_recall': 0.4862012987012987}, 40.12908709398471)
INFO flwr 2026-06-03 16:30:36,310 | server.py:171 | evaluate_round 18: no clients selected, cancel
DEBUG flwr 2026-06-03 16:30:36,310 | server.py:222 | fit_round 19: strategy sampled 5 clients (out of 5)
DEBUG flwr 2026-06-03 16:30:37,770 | server.py:236 | fit_round 19 received 5 results and 0 failures
INFO flwr 2026-06-03 16:30:38,306 | server.py:125 | fit progress: (19, 0.39498533961117177, {'val_auprc': 0.6050146603888282, 'val_f1': 0.6168032786885246, 'val_precision': 0.8361111111111111, 'val_recall': 0.48863636363636365}, 42.125430818181485)
INFO flwr 2026-06-03 16:30:38,306 | server.py:171 | evaluate_round 19: no clients selected, cancel
DEBUG flwr 2026-06-03 16:30:38,306 | server.py:222 | fit_round 20: strategy sampled 5 clients (out of 5)
DEBUG flwr 2026-06-03 16:30:39,790 | server.py:236 | fit_round 20 received 5 results and 0 failures
INFO flwr 2026-06-03 16:30:40,926 | server.py:125 | fit progress: (20, 0.39474448685553265, {'val_auprc': 0.6052555131444673, 'val_f1': 0.6183673469387755, 'val_precision': 0.8324175824175825, 'val_recall': 0.49188311688311687}, 44.745057898107916)
INFO flwr 2026-06-03 16:30:40,926 | server.py:171 | evaluate_round 20: no clients selected, cancel
INFO flwr 2026-06-03 16:30:40,926 | server.py:153 | FL finished in 44.74537120712921
INFO flwr 2026-06-03 16:30:40,926 | app.py:225 | app_fit: losses_distributed []
INFO flwr 2026-06-03 16:30:40,927 | app.py:226 | app_fit: metrics_distributed_fit {'client_id': [(1, 2.727751688452101), (2, 2.727751688452101), (3, 2.727751688452101), (4, 2.727751688452101), (5, 2.727751688452101), (6, 2.727751688452101), (7, 2.727751688452101), (8, 2.727751688452101), (9, 2.727751688452101), (10, 2.727751688452101), (11, 2.727751688452101), (12, 2.727751688452101), (13, 2.727751688452101), (14, 2.727751688452101), (15, 2.727751688452101), (16, 2.727751688452101), (17, 2.727751688452101), (18, 2.727751688452101), (19, 2.727751688452101), (20, 2.727751688452101)], 'local_auprc': [(1, 0.2316647120824325), (2, 0.48657152888762467), (3, 0.4716612595282469), (4, 0.4696354894478908), (5, 0.4694475808245354), (6, 0.4694032181835356), (7, 0.46937336341076374), (8, 0.469793011279981), (9, 0.4697326047029375), (10, 0.4695939203950455), (11, 0.4694513231436351), (12, 0.4694759603984171), (13, 0.469440025246254), (14, 0.4693764064288155), (15, 0.4693924273707644), (16, 0.4693848855606717), (17, 0.4698982855043136), (18, 0.469680087903012), (19, 0.4696368121493861), (20, 0.46961786241230563)]}
INFO flwr 2026-06-03 16:30:40,927 | app.py:227 | app_fit: metrics_distributed {}
INFO flwr 2026-06-03 16:30:40,927 | app.py:228 | app_fit: losses_centralized [(0, 0.9987091271625002), (1, 0.3338753249427515), (2, 0.36241096613891155), (3, 0.3733717092264446), (4, 0.3783966085894508), (5, 0.38453225912340827), (6, 0.38773663646358303), (7, 0.38981600209064193), (8, 0.39620386158173937), (9, 0.3907770462434519), (10, 0.3929948095206466), (11, 0.39278253226620385), (12, 0.39274567959919215), (13, 0.3934024814113689), (14, 0.39372003502091435), (15, 0.39394017863971165), (16, 0.3940496182970341), (17, 0.39680309356346155), (18, 0.395228279812309), (19, 0.39498533961117177), (20, 0.39474448685553265)]
INFO flwr 2026-06-03 16:30:40,927 | app.py:229 | app_fit: metrics_centralized {'val_auprc': [(0, 0.001290872837499856), (1, 0.6661246750572485), (2, 0.6375890338610885), (3, 0.6266282907735554), (4, 0.6216033914105492), (5, 0.6154677408765917), (6, 0.612263363536417), (7, 0.6101839979093581), (8, 0.6037961384182606), (9, 0.6092229537565481), (10, 0.6070051904793534), (11, 0.6072174677337961), (12, 0.6072543204008078), (13, 0.6065975185886311), (14, 0.6062799649790857), (15, 0.6060598213602884), (16, 0.6059503817029659), (17, 0.6031969064365384), (18, 0.604771720187691), (19, 0.6050146603888282), (20, 0.6052555131444673)], 'val_f1': [(0, 0.0), (1, 0.33513513513513515), (2, 0.5182089552238806), (3, 0.5830546265328874), (4, 0.5962059620596206), (5, 0.6094736842105263), (6, 0.6148263348885433), (7, 0.6151484135107472), (8, 0.6097691894793345), (9, 0.6170655567117586), (10, 0.6149100257069409), (11, 0.6173469387755102), (12, 0.6189024390243902), (13, 0.6181818181818182), (14, 0.6189516129032258), (15, 0.6183282980866063), (16, 0.6180171112229492), (17, 0.6178608515057114), (18, 0.6168898043254377), (19, 0.6168032786885246), (20, 0.6183673469387755)], 'val_precision': [(0, 0.0), (1, 1.0), (2, 0.9796839729119639), (3, 0.9306049822064056), (4, 0.8972267536704731), (5, 0.8667664670658682), (6, 0.8507890961262554), (7, 0.832409972299169), (8, 0.9001584786053882), (9, 0.8594202898550725), (10, 0.8387096774193549), (11, 0.8310439560439561), (12, 0.8274456521739131), (13, 0.8181818181818182), (14, 0.8164893617021277), (15, 0.8143236074270557), (16, 0.8132450331125828), (17, 0.8573487031700289), (18, 0.8436619718309859), (19, 0.8361111111111111), (20, 0.8324175824175825)], 'val_recall': [(0, 0.0), (1, 0.2012987012987013), (2, 0.3522727272727273), (3, 0.424512987012987), (4, 0.44642857142857145), (5, 0.4699675324675325), (6, 0.48133116883116883), (7, 0.4878246753246753), (8, 0.461038961038961), (9, 0.48133116883116883), (10, 0.48538961038961037), (11, 0.49107142857142855), (12, 0.4943181818181818), (13, 0.4967532467532468), (14, 0.49837662337662336), (15, 0.49837662337662336), (16, 0.49837662337662336), (17, 0.48295454545454547), (18, 0.4862012987012987), (19, 0.48863636363636365), (20, 0.49188311688311687)]}
wandb: Waiting for W&B process to finish... (success).
wandb: - 0.003 MB of 0.012 MB uploaded (0.000 MB deduped)wandb: \ 0.003 MB of 0.012 MB uploaded (0.000 MB deduped)wandb: 
wandb: Run history:
wandb:          round ▁▁▂▂▂▃▃▃▄▄▅▅▅▆▆▆▇▇▇███
wandb:     test_auprc ▁
wandb:        test_f1 ▁
wandb:      test_loss ▁
wandb: test_precision ▁
wandb:    test_recall ▁
wandb:      val_auprc ▁████▇▇▇▇▇▇▇▇▇▇▇▇▇▇▇▇
wandb:         val_f1 ▁▅▇██████████████████
wandb:       val_loss █▁▁▁▁▂▂▂▂▂▂▂▂▂▂▂▂▂▂▂▂
wandb:  val_precision ▁███▇▇▇▇▇▇▇▇▇▇▇▇▇▇▇▇▇
wandb:     val_recall ▁▄▆▇▇███▇████████████
wandb: 
wandb: Run summary:
wandb:       best_round 1
wandb:   best_val_auprc 0.66612
wandb: duration_seconds 63.58575
wandb:            round 20
wandb:       test_auprc 0.58403
wandb:          test_f1 0.60073
wandb:        test_loss 0.41597
wandb:   test_precision 0.83745
wandb:      test_recall 0.46834
wandb:        val_auprc 0.60526
wandb:           val_f1 0.61837
wandb:         val_loss 0.39474
wandb:    val_precision 0.83242
wandb:       val_recall 0.49188
wandb: 
wandb: 🚀 View run lr_dirichlet_alpha0.5_adasyn_seed42 at: https://wandb.ai/deo250605-sepuluh-nopember-insitute-of-technology/hfedxgboost-paysim/runs/7y9ote6b
wandb: Synced 6 W&B file(s), 0 media file(s), 0 artifact file(s) and 0 other file(s)
wandb: Find logs at: ./wandb/run-20260603_162950-7y9ote6b/logs
[run] resolved config: {'model': 'fedavg_lr', 'num_clients': 5, 'num_rounds': 20, 'local_epochs': 1, 'random_seed': 42, 'oversampling': 'adasyn', 'smote_k_neighbors': 5, 'smote_sampling_strategy': 'auto', 'use_wandb': True, 'wandb_project': 'hfedxgboost-paysim', 'early_stop_patience': 10, 'partition': {'scheme': 'dirichlet', 'alpha': 0.5}, 'lr_params': {'C': 1.0, 'max_iter': 1000, 'warm_start': True}}
[run] === lr | scheme=dirichlet alpha=0.5 K=5 R=20 oversampling=adasyn seed=42 ===
[paysim] loading data/paysim/paysim.csv
[paysim] loaded 6,362,620 rows, 11 columns

[paysim] === data summary ===
  total rows loaded : 6,362,620
  feature count     : 13
  feature names     : ['step', 'amount', 'oldbalanceOrg', 'newbalanceOrig', 'oldbalanceDest', 'newbalanceDest', 'errorBalanceOrig', 'errorBalanceDest', 'type_CASH_IN', 'type_CASH_OUT', 'type_DEBIT', 'type_PAYMENT', 'type_TRANSFER']
  x_train: (4453834, 13)  dtype=float32   |  y_train: (4453834,)  dtype=int32
  x_val  : (954393, 13)  dtype=float32   |  y_val  : (954393,)  dtype=int32
  x_test : (954393, 13)  dtype=float32   |  y_test : (954393,)  dtype=int32
  fraud in train: 5,749 / 4,453,834  (0.1291%)
  fraud in val  : 1,232 / 954,393  (0.1291%)
  fraud in test : 1,232 / 954,393  (0.1291%)
[paysim] === end summary ===

[adasyn] WARN client 2: skipping ADASYN — insufficient fraud samples (have 4, need >= 6 = n_neighbors+1)
[adasyn] WARN client 4: skipping ADASYN — insufficient fraud samples (have 2, need >= 6 = n_neighbors+1)

[adasyn] === per-client ADASYN summary ===
  cid |    n_before |     n_after |  fraud_before |  fraud_after | ratio_after | applied
----------------------------------------------------------------------------------------
    0 |     315,461 |     625,253 |         2,931 |      312,723 |    50.0154% |    True
    1 |       3,340 |       4,164 |         2,089 |        2,089 |    50.1681% |    True
    2 |   1,670,751 |   1,670,751 |             4 |            4 |     0.0002% |   False
    3 |     283,301 |     565,189 |           723 |      282,611 |    50.0029% |    True
    4 |   2,180,981 |   2,180,981 |             2 |            2 |     0.0001% |   False
[adasyn] === end summary ===

[run] FL starting: 20 rounds, 5 clients
[server] round 0 | val_auprc=0.0013 | val_f1=0.0000 | val_precision=0.0000 | val_recall=0.0000
[server] round 1 | val_auprc=0.6661 | val_f1=0.3351 | val_precision=1.0000 | val_recall=0.2013
[server] round 2 | val_auprc=0.6376 | val_f1=0.5182 | val_precision=0.9797 | val_recall=0.3523
[server] round 3 | val_auprc=0.6266 | val_f1=0.5831 | val_precision=0.9306 | val_recall=0.4245
[server] round 4 | val_auprc=0.6216 | val_f1=0.5962 | val_precision=0.8972 | val_recall=0.4464
[server] round 5 | val_auprc=0.6155 | val_f1=0.6095 | val_precision=0.8668 | val_recall=0.4700
[server] round 6 | val_auprc=0.6123 | val_f1=0.6148 | val_precision=0.8508 | val_recall=0.4813
[server] round 7 | val_auprc=0.6102 | val_f1=0.6151 | val_precision=0.8324 | val_recall=0.4878
[server] round 8 | val_auprc=0.6038 | val_f1=0.6098 | val_precision=0.9002 | val_recall=0.4610
[server] round 9 | val_auprc=0.6092 | val_f1=0.6171 | val_precision=0.8594 | val_recall=0.4813
[server] round 10 | val_auprc=0.6070 | val_f1=0.6149 | val_precision=0.8387 | val_recall=0.4854
[server] round 11 | val_auprc=0.6072 | val_f1=0.6173 | val_precision=0.8310 | val_recall=0.4911
[server] early-stop signal at round 11: val_auprc unchanged for 10 rounds (best=0.6661 at round 1)
[server] round 12 | val_auprc=0.6073 | val_f1=0.6189 | val_precision=0.8274 | val_recall=0.4943
[server] round 13 | val_auprc=0.6066 | val_f1=0.6182 | val_precision=0.8182 | val_recall=0.4968
[server] round 14 | val_auprc=0.6063 | val_f1=0.6190 | val_precision=0.8165 | val_recall=0.4984
[server] round 15 | val_auprc=0.6061 | val_f1=0.6183 | val_precision=0.8143 | val_recall=0.4984
[server] round 16 | val_auprc=0.6060 | val_f1=0.6180 | val_precision=0.8132 | val_recall=0.4984
[server] round 17 | val_auprc=0.6032 | val_f1=0.6179 | val_precision=0.8573 | val_recall=0.4830
[server] round 18 | val_auprc=0.6048 | val_f1=0.6169 | val_precision=0.8437 | val_recall=0.4862
[server] round 19 | val_auprc=0.6050 | val_f1=0.6168 | val_precision=0.8361 | val_recall=0.4886
[server] round 20 | val_auprc=0.6053 | val_f1=0.6184 | val_precision=0.8324 | val_recall=0.4919
[server] FINAL round 20 | test_auprc=0.5840 | test_f1=0.6007 | test_precision=0.8374 | test_recall=0.4683
[run] best val_auprc: 0.6661 at round 1
[run] final test: auprc=0.5840 | f1=0.6007 | precision=0.8374 | recall=0.4683
[results] wrote summary CSV → results/logs/lr/lr_dirichlet_alpha0.5_adasyn_seed42.csv
[results] wrote rounds CSV  → results/logs/lr/lr_dirichlet_alpha0.5_adasyn_seed42_rounds.csv
