/home/justin/miniconda3/envs/fraud-fl-TA/lib/python3.10/site-packages/ray/_private/parameter.py:4: UserWarning: pkg_resources is deprecated as an API. See https://setuptools.pypa.io/en/latest/pkg_resources.html. The pkg_resources package is slated for removal as early as 2025-11-30. Refrain from using this package or pin to Setuptools<81.
  import pkg_resources
/home/justin/miniconda3/envs/fraud-fl-TA/lib/python3.10/site-packages/wandb/sdk/launch/builder/build.py:11: UserWarning: pkg_resources is deprecated as an API. See https://setuptools.pypa.io/en/latest/pkg_resources.html. The pkg_resources package is slated for removal as early as 2025-11-30. Refrain from using this package or pin to Setuptools<81.
  import pkg_resources
wandb: Currently logged in as: deo250605 (deo250605-sepuluh-nopember-insitute-of-technology). Use `wandb login --relogin` to force relogin
wandb: wandb version 0.27.0 is available!  To upgrade, please run:
wandb:  $ pip install wandb --upgrade
wandb: Tracking run with wandb version 0.15.12
wandb: Run data is saved locally in /home/justin/fraud-fl-TA/wandb/run-20260603_164457-jqzvt313
wandb: Run `wandb offline` to turn off syncing.
wandb: Syncing run lr_dirichlet_alpha5.0_none_seed42
wandb: ⭐️ View project at https://wandb.ai/deo250605-sepuluh-nopember-insitute-of-technology/hfedxgboost-paysim
wandb: 🚀 View run at https://wandb.ai/deo250605-sepuluh-nopember-insitute-of-technology/hfedxgboost-paysim/runs/jqzvt313
INFO flwr 2026-06-03 16:45:00,263 | app.py:175 | Starting Flower simulation, config: ServerConfig(num_rounds=20, round_timeout=None)
2026-06-03 16:45:01,932	INFO worker.py:1621 -- Started a local Ray instance.
INFO flwr 2026-06-03 16:45:02,497 | app.py:210 | Flower VCE: Ray initialized with resources: {'node:__internal_head__': 1.0, 'node:172.24.108.56': 1.0, 'CPU': 20.0, 'memory': 8882756814.0, 'object_store_memory': 4441378406.0}
INFO flwr 2026-06-03 16:45:02,497 | app.py:224 | Flower VCE: Resources for each Virtual Client: {'num_cpus': 1, 'num_gpus': 0}
INFO flwr 2026-06-03 16:45:02,508 | app.py:270 | Flower VCE: Creating VirtualClientEngineActorPool with 20 actors
INFO flwr 2026-06-03 16:45:02,508 | server.py:89 | Initializing global parameters
INFO flwr 2026-06-03 16:45:02,508 | server.py:272 | Using initial parameters provided by strategy
INFO flwr 2026-06-03 16:45:02,509 | server.py:91 | Evaluating initial parameters
[2m[33m(raylet)[0m /home/justin/miniconda3/envs/fraud-fl-TA/lib/python3.10/site-packages/ray/_private/parameter.py:4: UserWarning: pkg_resources is deprecated as an API. See https://setuptools.pypa.io/en/latest/pkg_resources.html. The pkg_resources package is slated for removal as early as 2025-11-30. Refrain from using this package or pin to Setuptools<81.
[2m[33m(raylet)[0m   import pkg_resources
[2m[33m(raylet)[0m /home/justin/miniconda3/envs/fraud-fl-TA/lib/python3.10/site-packages/ray/_private/parameter.py:4: UserWarning: pkg_resources is deprecated as an API. See https://setuptools.pypa.io/en/latest/pkg_resources.html. The pkg_resources package is slated for removal as early as 2025-11-30. Refrain from using this package or pin to Setuptools<81.
[2m[33m(raylet)[0m   import pkg_resources
[2m[33m(raylet)[0m /home/justin/miniconda3/envs/fraud-fl-TA/lib/python3.10/site-packages/ray/_private/parameter.py:4: UserWarning: pkg_resources is deprecated as an API. See https://setuptools.pypa.io/en/latest/pkg_resources.html. The pkg_resources package is slated for removal as early as 2025-11-30. Refrain from using this package or pin to Setuptools<81.
[2m[33m(raylet)[0m   import pkg_resources
[2m[33m(raylet)[0m /home/justin/miniconda3/envs/fraud-fl-TA/lib/python3.10/site-packages/ray/_private/parameter.py:4: UserWarning: pkg_resources is deprecated as an API. See https://setuptools.pypa.io/en/latest/pkg_resources.html. The pkg_resources package is slated for removal as early as 2025-11-30. Refrain from using this package or pin to Setuptools<81.
[2m[33m(raylet)[0m   import pkg_resources
[2m[33m(raylet)[0m /home/justin/miniconda3/envs/fraud-fl-TA/lib/python3.10/site-packages/ray/_private/parameter.py:4: UserWarning: pkg_resources is deprecated as an API. See https://setuptools.pypa.io/en/latest/pkg_resources.html. The pkg_resources package is slated for removal as early as 2025-11-30. Refrain from using this package or pin to Setuptools<81.
[2m[33m(raylet)[0m   import pkg_resources
[2m[33m(raylet)[0m /home/justin/miniconda3/envs/fraud-fl-TA/lib/python3.10/site-packages/ray/_private/parameter.py:4: UserWarning: pkg_resources is deprecated as an API. See https://setuptools.pypa.io/en/latest/pkg_resources.html. The pkg_resources package is slated for removal as early as 2025-11-30. Refrain from using this package or pin to Setuptools<81.
[2m[33m(raylet)[0m   import pkg_resources
[2m[33m(raylet)[0m /home/justin/miniconda3/envs/fraud-fl-TA/lib/python3.10/site-packages/ray/_private/parameter.py:4: UserWarning: pkg_resources is deprecated as an API. See https://setuptools.pypa.io/en/latest/pkg_resources.html. The pkg_resources package is slated for removal as early as 2025-11-30. Refrain from using this package or pin to Setuptools<81.
[2m[33m(raylet)[0m   import pkg_resources
[2m[33m(raylet)[0m /home/justin/miniconda3/envs/fraud-fl-TA/lib/python3.10/site-packages/ray/_private/parameter.py:4: UserWarning: pkg_resources is deprecated as an API. See https://setuptools.pypa.io/en/latest/pkg_resources.html. The pkg_resources package is slated for removal as early as 2025-11-30. Refrain from using this package or pin to Setuptools<81.
[2m[33m(raylet)[0m   import pkg_resources
[2m[33m(raylet)[0m /home/justin/miniconda3/envs/fraud-fl-TA/lib/python3.10/site-packages/ray/_private/parameter.py:4: UserWarning: pkg_resources is deprecated as an API. See https://setuptools.pypa.io/en/latest/pkg_resources.html. The pkg_resources package is slated for removal as early as 2025-11-30. Refrain from using this package or pin to Setuptools<81.
[2m[33m(raylet)[0m   import pkg_resources
[2m[33m(raylet)[0m /home/justin/miniconda3/envs/fraud-fl-TA/lib/python3.10/site-packages/ray/_private/parameter.py:4: UserWarning: pkg_resources is deprecated as an API. See https://setuptools.pypa.io/en/latest/pkg_resources.html. The pkg_resources package is slated for removal as early as 2025-11-30. Refrain from using this package or pin to Setuptools<81.
[2m[33m(raylet)[0m   import pkg_resources
[2m[33m(raylet)[0m /home/justin/miniconda3/envs/fraud-fl-TA/lib/python3.10/site-packages/ray/_private/parameter.py:4: UserWarning: pkg_resources is deprecated as an API. See https://setuptools.pypa.io/en/latest/pkg_resources.html. The pkg_resources package is slated for removal as early as 2025-11-30. Refrain from using this package or pin to Setuptools<81.
[2m[33m(raylet)[0m   import pkg_resources
[2m[33m(raylet)[0m /home/justin/miniconda3/envs/fraud-fl-TA/lib/python3.10/site-packages/ray/_private/parameter.py:4: UserWarning: pkg_resources is deprecated as an API. See https://setuptools.pypa.io/en/latest/pkg_resources.html. The pkg_resources package is slated for removal as early as 2025-11-30. Refrain from using this package or pin to Setuptools<81.
[2m[33m(raylet)[0m   import pkg_resources
[2m[33m(raylet)[0m /home/justin/miniconda3/envs/fraud-fl-TA/lib/python3.10/site-packages/ray/_private/parameter.py:4: UserWarning: pkg_resources is deprecated as an API. See https://setuptools.pypa.io/en/latest/pkg_resources.html. The pkg_resources package is slated for removal as early as 2025-11-30. Refrain from using this package or pin to Setuptools<81.
[2m[33m(raylet)[0m   import pkg_resources
[2m[33m(raylet)[0m /home/justin/miniconda3/envs/fraud-fl-TA/lib/python3.10/site-packages/ray/_private/parameter.py:4: UserWarning: pkg_resources is deprecated as an API. See https://setuptools.pypa.io/en/latest/pkg_resources.html. The pkg_resources package is slated for removal as early as 2025-11-30. Refrain from using this package or pin to Setuptools<81.
[2m[33m(raylet)[0m   import pkg_resources
[2m[33m(raylet)[0m /home/justin/miniconda3/envs/fraud-fl-TA/lib/python3.10/site-packages/ray/_private/parameter.py:4: UserWarning: pkg_resources is deprecated as an API. See https://setuptools.pypa.io/en/latest/pkg_resources.html. The pkg_resources package is slated for removal as early as 2025-11-30. Refrain from using this package or pin to Setuptools<81.
[2m[33m(raylet)[0m   import pkg_resources
[2m[33m(raylet)[0m /home/justin/miniconda3/envs/fraud-fl-TA/lib/python3.10/site-packages/ray/_private/parameter.py:4: UserWarning: pkg_resources is deprecated as an API. See https://setuptools.pypa.io/en/latest/pkg_resources.html. The pkg_resources package is slated for removal as early as 2025-11-30. Refrain from using this package or pin to Setuptools<81.
[2m[33m(raylet)[0m   import pkg_resources
[2m[33m(raylet)[0m /home/justin/miniconda3/envs/fraud-fl-TA/lib/python3.10/site-packages/ray/_private/parameter.py:4: UserWarning: pkg_resources is deprecated as an API. See https://setuptools.pypa.io/en/latest/pkg_resources.html. The pkg_resources package is slated for removal as early as 2025-11-30. Refrain from using this package or pin to Setuptools<81.
[2m[33m(raylet)[0m   import pkg_resources
[2m[33m(raylet)[0m /home/justin/miniconda3/envs/fraud-fl-TA/lib/python3.10/site-packages/ray/_private/parameter.py:4: UserWarning: pkg_resources is deprecated as an API. See https://setuptools.pypa.io/en/latest/pkg_resources.html. The pkg_resources package is slated for removal as early as 2025-11-30. Refrain from using this package or pin to Setuptools<81.
[2m[33m(raylet)[0m   import pkg_resources
[2m[33m(raylet)[0m /home/justin/miniconda3/envs/fraud-fl-TA/lib/python3.10/site-packages/ray/_private/parameter.py:4: UserWarning: pkg_resources is deprecated as an API. See https://setuptools.pypa.io/en/latest/pkg_resources.html. The pkg_resources package is slated for removal as early as 2025-11-30. Refrain from using this package or pin to Setuptools<81.
[2m[33m(raylet)[0m   import pkg_resources
[2m[33m(raylet)[0m /home/justin/miniconda3/envs/fraud-fl-TA/lib/python3.10/site-packages/ray/_private/parameter.py:4: UserWarning: pkg_resources is deprecated as an API. See https://setuptools.pypa.io/en/latest/pkg_resources.html. The pkg_resources package is slated for removal as early as 2025-11-30. Refrain from using this package or pin to Setuptools<81.
[2m[33m(raylet)[0m   import pkg_resources
INFO flwr 2026-06-03 16:45:03,312 | server.py:94 | initial parameters (loss, other metrics): 0.9987091271625002, {'val_auprc': 0.001290872837499856, 'val_f1': 0.0, 'val_precision': 0.0, 'val_recall': 0.0}
INFO flwr 2026-06-03 16:45:03,312 | server.py:104 | FL starting
DEBUG flwr 2026-06-03 16:45:03,312 | server.py:222 | fit_round 1: strategy sampled 5 clients (out of 5)
DEBUG flwr 2026-06-03 16:45:05,260 | server.py:236 | fit_round 1 received 5 results and 0 failures
INFO flwr 2026-06-03 16:45:05,792 | server.py:125 | fit progress: (1, 0.389490191989767, {'val_auprc': 0.610509808010233, 'val_f1': 0.5963003264417845, 'val_precision': 0.9042904290429042, 'val_recall': 0.4448051948051948}, 2.4795608159620315)
INFO flwr 2026-06-03 16:45:05,792 | server.py:171 | evaluate_round 1: no clients selected, cancel
DEBUG flwr 2026-06-03 16:45:05,793 | server.py:222 | fit_round 2: strategy sampled 5 clients (out of 5)
DEBUG flwr 2026-06-03 16:45:06,430 | server.py:236 | fit_round 2 received 5 results and 0 failures
INFO flwr 2026-06-03 16:45:06,954 | server.py:125 | fit progress: (2, 0.3847942575492884, {'val_auprc': 0.6152057424507116, 'val_f1': 0.5994579945799458, 'val_precision': 0.9021207177814029, 'val_recall': 0.44886363636363635}, 3.6412747190333903)
INFO flwr 2026-06-03 16:45:06,954 | server.py:171 | evaluate_round 2: no clients selected, cancel
DEBUG flwr 2026-06-03 16:45:06,954 | server.py:222 | fit_round 3: strategy sampled 5 clients (out of 5)
DEBUG flwr 2026-06-03 16:45:07,600 | server.py:236 | fit_round 3 received 5 results and 0 failures
INFO flwr 2026-06-03 16:45:08,144 | server.py:125 | fit progress: (3, 0.3809882905988531, {'val_auprc': 0.6190117094011469, 'val_f1': 0.5994579945799458, 'val_precision': 0.9021207177814029, 'val_recall': 0.44886363636363635}, 4.831350573105738)
INFO flwr 2026-06-03 16:45:08,144 | server.py:171 | evaluate_round 3: no clients selected, cancel
DEBUG flwr 2026-06-03 16:45:08,144 | server.py:222 | fit_round 4: strategy sampled 5 clients (out of 5)
DEBUG flwr 2026-06-03 16:45:08,769 | server.py:236 | fit_round 4 received 5 results and 0 failures
INFO flwr 2026-06-03 16:45:09,282 | server.py:125 | fit progress: (4, 0.37785067146551266, {'val_auprc': 0.6221493285344873, 'val_f1': 0.600216684723727, 'val_precision': 0.9022801302931596, 'val_recall': 0.4496753246753247}, 5.969651354011148)
INFO flwr 2026-06-03 16:45:09,282 | server.py:171 | evaluate_round 4: no clients selected, cancel
DEBUG flwr 2026-06-03 16:45:09,283 | server.py:222 | fit_round 5: strategy sampled 5 clients (out of 5)
DEBUG flwr 2026-06-03 16:45:09,898 | server.py:236 | fit_round 5 received 5 results and 0 failures
INFO flwr 2026-06-03 16:45:10,412 | server.py:125 | fit progress: (5, 0.3774959237248229, {'val_auprc': 0.6225040762751771, 'val_f1': 0.602266594711279, 'val_precision': 0.8985507246376812, 'val_recall': 0.45292207792207795}, 7.099336238112301)
INFO flwr 2026-06-03 16:45:10,412 | server.py:171 | evaluate_round 5: no clients selected, cancel
DEBUG flwr 2026-06-03 16:45:10,412 | server.py:222 | fit_round 6: strategy sampled 5 clients (out of 5)
DEBUG flwr 2026-06-03 16:45:11,056 | server.py:236 | fit_round 6 received 5 results and 0 failures
INFO flwr 2026-06-03 16:45:11,573 | server.py:125 | fit progress: (6, 0.376809259984737, {'val_auprc': 0.623190740015263, 'val_f1': 0.600216684723727, 'val_precision': 0.9022801302931596, 'val_recall': 0.4496753246753247}, 8.261266988003626)
INFO flwr 2026-06-03 16:45:11,574 | server.py:171 | evaluate_round 6: no clients selected, cancel
DEBUG flwr 2026-06-03 16:45:11,574 | server.py:222 | fit_round 7: strategy sampled 5 clients (out of 5)
DEBUG flwr 2026-06-03 16:45:12,190 | server.py:236 | fit_round 7 received 5 results and 0 failures
INFO flwr 2026-06-03 16:45:12,699 | server.py:125 | fit progress: (7, 0.376505579493142, {'val_auprc': 0.623494420506858, 'val_f1': 0.6006493506493507, 'val_precision': 0.900974025974026, 'val_recall': 0.450487012987013}, 9.386766950134188)
INFO flwr 2026-06-03 16:45:12,699 | server.py:171 | evaluate_round 7: no clients selected, cancel
DEBUG flwr 2026-06-03 16:45:12,699 | server.py:222 | fit_round 8: strategy sampled 5 clients (out of 5)
DEBUG flwr 2026-06-03 16:45:13,339 | server.py:236 | fit_round 8 received 5 results and 0 failures
INFO flwr 2026-06-03 16:45:13,849 | server.py:125 | fit progress: (8, 0.37598159809638476, {'val_auprc': 0.6240184019036152, 'val_f1': 0.6008676789587852, 'val_precision': 0.9052287581699346, 'val_recall': 0.4496753246753247}, 10.536466642050073)
INFO flwr 2026-06-03 16:45:13,849 | server.py:171 | evaluate_round 8: no clients selected, cancel
DEBUG flwr 2026-06-03 16:45:13,849 | server.py:222 | fit_round 9: strategy sampled 5 clients (out of 5)
DEBUG flwr 2026-06-03 16:45:14,493 | server.py:236 | fit_round 9 received 5 results and 0 failures
INFO flwr 2026-06-03 16:45:15,011 | server.py:125 | fit progress: (9, 0.37571960720995334, {'val_auprc': 0.6242803927900467, 'val_f1': 0.6013001083423619, 'val_precision': 0.9039087947882736, 'val_recall': 0.450487012987013}, 11.69885703199543)
INFO flwr 2026-06-03 16:45:15,011 | server.py:171 | evaluate_round 9: no clients selected, cancel
DEBUG flwr 2026-06-03 16:45:15,011 | server.py:222 | fit_round 10: strategy sampled 5 clients (out of 5)
DEBUG flwr 2026-06-03 16:45:15,643 | server.py:236 | fit_round 10 received 5 results and 0 failures
INFO flwr 2026-06-03 16:45:16,163 | server.py:125 | fit progress: (10, 0.3752204384693534, {'val_auprc': 0.6247795615306466, 'val_f1': 0.6001085187194791, 'val_precision': 0.9050736497545008, 'val_recall': 0.44886363636363635}, 12.85094304010272)
INFO flwr 2026-06-03 16:45:16,163 | server.py:171 | evaluate_round 10: no clients selected, cancel
DEBUG flwr 2026-06-03 16:45:16,164 | server.py:222 | fit_round 11: strategy sampled 5 clients (out of 5)
DEBUG flwr 2026-06-03 16:45:16,798 | server.py:236 | fit_round 11 received 5 results and 0 failures
INFO flwr 2026-06-03 16:45:17,304 | server.py:125 | fit progress: (11, 0.375072893291859, {'val_auprc': 0.624927106708141, 'val_f1': 0.6008676789587852, 'val_precision': 0.9052287581699346, 'val_recall': 0.4496753246753247}, 13.991952124983072)
INFO flwr 2026-06-03 16:45:17,304 | server.py:171 | evaluate_round 11: no clients selected, cancel
DEBUG flwr 2026-06-03 16:45:17,305 | server.py:222 | fit_round 12: strategy sampled 5 clients (out of 5)
DEBUG flwr 2026-06-03 16:45:17,910 | server.py:236 | fit_round 12 received 5 results and 0 failures
INFO flwr 2026-06-03 16:45:18,427 | server.py:125 | fit progress: (12, 0.37461580245142334, {'val_auprc': 0.6253841975485767, 'val_f1': 0.6001085187194791, 'val_precision': 0.9050736497545008, 'val_recall': 0.44886363636363635}, 15.114518617046997)
INFO flwr 2026-06-03 16:45:18,427 | server.py:171 | evaluate_round 12: no clients selected, cancel
DEBUG flwr 2026-06-03 16:45:18,427 | server.py:222 | fit_round 13: strategy sampled 5 clients (out of 5)
DEBUG flwr 2026-06-03 16:45:19,077 | server.py:236 | fit_round 13 received 5 results and 0 failures
INFO flwr 2026-06-03 16:45:19,619 | server.py:125 | fit progress: (13, 0.3744718989558409, {'val_auprc': 0.6255281010441591, 'val_f1': 0.6008676789587852, 'val_precision': 0.9052287581699346, 'val_recall': 0.4496753246753247}, 16.30643868097104)
INFO flwr 2026-06-03 16:45:19,619 | server.py:171 | evaluate_round 13: no clients selected, cancel
DEBUG flwr 2026-06-03 16:45:19,620 | server.py:222 | fit_round 14: strategy sampled 5 clients (out of 5)
DEBUG flwr 2026-06-03 16:45:20,237 | server.py:236 | fit_round 14 received 5 results and 0 failures
INFO flwr 2026-06-03 16:45:20,771 | server.py:125 | fit progress: (14, 0.37408062072252446, {'val_auprc': 0.6259193792774755, 'val_f1': 0.6007604562737643, 'val_precision': 0.9080459770114943, 'val_recall': 0.44886363636363635}, 17.45859268307686)
INFO flwr 2026-06-03 16:45:20,771 | server.py:171 | evaluate_round 14: no clients selected, cancel
DEBUG flwr 2026-06-03 16:45:20,771 | server.py:222 | fit_round 15: strategy sampled 5 clients (out of 5)
DEBUG flwr 2026-06-03 16:45:21,455 | server.py:236 | fit_round 15 received 5 results and 0 failures
INFO flwr 2026-06-03 16:45:21,978 | server.py:125 | fit progress: (15, 0.3739952055246456, {'val_auprc': 0.6260047944753544, 'val_f1': 0.6004343105320304, 'val_precision': 0.9065573770491804, 'val_recall': 0.44886363636363635}, 18.66614459711127)
INFO flwr 2026-06-03 16:45:21,979 | server.py:171 | evaluate_round 15: no clients selected, cancel
DEBUG flwr 2026-06-03 16:45:21,979 | server.py:222 | fit_round 16: strategy sampled 5 clients (out of 5)
DEBUG flwr 2026-06-03 16:45:22,630 | server.py:236 | fit_round 16 received 5 results and 0 failures
INFO flwr 2026-06-03 16:45:23,137 | server.py:125 | fit progress: (16, 0.3735772376470796, {'val_auprc': 0.6264227623529204, 'val_f1': 0.600326264274062, 'val_precision': 0.9093904448105437, 'val_recall': 0.44805194805194803}, 19.824682228034362)
INFO flwr 2026-06-03 16:45:23,137 | server.py:171 | evaluate_round 16: no clients selected, cancel
DEBUG flwr 2026-06-03 16:45:23,137 | server.py:222 | fit_round 17: strategy sampled 5 clients (out of 5)
DEBUG flwr 2026-06-03 16:45:23,775 | server.py:236 | fit_round 17 received 5 results and 0 failures
INFO flwr 2026-06-03 16:45:24,295 | server.py:125 | fit progress: (17, 0.3735498734627464, {'val_auprc': 0.6264501265372536, 'val_f1': 0.6007604562737643, 'val_precision': 0.9080459770114943, 'val_recall': 0.44886363636363635}, 20.98316770209931)
INFO flwr 2026-06-03 16:45:24,296 | server.py:171 | evaluate_round 17: no clients selected, cancel
DEBUG flwr 2026-06-03 16:45:24,296 | server.py:222 | fit_round 18: strategy sampled 5 clients (out of 5)
DEBUG flwr 2026-06-03 16:45:24,930 | server.py:236 | fit_round 18 received 5 results and 0 failures
INFO flwr 2026-06-03 16:45:25,462 | server.py:125 | fit progress: (18, 0.3731552459844262, {'val_auprc': 0.6268447540155738, 'val_f1': 0.600326264274062, 'val_precision': 0.9093904448105437, 'val_recall': 0.44805194805194803}, 22.14967943006195)
INFO flwr 2026-06-03 16:45:25,462 | server.py:171 | evaluate_round 18: no clients selected, cancel
DEBUG flwr 2026-06-03 16:45:25,462 | server.py:222 | fit_round 19: strategy sampled 5 clients (out of 5)
DEBUG flwr 2026-06-03 16:45:26,090 | server.py:236 | fit_round 19 received 5 results and 0 failures
INFO flwr 2026-06-03 16:45:26,603 | server.py:125 | fit progress: (19, 0.3731912571250977, {'val_auprc': 0.6268087428749023, 'val_f1': 0.600326264274062, 'val_precision': 0.9093904448105437, 'val_recall': 0.44805194805194803}, 23.290902727050707)
INFO flwr 2026-06-03 16:45:26,603 | server.py:171 | evaluate_round 19: no clients selected, cancel
DEBUG flwr 2026-06-03 16:45:26,604 | server.py:222 | fit_round 20: strategy sampled 5 clients (out of 5)
DEBUG flwr 2026-06-03 16:45:27,243 | server.py:236 | fit_round 20 received 5 results and 0 failures
INFO flwr 2026-06-03 16:45:28,260 | server.py:125 | fit progress: (20, 0.3727654854789566, {'val_auprc': 0.6272345145210434, 'val_f1': 0.5995647442872688, 'val_precision': 0.9092409240924092, 'val_recall': 0.4472402597402597}, 24.94772881595418)
INFO flwr 2026-06-03 16:45:28,260 | server.py:171 | evaluate_round 20: no clients selected, cancel
INFO flwr 2026-06-03 16:45:28,260 | server.py:153 | FL finished in 24.9480911239516
INFO flwr 2026-06-03 16:45:28,261 | app.py:225 | app_fit: losses_distributed []
INFO flwr 2026-06-03 16:45:28,261 | app.py:226 | app_fit: metrics_distributed_fit {'client_id': [(1, 2.105571963391541), (2, 2.105571963391541), (3, 2.105571963391541), (4, 2.105571963391541), (5, 2.105571963391541), (6, 2.105571963391541), (7, 2.105571963391541), (8, 2.105571963391541), (9, 2.105571963391541), (10, 2.105571963391541), (11, 2.105571963391541), (12, 2.105571963391541), (13, 2.105571963391541), (14, 2.105571963391541), (15, 2.105571963391541), (16, 2.105571963391541), (17, 2.105571963391541), (18, 2.105571963391541), (19, 2.105571963391541), (20, 2.105571963391541)], 'local_auprc': [(1, 0.609766919229151), (2, 0.6165328629411289), (3, 0.6199816415960945), (4, 0.6231733356163888), (5, 0.6238530747889606), (6, 0.6244449441971002), (7, 0.6243889511263936), (8, 0.6250174415610176), (9, 0.6250141485945148), (10, 0.6256375732878591), (11, 0.6255894342479288), (12, 0.6261681495383215), (13, 0.6260939932195719), (14, 0.6266458540344572), (15, 0.6265477571551894), (16, 0.6270953743288374), (17, 0.6269532407454556), (18, 0.6274901818627542), (19, 0.6272934167929606), (20, 0.627842124108145)]}
INFO flwr 2026-06-03 16:45:28,261 | app.py:227 | app_fit: metrics_distributed {}
INFO flwr 2026-06-03 16:45:28,261 | app.py:228 | app_fit: losses_centralized [(0, 0.9987091271625002), (1, 0.389490191989767), (2, 0.3847942575492884), (3, 0.3809882905988531), (4, 0.37785067146551266), (5, 0.3774959237248229), (6, 0.376809259984737), (7, 0.376505579493142), (8, 0.37598159809638476), (9, 0.37571960720995334), (10, 0.3752204384693534), (11, 0.375072893291859), (12, 0.37461580245142334), (13, 0.3744718989558409), (14, 0.37408062072252446), (15, 0.3739952055246456), (16, 0.3735772376470796), (17, 0.3735498734627464), (18, 0.3731552459844262), (19, 0.3731912571250977), (20, 0.3727654854789566)]
INFO flwr 2026-06-03 16:45:28,262 | app.py:229 | app_fit: metrics_centralized {'val_auprc': [(0, 0.001290872837499856), (1, 0.610509808010233), (2, 0.6152057424507116), (3, 0.6190117094011469), (4, 0.6221493285344873), (5, 0.6225040762751771), (6, 0.623190740015263), (7, 0.623494420506858), (8, 0.6240184019036152), (9, 0.6242803927900467), (10, 0.6247795615306466), (11, 0.624927106708141), (12, 0.6253841975485767), (13, 0.6255281010441591), (14, 0.6259193792774755), (15, 0.6260047944753544), (16, 0.6264227623529204), (17, 0.6264501265372536), (18, 0.6268447540155738), (19, 0.6268087428749023), (20, 0.6272345145210434)], 'val_f1': [(0, 0.0), (1, 0.5963003264417845), (2, 0.5994579945799458), (3, 0.5994579945799458), (4, 0.600216684723727), (5, 0.602266594711279), (6, 0.600216684723727), (7, 0.6006493506493507), (8, 0.6008676789587852), (9, 0.6013001083423619), (10, 0.6001085187194791), (11, 0.6008676789587852), (12, 0.6001085187194791), (13, 0.6008676789587852), (14, 0.6007604562737643), (15, 0.6004343105320304), (16, 0.600326264274062), (17, 0.6007604562737643), (18, 0.600326264274062), (19, 0.600326264274062), (20, 0.5995647442872688)], 'val_precision': [(0, 0.0), (1, 0.9042904290429042), (2, 0.9021207177814029), (3, 0.9021207177814029), (4, 0.9022801302931596), (5, 0.8985507246376812), (6, 0.9022801302931596), (7, 0.900974025974026), (8, 0.9052287581699346), (9, 0.9039087947882736), (10, 0.9050736497545008), (11, 0.9052287581699346), (12, 0.9050736497545008), (13, 0.9052287581699346), (14, 0.9080459770114943), (15, 0.9065573770491804), (16, 0.9093904448105437), (17, 0.9080459770114943), (18, 0.9093904448105437), (19, 0.9093904448105437), (20, 0.9092409240924092)], 'val_recall': [(0, 0.0), (1, 0.4448051948051948), (2, 0.44886363636363635), (3, 0.44886363636363635), (4, 0.4496753246753247), (5, 0.45292207792207795), (6, 0.4496753246753247), (7, 0.450487012987013), (8, 0.4496753246753247), (9, 0.450487012987013), (10, 0.44886363636363635), (11, 0.4496753246753247), (12, 0.44886363636363635), (13, 0.4496753246753247), (14, 0.44886363636363635), (15, 0.44886363636363635), (16, 0.44805194805194803), (17, 0.44886363636363635), (18, 0.44805194805194803), (19, 0.44805194805194803), (20, 0.4472402597402597)]}
wandb: Waiting for W&B process to finish... (success).
wandb: 
wandb: Run history:
wandb:          round ▁▁▂▂▂▃▃▃▄▄▅▅▅▆▆▆▇▇▇███
wandb:     test_auprc ▁
wandb:        test_f1 ▁
wandb:      test_loss ▁
wandb: test_precision ▁
wandb:    test_recall ▁
wandb:      val_auprc ▁████████████████████
wandb:         val_f1 ▁████████████████████
wandb:       val_loss █▁▁▁▁▁▁▁▁▁▁▁▁▁▁▁▁▁▁▁▁
wandb:  val_precision ▁████████████████████
wandb:     val_recall ▁████████████████████
wandb: 
wandb: Run summary:
wandb:       best_round 20
wandb:   best_val_auprc 0.62723
wandb: duration_seconds 41.76753
wandb:            round 20
wandb:       test_auprc 0.61188
wandb:          test_f1 0.56695
wandb:        test_loss 0.38812
wandb:   test_precision 0.91501
wandb:      test_recall 0.41071
wandb:        val_auprc 0.62723
wandb:           val_f1 0.59956
wandb:         val_loss 0.37277
wandb:    val_precision 0.90924
wandb:       val_recall 0.44724
wandb: 
wandb: 🚀 View run lr_dirichlet_alpha5.0_none_seed42 at: https://wandb.ai/deo250605-sepuluh-nopember-insitute-of-technology/hfedxgboost-paysim/runs/jqzvt313
wandb: Synced 6 W&B file(s), 0 media file(s), 0 artifact file(s) and 0 other file(s)
wandb: Find logs at: ./wandb/run-20260603_164457-jqzvt313/logs
[run] resolved config: {'model': 'fedavg_lr', 'num_clients': 5, 'num_rounds': 20, 'local_epochs': 1, 'random_seed': 42, 'oversampling': 'none', 'smote_k_neighbors': 5, 'smote_sampling_strategy': 'auto', 'use_wandb': True, 'wandb_project': 'hfedxgboost-paysim', 'early_stop_patience': 10, 'partition': {'scheme': 'dirichlet', 'alpha': 5.0}, 'lr_params': {'C': 1.0, 'max_iter': 1000, 'warm_start': True}}
[run] === lr | scheme=dirichlet alpha=5.0 K=5 R=20 oversampling=none seed=42 ===
[paysim] loading data/paysim/paysim.csv
[paysim] loaded 6,362,620 rows, 11 columns

[paysim] === data summary ===
  total rows loaded : 6,362,620
  feature count     : 13
  feature names     : ['step', 'amount', 'oldbalanceOrg', 'newbalanceOrig', 'oldbalanceDest', 'newbalanceDest', 'errorBalanceOrig', 'errorBalanceDest', 'type_CASH_IN', 'type_CASH_OUT', 'type_DEBIT', 'type_PAYMENT', 'type_TRANSFER']
  x_train: (4453834, 13)  dtype=float32   |  y_train: (4453834,)  dtype=int32
  x_val  : (954393, 13)  dtype=float32   |  y_val  : (954393,)  dtype=int32
  x_test : (954393, 13)  dtype=float32   |  y_test : (954393,)  dtype=int32
  fraud in train: 5,749 / 4,453,834  (0.1291%)
  fraud in val  : 1,232 / 954,393  (0.1291%)
  fraud in test : 1,232 / 954,393  (0.1291%)
[paysim] === end summary ===


[smote] === per-client SMOTE summary ===
  cid |    n_before |     n_after |  fraud_before |  fraud_after | ratio_after | applied
----------------------------------------------------------------------------------------
    0 |     903,928 |     903,928 |         1,080 |        1,080 |     0.1195% |   False
    1 |     818,782 |     818,782 |           705 |          705 |     0.0861% |   False
    2 |     372,414 |     372,414 |         1,720 |        1,720 |     0.4619% |   False
    3 |   1,620,582 |   1,620,582 |         1,164 |        1,164 |     0.0718% |   False
    4 |     738,128 |     738,128 |         1,080 |        1,080 |     0.1463% |   False
[smote] === end summary ===

[run] FL starting: 20 rounds, 5 clients
[server] round 0 | val_auprc=0.0013 | val_f1=0.0000 | val_precision=0.0000 | val_recall=0.0000
[server] round 1 | val_auprc=0.6105 | val_f1=0.5963 | val_precision=0.9043 | val_recall=0.4448
[server] round 2 | val_auprc=0.6152 | val_f1=0.5995 | val_precision=0.9021 | val_recall=0.4489
[server] round 3 | val_auprc=0.6190 | val_f1=0.5995 | val_precision=0.9021 | val_recall=0.4489
[server] round 4 | val_auprc=0.6221 | val_f1=0.6002 | val_precision=0.9023 | val_recall=0.4497
[server] round 5 | val_auprc=0.6225 | val_f1=0.6023 | val_precision=0.8986 | val_recall=0.4529
[server] round 6 | val_auprc=0.6232 | val_f1=0.6002 | val_precision=0.9023 | val_recall=0.4497
[server] round 7 | val_auprc=0.6235 | val_f1=0.6006 | val_precision=0.9010 | val_recall=0.4505
[server] round 8 | val_auprc=0.6240 | val_f1=0.6009 | val_precision=0.9052 | val_recall=0.4497
[server] round 9 | val_auprc=0.6243 | val_f1=0.6013 | val_precision=0.9039 | val_recall=0.4505
[server] round 10 | val_auprc=0.6248 | val_f1=0.6001 | val_precision=0.9051 | val_recall=0.4489
[server] round 11 | val_auprc=0.6249 | val_f1=0.6009 | val_precision=0.9052 | val_recall=0.4497
[server] round 12 | val_auprc=0.6254 | val_f1=0.6001 | val_precision=0.9051 | val_recall=0.4489
[server] round 13 | val_auprc=0.6255 | val_f1=0.6009 | val_precision=0.9052 | val_recall=0.4497
[server] round 14 | val_auprc=0.6259 | val_f1=0.6008 | val_precision=0.9080 | val_recall=0.4489
[server] round 15 | val_auprc=0.6260 | val_f1=0.6004 | val_precision=0.9066 | val_recall=0.4489
[server] round 16 | val_auprc=0.6264 | val_f1=0.6003 | val_precision=0.9094 | val_recall=0.4481
[server] round 17 | val_auprc=0.6265 | val_f1=0.6008 | val_precision=0.9080 | val_recall=0.4489
[server] round 18 | val_auprc=0.6268 | val_f1=0.6003 | val_precision=0.9094 | val_recall=0.4481
[server] round 19 | val_auprc=0.6268 | val_f1=0.6003 | val_precision=0.9094 | val_recall=0.4481
[server] round 20 | val_auprc=0.6272 | val_f1=0.5996 | val_precision=0.9092 | val_recall=0.4472
[server] FINAL round 20 | test_auprc=0.6119 | test_f1=0.5669 | test_precision=0.9150 | test_recall=0.4107
[run] best val_auprc: 0.6272 at round 20
[run] final test: auprc=0.6119 | f1=0.5669 | precision=0.9150 | recall=0.4107
[results] wrote summary CSV → results/logs/lr/lr_dirichlet_alpha5.0_none_seed42.csv
[results] wrote rounds CSV  → results/logs/lr/lr_dirichlet_alpha5.0_none_seed42_rounds.csv
