/home/justin/miniconda3/envs/fraud-fl-TA/lib/python3.10/site-packages/ray/_private/parameter.py:4: UserWarning: pkg_resources is deprecated as an API. See https://setuptools.pypa.io/en/latest/pkg_resources.html. The pkg_resources package is slated for removal as early as 2025-11-30. Refrain from using this package or pin to Setuptools<81.
  import pkg_resources
/home/justin/miniconda3/envs/fraud-fl-TA/lib/python3.10/site-packages/wandb/sdk/launch/builder/build.py:11: UserWarning: pkg_resources is deprecated as an API. See https://setuptools.pypa.io/en/latest/pkg_resources.html. The pkg_resources package is slated for removal as early as 2025-11-30. Refrain from using this package or pin to Setuptools<81.
  import pkg_resources
wandb: Currently logged in as: deo250605 (deo250605-sepuluh-nopember-insitute-of-technology). Use `wandb login --relogin` to force relogin
wandb: - Waiting for wandb.init()...wandb: \ Waiting for wandb.init()...wandb: wandb version 0.27.0 is available!  To upgrade, please run:
wandb:  $ pip install wandb --upgrade
wandb: Tracking run with wandb version 0.15.12
wandb: Run data is saved locally in /home/justin/fraud-fl-TA/wandb/run-20260603_162459-p3qd3i5j
wandb: Run `wandb offline` to turn off syncing.
wandb: Syncing run lr_iid_alpha-_adasyn_seed42
wandb: ⭐️ View project at https://wandb.ai/deo250605-sepuluh-nopember-insitute-of-technology/hfedxgboost-paysim
wandb: 🚀 View run at https://wandb.ai/deo250605-sepuluh-nopember-insitute-of-technology/hfedxgboost-paysim/runs/p3qd3i5j
INFO flwr 2026-06-03 16:25:02,195 | app.py:175 | Starting Flower simulation, config: ServerConfig(num_rounds=20, round_timeout=None)
2026-06-03 16:25:03,852	INFO worker.py:1621 -- Started a local Ray instance.
INFO flwr 2026-06-03 16:25:04,455 | app.py:210 | Flower VCE: Ray initialized with resources: {'node:__internal_head__': 1.0, 'node:172.24.108.56': 1.0, 'object_store_memory': 3815749632.0, 'memory': 7631499264.0, 'CPU': 20.0}
INFO flwr 2026-06-03 16:25:04,456 | app.py:224 | Flower VCE: Resources for each Virtual Client: {'num_cpus': 1, 'num_gpus': 0}
INFO flwr 2026-06-03 16:25:04,467 | app.py:270 | Flower VCE: Creating VirtualClientEngineActorPool with 20 actors
INFO flwr 2026-06-03 16:25:04,467 | server.py:89 | Initializing global parameters
INFO flwr 2026-06-03 16:25:04,467 | server.py:272 | Using initial parameters provided by strategy
INFO flwr 2026-06-03 16:25:04,467 | server.py:91 | Evaluating initial parameters
[2m[33m(raylet)[0m /home/justin/miniconda3/envs/fraud-fl-TA/lib/python3.10/site-packages/ray/_private/parameter.py:4: UserWarning: pkg_resources is deprecated as an API. See https://setuptools.pypa.io/en/latest/pkg_resources.html. The pkg_resources package is slated for removal as early as 2025-11-30. Refrain from using this package or pin to Setuptools<81.
[2m[33m(raylet)[0m   import pkg_resources
[2m[33m(raylet)[0m /home/justin/miniconda3/envs/fraud-fl-TA/lib/python3.10/site-packages/ray/_private/parameter.py:4: UserWarning: pkg_resources is deprecated as an API. See https://setuptools.pypa.io/en/latest/pkg_resources.html. The pkg_resources package is slated for removal as early as 2025-11-30. Refrain from using this package or pin to Setuptools<81.
[2m[33m(raylet)[0m   import pkg_resources
[2m[33m(raylet)[0m /home/justin/miniconda3/envs/fraud-fl-TA/lib/python3.10/site-packages/ray/_private/parameter.py:4: UserWarning: pkg_resources is deprecated as an API. See https://setuptools.pypa.io/en/latest/pkg_resources.html. The pkg_resources package is slated for removal as early as 2025-11-30. Refrain from using this package or pin to Setuptools<81.
[2m[33m(raylet)[0m   import pkg_resources
[2m[33m(raylet)[0m /home/justin/miniconda3/envs/fraud-fl-TA/lib/python3.10/site-packages/ray/_private/parameter.py:4: UserWarning: pkg_resources is deprecated as an API. See https://setuptools.pypa.io/en/latest/pkg_resources.html. The pkg_resources package is slated for removal as early as 2025-11-30. Refrain from using this package or pin to Setuptools<81.
[2m[33m(raylet)[0m   import pkg_resources
[2m[33m(raylet)[0m /home/justin/miniconda3/envs/fraud-fl-TA/lib/python3.10/site-packages/ray/_private/parameter.py:4: UserWarning: pkg_resources is deprecated as an API. See https://setuptools.pypa.io/en/latest/pkg_resources.html. The pkg_resources package is slated for removal as early as 2025-11-30. Refrain from using this package or pin to Setuptools<81.
[2m[33m(raylet)[0m   import pkg_resources
[2m[33m(raylet)[0m /home/justin/miniconda3/envs/fraud-fl-TA/lib/python3.10/site-packages/ray/_private/parameter.py:4: UserWarning: pkg_resources is deprecated as an API. See https://setuptools.pypa.io/en/latest/pkg_resources.html. The pkg_resources package is slated for removal as early as 2025-11-30. Refrain from using this package or pin to Setuptools<81.
[2m[33m(raylet)[0m   import pkg_resources
[2m[33m(raylet)[0m /home/justin/miniconda3/envs/fraud-fl-TA/lib/python3.10/site-packages/ray/_private/parameter.py:4: UserWarning: pkg_resources is deprecated as an API. See https://setuptools.pypa.io/en/latest/pkg_resources.html. The pkg_resources package is slated for removal as early as 2025-11-30. Refrain from using this package or pin to Setuptools<81.
[2m[33m(raylet)[0m   import pkg_resources
[2m[33m(raylet)[0m /home/justin/miniconda3/envs/fraud-fl-TA/lib/python3.10/site-packages/ray/_private/parameter.py:4: UserWarning: pkg_resources is deprecated as an API. See https://setuptools.pypa.io/en/latest/pkg_resources.html. The pkg_resources package is slated for removal as early as 2025-11-30. Refrain from using this package or pin to Setuptools<81.
[2m[33m(raylet)[0m   import pkg_resources
[2m[33m(raylet)[0m /home/justin/miniconda3/envs/fraud-fl-TA/lib/python3.10/site-packages/ray/_private/parameter.py:4: UserWarning: pkg_resources is deprecated as an API. See https://setuptools.pypa.io/en/latest/pkg_resources.html. The pkg_resources package is slated for removal as early as 2025-11-30. Refrain from using this package or pin to Setuptools<81.
[2m[33m(raylet)[0m   import pkg_resources
[2m[33m(raylet)[0m /home/justin/miniconda3/envs/fraud-fl-TA/lib/python3.10/site-packages/ray/_private/parameter.py:4: UserWarning: pkg_resources is deprecated as an API. See https://setuptools.pypa.io/en/latest/pkg_resources.html. The pkg_resources package is slated for removal as early as 2025-11-30. Refrain from using this package or pin to Setuptools<81.
[2m[33m(raylet)[0m   import pkg_resources
[2m[33m(raylet)[0m /home/justin/miniconda3/envs/fraud-fl-TA/lib/python3.10/site-packages/ray/_private/parameter.py:4: UserWarning: pkg_resources is deprecated as an API. See https://setuptools.pypa.io/en/latest/pkg_resources.html. The pkg_resources package is slated for removal as early as 2025-11-30. Refrain from using this package or pin to Setuptools<81.
[2m[33m(raylet)[0m   import pkg_resources
[2m[33m(raylet)[0m /home/justin/miniconda3/envs/fraud-fl-TA/lib/python3.10/site-packages/ray/_private/parameter.py:4: UserWarning: pkg_resources is deprecated as an API. See https://setuptools.pypa.io/en/latest/pkg_resources.html. The pkg_resources package is slated for removal as early as 2025-11-30. Refrain from using this package or pin to Setuptools<81.
[2m[33m(raylet)[0m   import pkg_resources
[2m[33m(raylet)[0m /home/justin/miniconda3/envs/fraud-fl-TA/lib/python3.10/site-packages/ray/_private/parameter.py:4: UserWarning: pkg_resources is deprecated as an API. See https://setuptools.pypa.io/en/latest/pkg_resources.html. The pkg_resources package is slated for removal as early as 2025-11-30. Refrain from using this package or pin to Setuptools<81.
[2m[33m(raylet)[0m   import pkg_resources
[2m[33m(raylet)[0m /home/justin/miniconda3/envs/fraud-fl-TA/lib/python3.10/site-packages/ray/_private/parameter.py:4: UserWarning: pkg_resources is deprecated as an API. See https://setuptools.pypa.io/en/latest/pkg_resources.html. The pkg_resources package is slated for removal as early as 2025-11-30. Refrain from using this package or pin to Setuptools<81.
[2m[33m(raylet)[0m   import pkg_resources
[2m[33m(raylet)[0m /home/justin/miniconda3/envs/fraud-fl-TA/lib/python3.10/site-packages/ray/_private/parameter.py:4: UserWarning: pkg_resources is deprecated as an API. See https://setuptools.pypa.io/en/latest/pkg_resources.html. The pkg_resources package is slated for removal as early as 2025-11-30. Refrain from using this package or pin to Setuptools<81.
[2m[33m(raylet)[0m   import pkg_resources
[2m[33m(raylet)[0m /home/justin/miniconda3/envs/fraud-fl-TA/lib/python3.10/site-packages/ray/_private/parameter.py:4: UserWarning: pkg_resources is deprecated as an API. See https://setuptools.pypa.io/en/latest/pkg_resources.html. The pkg_resources package is slated for removal as early as 2025-11-30. Refrain from using this package or pin to Setuptools<81.
[2m[33m(raylet)[0m   import pkg_resources
[2m[33m(raylet)[0m /home/justin/miniconda3/envs/fraud-fl-TA/lib/python3.10/site-packages/ray/_private/parameter.py:4: UserWarning: pkg_resources is deprecated as an API. See https://setuptools.pypa.io/en/latest/pkg_resources.html. The pkg_resources package is slated for removal as early as 2025-11-30. Refrain from using this package or pin to Setuptools<81.
[2m[33m(raylet)[0m   import pkg_resources
[2m[33m(raylet)[0m /home/justin/miniconda3/envs/fraud-fl-TA/lib/python3.10/site-packages/ray/_private/parameter.py:4: UserWarning: pkg_resources is deprecated as an API. See https://setuptools.pypa.io/en/latest/pkg_resources.html. The pkg_resources package is slated for removal as early as 2025-11-30. Refrain from using this package or pin to Setuptools<81.
[2m[33m(raylet)[0m   import pkg_resources
[2m[33m(raylet)[0m /home/justin/miniconda3/envs/fraud-fl-TA/lib/python3.10/site-packages/ray/_private/parameter.py:4: UserWarning: pkg_resources is deprecated as an API. See https://setuptools.pypa.io/en/latest/pkg_resources.html. The pkg_resources package is slated for removal as early as 2025-11-30. Refrain from using this package or pin to Setuptools<81.
[2m[33m(raylet)[0m   import pkg_resources
[2m[33m(raylet)[0m /home/justin/miniconda3/envs/fraud-fl-TA/lib/python3.10/site-packages/ray/_private/parameter.py:4: UserWarning: pkg_resources is deprecated as an API. See https://setuptools.pypa.io/en/latest/pkg_resources.html. The pkg_resources package is slated for removal as early as 2025-11-30. Refrain from using this package or pin to Setuptools<81.
[2m[33m(raylet)[0m   import pkg_resources
INFO flwr 2026-06-03 16:25:05,296 | server.py:94 | initial parameters (loss, other metrics): 0.9987091271625002, {'val_auprc': 0.001290872837499856, 'val_f1': 0.0, 'val_precision': 0.0, 'val_recall': 0.0}
INFO flwr 2026-06-03 16:25:05,296 | server.py:104 | FL starting
DEBUG flwr 2026-06-03 16:25:05,296 | server.py:222 | fit_round 1: strategy sampled 5 clients (out of 5)
DEBUG flwr 2026-06-03 16:25:11,353 | server.py:236 | fit_round 1 received 5 results and 0 failures
INFO flwr 2026-06-03 16:25:11,918 | server.py:125 | fit progress: (1, 0.3539184043264363, {'val_auprc': 0.6460815956735637, 'val_f1': 0.03749942414889206, 'val_precision': 0.019111271110832852, 'val_recall': 0.9910714285714286}, 6.621735258027911)
INFO flwr 2026-06-03 16:25:11,918 | server.py:171 | evaluate_round 1: no clients selected, cancel
DEBUG flwr 2026-06-03 16:25:11,919 | server.py:222 | fit_round 2: strategy sampled 5 clients (out of 5)
DEBUG flwr 2026-06-03 16:25:18,060 | server.py:236 | fit_round 2 received 5 results and 0 failures
INFO flwr 2026-06-03 16:25:18,620 | server.py:125 | fit progress: (2, 0.3539130746516199, {'val_auprc': 0.6460869253483801, 'val_f1': 0.037458009295476505, 'val_precision': 0.01908975782117228, 'val_recall': 0.9910714285714286}, 13.323552943998948)
INFO flwr 2026-06-03 16:25:18,620 | server.py:171 | evaluate_round 2: no clients selected, cancel
DEBUG flwr 2026-06-03 16:25:18,620 | server.py:222 | fit_round 3: strategy sampled 5 clients (out of 5)
DEBUG flwr 2026-06-03 16:25:24,520 | server.py:236 | fit_round 3 received 5 results and 0 failures
INFO flwr 2026-06-03 16:25:25,084 | server.py:125 | fit progress: (3, 0.3540437607377078, {'val_auprc': 0.6459562392622922, 'val_f1': 0.03746662984442603, 'val_precision': 0.019094235761423703, 'val_recall': 0.9910714285714286}, 19.787200141930953)
INFO flwr 2026-06-03 16:25:25,084 | server.py:171 | evaluate_round 3: no clients selected, cancel
DEBUG flwr 2026-06-03 16:25:25,084 | server.py:222 | fit_round 4: strategy sampled 5 clients (out of 5)
DEBUG flwr 2026-06-03 16:25:32,312 | server.py:236 | fit_round 4 received 5 results and 0 failures
INFO flwr 2026-06-03 16:25:32,859 | server.py:125 | fit progress: (4, 0.3538727092814429, {'val_auprc': 0.6461272907185571, 'val_f1': 0.037555941743690695, 'val_precision': 0.019140631123512723, 'val_recall': 0.9910714285714286}, 27.562141093891114)
INFO flwr 2026-06-03 16:25:32,859 | server.py:171 | evaluate_round 4: no clients selected, cancel
DEBUG flwr 2026-06-03 16:25:32,859 | server.py:222 | fit_round 5: strategy sampled 5 clients (out of 5)
DEBUG flwr 2026-06-03 16:25:39,045 | server.py:236 | fit_round 5 received 5 results and 0 failures
INFO flwr 2026-06-03 16:25:39,601 | server.py:125 | fit progress: (5, 0.355183572093851, {'val_auprc': 0.644816427906149, 'val_f1': 0.037184230962496005, 'val_precision': 0.01894756443878897, 'val_recall': 0.9910714285714286}, 34.30493021989241)
INFO flwr 2026-06-03 16:25:39,602 | server.py:171 | evaluate_round 5: no clients selected, cancel
DEBUG flwr 2026-06-03 16:25:39,602 | server.py:222 | fit_round 6: strategy sampled 5 clients (out of 5)
DEBUG flwr 2026-06-03 16:25:45,247 | server.py:236 | fit_round 6 received 5 results and 0 failures
INFO flwr 2026-06-03 16:25:45,792 | server.py:125 | fit progress: (6, 0.35659718060773327, {'val_auprc': 0.6434028193922667, 'val_f1': 0.03689546285524348, 'val_precision': 0.01879762912785775, 'val_recall': 0.9910714285714286}, 40.49538867594674)
INFO flwr 2026-06-03 16:25:45,792 | server.py:171 | evaluate_round 6: no clients selected, cancel
DEBUG flwr 2026-06-03 16:25:45,792 | server.py:222 | fit_round 7: strategy sampled 5 clients (out of 5)
DEBUG flwr 2026-06-03 16:25:52,518 | server.py:236 | fit_round 7 received 5 results and 0 failures
INFO flwr 2026-06-03 16:25:53,108 | server.py:125 | fit progress: (7, 0.3547169056065007, {'val_auprc': 0.6452830943934993, 'val_f1': 0.03734002048960993, 'val_precision': 0.019028472579363225, 'val_recall': 0.9910714285714286}, 47.811456511961296)
INFO flwr 2026-06-03 16:25:53,108 | server.py:171 | evaluate_round 7: no clients selected, cancel
DEBUG flwr 2026-06-03 16:25:53,108 | server.py:222 | fit_round 8: strategy sampled 5 clients (out of 5)
DEBUG flwr 2026-06-03 16:25:58,685 | server.py:236 | fit_round 8 received 5 results and 0 failures
INFO flwr 2026-06-03 16:25:59,237 | server.py:125 | fit progress: (8, 0.35546414994366116, {'val_auprc': 0.6445358500563388, 'val_f1': 0.03714915950406937, 'val_precision': 0.01892935212315706, 'val_recall': 0.9910714285714286}, 53.94078993005678)
INFO flwr 2026-06-03 16:25:59,238 | server.py:171 | evaluate_round 8: no clients selected, cancel
DEBUG flwr 2026-06-03 16:25:59,238 | server.py:222 | fit_round 9: strategy sampled 5 clients (out of 5)
DEBUG flwr 2026-06-03 16:26:04,907 | server.py:236 | fit_round 9 received 5 results and 0 failures
INFO flwr 2026-06-03 16:26:05,451 | server.py:125 | fit progress: (9, 0.3554084627966436, {'val_auprc': 0.6445915372033564, 'val_f1': 0.03706908329158887, 'val_precision': 0.018887771676077036, 'val_recall': 0.9910714285714286}, 60.15486656292342)
INFO flwr 2026-06-03 16:26:05,452 | server.py:171 | evaluate_round 9: no clients selected, cancel
DEBUG flwr 2026-06-03 16:26:05,452 | server.py:222 | fit_round 10: strategy sampled 5 clients (out of 5)
DEBUG flwr 2026-06-03 16:26:11,038 | server.py:236 | fit_round 10 received 5 results and 0 failures
INFO flwr 2026-06-03 16:26:11,592 | server.py:125 | fit progress: (10, 0.3558281910488674, {'val_auprc': 0.6441718089511326, 'val_f1': 0.03706852059868241, 'val_precision': 0.018887479503758933, 'val_recall': 0.9910714285714286}, 66.29541534394957)
INFO flwr 2026-06-03 16:26:11,592 | server.py:171 | evaluate_round 10: no clients selected, cancel
DEBUG flwr 2026-06-03 16:26:11,592 | server.py:222 | fit_round 11: strategy sampled 5 clients (out of 5)
DEBUG flwr 2026-06-03 16:26:17,407 | server.py:236 | fit_round 11 received 5 results and 0 failures
INFO flwr 2026-06-03 16:26:17,970 | server.py:125 | fit progress: (11, 0.3557629735892779, {'val_auprc': 0.6442370264107221, 'val_f1': 0.036983189459336666, 'val_precision': 0.018843174172042346, 'val_recall': 0.9910714285714286}, 72.67367766308598)
INFO flwr 2026-06-03 16:26:17,970 | server.py:171 | evaluate_round 11: no clients selected, cancel
DEBUG flwr 2026-06-03 16:26:17,970 | server.py:222 | fit_round 12: strategy sampled 5 clients (out of 5)
DEBUG flwr 2026-06-03 16:26:24,074 | server.py:236 | fit_round 12 received 5 results and 0 failures
INFO flwr 2026-06-03 16:26:24,626 | server.py:125 | fit progress: (12, 0.35601940709387425, {'val_auprc': 0.6439805929061257, 'val_f1': 0.03695464657011849, 'val_precision': 0.018828355101851994, 'val_recall': 0.9910714285714286}, 79.3293355689384)
INFO flwr 2026-06-03 16:26:24,626 | server.py:171 | evaluate_round 12: no clients selected, cancel
DEBUG flwr 2026-06-03 16:26:24,626 | server.py:222 | fit_round 13: strategy sampled 5 clients (out of 5)
DEBUG flwr 2026-06-03 16:26:30,958 | server.py:236 | fit_round 13 received 5 results and 0 failures
INFO flwr 2026-06-03 16:26:31,504 | server.py:125 | fit progress: (13, 0.3560973516112076, {'val_auprc': 0.6439026483887924, 'val_f1': 0.03701738695447862, 'val_precision': 0.018860929607488763, 'val_recall': 0.9910714285714286}, 86.20783897303045)
INFO flwr 2026-06-03 16:26:31,505 | server.py:171 | evaluate_round 13: no clients selected, cancel
DEBUG flwr 2026-06-03 16:26:31,505 | server.py:222 | fit_round 14: strategy sampled 5 clients (out of 5)
DEBUG flwr 2026-06-03 16:26:38,135 | server.py:236 | fit_round 14 received 5 results and 0 failures
INFO flwr 2026-06-03 16:26:38,689 | server.py:125 | fit progress: (14, 0.35379686883372496, {'val_auprc': 0.646203131166275, 'val_f1': 0.03750575948395024, 'val_precision': 0.019114562134068067, 'val_recall': 0.9910714285714286}, 93.39276380301453)
INFO flwr 2026-06-03 16:26:38,690 | server.py:171 | evaluate_round 14: no clients selected, cancel
DEBUG flwr 2026-06-03 16:26:38,690 | server.py:222 | fit_round 15: strategy sampled 5 clients (out of 5)
DEBUG flwr 2026-06-03 16:26:44,362 | server.py:236 | fit_round 15 received 5 results and 0 failures
INFO flwr 2026-06-03 16:26:44,950 | server.py:125 | fit progress: (15, 0.355719124233974, {'val_auprc': 0.644280875766026, 'val_f1': 0.03707865168539326, 'val_precision': 0.01889273998885932, 'val_recall': 0.9910714285714286}, 99.65393167291768)
INFO flwr 2026-06-03 16:26:44,951 | server.py:171 | evaluate_round 15: no clients selected, cancel
DEBUG flwr 2026-06-03 16:26:44,951 | server.py:222 | fit_round 16: strategy sampled 5 clients (out of 5)
DEBUG flwr 2026-06-03 16:26:50,250 | server.py:236 | fit_round 16 received 5 results and 0 failures
INFO flwr 2026-06-03 16:26:50,813 | server.py:125 | fit progress: (16, 0.3557526862869168, {'val_auprc': 0.6442473137130832, 'val_f1': 0.03696135857966671, 'val_precision': 0.018831839844533214, 'val_recall': 0.9910714285714286}, 105.51623964309692)
INFO flwr 2026-06-03 16:26:50,813 | server.py:171 | evaluate_round 16: no clients selected, cancel
DEBUG flwr 2026-06-03 16:26:50,813 | server.py:222 | fit_round 17: strategy sampled 5 clients (out of 5)
DEBUG flwr 2026-06-03 16:26:56,617 | server.py:236 | fit_round 17 received 5 results and 0 failures
INFO flwr 2026-06-03 16:26:57,161 | server.py:125 | fit progress: (17, 0.35608507569013537, {'val_auprc': 0.6439149243098646, 'val_f1': 0.036985990155244224, 'val_precision': 0.018844628277746054, 'val_recall': 0.9910714285714286}, 111.8647119118832)
INFO flwr 2026-06-03 16:26:57,161 | server.py:171 | evaluate_round 17: no clients selected, cancel
DEBUG flwr 2026-06-03 16:26:57,161 | server.py:222 | fit_round 18: strategy sampled 5 clients (out of 5)
DEBUG flwr 2026-06-03 16:27:02,989 | server.py:236 | fit_round 18 received 5 results and 0 failures
INFO flwr 2026-06-03 16:27:03,545 | server.py:125 | fit progress: (18, 0.3564449196898902, {'val_auprc': 0.6435550803101098, 'val_f1': 0.03696695378373878, 'val_precision': 0.018834744782266648, 'val_recall': 0.9910714285714286}, 118.24893382191658)
INFO flwr 2026-06-03 16:27:03,546 | server.py:171 | evaluate_round 18: no clients selected, cancel
DEBUG flwr 2026-06-03 16:27:03,546 | server.py:222 | fit_round 19: strategy sampled 5 clients (out of 5)
DEBUG flwr 2026-06-03 16:27:09,396 | server.py:236 | fit_round 19 received 5 results and 0 failures
INFO flwr 2026-06-03 16:27:09,982 | server.py:125 | fit progress: (19, 0.35557452946822465, {'val_auprc': 0.6444254705317753, 'val_f1': 0.03699719718203166, 'val_precision': 0.018850446945486547, 'val_recall': 0.9910714285714286}, 124.68569737207144)
INFO flwr 2026-06-03 16:27:09,982 | server.py:171 | evaluate_round 19: no clients selected, cancel
DEBUG flwr 2026-06-03 16:27:09,982 | server.py:222 | fit_round 20: strategy sampled 5 clients (out of 5)
DEBUG flwr 2026-06-03 16:27:16,692 | server.py:236 | fit_round 20 received 5 results and 0 failures
INFO flwr 2026-06-03 16:27:17,816 | server.py:125 | fit progress: (20, 0.3542043040656577, {'val_auprc': 0.6457956959343423, 'val_f1': 0.037447669871647424, 'val_precision': 0.01908438706450554, 'val_recall': 0.9910714285714286}, 132.51945646991953)
INFO flwr 2026-06-03 16:27:17,816 | server.py:171 | evaluate_round 20: no clients selected, cancel
INFO flwr 2026-06-03 16:27:17,816 | server.py:153 | FL finished in 132.51986833591945
INFO flwr 2026-06-03 16:27:17,817 | app.py:225 | app_fit: losses_distributed []
INFO flwr 2026-06-03 16:27:17,817 | app.py:226 | app_fit: metrics_distributed_fit {'local_auprc': [(1, 0.9810177738468208), (2, 0.981027712501403), (3, 0.9810372165510575), (4, 0.9810636827910677), (5, 0.981022900892398), (6, 0.980991607126493), (7, 0.9810585435901744), (8, 0.9810187118145826), (9, 0.9810152729516349), (10, 0.9809962699789728), (11, 0.9810000720316833), (12, 0.9809956716811435), (13, 0.9809904557633559), (14, 0.9811016253582825), (15, 0.9810068827301895), (16, 0.9810135672078983), (17, 0.9809928056035728), (18, 0.980972031570551), (19, 0.9810644401623586), (20, 0.9810668306418832)], 'client_id': [(1, 1.9999830260295275), (2, 1.9999830260295275), (3, 1.9999830260295275), (4, 1.9999830260295275), (5, 1.9999830260295275), (6, 1.9999830260295275), (7, 1.9999830260295275), (8, 1.9999830260295275), (9, 1.9999830260295275), (10, 1.9999830260295275), (11, 1.9999830260295275), (12, 1.9999830260295275), (13, 1.9999830260295275), (14, 1.9999830260295275), (15, 1.9999830260295275), (16, 1.9999830260295275), (17, 1.9999830260295275), (18, 1.9999830260295275), (19, 1.9999830260295275), (20, 1.9999830260295275)]}
INFO flwr 2026-06-03 16:27:17,817 | app.py:227 | app_fit: metrics_distributed {}
INFO flwr 2026-06-03 16:27:17,817 | app.py:228 | app_fit: losses_centralized [(0, 0.9987091271625002), (1, 0.3539184043264363), (2, 0.3539130746516199), (3, 0.3540437607377078), (4, 0.3538727092814429), (5, 0.355183572093851), (6, 0.35659718060773327), (7, 0.3547169056065007), (8, 0.35546414994366116), (9, 0.3554084627966436), (10, 0.3558281910488674), (11, 0.3557629735892779), (12, 0.35601940709387425), (13, 0.3560973516112076), (14, 0.35379686883372496), (15, 0.355719124233974), (16, 0.3557526862869168), (17, 0.35608507569013537), (18, 0.3564449196898902), (19, 0.35557452946822465), (20, 0.3542043040656577)]
INFO flwr 2026-06-03 16:27:17,817 | app.py:229 | app_fit: metrics_centralized {'val_auprc': [(0, 0.001290872837499856), (1, 0.6460815956735637), (2, 0.6460869253483801), (3, 0.6459562392622922), (4, 0.6461272907185571), (5, 0.644816427906149), (6, 0.6434028193922667), (7, 0.6452830943934993), (8, 0.6445358500563388), (9, 0.6445915372033564), (10, 0.6441718089511326), (11, 0.6442370264107221), (12, 0.6439805929061257), (13, 0.6439026483887924), (14, 0.646203131166275), (15, 0.644280875766026), (16, 0.6442473137130832), (17, 0.6439149243098646), (18, 0.6435550803101098), (19, 0.6444254705317753), (20, 0.6457956959343423)], 'val_f1': [(0, 0.0), (1, 0.03749942414889206), (2, 0.037458009295476505), (3, 0.03746662984442603), (4, 0.037555941743690695), (5, 0.037184230962496005), (6, 0.03689546285524348), (7, 0.03734002048960993), (8, 0.03714915950406937), (9, 0.03706908329158887), (10, 0.03706852059868241), (11, 0.036983189459336666), (12, 0.03695464657011849), (13, 0.03701738695447862), (14, 0.03750575948395024), (15, 0.03707865168539326), (16, 0.03696135857966671), (17, 0.036985990155244224), (18, 0.03696695378373878), (19, 0.03699719718203166), (20, 0.037447669871647424)], 'val_precision': [(0, 0.0), (1, 0.019111271110832852), (2, 0.01908975782117228), (3, 0.019094235761423703), (4, 0.019140631123512723), (5, 0.01894756443878897), (6, 0.01879762912785775), (7, 0.019028472579363225), (8, 0.01892935212315706), (9, 0.018887771676077036), (10, 0.018887479503758933), (11, 0.018843174172042346), (12, 0.018828355101851994), (13, 0.018860929607488763), (14, 0.019114562134068067), (15, 0.01889273998885932), (16, 0.018831839844533214), (17, 0.018844628277746054), (18, 0.018834744782266648), (19, 0.018850446945486547), (20, 0.01908438706450554)], 'val_recall': [(0, 0.0), (1, 0.9910714285714286), (2, 0.9910714285714286), (3, 0.9910714285714286), (4, 0.9910714285714286), (5, 0.9910714285714286), (6, 0.9910714285714286), (7, 0.9910714285714286), (8, 0.9910714285714286), (9, 0.9910714285714286), (10, 0.9910714285714286), (11, 0.9910714285714286), (12, 0.9910714285714286), (13, 0.9910714285714286), (14, 0.9910714285714286), (15, 0.9910714285714286), (16, 0.9910714285714286), (17, 0.9910714285714286), (18, 0.9910714285714286), (19, 0.9910714285714286), (20, 0.9910714285714286)]}
wandb: Waiting for W&B process to finish... (success).
wandb: 
wandb: Run history:
wandb:          round ▁▁▂▂▂▃▃▃▄▄▅▅▅▆▆▆▇▇▇███
wandb:     test_auprc ▁
wandb:        test_f1 ▁
wandb:      test_loss ▁
wandb: test_precision ▁
wandb:    test_recall ▁
wandb:      val_auprc ▁████████████████████
wandb:         val_f1 ▁████████████████████
wandb:       val_loss █▁▁▁▁▁▁▁▁▁▁▁▁▁▁▁▁▁▁▁▁
wandb:  val_precision ▁████████████████████
wandb:     val_recall ▁████████████████████
wandb: 
wandb: Run summary:
wandb:       best_round 14
wandb:   best_val_auprc 0.6462
wandb: duration_seconds 162.33417
wandb:            round 20
wandb:       test_auprc 0.62247
wandb:          test_f1 0.03773
wandb:        test_loss 0.37753
wandb:   test_precision 0.01923
wandb:      test_recall 0.9862
wandb:        val_auprc 0.6458
wandb:           val_f1 0.03745
wandb:         val_loss 0.3542
wandb:    val_precision 0.01908
wandb:       val_recall 0.99107
wandb: 
wandb: 🚀 View run lr_iid_alpha-_adasyn_seed42 at: https://wandb.ai/deo250605-sepuluh-nopember-insitute-of-technology/hfedxgboost-paysim/runs/p3qd3i5j
wandb: Synced 6 W&B file(s), 0 media file(s), 0 artifact file(s) and 0 other file(s)
wandb: Find logs at: ./wandb/run-20260603_162459-p3qd3i5j/logs
[run] resolved config: {'model': 'fedavg_lr', 'num_clients': 5, 'num_rounds': 20, 'local_epochs': 1, 'random_seed': 42, 'oversampling': 'adasyn', 'smote_k_neighbors': 5, 'smote_sampling_strategy': 'auto', 'use_wandb': True, 'wandb_project': 'hfedxgboost-paysim', 'early_stop_patience': 10, 'partition': {'scheme': 'iid', 'alpha': None}, 'lr_params': {'C': 1.0, 'max_iter': 1000, 'warm_start': True}}
[run] === lr | scheme=iid alpha=None K=5 R=20 oversampling=adasyn seed=42 ===
[paysim] loading data/paysim/paysim.csv
[paysim] loaded 6,362,620 rows, 11 columns

[paysim] === data summary ===
  total rows loaded : 6,362,620
  feature count     : 13
  feature names     : ['step', 'amount', 'oldbalanceOrg', 'newbalanceOrig', 'oldbalanceDest', 'newbalanceDest', 'errorBalanceOrig', 'errorBalanceDest', 'type_CASH_IN', 'type_CASH_OUT', 'type_DEBIT', 'type_PAYMENT', 'type_TRANSFER']
  x_train: (4453834, 13)  dtype=float32   |  y_train: (4453834,)  dtype=int32
  x_val  : (954393, 13)  dtype=float32   |  y_val  : (954393,)  dtype=int32
  x_test : (954393, 13)  dtype=float32   |  y_test : (954393,)  dtype=int32
  fraud in train: 5,749 / 4,453,834  (0.1291%)
  fraud in val  : 1,232 / 954,393  (0.1291%)
  fraud in test : 1,232 / 954,393  (0.1291%)
[paysim] === end summary ===


[adasyn] === per-client ADASYN summary ===
  cid |    n_before |     n_after |  fraud_before |  fraud_after | ratio_after | applied
----------------------------------------------------------------------------------------
    0 |     890,767 |   1,779,169 |         1,152 |      889,554 |    49.9983% |    True
    1 |     890,767 |   1,779,379 |         1,091 |      889,703 |    50.0008% |    True
    2 |     890,767 |   1,779,028 |         1,174 |      889,435 |    49.9956% |    True
    3 |     890,767 |   1,779,230 |         1,155 |      889,618 |    50.0002% |    True
    4 |     890,766 |   1,779,168 |         1,177 |      889,579 |    49.9997% |    True
[adasyn] === end summary ===

[run] FL starting: 20 rounds, 5 clients
[server] round 0 | val_auprc=0.0013 | val_f1=0.0000 | val_precision=0.0000 | val_recall=0.0000
[server] round 1 | val_auprc=0.6461 | val_f1=0.0375 | val_precision=0.0191 | val_recall=0.9911
[server] round 2 | val_auprc=0.6461 | val_f1=0.0375 | val_precision=0.0191 | val_recall=0.9911
[server] round 3 | val_auprc=0.6460 | val_f1=0.0375 | val_precision=0.0191 | val_recall=0.9911
[server] round 4 | val_auprc=0.6461 | val_f1=0.0376 | val_precision=0.0191 | val_recall=0.9911
[server] round 5 | val_auprc=0.6448 | val_f1=0.0372 | val_precision=0.0189 | val_recall=0.9911
[server] round 6 | val_auprc=0.6434 | val_f1=0.0369 | val_precision=0.0188 | val_recall=0.9911
[server] round 7 | val_auprc=0.6453 | val_f1=0.0373 | val_precision=0.0190 | val_recall=0.9911
[server] round 8 | val_auprc=0.6445 | val_f1=0.0371 | val_precision=0.0189 | val_recall=0.9911
[server] round 9 | val_auprc=0.6446 | val_f1=0.0371 | val_precision=0.0189 | val_recall=0.9911
[server] round 10 | val_auprc=0.6442 | val_f1=0.0371 | val_precision=0.0189 | val_recall=0.9911
[server] round 11 | val_auprc=0.6442 | val_f1=0.0370 | val_precision=0.0188 | val_recall=0.9911
[server] round 12 | val_auprc=0.6440 | val_f1=0.0370 | val_precision=0.0188 | val_recall=0.9911
[server] round 13 | val_auprc=0.6439 | val_f1=0.0370 | val_precision=0.0189 | val_recall=0.9911
[server] round 14 | val_auprc=0.6462 | val_f1=0.0375 | val_precision=0.0191 | val_recall=0.9911
[server] round 15 | val_auprc=0.6443 | val_f1=0.0371 | val_precision=0.0189 | val_recall=0.9911
[server] round 16 | val_auprc=0.6442 | val_f1=0.0370 | val_precision=0.0188 | val_recall=0.9911
[server] round 17 | val_auprc=0.6439 | val_f1=0.0370 | val_precision=0.0188 | val_recall=0.9911
[server] round 18 | val_auprc=0.6436 | val_f1=0.0370 | val_precision=0.0188 | val_recall=0.9911
[server] round 19 | val_auprc=0.6444 | val_f1=0.0370 | val_precision=0.0189 | val_recall=0.9911
[server] round 20 | val_auprc=0.6458 | val_f1=0.0374 | val_precision=0.0191 | val_recall=0.9911
[server] FINAL round 20 | test_auprc=0.6225 | test_f1=0.0377 | test_precision=0.0192 | test_recall=0.9862
[run] best val_auprc: 0.6462 at round 14
[run] final test: auprc=0.6225 | f1=0.0377 | precision=0.0192 | recall=0.9862
[results] wrote summary CSV → results/logs/lr/lr_iid_alpha-_adasyn_seed42.csv
[results] wrote rounds CSV  → results/logs/lr/lr_iid_alpha-_adasyn_seed42_rounds.csv
