/home/justin/miniconda3/envs/fraud-fl-TA/lib/python3.10/site-packages/ray/_private/parameter.py:4: UserWarning: pkg_resources is deprecated as an API. See https://setuptools.pypa.io/en/latest/pkg_resources.html. The pkg_resources package is slated for removal as early as 2025-11-30. Refrain from using this package or pin to Setuptools<81.
  import pkg_resources
/home/justin/miniconda3/envs/fraud-fl-TA/lib/python3.10/site-packages/wandb/sdk/launch/builder/build.py:11: UserWarning: pkg_resources is deprecated as an API. See https://setuptools.pypa.io/en/latest/pkg_resources.html. The pkg_resources package is slated for removal as early as 2025-11-30. Refrain from using this package or pin to Setuptools<81.
  import pkg_resources
wandb: Currently logged in as: deo250605 (deo250605-sepuluh-nopember-insitute-of-technology). Use `wandb login --relogin` to force relogin
wandb: wandb version 0.27.0 is available!  To upgrade, please run:
wandb:  $ pip install wandb --upgrade
wandb: Tracking run with wandb version 0.15.12
wandb: Run data is saved locally in /home/justin/fraud-fl-TA/wandb/run-20260603_153316-be8na8xl
wandb: Run `wandb offline` to turn off syncing.
wandb: Syncing run gbm_dirichlet_alpha5.0_adasyn_seed42
wandb: ⭐️ View project at https://wandb.ai/deo250605-sepuluh-nopember-insitute-of-technology/hfedxgboost-paysim
wandb: 🚀 View run at https://wandb.ai/deo250605-sepuluh-nopember-insitute-of-technology/hfedxgboost-paysim/runs/be8na8xl
INFO flwr 2026-06-03 15:33:18,924 | app.py:175 | Starting Flower simulation, config: ServerConfig(num_rounds=10, round_timeout=None)
2026-06-03 15:33:20,588	INFO worker.py:1621 -- Started a local Ray instance.
INFO flwr 2026-06-03 15:33:21,095 | app.py:210 | Flower VCE: Ray initialized with resources: {'node:172.24.108.56': 1.0, 'node:__internal_head__': 1.0, 'memory': 8473962087.0, 'object_store_memory': 4236981043.0, 'CPU': 20.0}
INFO flwr 2026-06-03 15:33:21,096 | app.py:224 | Flower VCE: Resources for each Virtual Client: {'num_cpus': 1, 'num_gpus': 0}
INFO flwr 2026-06-03 15:33:21,105 | app.py:270 | Flower VCE: Creating VirtualClientEngineActorPool with 20 actors
INFO flwr 2026-06-03 15:33:21,105 | server.py:89 | Initializing global parameters
INFO flwr 2026-06-03 15:33:21,105 | server.py:272 | Using initial parameters provided by strategy
INFO flwr 2026-06-03 15:33:21,105 | server.py:91 | Evaluating initial parameters
INFO flwr 2026-06-03 15:33:21,106 | server.py:104 | FL starting
DEBUG flwr 2026-06-03 15:33:21,106 | server.py:222 | fit_round 1: strategy sampled 5 clients (out of 5)
[2m[33m(raylet)[0m /home/justin/miniconda3/envs/fraud-fl-TA/lib/python3.10/site-packages/ray/_private/parameter.py:4: UserWarning: pkg_resources is deprecated as an API. See https://setuptools.pypa.io/en/latest/pkg_resources.html. The pkg_resources package is slated for removal as early as 2025-11-30. Refrain from using this package or pin to Setuptools<81.
[2m[33m(raylet)[0m   import pkg_resources
[2m[33m(raylet)[0m /home/justin/miniconda3/envs/fraud-fl-TA/lib/python3.10/site-packages/ray/_private/parameter.py:4: UserWarning: pkg_resources is deprecated as an API. See https://setuptools.pypa.io/en/latest/pkg_resources.html. The pkg_resources package is slated for removal as early as 2025-11-30. Refrain from using this package or pin to Setuptools<81.
[2m[33m(raylet)[0m   import pkg_resources
[2m[33m(raylet)[0m /home/justin/miniconda3/envs/fraud-fl-TA/lib/python3.10/site-packages/ray/_private/parameter.py:4: UserWarning: pkg_resources is deprecated as an API. See https://setuptools.pypa.io/en/latest/pkg_resources.html. The pkg_resources package is slated for removal as early as 2025-11-30. Refrain from using this package or pin to Setuptools<81.
[2m[33m(raylet)[0m   import pkg_resources
[2m[33m(raylet)[0m /home/justin/miniconda3/envs/fraud-fl-TA/lib/python3.10/site-packages/ray/_private/parameter.py:4: UserWarning: pkg_resources is deprecated as an API. See https://setuptools.pypa.io/en/latest/pkg_resources.html. The pkg_resources package is slated for removal as early as 2025-11-30. Refrain from using this package or pin to Setuptools<81.
[2m[33m(raylet)[0m   import pkg_resources
[2m[33m(raylet)[0m /home/justin/miniconda3/envs/fraud-fl-TA/lib/python3.10/site-packages/ray/_private/parameter.py:4: UserWarning: pkg_resources is deprecated as an API. See https://setuptools.pypa.io/en/latest/pkg_resources.html. The pkg_resources package is slated for removal as early as 2025-11-30. Refrain from using this package or pin to Setuptools<81.
[2m[33m(raylet)[0m   import pkg_resources
[2m[33m(raylet)[0m /home/justin/miniconda3/envs/fraud-fl-TA/lib/python3.10/site-packages/ray/_private/parameter.py:4: UserWarning: pkg_resources is deprecated as an API. See https://setuptools.pypa.io/en/latest/pkg_resources.html. The pkg_resources package is slated for removal as early as 2025-11-30. Refrain from using this package or pin to Setuptools<81.
[2m[33m(raylet)[0m   import pkg_resources
[2m[33m(raylet)[0m /home/justin/miniconda3/envs/fraud-fl-TA/lib/python3.10/site-packages/ray/_private/parameter.py:4: UserWarning: pkg_resources is deprecated as an API. See https://setuptools.pypa.io/en/latest/pkg_resources.html. The pkg_resources package is slated for removal as early as 2025-11-30. Refrain from using this package or pin to Setuptools<81.
[2m[33m(raylet)[0m   import pkg_resources
[2m[33m(raylet)[0m /home/justin/miniconda3/envs/fraud-fl-TA/lib/python3.10/site-packages/ray/_private/parameter.py:4: UserWarning: pkg_resources is deprecated as an API. See https://setuptools.pypa.io/en/latest/pkg_resources.html. The pkg_resources package is slated for removal as early as 2025-11-30. Refrain from using this package or pin to Setuptools<81.
[2m[33m(raylet)[0m   import pkg_resources
[2m[33m(raylet)[0m /home/justin/miniconda3/envs/fraud-fl-TA/lib/python3.10/site-packages/ray/_private/parameter.py:4: UserWarning: pkg_resources is deprecated as an API. See https://setuptools.pypa.io/en/latest/pkg_resources.html. The pkg_resources package is slated for removal as early as 2025-11-30. Refrain from using this package or pin to Setuptools<81.
[2m[33m(raylet)[0m   import pkg_resources
[2m[33m(raylet)[0m /home/justin/miniconda3/envs/fraud-fl-TA/lib/python3.10/site-packages/ray/_private/parameter.py:4: UserWarning: pkg_resources is deprecated as an API. See https://setuptools.pypa.io/en/latest/pkg_resources.html. The pkg_resources package is slated for removal as early as 2025-11-30. Refrain from using this package or pin to Setuptools<81.
[2m[33m(raylet)[0m   import pkg_resources
[2m[33m(raylet)[0m /home/justin/miniconda3/envs/fraud-fl-TA/lib/python3.10/site-packages/ray/_private/parameter.py:4: UserWarning: pkg_resources is deprecated as an API. See https://setuptools.pypa.io/en/latest/pkg_resources.html. The pkg_resources package is slated for removal as early as 2025-11-30. Refrain from using this package or pin to Setuptools<81.
[2m[33m(raylet)[0m   import pkg_resources
[2m[33m(raylet)[0m /home/justin/miniconda3/envs/fraud-fl-TA/lib/python3.10/site-packages/ray/_private/parameter.py:4: UserWarning: pkg_resources is deprecated as an API. See https://setuptools.pypa.io/en/latest/pkg_resources.html. The pkg_resources package is slated for removal as early as 2025-11-30. Refrain from using this package or pin to Setuptools<81.
[2m[33m(raylet)[0m   import pkg_resources
[2m[33m(raylet)[0m /home/justin/miniconda3/envs/fraud-fl-TA/lib/python3.10/site-packages/ray/_private/parameter.py:4: UserWarning: pkg_resources is deprecated as an API. See https://setuptools.pypa.io/en/latest/pkg_resources.html. The pkg_resources package is slated for removal as early as 2025-11-30. Refrain from using this package or pin to Setuptools<81.
[2m[33m(raylet)[0m   import pkg_resources
[2m[33m(raylet)[0m /home/justin/miniconda3/envs/fraud-fl-TA/lib/python3.10/site-packages/ray/_private/parameter.py:4: UserWarning: pkg_resources is deprecated as an API. See https://setuptools.pypa.io/en/latest/pkg_resources.html. The pkg_resources package is slated for removal as early as 2025-11-30. Refrain from using this package or pin to Setuptools<81.
[2m[33m(raylet)[0m   import pkg_resources
[2m[33m(raylet)[0m /home/justin/miniconda3/envs/fraud-fl-TA/lib/python3.10/site-packages/ray/_private/parameter.py:4: UserWarning: pkg_resources is deprecated as an API. See https://setuptools.pypa.io/en/latest/pkg_resources.html. The pkg_resources package is slated for removal as early as 2025-11-30. Refrain from using this package or pin to Setuptools<81.
[2m[33m(raylet)[0m   import pkg_resources
[2m[33m(raylet)[0m /home/justin/miniconda3/envs/fraud-fl-TA/lib/python3.10/site-packages/ray/_private/parameter.py:4: UserWarning: pkg_resources is deprecated as an API. See https://setuptools.pypa.io/en/latest/pkg_resources.html. The pkg_resources package is slated for removal as early as 2025-11-30. Refrain from using this package or pin to Setuptools<81.
[2m[33m(raylet)[0m   import pkg_resources
[2m[33m(raylet)[0m /home/justin/miniconda3/envs/fraud-fl-TA/lib/python3.10/site-packages/ray/_private/parameter.py:4: UserWarning: pkg_resources is deprecated as an API. See https://setuptools.pypa.io/en/latest/pkg_resources.html. The pkg_resources package is slated for removal as early as 2025-11-30. Refrain from using this package or pin to Setuptools<81.
[2m[33m(raylet)[0m   import pkg_resources
[2m[33m(raylet)[0m /home/justin/miniconda3/envs/fraud-fl-TA/lib/python3.10/site-packages/ray/_private/parameter.py:4: UserWarning: pkg_resources is deprecated as an API. See https://setuptools.pypa.io/en/latest/pkg_resources.html. The pkg_resources package is slated for removal as early as 2025-11-30. Refrain from using this package or pin to Setuptools<81.
[2m[33m(raylet)[0m   import pkg_resources
[2m[33m(raylet)[0m /home/justin/miniconda3/envs/fraud-fl-TA/lib/python3.10/site-packages/ray/_private/parameter.py:4: UserWarning: pkg_resources is deprecated as an API. See https://setuptools.pypa.io/en/latest/pkg_resources.html. The pkg_resources package is slated for removal as early as 2025-11-30. Refrain from using this package or pin to Setuptools<81.
[2m[33m(raylet)[0m   import pkg_resources
[2m[33m(raylet)[0m /home/justin/miniconda3/envs/fraud-fl-TA/lib/python3.10/site-packages/ray/_private/parameter.py:4: UserWarning: pkg_resources is deprecated as an API. See https://setuptools.pypa.io/en/latest/pkg_resources.html. The pkg_resources package is slated for removal as early as 2025-11-30. Refrain from using this package or pin to Setuptools<81.
[2m[33m(raylet)[0m   import pkg_resources
DEBUG flwr 2026-06-03 15:33:49,778 | server.py:236 | fit_round 1 received 5 results and 0 failures
INFO flwr 2026-06-03 15:33:53,780 | server.py:171 | evaluate_round 1: no clients selected, cancel
DEBUG flwr 2026-06-03 15:33:53,781 | server.py:222 | fit_round 2: strategy sampled 5 clients (out of 5)
DEBUG flwr 2026-06-03 15:34:21,073 | server.py:236 | fit_round 2 received 5 results and 0 failures
INFO flwr 2026-06-03 15:34:25,012 | server.py:171 | evaluate_round 2: no clients selected, cancel
DEBUG flwr 2026-06-03 15:34:25,013 | server.py:222 | fit_round 3: strategy sampled 5 clients (out of 5)
DEBUG flwr 2026-06-03 15:34:52,500 | server.py:236 | fit_round 3 received 5 results and 0 failures
INFO flwr 2026-06-03 15:34:56,405 | server.py:171 | evaluate_round 3: no clients selected, cancel
DEBUG flwr 2026-06-03 15:34:56,405 | server.py:222 | fit_round 4: strategy sampled 5 clients (out of 5)
DEBUG flwr 2026-06-03 15:35:23,830 | server.py:236 | fit_round 4 received 5 results and 0 failures
INFO flwr 2026-06-03 15:35:27,884 | server.py:171 | evaluate_round 4: no clients selected, cancel
DEBUG flwr 2026-06-03 15:35:27,884 | server.py:222 | fit_round 5: strategy sampled 5 clients (out of 5)
DEBUG flwr 2026-06-03 15:35:55,493 | server.py:236 | fit_round 5 received 5 results and 0 failures
INFO flwr 2026-06-03 15:35:59,477 | server.py:171 | evaluate_round 5: no clients selected, cancel
DEBUG flwr 2026-06-03 15:35:59,477 | server.py:222 | fit_round 6: strategy sampled 5 clients (out of 5)
DEBUG flwr 2026-06-03 15:36:27,063 | server.py:236 | fit_round 6 received 5 results and 0 failures
INFO flwr 2026-06-03 15:36:30,973 | server.py:171 | evaluate_round 6: no clients selected, cancel
DEBUG flwr 2026-06-03 15:36:30,974 | server.py:222 | fit_round 7: strategy sampled 5 clients (out of 5)
DEBUG flwr 2026-06-03 15:36:58,389 | server.py:236 | fit_round 7 received 5 results and 0 failures
INFO flwr 2026-06-03 15:37:02,364 | server.py:171 | evaluate_round 7: no clients selected, cancel
DEBUG flwr 2026-06-03 15:37:02,364 | server.py:222 | fit_round 8: strategy sampled 5 clients (out of 5)
DEBUG flwr 2026-06-03 15:37:29,848 | server.py:236 | fit_round 8 received 5 results and 0 failures
INFO flwr 2026-06-03 15:37:33,738 | server.py:171 | evaluate_round 8: no clients selected, cancel
DEBUG flwr 2026-06-03 15:37:33,738 | server.py:222 | fit_round 9: strategy sampled 5 clients (out of 5)
DEBUG flwr 2026-06-03 15:38:01,183 | server.py:236 | fit_round 9 received 5 results and 0 failures
INFO flwr 2026-06-03 15:38:05,069 | server.py:171 | evaluate_round 9: no clients selected, cancel
DEBUG flwr 2026-06-03 15:38:05,069 | server.py:222 | fit_round 10: strategy sampled 5 clients (out of 5)
DEBUG flwr 2026-06-03 15:38:32,606 | server.py:236 | fit_round 10 received 5 results and 0 failures
INFO flwr 2026-06-03 15:38:37,673 | server.py:171 | evaluate_round 10: no clients selected, cancel
INFO flwr 2026-06-03 15:38:37,673 | server.py:153 | FL finished in 316.5676806119736
INFO flwr 2026-06-03 15:38:37,674 | app.py:225 | app_fit: losses_distributed []
INFO flwr 2026-06-03 15:38:37,674 | app.py:226 | app_fit: metrics_distributed_fit {'selected_client_id': [(1, 3.0), (2, 3.0), (3, 3.0), (4, 3.0), (5, 3.0), (6, 3.0), (7, 3.0), (8, 3.0), (9, 3.0), (10, 3.0)], 'val_auprc': [(1, 0.9970998284210315), (2, 0.9970998284210315), (3, 0.9970998284210315), (4, 0.9970998284210315), (5, 0.9970998284210315), (6, 0.9970998284210315), (7, 0.9970998284210315), (8, 0.9970998284210315), (9, 0.9970998284210315), (10, 0.9970998284210315)], 'val_f1': [(1, 0.8533703961084086), (2, 0.8533703961084086), (3, 0.8533703961084086), (4, 0.8533703961084086), (5, 0.8533703961084086), (6, 0.8533703961084086), (7, 0.8533703961084086), (8, 0.8533703961084086), (9, 0.8533703961084086), (10, 0.8533703961084086)], 'val_precision': [(1, 0.7460510328068044), (2, 0.7460510328068044), (3, 0.7460510328068044), (4, 0.7460510328068044), (5, 0.7460510328068044), (6, 0.7460510328068044), (7, 0.7460510328068044), (8, 0.7460510328068044), (9, 0.7460510328068044), (10, 0.7460510328068044)], 'val_recall': [(1, 0.9967532467532467), (2, 0.9967532467532467), (3, 0.9967532467532467), (4, 0.9967532467532467), (5, 0.9967532467532467), (6, 0.9967532467532467), (7, 0.9967532467532467), (8, 0.9967532467532467), (9, 0.9967532467532467), (10, 0.9967532467532467)]}
INFO flwr 2026-06-03 15:38:37,674 | app.py:227 | app_fit: metrics_distributed {}
INFO flwr 2026-06-03 15:38:37,674 | app.py:228 | app_fit: losses_centralized []
INFO flwr 2026-06-03 15:38:37,674 | app.py:229 | app_fit: metrics_centralized {}
wandb: Waiting for W&B process to finish... (success).
wandb: 
wandb: Run history:
wandb: best_client_id ▁▁▁▁▁▁▁▁▁▁
wandb: client_0_auprc ▁▁▁▁▁▁▁▁▁▁
wandb: client_1_auprc ▁▁▁▁▁▁▁▁▁▁
wandb: client_2_auprc ▁▁▁▁▁▁▁▁▁▁
wandb: client_3_auprc ▁▁▁▁▁▁▁▁▁▁
wandb: client_4_auprc ▁▁▁▁▁▁▁▁▁▁
wandb:          round ▁▂▃▃▄▅▆▆▇██
wandb:     test_auprc ▁
wandb:        test_f1 ▁
wandb:      test_loss ▁
wandb: test_precision ▁
wandb:    test_recall ▁
wandb:      val_auprc ▁▁▁▁▁▁▁▁▁▁
wandb:         val_f1 ▁▁▁▁▁▁▁▁▁▁
wandb:       val_loss ▁▁▁▁▁▁▁▁▁▁
wandb:  val_precision ▁▁▁▁▁▁▁▁▁▁
wandb:     val_recall ▁▁▁▁▁▁▁▁▁▁
wandb: 
wandb: Run summary:
wandb:   best_client_id 3
wandb:       best_round 1
wandb:   best_val_auprc 0.9971
wandb:   client_0_auprc 0.99679
wandb:   client_1_auprc 0.99686
wandb:   client_2_auprc 0.99697
wandb:   client_3_auprc 0.9971
wandb:   client_4_auprc 0.99676
wandb: duration_seconds 341.61848
wandb:            round 10
wandb:       test_auprc 0.99653
wandb:          test_f1 0.83555
wandb:        test_loss 0.00347
wandb:   test_precision 0.71965
wandb:      test_recall 0.99594
wandb:        val_auprc 0.9971
wandb:           val_f1 0.85337
wandb:         val_loss 0.0029
wandb:    val_precision 0.74605
wandb:       val_recall 0.99675
wandb: 
wandb: 🚀 View run gbm_dirichlet_alpha5.0_adasyn_seed42 at: https://wandb.ai/deo250605-sepuluh-nopember-insitute-of-technology/hfedxgboost-paysim/runs/be8na8xl
wandb: Synced 6 W&B file(s), 0 media file(s), 0 artifact file(s) and 0 other file(s)
wandb: Find logs at: ./wandb/run-20260603_153316-be8na8xl/logs
[run] resolved config: {'model': 'gbm_bestmodel', 'num_clients': 5, 'num_rounds': 10, 'random_seed': 42, 'oversampling': 'adasyn', 'smote_k_neighbors': 5, 'smote_sampling_strategy': 'auto', 'use_wandb': True, 'wandb_project': 'hfedxgboost-paysim', 'early_stop_patience': 10, 'partition': {'scheme': 'dirichlet', 'alpha': 5.0}, 'gbm_params': {'max_iter': 100, 'learning_rate': 0.1, 'max_depth': 6}}
[run] === gbm | scheme=dirichlet alpha=5.0 K=5 R=10 oversampling=adasyn seed=42 ===
[paysim] loading data/paysim/paysim.csv
[paysim] loaded 6,362,620 rows, 11 columns

[paysim] === data summary ===
  total rows loaded : 6,362,620
  feature count     : 13
  feature names     : ['step', 'amount', 'oldbalanceOrg', 'newbalanceOrig', 'oldbalanceDest', 'newbalanceDest', 'errorBalanceOrig', 'errorBalanceDest', 'type_CASH_IN', 'type_CASH_OUT', 'type_DEBIT', 'type_PAYMENT', 'type_TRANSFER']
  x_train: (4453834, 13)  dtype=float32   |  y_train: (4453834,)  dtype=int32
  x_val  : (954393, 13)  dtype=float32   |  y_val  : (954393,)  dtype=int32
  x_test : (954393, 13)  dtype=float32   |  y_test : (954393,)  dtype=int32
  fraud in train: 5,749 / 4,453,834  (0.1291%)
  fraud in val  : 1,232 / 954,393  (0.1291%)
  fraud in test : 1,232 / 954,393  (0.1291%)
[paysim] === end summary ===


[adasyn] === per-client ADASYN summary ===
  cid |    n_before |     n_after |  fraud_before |  fraud_after | ratio_after | applied
----------------------------------------------------------------------------------------
    0 |     903,928 |   1,805,620 |         1,080 |      902,772 |    49.9979% |    True
    1 |     818,782 |   1,636,042 |           705 |      817,965 |    49.9966% |    True
    2 |     372,414 |     741,310 |         1,720 |      370,616 |    49.9947% |    True
    3 |   1,620,582 |   3,238,898 |         1,164 |    1,619,480 |    50.0010% |    True
    4 |     738,128 |   1,474,146 |         1,080 |      737,098 |    50.0017% |    True
[adasyn] === end summary ===

[run] FL starting: 10 rounds, 5 clients
[server] round 1 | client_0_auprc=0.9968 | client_1_auprc=0.9969 | client_2_auprc=0.9970 | client_3_auprc=0.9971 | client_4_auprc=0.9968 | selected_client=3 | val_auprc=0.9971 | val_f1=0.8534 | val_precision=0.7461 | val_recall=0.9968
[server] round 2 | client_0_auprc=0.9968 | client_1_auprc=0.9969 | client_2_auprc=0.9970 | client_3_auprc=0.9971 | client_4_auprc=0.9968 | selected_client=3 | val_auprc=0.9971 | val_f1=0.8534 | val_precision=0.7461 | val_recall=0.9968
[server] round 3 | client_0_auprc=0.9968 | client_1_auprc=0.9969 | client_2_auprc=0.9970 | client_3_auprc=0.9971 | client_4_auprc=0.9968 | selected_client=3 | val_auprc=0.9971 | val_f1=0.8534 | val_precision=0.7461 | val_recall=0.9968
[server] round 4 | client_0_auprc=0.9968 | client_1_auprc=0.9969 | client_2_auprc=0.9970 | client_3_auprc=0.9971 | client_4_auprc=0.9968 | selected_client=3 | val_auprc=0.9971 | val_f1=0.8534 | val_precision=0.7461 | val_recall=0.9968
[server] round 5 | client_0_auprc=0.9968 | client_1_auprc=0.9969 | client_2_auprc=0.9970 | client_3_auprc=0.9971 | client_4_auprc=0.9968 | selected_client=3 | val_auprc=0.9971 | val_f1=0.8534 | val_precision=0.7461 | val_recall=0.9968
[server] round 6 | client_0_auprc=0.9968 | client_1_auprc=0.9969 | client_2_auprc=0.9970 | client_3_auprc=0.9971 | client_4_auprc=0.9968 | selected_client=3 | val_auprc=0.9971 | val_f1=0.8534 | val_precision=0.7461 | val_recall=0.9968
[server] round 7 | client_0_auprc=0.9968 | client_1_auprc=0.9969 | client_2_auprc=0.9970 | client_3_auprc=0.9971 | client_4_auprc=0.9968 | selected_client=3 | val_auprc=0.9971 | val_f1=0.8534 | val_precision=0.7461 | val_recall=0.9968
[server] round 8 | client_0_auprc=0.9968 | client_1_auprc=0.9969 | client_2_auprc=0.9970 | client_3_auprc=0.9971 | client_4_auprc=0.9968 | selected_client=3 | val_auprc=0.9971 | val_f1=0.8534 | val_precision=0.7461 | val_recall=0.9968
[server] round 9 | client_0_auprc=0.9968 | client_1_auprc=0.9969 | client_2_auprc=0.9970 | client_3_auprc=0.9971 | client_4_auprc=0.9968 | selected_client=3 | val_auprc=0.9971 | val_f1=0.8534 | val_precision=0.7461 | val_recall=0.9968
[server] round 10 | client_0_auprc=0.9968 | client_1_auprc=0.9969 | client_2_auprc=0.9970 | client_3_auprc=0.9971 | client_4_auprc=0.9968 | selected_client=3 | val_auprc=0.9971 | val_f1=0.8534 | val_precision=0.7461 | val_recall=0.9968
[server] FINAL round 10 | test_auprc=0.9965 | test_f1=0.8355 | test_precision=0.7196 | test_recall=0.9959
[run] best val_auprc: 0.9971 at round 1 (selected client 3)
[run] final test: auprc=0.9965 | f1=0.8355 | precision=0.7196 | recall=0.9959
[run] selection trace: r1:c3 r2:c3 r3:c3 r4:c3 r5:c3 r6:c3 r7:c3 r8:c3 r9:c3 r10:c3
[results] wrote summary CSV → results/logs/gbm/gbm_dirichlet_alpha5.0_adasyn_seed42.csv
[results] wrote rounds CSV  → results/logs/gbm/gbm_dirichlet_alpha5.0_adasyn_seed42_rounds.csv
