/home/justin/miniconda3/envs/fraud-fl-TA/lib/python3.10/site-packages/ray/_private/parameter.py:4: UserWarning: pkg_resources is deprecated as an API. See https://setuptools.pypa.io/en/latest/pkg_resources.html. The pkg_resources package is slated for removal as early as 2025-11-30. Refrain from using this package or pin to Setuptools<81.
  import pkg_resources
/home/justin/miniconda3/envs/fraud-fl-TA/lib/python3.10/site-packages/wandb/sdk/launch/builder/build.py:11: UserWarning: pkg_resources is deprecated as an API. See https://setuptools.pypa.io/en/latest/pkg_resources.html. The pkg_resources package is slated for removal as early as 2025-11-30. Refrain from using this package or pin to Setuptools<81.
  import pkg_resources
wandb: Currently logged in as: deo250605 (deo250605-sepuluh-nopember-insitute-of-technology). Use `wandb login --relogin` to force relogin
wandb: wandb version 0.27.0 is available!  To upgrade, please run:
wandb:  $ pip install wandb --upgrade
wandb: Tracking run with wandb version 0.15.12
wandb: Run data is saved locally in /home/justin/fraud-fl-TA/wandb/run-20260603_150549-sdoklcgn
wandb: Run `wandb offline` to turn off syncing.
wandb: Syncing run gbm_dirichlet_alpha0.5_adasyn_seed42
wandb: ⭐️ View project at https://wandb.ai/deo250605-sepuluh-nopember-insitute-of-technology/hfedxgboost-paysim
wandb: 🚀 View run at https://wandb.ai/deo250605-sepuluh-nopember-insitute-of-technology/hfedxgboost-paysim/runs/sdoklcgn
INFO flwr 2026-06-03 15:05:51,844 | app.py:175 | Starting Flower simulation, config: ServerConfig(num_rounds=10, round_timeout=None)
2026-06-03 15:05:53,517	INFO worker.py:1621 -- Started a local Ray instance.
INFO flwr 2026-06-03 15:05:54,049 | app.py:210 | Flower VCE: Ray initialized with resources: {'node:172.24.108.56': 1.0, 'node:__internal_head__': 1.0, 'CPU': 20.0, 'object_store_memory': 3712510771.0, 'memory': 7425021543.0}
INFO flwr 2026-06-03 15:05:54,049 | app.py:224 | Flower VCE: Resources for each Virtual Client: {'num_cpus': 1, 'num_gpus': 0}
INFO flwr 2026-06-03 15:05:54,059 | app.py:270 | Flower VCE: Creating VirtualClientEngineActorPool with 20 actors
INFO flwr 2026-06-03 15:05:54,059 | server.py:89 | Initializing global parameters
INFO flwr 2026-06-03 15:05:54,060 | server.py:272 | Using initial parameters provided by strategy
INFO flwr 2026-06-03 15:05:54,060 | server.py:91 | Evaluating initial parameters
INFO flwr 2026-06-03 15:05:54,060 | server.py:104 | FL starting
DEBUG flwr 2026-06-03 15:05:54,060 | server.py:222 | fit_round 1: strategy sampled 5 clients (out of 5)
[2m[33m(raylet)[0m /home/justin/miniconda3/envs/fraud-fl-TA/lib/python3.10/site-packages/ray/_private/parameter.py:4: UserWarning: pkg_resources is deprecated as an API. See https://setuptools.pypa.io/en/latest/pkg_resources.html. The pkg_resources package is slated for removal as early as 2025-11-30. Refrain from using this package or pin to Setuptools<81.
[2m[33m(raylet)[0m   import pkg_resources
[2m[33m(raylet)[0m /home/justin/miniconda3/envs/fraud-fl-TA/lib/python3.10/site-packages/ray/_private/parameter.py:4: UserWarning: pkg_resources is deprecated as an API. See https://setuptools.pypa.io/en/latest/pkg_resources.html. The pkg_resources package is slated for removal as early as 2025-11-30. Refrain from using this package or pin to Setuptools<81.
[2m[33m(raylet)[0m   import pkg_resources
[2m[33m(raylet)[0m /home/justin/miniconda3/envs/fraud-fl-TA/lib/python3.10/site-packages/ray/_private/parameter.py:4: UserWarning: pkg_resources is deprecated as an API. See https://setuptools.pypa.io/en/latest/pkg_resources.html. The pkg_resources package is slated for removal as early as 2025-11-30. Refrain from using this package or pin to Setuptools<81.
[2m[33m(raylet)[0m   import pkg_resources
[2m[33m(raylet)[0m /home/justin/miniconda3/envs/fraud-fl-TA/lib/python3.10/site-packages/ray/_private/parameter.py:4: UserWarning: pkg_resources is deprecated as an API. See https://setuptools.pypa.io/en/latest/pkg_resources.html. The pkg_resources package is slated for removal as early as 2025-11-30. Refrain from using this package or pin to Setuptools<81.
[2m[33m(raylet)[0m   import pkg_resources
[2m[33m(raylet)[0m /home/justin/miniconda3/envs/fraud-fl-TA/lib/python3.10/site-packages/ray/_private/parameter.py:4: UserWarning: pkg_resources is deprecated as an API. See https://setuptools.pypa.io/en/latest/pkg_resources.html. The pkg_resources package is slated for removal as early as 2025-11-30. Refrain from using this package or pin to Setuptools<81.
[2m[33m(raylet)[0m   import pkg_resources
[2m[33m(raylet)[0m /home/justin/miniconda3/envs/fraud-fl-TA/lib/python3.10/site-packages/ray/_private/parameter.py:4: UserWarning: pkg_resources is deprecated as an API. See https://setuptools.pypa.io/en/latest/pkg_resources.html. The pkg_resources package is slated for removal as early as 2025-11-30. Refrain from using this package or pin to Setuptools<81.
[2m[33m(raylet)[0m   import pkg_resources
[2m[33m(raylet)[0m /home/justin/miniconda3/envs/fraud-fl-TA/lib/python3.10/site-packages/ray/_private/parameter.py:4: UserWarning: pkg_resources is deprecated as an API. See https://setuptools.pypa.io/en/latest/pkg_resources.html. The pkg_resources package is slated for removal as early as 2025-11-30. Refrain from using this package or pin to Setuptools<81.
[2m[33m(raylet)[0m   import pkg_resources
[2m[33m(raylet)[0m /home/justin/miniconda3/envs/fraud-fl-TA/lib/python3.10/site-packages/ray/_private/parameter.py:4: UserWarning: pkg_resources is deprecated as an API. See https://setuptools.pypa.io/en/latest/pkg_resources.html. The pkg_resources package is slated for removal as early as 2025-11-30. Refrain from using this package or pin to Setuptools<81.
[2m[33m(raylet)[0m   import pkg_resources
[2m[33m(raylet)[0m /home/justin/miniconda3/envs/fraud-fl-TA/lib/python3.10/site-packages/ray/_private/parameter.py:4: UserWarning: pkg_resources is deprecated as an API. See https://setuptools.pypa.io/en/latest/pkg_resources.html. The pkg_resources package is slated for removal as early as 2025-11-30. Refrain from using this package or pin to Setuptools<81.
[2m[33m(raylet)[0m   import pkg_resources
[2m[33m(raylet)[0m /home/justin/miniconda3/envs/fraud-fl-TA/lib/python3.10/site-packages/ray/_private/parameter.py:4: UserWarning: pkg_resources is deprecated as an API. See https://setuptools.pypa.io/en/latest/pkg_resources.html. The pkg_resources package is slated for removal as early as 2025-11-30. Refrain from using this package or pin to Setuptools<81.
[2m[33m(raylet)[0m   import pkg_resources
[2m[33m(raylet)[0m /home/justin/miniconda3/envs/fraud-fl-TA/lib/python3.10/site-packages/ray/_private/parameter.py:4: UserWarning: pkg_resources is deprecated as an API. See https://setuptools.pypa.io/en/latest/pkg_resources.html. The pkg_resources package is slated for removal as early as 2025-11-30. Refrain from using this package or pin to Setuptools<81.
[2m[33m(raylet)[0m   import pkg_resources
[2m[33m(raylet)[0m /home/justin/miniconda3/envs/fraud-fl-TA/lib/python3.10/site-packages/ray/_private/parameter.py:4: UserWarning: pkg_resources is deprecated as an API. See https://setuptools.pypa.io/en/latest/pkg_resources.html. The pkg_resources package is slated for removal as early as 2025-11-30. Refrain from using this package or pin to Setuptools<81.
[2m[33m(raylet)[0m   import pkg_resources
[2m[33m(raylet)[0m /home/justin/miniconda3/envs/fraud-fl-TA/lib/python3.10/site-packages/ray/_private/parameter.py:4: UserWarning: pkg_resources is deprecated as an API. See https://setuptools.pypa.io/en/latest/pkg_resources.html. The pkg_resources package is slated for removal as early as 2025-11-30. Refrain from using this package or pin to Setuptools<81.
[2m[33m(raylet)[0m   import pkg_resources
[2m[33m(raylet)[0m /home/justin/miniconda3/envs/fraud-fl-TA/lib/python3.10/site-packages/ray/_private/parameter.py:4: UserWarning: pkg_resources is deprecated as an API. See https://setuptools.pypa.io/en/latest/pkg_resources.html. The pkg_resources package is slated for removal as early as 2025-11-30. Refrain from using this package or pin to Setuptools<81.
[2m[33m(raylet)[0m   import pkg_resources
[2m[33m(raylet)[0m /home/justin/miniconda3/envs/fraud-fl-TA/lib/python3.10/site-packages/ray/_private/parameter.py:4: UserWarning: pkg_resources is deprecated as an API. See https://setuptools.pypa.io/en/latest/pkg_resources.html. The pkg_resources package is slated for removal as early as 2025-11-30. Refrain from using this package or pin to Setuptools<81.
[2m[33m(raylet)[0m   import pkg_resources
[2m[33m(raylet)[0m /home/justin/miniconda3/envs/fraud-fl-TA/lib/python3.10/site-packages/ray/_private/parameter.py:4: UserWarning: pkg_resources is deprecated as an API. See https://setuptools.pypa.io/en/latest/pkg_resources.html. The pkg_resources package is slated for removal as early as 2025-11-30. Refrain from using this package or pin to Setuptools<81.
[2m[33m(raylet)[0m   import pkg_resources
[2m[33m(raylet)[0m /home/justin/miniconda3/envs/fraud-fl-TA/lib/python3.10/site-packages/ray/_private/parameter.py:4: UserWarning: pkg_resources is deprecated as an API. See https://setuptools.pypa.io/en/latest/pkg_resources.html. The pkg_resources package is slated for removal as early as 2025-11-30. Refrain from using this package or pin to Setuptools<81.
[2m[33m(raylet)[0m   import pkg_resources
[2m[33m(raylet)[0m /home/justin/miniconda3/envs/fraud-fl-TA/lib/python3.10/site-packages/ray/_private/parameter.py:4: UserWarning: pkg_resources is deprecated as an API. See https://setuptools.pypa.io/en/latest/pkg_resources.html. The pkg_resources package is slated for removal as early as 2025-11-30. Refrain from using this package or pin to Setuptools<81.
[2m[33m(raylet)[0m   import pkg_resources
[2m[33m(raylet)[0m /home/justin/miniconda3/envs/fraud-fl-TA/lib/python3.10/site-packages/ray/_private/parameter.py:4: UserWarning: pkg_resources is deprecated as an API. See https://setuptools.pypa.io/en/latest/pkg_resources.html. The pkg_resources package is slated for removal as early as 2025-11-30. Refrain from using this package or pin to Setuptools<81.
[2m[33m(raylet)[0m   import pkg_resources
[2m[33m(raylet)[0m /home/justin/miniconda3/envs/fraud-fl-TA/lib/python3.10/site-packages/ray/_private/parameter.py:4: UserWarning: pkg_resources is deprecated as an API. See https://setuptools.pypa.io/en/latest/pkg_resources.html. The pkg_resources package is slated for removal as early as 2025-11-30. Refrain from using this package or pin to Setuptools<81.
[2m[33m(raylet)[0m   import pkg_resources
DEBUG flwr 2026-06-03 15:06:09,989 | server.py:236 | fit_round 1 received 5 results and 0 failures
INFO flwr 2026-06-03 15:06:13,492 | server.py:171 | evaluate_round 1: no clients selected, cancel
DEBUG flwr 2026-06-03 15:06:13,493 | server.py:222 | fit_round 2: strategy sampled 5 clients (out of 5)
DEBUG flwr 2026-06-03 15:06:28,326 | server.py:236 | fit_round 2 received 5 results and 0 failures
INFO flwr 2026-06-03 15:06:31,960 | server.py:171 | evaluate_round 2: no clients selected, cancel
DEBUG flwr 2026-06-03 15:06:31,961 | server.py:222 | fit_round 3: strategy sampled 5 clients (out of 5)
DEBUG flwr 2026-06-03 15:06:46,762 | server.py:236 | fit_round 3 received 5 results and 0 failures
INFO flwr 2026-06-03 15:06:50,346 | server.py:171 | evaluate_round 3: no clients selected, cancel
DEBUG flwr 2026-06-03 15:06:50,346 | server.py:222 | fit_round 4: strategy sampled 5 clients (out of 5)
DEBUG flwr 2026-06-03 15:07:05,119 | server.py:236 | fit_round 4 received 5 results and 0 failures
INFO flwr 2026-06-03 15:07:08,675 | server.py:171 | evaluate_round 4: no clients selected, cancel
DEBUG flwr 2026-06-03 15:07:08,675 | server.py:222 | fit_round 5: strategy sampled 5 clients (out of 5)
DEBUG flwr 2026-06-03 15:07:23,565 | server.py:236 | fit_round 5 received 5 results and 0 failures
INFO flwr 2026-06-03 15:07:27,101 | server.py:171 | evaluate_round 5: no clients selected, cancel
DEBUG flwr 2026-06-03 15:07:27,101 | server.py:222 | fit_round 6: strategy sampled 5 clients (out of 5)
DEBUG flwr 2026-06-03 15:07:41,832 | server.py:236 | fit_round 6 received 5 results and 0 failures
INFO flwr 2026-06-03 15:07:45,327 | server.py:171 | evaluate_round 6: no clients selected, cancel
DEBUG flwr 2026-06-03 15:07:45,327 | server.py:222 | fit_round 7: strategy sampled 5 clients (out of 5)
DEBUG flwr 2026-06-03 15:08:00,065 | server.py:236 | fit_round 7 received 5 results and 0 failures
INFO flwr 2026-06-03 15:08:03,696 | server.py:171 | evaluate_round 7: no clients selected, cancel
DEBUG flwr 2026-06-03 15:08:03,696 | server.py:222 | fit_round 8: strategy sampled 5 clients (out of 5)
DEBUG flwr 2026-06-03 15:08:18,647 | server.py:236 | fit_round 8 received 5 results and 0 failures
INFO flwr 2026-06-03 15:08:22,287 | server.py:171 | evaluate_round 8: no clients selected, cancel
DEBUG flwr 2026-06-03 15:08:22,287 | server.py:222 | fit_round 9: strategy sampled 5 clients (out of 5)
DEBUG flwr 2026-06-03 15:08:37,123 | server.py:236 | fit_round 9 received 5 results and 0 failures
INFO flwr 2026-06-03 15:08:40,749 | server.py:171 | evaluate_round 9: no clients selected, cancel
DEBUG flwr 2026-06-03 15:08:40,750 | server.py:222 | fit_round 10: strategy sampled 5 clients (out of 5)
DEBUG flwr 2026-06-03 15:08:55,389 | server.py:236 | fit_round 10 received 5 results and 0 failures
INFO flwr 2026-06-03 15:08:59,915 | server.py:171 | evaluate_round 10: no clients selected, cancel
INFO flwr 2026-06-03 15:08:59,915 | server.py:153 | FL finished in 185.8551657621283
INFO flwr 2026-06-03 15:08:59,915 | app.py:225 | app_fit: losses_distributed []
INFO flwr 2026-06-03 15:08:59,916 | app.py:226 | app_fit: metrics_distributed_fit {'selected_client_id': [(1, 3.0), (2, 3.0), (3, 3.0), (4, 3.0), (5, 3.0), (6, 3.0), (7, 3.0), (8, 3.0), (9, 3.0), (10, 3.0)], 'val_auprc': [(1, 0.9968405658635245), (2, 0.9968405658635245), (3, 0.9968405658635245), (4, 0.9968405658635245), (5, 0.9968405658635245), (6, 0.9968405658635245), (7, 0.9968405658635245), (8, 0.9968405658635245), (9, 0.9968405658635245), (10, 0.9968405658635245)], 'val_f1': [(1, 0.8419609187521426), (2, 0.8419609187521426), (3, 0.8419609187521426), (4, 0.8419609187521426), (5, 0.8419609187521426), (6, 0.8419609187521426), (7, 0.8419609187521426), (8, 0.8419609187521426), (9, 0.8419609187521426), (10, 0.8419609187521426)], 'val_precision': [(1, 0.7287833827893175), (2, 0.7287833827893175), (3, 0.7287833827893175), (4, 0.7287833827893175), (5, 0.7287833827893175), (6, 0.7287833827893175), (7, 0.7287833827893175), (8, 0.7287833827893175), (9, 0.7287833827893175), (10, 0.7287833827893175)], 'val_recall': [(1, 0.9967532467532467), (2, 0.9967532467532467), (3, 0.9967532467532467), (4, 0.9967532467532467), (5, 0.9967532467532467), (6, 0.9967532467532467), (7, 0.9967532467532467), (8, 0.9967532467532467), (9, 0.9967532467532467), (10, 0.9967532467532467)]}
INFO flwr 2026-06-03 15:08:59,916 | app.py:227 | app_fit: metrics_distributed {}
INFO flwr 2026-06-03 15:08:59,916 | app.py:228 | app_fit: losses_centralized []
INFO flwr 2026-06-03 15:08:59,916 | app.py:229 | app_fit: metrics_centralized {}
wandb: Waiting for W&B process to finish... (success).
wandb: 
wandb: Run history:
wandb: best_client_id ▁▁▁▁▁▁▁▁▁▁
wandb: client_0_auprc ▁▁▁▁▁▁▁▁▁▁
wandb: client_1_auprc ▁▁▁▁▁▁▁▁▁▁
wandb: client_2_auprc ▁▁▁▁▁▁▁▁▁▁
wandb: client_3_auprc ▁▁▁▁▁▁▁▁▁▁
wandb: client_4_auprc ▁▁▁▁▁▁▁▁▁▁
wandb:          round ▁▂▃▃▄▅▆▆▇██
wandb:     test_auprc ▁
wandb:        test_f1 ▁
wandb:      test_loss ▁
wandb: test_precision ▁
wandb:    test_recall ▁
wandb:      val_auprc ▁▁▁▁▁▁▁▁▁▁
wandb:         val_f1 ▁▁▁▁▁▁▁▁▁▁
wandb:       val_loss ▁▁▁▁▁▁▁▁▁▁
wandb:  val_precision ▁▁▁▁▁▁▁▁▁▁
wandb:     val_recall ▁▁▁▁▁▁▁▁▁▁
wandb: 
wandb: Run summary:
wandb:   best_client_id 3
wandb:       best_round 1
wandb:   best_val_auprc 0.99684
wandb:   client_0_auprc 0.99684
wandb:   client_1_auprc 0.98678
wandb:   client_2_auprc 0.00129
wandb:   client_3_auprc 0.99684
wandb:   client_4_auprc 0.00129
wandb: duration_seconds 202.97082
wandb:            round 10
wandb:       test_auprc 0.99596
wandb:          test_f1 0.85031
wandb:        test_loss 0.00404
wandb:   test_precision 0.74184
wandb:      test_recall 0.99594
wandb:        val_auprc 0.99684
wandb:           val_f1 0.84196
wandb:         val_loss 0.00316
wandb:    val_precision 0.72878
wandb:       val_recall 0.99675
wandb: 
wandb: 🚀 View run gbm_dirichlet_alpha0.5_adasyn_seed42 at: https://wandb.ai/deo250605-sepuluh-nopember-insitute-of-technology/hfedxgboost-paysim/runs/sdoklcgn
wandb: Synced 6 W&B file(s), 0 media file(s), 0 artifact file(s) and 0 other file(s)
wandb: Find logs at: ./wandb/run-20260603_150549-sdoklcgn/logs
[run] resolved config: {'model': 'gbm_bestmodel', 'num_clients': 5, 'num_rounds': 10, 'random_seed': 42, 'oversampling': 'adasyn', 'smote_k_neighbors': 5, 'smote_sampling_strategy': 'auto', 'use_wandb': True, 'wandb_project': 'hfedxgboost-paysim', 'early_stop_patience': 10, 'partition': {'scheme': 'dirichlet', 'alpha': 0.5}, 'gbm_params': {'max_iter': 100, 'learning_rate': 0.1, 'max_depth': 6}}
[run] === gbm | scheme=dirichlet alpha=0.5 K=5 R=10 oversampling=adasyn seed=42 ===
[paysim] loading data/paysim/paysim.csv
[paysim] loaded 6,362,620 rows, 11 columns

[paysim] === data summary ===
  total rows loaded : 6,362,620
  feature count     : 13
  feature names     : ['step', 'amount', 'oldbalanceOrg', 'newbalanceOrig', 'oldbalanceDest', 'newbalanceDest', 'errorBalanceOrig', 'errorBalanceDest', 'type_CASH_IN', 'type_CASH_OUT', 'type_DEBIT', 'type_PAYMENT', 'type_TRANSFER']
  x_train: (4453834, 13)  dtype=float32   |  y_train: (4453834,)  dtype=int32
  x_val  : (954393, 13)  dtype=float32   |  y_val  : (954393,)  dtype=int32
  x_test : (954393, 13)  dtype=float32   |  y_test : (954393,)  dtype=int32
  fraud in train: 5,749 / 4,453,834  (0.1291%)
  fraud in val  : 1,232 / 954,393  (0.1291%)
  fraud in test : 1,232 / 954,393  (0.1291%)
[paysim] === end summary ===

[adasyn] WARN client 2: skipping ADASYN — insufficient fraud samples (have 4, need >= 6 = n_neighbors+1)
[adasyn] WARN client 4: skipping ADASYN — insufficient fraud samples (have 2, need >= 6 = n_neighbors+1)

[adasyn] === per-client ADASYN summary ===
  cid |    n_before |     n_after |  fraud_before |  fraud_after | ratio_after | applied
----------------------------------------------------------------------------------------
    0 |     315,461 |     625,253 |         2,931 |      312,723 |    50.0154% |    True
    1 |       3,340 |       4,164 |         2,089 |        2,089 |    50.1681% |    True
    2 |   1,670,751 |   1,670,751 |             4 |            4 |     0.0002% |   False
    3 |     283,301 |     565,189 |           723 |      282,611 |    50.0029% |    True
    4 |   2,180,981 |   2,180,981 |             2 |            2 |     0.0001% |   False
[adasyn] === end summary ===

[run] FL starting: 10 rounds, 5 clients
[server] round 1 | client_0_auprc=0.9968 | client_1_auprc=0.9868 | client_2_auprc=0.0013 | client_3_auprc=0.9968 | client_4_auprc=0.0013 | selected_client=3 | val_auprc=0.9968 | val_f1=0.8420 | val_precision=0.7288 | val_recall=0.9968
[server] round 2 | client_0_auprc=0.9968 | client_1_auprc=0.9868 | client_2_auprc=0.0013 | client_3_auprc=0.9968 | client_4_auprc=0.0013 | selected_client=3 | val_auprc=0.9968 | val_f1=0.8420 | val_precision=0.7288 | val_recall=0.9968
[server] round 3 | client_0_auprc=0.9968 | client_1_auprc=0.9868 | client_2_auprc=0.0013 | client_3_auprc=0.9968 | client_4_auprc=0.0013 | selected_client=3 | val_auprc=0.9968 | val_f1=0.8420 | val_precision=0.7288 | val_recall=0.9968
[server] round 4 | client_0_auprc=0.9968 | client_1_auprc=0.9868 | client_2_auprc=0.0013 | client_3_auprc=0.9968 | client_4_auprc=0.0013 | selected_client=3 | val_auprc=0.9968 | val_f1=0.8420 | val_precision=0.7288 | val_recall=0.9968
[server] round 5 | client_0_auprc=0.9968 | client_1_auprc=0.9868 | client_2_auprc=0.0013 | client_3_auprc=0.9968 | client_4_auprc=0.0013 | selected_client=3 | val_auprc=0.9968 | val_f1=0.8420 | val_precision=0.7288 | val_recall=0.9968
[server] round 6 | client_0_auprc=0.9968 | client_1_auprc=0.9868 | client_2_auprc=0.0013 | client_3_auprc=0.9968 | client_4_auprc=0.0013 | selected_client=3 | val_auprc=0.9968 | val_f1=0.8420 | val_precision=0.7288 | val_recall=0.9968
[server] round 7 | client_0_auprc=0.9968 | client_1_auprc=0.9868 | client_2_auprc=0.0013 | client_3_auprc=0.9968 | client_4_auprc=0.0013 | selected_client=3 | val_auprc=0.9968 | val_f1=0.8420 | val_precision=0.7288 | val_recall=0.9968
[server] round 8 | client_0_auprc=0.9968 | client_1_auprc=0.9868 | client_2_auprc=0.0013 | client_3_auprc=0.9968 | client_4_auprc=0.0013 | selected_client=3 | val_auprc=0.9968 | val_f1=0.8420 | val_precision=0.7288 | val_recall=0.9968
[server] round 9 | client_0_auprc=0.9968 | client_1_auprc=0.9868 | client_2_auprc=0.0013 | client_3_auprc=0.9968 | client_4_auprc=0.0013 | selected_client=3 | val_auprc=0.9968 | val_f1=0.8420 | val_precision=0.7288 | val_recall=0.9968
[server] round 10 | client_0_auprc=0.9968 | client_1_auprc=0.9868 | client_2_auprc=0.0013 | client_3_auprc=0.9968 | client_4_auprc=0.0013 | selected_client=3 | val_auprc=0.9968 | val_f1=0.8420 | val_precision=0.7288 | val_recall=0.9968
[server] FINAL round 10 | test_auprc=0.9960 | test_f1=0.8503 | test_precision=0.7418 | test_recall=0.9959
[run] best val_auprc: 0.9968 at round 1 (selected client 3)
[run] final test: auprc=0.9960 | f1=0.8503 | precision=0.7418 | recall=0.9959
[run] selection trace: r1:c3 r2:c3 r3:c3 r4:c3 r5:c3 r6:c3 r7:c3 r8:c3 r9:c3 r10:c3
[results] wrote summary CSV → results/logs/gbm/gbm_dirichlet_alpha0.5_adasyn_seed42.csv
[results] wrote rounds CSV  → results/logs/gbm/gbm_dirichlet_alpha0.5_adasyn_seed42_rounds.csv
