/home/justin/miniconda3/envs/fraud-fl-TA/lib/python3.10/site-packages/ray/_private/parameter.py:4: UserWarning: pkg_resources is deprecated as an API. See https://setuptools.pypa.io/en/latest/pkg_resources.html. The pkg_resources package is slated for removal as early as 2025-11-30. Refrain from using this package or pin to Setuptools<81.
  import pkg_resources
/home/justin/miniconda3/envs/fraud-fl-TA/lib/python3.10/site-packages/wandb/sdk/launch/builder/build.py:11: UserWarning: pkg_resources is deprecated as an API. See https://setuptools.pypa.io/en/latest/pkg_resources.html. The pkg_resources package is slated for removal as early as 2025-11-30. Refrain from using this package or pin to Setuptools<81.
  import pkg_resources
wandb: Currently logged in as: deo250605 (deo250605-sepuluh-nopember-insitute-of-technology). Use `wandb login --relogin` to force relogin
wandb: wandb version 0.27.0 is available!  To upgrade, please run:
wandb:  $ pip install wandb --upgrade
wandb: Tracking run with wandb version 0.15.12
wandb: Run data is saved locally in /home/justin/fraud-fl-TA/wandb/run-20260603_150207-kj0xkskt
wandb: Run `wandb offline` to turn off syncing.
wandb: Syncing run gbm_dirichlet_alpha0.5_smote_seed42
wandb: ⭐️ View project at https://wandb.ai/deo250605-sepuluh-nopember-insitute-of-technology/hfedxgboost-paysim
wandb: 🚀 View run at https://wandb.ai/deo250605-sepuluh-nopember-insitute-of-technology/hfedxgboost-paysim/runs/kj0xkskt
INFO flwr 2026-06-03 15:02:09,978 | app.py:175 | Starting Flower simulation, config: ServerConfig(num_rounds=10, round_timeout=None)
2026-06-03 15:02:11,537	INFO worker.py:1621 -- Started a local Ray instance.
INFO flwr 2026-06-03 15:02:12,162 | app.py:210 | Flower VCE: Ray initialized with resources: {'node:172.24.108.56': 1.0, 'node:__internal_head__': 1.0, 'CPU': 20.0, 'object_store_memory': 2186444390.0, 'memory': 4372888782.0}
INFO flwr 2026-06-03 15:02:12,162 | app.py:224 | Flower VCE: Resources for each Virtual Client: {'num_cpus': 1, 'num_gpus': 0}
INFO flwr 2026-06-03 15:02:12,173 | app.py:270 | Flower VCE: Creating VirtualClientEngineActorPool with 20 actors
INFO flwr 2026-06-03 15:02:12,174 | server.py:89 | Initializing global parameters
INFO flwr 2026-06-03 15:02:12,174 | server.py:272 | Using initial parameters provided by strategy
INFO flwr 2026-06-03 15:02:12,174 | server.py:91 | Evaluating initial parameters
INFO flwr 2026-06-03 15:02:12,174 | server.py:104 | FL starting
DEBUG flwr 2026-06-03 15:02:12,174 | server.py:222 | fit_round 1: strategy sampled 5 clients (out of 5)
[2m[33m(raylet)[0m /home/justin/miniconda3/envs/fraud-fl-TA/lib/python3.10/site-packages/ray/_private/parameter.py:4: UserWarning: pkg_resources is deprecated as an API. See https://setuptools.pypa.io/en/latest/pkg_resources.html. The pkg_resources package is slated for removal as early as 2025-11-30. Refrain from using this package or pin to Setuptools<81.
[2m[33m(raylet)[0m   import pkg_resources
[2m[33m(raylet)[0m /home/justin/miniconda3/envs/fraud-fl-TA/lib/python3.10/site-packages/ray/_private/parameter.py:4: UserWarning: pkg_resources is deprecated as an API. See https://setuptools.pypa.io/en/latest/pkg_resources.html. The pkg_resources package is slated for removal as early as 2025-11-30. Refrain from using this package or pin to Setuptools<81.
[2m[33m(raylet)[0m   import pkg_resources
[2m[33m(raylet)[0m /home/justin/miniconda3/envs/fraud-fl-TA/lib/python3.10/site-packages/ray/_private/parameter.py:4: UserWarning: pkg_resources is deprecated as an API. See https://setuptools.pypa.io/en/latest/pkg_resources.html. The pkg_resources package is slated for removal as early as 2025-11-30. Refrain from using this package or pin to Setuptools<81.
[2m[33m(raylet)[0m   import pkg_resources
[2m[33m(raylet)[0m /home/justin/miniconda3/envs/fraud-fl-TA/lib/python3.10/site-packages/ray/_private/parameter.py:4: UserWarning: pkg_resources is deprecated as an API. See https://setuptools.pypa.io/en/latest/pkg_resources.html. The pkg_resources package is slated for removal as early as 2025-11-30. Refrain from using this package or pin to Setuptools<81.
[2m[33m(raylet)[0m   import pkg_resources
[2m[33m(raylet)[0m /home/justin/miniconda3/envs/fraud-fl-TA/lib/python3.10/site-packages/ray/_private/parameter.py:4: UserWarning: pkg_resources is deprecated as an API. See https://setuptools.pypa.io/en/latest/pkg_resources.html. The pkg_resources package is slated for removal as early as 2025-11-30. Refrain from using this package or pin to Setuptools<81.
[2m[33m(raylet)[0m   import pkg_resources
[2m[33m(raylet)[0m /home/justin/miniconda3/envs/fraud-fl-TA/lib/python3.10/site-packages/ray/_private/parameter.py:4: UserWarning: pkg_resources is deprecated as an API. See https://setuptools.pypa.io/en/latest/pkg_resources.html. The pkg_resources package is slated for removal as early as 2025-11-30. Refrain from using this package or pin to Setuptools<81.
[2m[33m(raylet)[0m   import pkg_resources
[2m[33m(raylet)[0m /home/justin/miniconda3/envs/fraud-fl-TA/lib/python3.10/site-packages/ray/_private/parameter.py:4: UserWarning: pkg_resources is deprecated as an API. See https://setuptools.pypa.io/en/latest/pkg_resources.html. The pkg_resources package is slated for removal as early as 2025-11-30. Refrain from using this package or pin to Setuptools<81.
[2m[33m(raylet)[0m   import pkg_resources
[2m[33m(raylet)[0m /home/justin/miniconda3/envs/fraud-fl-TA/lib/python3.10/site-packages/ray/_private/parameter.py:4: UserWarning: pkg_resources is deprecated as an API. See https://setuptools.pypa.io/en/latest/pkg_resources.html. The pkg_resources package is slated for removal as early as 2025-11-30. Refrain from using this package or pin to Setuptools<81.
[2m[33m(raylet)[0m   import pkg_resources
[2m[33m(raylet)[0m /home/justin/miniconda3/envs/fraud-fl-TA/lib/python3.10/site-packages/ray/_private/parameter.py:4: UserWarning: pkg_resources is deprecated as an API. See https://setuptools.pypa.io/en/latest/pkg_resources.html. The pkg_resources package is slated for removal as early as 2025-11-30. Refrain from using this package or pin to Setuptools<81.
[2m[33m(raylet)[0m   import pkg_resources
[2m[33m(raylet)[0m /home/justin/miniconda3/envs/fraud-fl-TA/lib/python3.10/site-packages/ray/_private/parameter.py:4: UserWarning: pkg_resources is deprecated as an API. See https://setuptools.pypa.io/en/latest/pkg_resources.html. The pkg_resources package is slated for removal as early as 2025-11-30. Refrain from using this package or pin to Setuptools<81.
[2m[33m(raylet)[0m   import pkg_resources
[2m[33m(raylet)[0m /home/justin/miniconda3/envs/fraud-fl-TA/lib/python3.10/site-packages/ray/_private/parameter.py:4: UserWarning: pkg_resources is deprecated as an API. See https://setuptools.pypa.io/en/latest/pkg_resources.html. The pkg_resources package is slated for removal as early as 2025-11-30. Refrain from using this package or pin to Setuptools<81.
[2m[33m(raylet)[0m   import pkg_resources
[2m[33m(raylet)[0m /home/justin/miniconda3/envs/fraud-fl-TA/lib/python3.10/site-packages/ray/_private/parameter.py:4: UserWarning: pkg_resources is deprecated as an API. See https://setuptools.pypa.io/en/latest/pkg_resources.html. The pkg_resources package is slated for removal as early as 2025-11-30. Refrain from using this package or pin to Setuptools<81.
[2m[33m(raylet)[0m   import pkg_resources
[2m[33m(raylet)[0m /home/justin/miniconda3/envs/fraud-fl-TA/lib/python3.10/site-packages/ray/_private/parameter.py:4: UserWarning: pkg_resources is deprecated as an API. See https://setuptools.pypa.io/en/latest/pkg_resources.html. The pkg_resources package is slated for removal as early as 2025-11-30. Refrain from using this package or pin to Setuptools<81.
[2m[33m(raylet)[0m   import pkg_resources
[2m[33m(raylet)[0m /home/justin/miniconda3/envs/fraud-fl-TA/lib/python3.10/site-packages/ray/_private/parameter.py:4: UserWarning: pkg_resources is deprecated as an API. See https://setuptools.pypa.io/en/latest/pkg_resources.html. The pkg_resources package is slated for removal as early as 2025-11-30. Refrain from using this package or pin to Setuptools<81.
[2m[33m(raylet)[0m   import pkg_resources
[2m[33m(raylet)[0m /home/justin/miniconda3/envs/fraud-fl-TA/lib/python3.10/site-packages/ray/_private/parameter.py:4: UserWarning: pkg_resources is deprecated as an API. See https://setuptools.pypa.io/en/latest/pkg_resources.html. The pkg_resources package is slated for removal as early as 2025-11-30. Refrain from using this package or pin to Setuptools<81.
[2m[33m(raylet)[0m   import pkg_resources
[2m[33m(raylet)[0m /home/justin/miniconda3/envs/fraud-fl-TA/lib/python3.10/site-packages/ray/_private/parameter.py:4: UserWarning: pkg_resources is deprecated as an API. See https://setuptools.pypa.io/en/latest/pkg_resources.html. The pkg_resources package is slated for removal as early as 2025-11-30. Refrain from using this package or pin to Setuptools<81.
[2m[33m(raylet)[0m   import pkg_resources
[2m[33m(raylet)[0m /home/justin/miniconda3/envs/fraud-fl-TA/lib/python3.10/site-packages/ray/_private/parameter.py:4: UserWarning: pkg_resources is deprecated as an API. See https://setuptools.pypa.io/en/latest/pkg_resources.html. The pkg_resources package is slated for removal as early as 2025-11-30. Refrain from using this package or pin to Setuptools<81.
[2m[33m(raylet)[0m   import pkg_resources
[2m[33m(raylet)[0m /home/justin/miniconda3/envs/fraud-fl-TA/lib/python3.10/site-packages/ray/_private/parameter.py:4: UserWarning: pkg_resources is deprecated as an API. See https://setuptools.pypa.io/en/latest/pkg_resources.html. The pkg_resources package is slated for removal as early as 2025-11-30. Refrain from using this package or pin to Setuptools<81.
[2m[33m(raylet)[0m   import pkg_resources
[2m[33m(raylet)[0m /home/justin/miniconda3/envs/fraud-fl-TA/lib/python3.10/site-packages/ray/_private/parameter.py:4: UserWarning: pkg_resources is deprecated as an API. See https://setuptools.pypa.io/en/latest/pkg_resources.html. The pkg_resources package is slated for removal as early as 2025-11-30. Refrain from using this package or pin to Setuptools<81.
[2m[33m(raylet)[0m   import pkg_resources
[2m[33m(raylet)[0m /home/justin/miniconda3/envs/fraud-fl-TA/lib/python3.10/site-packages/ray/_private/parameter.py:4: UserWarning: pkg_resources is deprecated as an API. See https://setuptools.pypa.io/en/latest/pkg_resources.html. The pkg_resources package is slated for removal as early as 2025-11-30. Refrain from using this package or pin to Setuptools<81.
[2m[33m(raylet)[0m   import pkg_resources
DEBUG flwr 2026-06-03 15:02:28,815 | server.py:236 | fit_round 1 received 5 results and 0 failures
INFO flwr 2026-06-03 15:02:32,679 | server.py:171 | evaluate_round 1: no clients selected, cancel
DEBUG flwr 2026-06-03 15:02:32,680 | server.py:222 | fit_round 2: strategy sampled 5 clients (out of 5)
DEBUG flwr 2026-06-03 15:02:48,100 | server.py:236 | fit_round 2 received 5 results and 0 failures
INFO flwr 2026-06-03 15:02:51,892 | server.py:171 | evaluate_round 2: no clients selected, cancel
DEBUG flwr 2026-06-03 15:02:51,892 | server.py:222 | fit_round 3: strategy sampled 5 clients (out of 5)
DEBUG flwr 2026-06-03 15:03:07,424 | server.py:236 | fit_round 3 received 5 results and 0 failures
INFO flwr 2026-06-03 15:03:11,313 | server.py:171 | evaluate_round 3: no clients selected, cancel
DEBUG flwr 2026-06-03 15:03:11,313 | server.py:222 | fit_round 4: strategy sampled 5 clients (out of 5)
DEBUG flwr 2026-06-03 15:03:26,892 | server.py:236 | fit_round 4 received 5 results and 0 failures
INFO flwr 2026-06-03 15:03:30,748 | server.py:171 | evaluate_round 4: no clients selected, cancel
DEBUG flwr 2026-06-03 15:03:30,749 | server.py:222 | fit_round 5: strategy sampled 5 clients (out of 5)
DEBUG flwr 2026-06-03 15:03:46,204 | server.py:236 | fit_round 5 received 5 results and 0 failures
INFO flwr 2026-06-03 15:03:49,977 | server.py:171 | evaluate_round 5: no clients selected, cancel
DEBUG flwr 2026-06-03 15:03:49,977 | server.py:222 | fit_round 6: strategy sampled 5 clients (out of 5)
DEBUG flwr 2026-06-03 15:04:05,437 | server.py:236 | fit_round 6 received 5 results and 0 failures
INFO flwr 2026-06-03 15:04:09,265 | server.py:171 | evaluate_round 6: no clients selected, cancel
DEBUG flwr 2026-06-03 15:04:09,265 | server.py:222 | fit_round 7: strategy sampled 5 clients (out of 5)
DEBUG flwr 2026-06-03 15:04:24,842 | server.py:236 | fit_round 7 received 5 results and 0 failures
INFO flwr 2026-06-03 15:04:28,660 | server.py:171 | evaluate_round 7: no clients selected, cancel
DEBUG flwr 2026-06-03 15:04:28,660 | server.py:222 | fit_round 8: strategy sampled 5 clients (out of 5)
DEBUG flwr 2026-06-03 15:04:44,225 | server.py:236 | fit_round 8 received 5 results and 0 failures
INFO flwr 2026-06-03 15:04:48,035 | server.py:171 | evaluate_round 8: no clients selected, cancel
DEBUG flwr 2026-06-03 15:04:48,035 | server.py:222 | fit_round 9: strategy sampled 5 clients (out of 5)
DEBUG flwr 2026-06-03 15:05:03,310 | server.py:236 | fit_round 9 received 5 results and 0 failures
INFO flwr 2026-06-03 15:05:07,216 | server.py:171 | evaluate_round 9: no clients selected, cancel
DEBUG flwr 2026-06-03 15:05:07,217 | server.py:222 | fit_round 10: strategy sampled 5 clients (out of 5)
DEBUG flwr 2026-06-03 15:05:22,036 | server.py:236 | fit_round 10 received 5 results and 0 failures
INFO flwr 2026-06-03 15:05:26,762 | server.py:171 | evaluate_round 10: no clients selected, cancel
INFO flwr 2026-06-03 15:05:26,762 | server.py:153 | FL finished in 194.5874484779779
INFO flwr 2026-06-03 15:05:26,762 | app.py:225 | app_fit: losses_distributed []
INFO flwr 2026-06-03 15:05:26,762 | app.py:226 | app_fit: metrics_distributed_fit {'selected_client_id': [(1, 0.0), (2, 0.0), (3, 0.0), (4, 0.0), (5, 0.0), (6, 0.0), (7, 0.0), (8, 0.0), (9, 0.0), (10, 0.0)], 'val_auprc': [(1, 0.9968382063405589), (2, 0.9968382063405589), (3, 0.9968382063405589), (4, 0.9968382063405589), (5, 0.9968382063405589), (6, 0.9968382063405589), (7, 0.9968382063405589), (8, 0.9968382063405589), (9, 0.9968382063405589), (10, 0.9968382063405589)], 'val_f1': [(1, 0.9212303075768942), (2, 0.9212303075768942), (3, 0.9212303075768942), (4, 0.9212303075768942), (5, 0.9212303075768942), (6, 0.9212303075768942), (7, 0.9212303075768942), (8, 0.9212303075768942), (9, 0.9212303075768942), (10, 0.9212303075768942)], 'val_precision': [(1, 0.8563458856345886), (2, 0.8563458856345886), (3, 0.8563458856345886), (4, 0.8563458856345886), (5, 0.8563458856345886), (6, 0.8563458856345886), (7, 0.8563458856345886), (8, 0.8563458856345886), (9, 0.8563458856345886), (10, 0.8563458856345886)], 'val_recall': [(1, 0.9967532467532467), (2, 0.9967532467532467), (3, 0.9967532467532467), (4, 0.9967532467532467), (5, 0.9967532467532467), (6, 0.9967532467532467), (7, 0.9967532467532467), (8, 0.9967532467532467), (9, 0.9967532467532467), (10, 0.9967532467532467)]}
INFO flwr 2026-06-03 15:05:26,762 | app.py:227 | app_fit: metrics_distributed {}
INFO flwr 2026-06-03 15:05:26,763 | app.py:228 | app_fit: losses_centralized []
INFO flwr 2026-06-03 15:05:26,763 | app.py:229 | app_fit: metrics_centralized {}
wandb: Waiting for W&B process to finish... (success).
wandb: - 0.003 MB of 0.003 MB uploaded (0.000 MB deduped)wandb: \ 0.003 MB of 0.012 MB uploaded (0.000 MB deduped)wandb: | 0.027 MB of 0.028 MB uploaded (0.000 MB deduped)wandb: / 0.027 MB of 0.028 MB uploaded (0.000 MB deduped)wandb: 
wandb: Run history:
wandb: best_client_id ▁▁▁▁▁▁▁▁▁▁
wandb: client_0_auprc ▁▁▁▁▁▁▁▁▁▁
wandb: client_1_auprc ▁▁▁▁▁▁▁▁▁▁
wandb: client_2_auprc ▁▁▁▁▁▁▁▁▁▁
wandb: client_3_auprc ▁▁▁▁▁▁▁▁▁▁
wandb: client_4_auprc ▁▁▁▁▁▁▁▁▁▁
wandb:          round ▁▂▃▃▄▅▆▆▇██
wandb:     test_auprc ▁
wandb:        test_f1 ▁
wandb:      test_loss ▁
wandb: test_precision ▁
wandb:    test_recall ▁
wandb:      val_auprc ▁▁▁▁▁▁▁▁▁▁
wandb:         val_f1 ▁▁▁▁▁▁▁▁▁▁
wandb:       val_loss ▁▁▁▁▁▁▁▁▁▁
wandb:  val_precision ▁▁▁▁▁▁▁▁▁▁
wandb:     val_recall ▁▁▁▁▁▁▁▁▁▁
wandb: 
wandb: Run summary:
wandb:   best_client_id 0
wandb:       best_round 1
wandb:   best_val_auprc 0.99684
wandb:   client_0_auprc 0.99684
wandb:   client_1_auprc 0.9864
wandb:   client_2_auprc 0.00129
wandb:   client_3_auprc 0.99684
wandb:   client_4_auprc 0.00129
wandb: duration_seconds 211.37768
wandb:            round 10
wandb:       test_auprc 0.99614
wandb:          test_f1 0.92325
wandb:        test_loss 0.00386
wandb:   test_precision 0.86045
wandb:      test_recall 0.99594
wandb:        val_auprc 0.99684
wandb:           val_f1 0.92123
wandb:         val_loss 0.00316
wandb:    val_precision 0.85635
wandb:       val_recall 0.99675
wandb: 
wandb: 🚀 View run gbm_dirichlet_alpha0.5_smote_seed42 at: https://wandb.ai/deo250605-sepuluh-nopember-insitute-of-technology/hfedxgboost-paysim/runs/kj0xkskt
wandb: Synced 6 W&B file(s), 0 media file(s), 0 artifact file(s) and 0 other file(s)
wandb: Find logs at: ./wandb/run-20260603_150207-kj0xkskt/logs
[run] resolved config: {'model': 'gbm_bestmodel', 'num_clients': 5, 'num_rounds': 10, 'random_seed': 42, 'oversampling': 'smote', 'smote_k_neighbors': 5, 'smote_sampling_strategy': 'auto', 'use_wandb': True, 'wandb_project': 'hfedxgboost-paysim', 'early_stop_patience': 10, 'partition': {'scheme': 'dirichlet', 'alpha': 0.5}, 'gbm_params': {'max_iter': 100, 'learning_rate': 0.1, 'max_depth': 6}}
[run] === gbm | scheme=dirichlet alpha=0.5 K=5 R=10 oversampling=smote seed=42 ===
[paysim] loading data/paysim/paysim.csv
[paysim] loaded 6,362,620 rows, 11 columns

[paysim] === data summary ===
  total rows loaded : 6,362,620
  feature count     : 13
  feature names     : ['step', 'amount', 'oldbalanceOrg', 'newbalanceOrig', 'oldbalanceDest', 'newbalanceDest', 'errorBalanceOrig', 'errorBalanceDest', 'type_CASH_IN', 'type_CASH_OUT', 'type_DEBIT', 'type_PAYMENT', 'type_TRANSFER']
  x_train: (4453834, 13)  dtype=float32   |  y_train: (4453834,)  dtype=int32
  x_val  : (954393, 13)  dtype=float32   |  y_val  : (954393,)  dtype=int32
  x_test : (954393, 13)  dtype=float32   |  y_test : (954393,)  dtype=int32
  fraud in train: 5,749 / 4,453,834  (0.1291%)
  fraud in val  : 1,232 / 954,393  (0.1291%)
  fraud in test : 1,232 / 954,393  (0.1291%)
[paysim] === end summary ===

[smote] WARN client 2: skipping SMOTE — insufficient fraud samples (have 4, need >= 6 = k_neighbors+1)
[smote] WARN client 4: skipping SMOTE — insufficient fraud samples (have 2, need >= 6 = k_neighbors+1)

[smote] === per-client SMOTE summary ===
  cid |    n_before |     n_after |  fraud_before |  fraud_after | ratio_after | applied
----------------------------------------------------------------------------------------
    0 |     315,461 |     625,060 |         2,931 |      312,530 |    50.0000% |    True
    1 |       3,340 |       4,178 |         2,089 |        2,089 |    50.0000% |    True
    2 |   1,670,751 |   1,670,751 |             4 |            4 |     0.0002% |   False
    3 |     283,301 |     565,156 |           723 |      282,578 |    50.0000% |    True
    4 |   2,180,981 |   2,180,981 |             2 |            2 |     0.0001% |   False
[smote] === end summary ===

[run] FL starting: 10 rounds, 5 clients
[server] round 1 | client_0_auprc=0.9968 | client_1_auprc=0.9864 | client_2_auprc=0.0013 | client_3_auprc=0.9968 | client_4_auprc=0.0013 | selected_client=0 | val_auprc=0.9968 | val_f1=0.9212 | val_precision=0.8563 | val_recall=0.9968
[server] round 2 | client_0_auprc=0.9968 | client_1_auprc=0.9864 | client_2_auprc=0.0013 | client_3_auprc=0.9968 | client_4_auprc=0.0013 | selected_client=0 | val_auprc=0.9968 | val_f1=0.9212 | val_precision=0.8563 | val_recall=0.9968
[server] round 3 | client_0_auprc=0.9968 | client_1_auprc=0.9864 | client_2_auprc=0.0013 | client_3_auprc=0.9968 | client_4_auprc=0.0013 | selected_client=0 | val_auprc=0.9968 | val_f1=0.9212 | val_precision=0.8563 | val_recall=0.9968
[server] round 4 | client_0_auprc=0.9968 | client_1_auprc=0.9864 | client_2_auprc=0.0013 | client_3_auprc=0.9968 | client_4_auprc=0.0013 | selected_client=0 | val_auprc=0.9968 | val_f1=0.9212 | val_precision=0.8563 | val_recall=0.9968
[server] round 5 | client_0_auprc=0.9968 | client_1_auprc=0.9864 | client_2_auprc=0.0013 | client_3_auprc=0.9968 | client_4_auprc=0.0013 | selected_client=0 | val_auprc=0.9968 | val_f1=0.9212 | val_precision=0.8563 | val_recall=0.9968
[server] round 6 | client_0_auprc=0.9968 | client_1_auprc=0.9864 | client_2_auprc=0.0013 | client_3_auprc=0.9968 | client_4_auprc=0.0013 | selected_client=0 | val_auprc=0.9968 | val_f1=0.9212 | val_precision=0.8563 | val_recall=0.9968
[server] round 7 | client_0_auprc=0.9968 | client_1_auprc=0.9864 | client_2_auprc=0.0013 | client_3_auprc=0.9968 | client_4_auprc=0.0013 | selected_client=0 | val_auprc=0.9968 | val_f1=0.9212 | val_precision=0.8563 | val_recall=0.9968
[server] round 8 | client_0_auprc=0.9968 | client_1_auprc=0.9864 | client_2_auprc=0.0013 | client_3_auprc=0.9968 | client_4_auprc=0.0013 | selected_client=0 | val_auprc=0.9968 | val_f1=0.9212 | val_precision=0.8563 | val_recall=0.9968
[server] round 9 | client_0_auprc=0.9968 | client_1_auprc=0.9864 | client_2_auprc=0.0013 | client_3_auprc=0.9968 | client_4_auprc=0.0013 | selected_client=0 | val_auprc=0.9968 | val_f1=0.9212 | val_precision=0.8563 | val_recall=0.9968
[server] round 10 | client_0_auprc=0.9968 | client_1_auprc=0.9864 | client_2_auprc=0.0013 | client_3_auprc=0.9968 | client_4_auprc=0.0013 | selected_client=0 | val_auprc=0.9968 | val_f1=0.9212 | val_precision=0.8563 | val_recall=0.9968
[server] FINAL round 10 | test_auprc=0.9961 | test_f1=0.9233 | test_precision=0.8604 | test_recall=0.9959
[run] best val_auprc: 0.9968 at round 1 (selected client 0)
[run] final test: auprc=0.9961 | f1=0.9233 | precision=0.8604 | recall=0.9959
[run] selection trace: r1:c0 r2:c0 r3:c0 r4:c0 r5:c0 r6:c0 r7:c0 r8:c0 r9:c0 r10:c0
[results] wrote summary CSV → results/logs/gbm/gbm_dirichlet_alpha0.5_smote_seed42.csv
[results] wrote rounds CSV  → results/logs/gbm/gbm_dirichlet_alpha0.5_smote_seed42_rounds.csv
