/home/justin/miniconda3/envs/fraud-fl-TA/lib/python3.10/site-packages/ray/_private/parameter.py:4: UserWarning: pkg_resources is deprecated as an API. See https://setuptools.pypa.io/en/latest/pkg_resources.html. The pkg_resources package is slated for removal as early as 2025-11-30. Refrain from using this package or pin to Setuptools<81.
  import pkg_resources
/home/justin/miniconda3/envs/fraud-fl-TA/lib/python3.10/site-packages/wandb/sdk/launch/builder/build.py:11: UserWarning: pkg_resources is deprecated as an API. See https://setuptools.pypa.io/en/latest/pkg_resources.html. The pkg_resources package is slated for removal as early as 2025-11-30. Refrain from using this package or pin to Setuptools<81.
  import pkg_resources
wandb: Currently logged in as: deo250605 (deo250605-sepuluh-nopember-insitute-of-technology). Use `wandb login --relogin` to force relogin
wandb: wandb version 0.27.0 is available!  To upgrade, please run:
wandb:  $ pip install wandb --upgrade
wandb: Tracking run with wandb version 0.15.12
wandb: Run data is saved locally in /home/justin/fraud-fl-TA/wandb/run-20260603_151256-rojhcdvd
wandb: Run `wandb offline` to turn off syncing.
wandb: Syncing run gbm_dirichlet_alpha1.0_smote_seed42
wandb: ⭐️ View project at https://wandb.ai/deo250605-sepuluh-nopember-insitute-of-technology/hfedxgboost-paysim
wandb: 🚀 View run at https://wandb.ai/deo250605-sepuluh-nopember-insitute-of-technology/hfedxgboost-paysim/runs/rojhcdvd
INFO flwr 2026-06-03 15:12:58,920 | app.py:175 | Starting Flower simulation, config: ServerConfig(num_rounds=10, round_timeout=None)
2026-06-03 15:13:00,696	INFO worker.py:1621 -- Started a local Ray instance.
INFO flwr 2026-06-03 15:13:01,302 | app.py:210 | Flower VCE: Ray initialized with resources: {'CPU': 20.0, 'node:172.24.108.56': 1.0, 'node:__internal_head__': 1.0, 'memory': 7395623732.0, 'object_store_memory': 3697811865.0}
INFO flwr 2026-06-03 15:13:01,302 | app.py:224 | Flower VCE: Resources for each Virtual Client: {'num_cpus': 1, 'num_gpus': 0}
INFO flwr 2026-06-03 15:13:01,313 | app.py:270 | Flower VCE: Creating VirtualClientEngineActorPool with 20 actors
INFO flwr 2026-06-03 15:13:01,314 | server.py:89 | Initializing global parameters
INFO flwr 2026-06-03 15:13:01,314 | server.py:272 | Using initial parameters provided by strategy
INFO flwr 2026-06-03 15:13:01,314 | server.py:91 | Evaluating initial parameters
INFO flwr 2026-06-03 15:13:01,314 | server.py:104 | FL starting
DEBUG flwr 2026-06-03 15:13:01,315 | server.py:222 | fit_round 1: strategy sampled 5 clients (out of 5)
[2m[33m(raylet)[0m /home/justin/miniconda3/envs/fraud-fl-TA/lib/python3.10/site-packages/ray/_private/parameter.py:4: UserWarning: pkg_resources is deprecated as an API. See https://setuptools.pypa.io/en/latest/pkg_resources.html. The pkg_resources package is slated for removal as early as 2025-11-30. Refrain from using this package or pin to Setuptools<81.
[2m[33m(raylet)[0m   import pkg_resources
[2m[33m(raylet)[0m /home/justin/miniconda3/envs/fraud-fl-TA/lib/python3.10/site-packages/ray/_private/parameter.py:4: UserWarning: pkg_resources is deprecated as an API. See https://setuptools.pypa.io/en/latest/pkg_resources.html. The pkg_resources package is slated for removal as early as 2025-11-30. Refrain from using this package or pin to Setuptools<81.
[2m[33m(raylet)[0m   import pkg_resources
[2m[33m(raylet)[0m /home/justin/miniconda3/envs/fraud-fl-TA/lib/python3.10/site-packages/ray/_private/parameter.py:4: UserWarning: pkg_resources is deprecated as an API. See https://setuptools.pypa.io/en/latest/pkg_resources.html. The pkg_resources package is slated for removal as early as 2025-11-30. Refrain from using this package or pin to Setuptools<81.
[2m[33m(raylet)[0m   import pkg_resources
[2m[33m(raylet)[0m /home/justin/miniconda3/envs/fraud-fl-TA/lib/python3.10/site-packages/ray/_private/parameter.py:4: UserWarning: pkg_resources is deprecated as an API. See https://setuptools.pypa.io/en/latest/pkg_resources.html. The pkg_resources package is slated for removal as early as 2025-11-30. Refrain from using this package or pin to Setuptools<81.
[2m[33m(raylet)[0m   import pkg_resources
[2m[33m(raylet)[0m /home/justin/miniconda3/envs/fraud-fl-TA/lib/python3.10/site-packages/ray/_private/parameter.py:4: UserWarning: pkg_resources is deprecated as an API. See https://setuptools.pypa.io/en/latest/pkg_resources.html. The pkg_resources package is slated for removal as early as 2025-11-30. Refrain from using this package or pin to Setuptools<81.
[2m[33m(raylet)[0m   import pkg_resources
[2m[33m(raylet)[0m /home/justin/miniconda3/envs/fraud-fl-TA/lib/python3.10/site-packages/ray/_private/parameter.py:4: UserWarning: pkg_resources is deprecated as an API. See https://setuptools.pypa.io/en/latest/pkg_resources.html. The pkg_resources package is slated for removal as early as 2025-11-30. Refrain from using this package or pin to Setuptools<81.
[2m[33m(raylet)[0m   import pkg_resources
[2m[33m(raylet)[0m /home/justin/miniconda3/envs/fraud-fl-TA/lib/python3.10/site-packages/ray/_private/parameter.py:4: UserWarning: pkg_resources is deprecated as an API. See https://setuptools.pypa.io/en/latest/pkg_resources.html. The pkg_resources package is slated for removal as early as 2025-11-30. Refrain from using this package or pin to Setuptools<81.
[2m[33m(raylet)[0m   import pkg_resources
[2m[33m(raylet)[0m /home/justin/miniconda3/envs/fraud-fl-TA/lib/python3.10/site-packages/ray/_private/parameter.py:4: UserWarning: pkg_resources is deprecated as an API. See https://setuptools.pypa.io/en/latest/pkg_resources.html. The pkg_resources package is slated for removal as early as 2025-11-30. Refrain from using this package or pin to Setuptools<81.
[2m[33m(raylet)[0m   import pkg_resources
[2m[33m(raylet)[0m /home/justin/miniconda3/envs/fraud-fl-TA/lib/python3.10/site-packages/ray/_private/parameter.py:4: UserWarning: pkg_resources is deprecated as an API. See https://setuptools.pypa.io/en/latest/pkg_resources.html. The pkg_resources package is slated for removal as early as 2025-11-30. Refrain from using this package or pin to Setuptools<81.
[2m[33m(raylet)[0m   import pkg_resources
[2m[33m(raylet)[0m /home/justin/miniconda3/envs/fraud-fl-TA/lib/python3.10/site-packages/ray/_private/parameter.py:4: UserWarning: pkg_resources is deprecated as an API. See https://setuptools.pypa.io/en/latest/pkg_resources.html. The pkg_resources package is slated for removal as early as 2025-11-30. Refrain from using this package or pin to Setuptools<81.
[2m[33m(raylet)[0m   import pkg_resources
[2m[33m(raylet)[0m /home/justin/miniconda3/envs/fraud-fl-TA/lib/python3.10/site-packages/ray/_private/parameter.py:4: UserWarning: pkg_resources is deprecated as an API. See https://setuptools.pypa.io/en/latest/pkg_resources.html. The pkg_resources package is slated for removal as early as 2025-11-30. Refrain from using this package or pin to Setuptools<81.
[2m[33m(raylet)[0m   import pkg_resources
[2m[33m(raylet)[0m /home/justin/miniconda3/envs/fraud-fl-TA/lib/python3.10/site-packages/ray/_private/parameter.py:4: UserWarning: pkg_resources is deprecated as an API. See https://setuptools.pypa.io/en/latest/pkg_resources.html. The pkg_resources package is slated for removal as early as 2025-11-30. Refrain from using this package or pin to Setuptools<81.
[2m[33m(raylet)[0m   import pkg_resources
[2m[33m(raylet)[0m /home/justin/miniconda3/envs/fraud-fl-TA/lib/python3.10/site-packages/ray/_private/parameter.py:4: UserWarning: pkg_resources is deprecated as an API. See https://setuptools.pypa.io/en/latest/pkg_resources.html. The pkg_resources package is slated for removal as early as 2025-11-30. Refrain from using this package or pin to Setuptools<81.
[2m[33m(raylet)[0m   import pkg_resources
[2m[33m(raylet)[0m /home/justin/miniconda3/envs/fraud-fl-TA/lib/python3.10/site-packages/ray/_private/parameter.py:4: UserWarning: pkg_resources is deprecated as an API. See https://setuptools.pypa.io/en/latest/pkg_resources.html. The pkg_resources package is slated for removal as early as 2025-11-30. Refrain from using this package or pin to Setuptools<81.
[2m[33m(raylet)[0m   import pkg_resources
[2m[33m(raylet)[0m /home/justin/miniconda3/envs/fraud-fl-TA/lib/python3.10/site-packages/ray/_private/parameter.py:4: UserWarning: pkg_resources is deprecated as an API. See https://setuptools.pypa.io/en/latest/pkg_resources.html. The pkg_resources package is slated for removal as early as 2025-11-30. Refrain from using this package or pin to Setuptools<81.
[2m[33m(raylet)[0m   import pkg_resources
[2m[33m(raylet)[0m /home/justin/miniconda3/envs/fraud-fl-TA/lib/python3.10/site-packages/ray/_private/parameter.py:4: UserWarning: pkg_resources is deprecated as an API. See https://setuptools.pypa.io/en/latest/pkg_resources.html. The pkg_resources package is slated for removal as early as 2025-11-30. Refrain from using this package or pin to Setuptools<81.
[2m[33m(raylet)[0m   import pkg_resources
[2m[33m(raylet)[0m /home/justin/miniconda3/envs/fraud-fl-TA/lib/python3.10/site-packages/ray/_private/parameter.py:4: UserWarning: pkg_resources is deprecated as an API. See https://setuptools.pypa.io/en/latest/pkg_resources.html. The pkg_resources package is slated for removal as early as 2025-11-30. Refrain from using this package or pin to Setuptools<81.
[2m[33m(raylet)[0m   import pkg_resources
[2m[33m(raylet)[0m /home/justin/miniconda3/envs/fraud-fl-TA/lib/python3.10/site-packages/ray/_private/parameter.py:4: UserWarning: pkg_resources is deprecated as an API. See https://setuptools.pypa.io/en/latest/pkg_resources.html. The pkg_resources package is slated for removal as early as 2025-11-30. Refrain from using this package or pin to Setuptools<81.
[2m[33m(raylet)[0m   import pkg_resources
[2m[33m(raylet)[0m /home/justin/miniconda3/envs/fraud-fl-TA/lib/python3.10/site-packages/ray/_private/parameter.py:4: UserWarning: pkg_resources is deprecated as an API. See https://setuptools.pypa.io/en/latest/pkg_resources.html. The pkg_resources package is slated for removal as early as 2025-11-30. Refrain from using this package or pin to Setuptools<81.
[2m[33m(raylet)[0m   import pkg_resources
[2m[33m(raylet)[0m /home/justin/miniconda3/envs/fraud-fl-TA/lib/python3.10/site-packages/ray/_private/parameter.py:4: UserWarning: pkg_resources is deprecated as an API. See https://setuptools.pypa.io/en/latest/pkg_resources.html. The pkg_resources package is slated for removal as early as 2025-11-30. Refrain from using this package or pin to Setuptools<81.
[2m[33m(raylet)[0m   import pkg_resources
DEBUG flwr 2026-06-03 15:13:28,591 | server.py:236 | fit_round 1 received 5 results and 0 failures
INFO flwr 2026-06-03 15:13:32,493 | server.py:171 | evaluate_round 1: no clients selected, cancel
DEBUG flwr 2026-06-03 15:13:32,494 | server.py:222 | fit_round 2: strategy sampled 5 clients (out of 5)
DEBUG flwr 2026-06-03 15:13:58,319 | server.py:236 | fit_round 2 received 5 results and 0 failures
INFO flwr 2026-06-03 15:14:02,199 | server.py:171 | evaluate_round 2: no clients selected, cancel
DEBUG flwr 2026-06-03 15:14:02,199 | server.py:222 | fit_round 3: strategy sampled 5 clients (out of 5)
DEBUG flwr 2026-06-03 15:14:28,333 | server.py:236 | fit_round 3 received 5 results and 0 failures
INFO flwr 2026-06-03 15:14:32,278 | server.py:171 | evaluate_round 3: no clients selected, cancel
DEBUG flwr 2026-06-03 15:14:32,278 | server.py:222 | fit_round 4: strategy sampled 5 clients (out of 5)
DEBUG flwr 2026-06-03 15:14:58,070 | server.py:236 | fit_round 4 received 5 results and 0 failures
INFO flwr 2026-06-03 15:15:01,919 | server.py:171 | evaluate_round 4: no clients selected, cancel
DEBUG flwr 2026-06-03 15:15:01,919 | server.py:222 | fit_round 5: strategy sampled 5 clients (out of 5)
DEBUG flwr 2026-06-03 15:15:27,676 | server.py:236 | fit_round 5 received 5 results and 0 failures
INFO flwr 2026-06-03 15:15:31,560 | server.py:171 | evaluate_round 5: no clients selected, cancel
DEBUG flwr 2026-06-03 15:15:31,560 | server.py:222 | fit_round 6: strategy sampled 5 clients (out of 5)
DEBUG flwr 2026-06-03 15:15:57,395 | server.py:236 | fit_round 6 received 5 results and 0 failures
INFO flwr 2026-06-03 15:16:01,280 | server.py:171 | evaluate_round 6: no clients selected, cancel
DEBUG flwr 2026-06-03 15:16:01,281 | server.py:222 | fit_round 7: strategy sampled 5 clients (out of 5)
DEBUG flwr 2026-06-03 15:16:27,179 | server.py:236 | fit_round 7 received 5 results and 0 failures
INFO flwr 2026-06-03 15:16:31,044 | server.py:171 | evaluate_round 7: no clients selected, cancel
DEBUG flwr 2026-06-03 15:16:31,044 | server.py:222 | fit_round 8: strategy sampled 5 clients (out of 5)
DEBUG flwr 2026-06-03 15:16:57,004 | server.py:236 | fit_round 8 received 5 results and 0 failures
INFO flwr 2026-06-03 15:17:01,009 | server.py:171 | evaluate_round 8: no clients selected, cancel
DEBUG flwr 2026-06-03 15:17:01,010 | server.py:222 | fit_round 9: strategy sampled 5 clients (out of 5)
DEBUG flwr 2026-06-03 15:17:26,842 | server.py:236 | fit_round 9 received 5 results and 0 failures
INFO flwr 2026-06-03 15:17:30,752 | server.py:171 | evaluate_round 9: no clients selected, cancel
DEBUG flwr 2026-06-03 15:17:30,752 | server.py:222 | fit_round 10: strategy sampled 5 clients (out of 5)
DEBUG flwr 2026-06-03 15:17:56,643 | server.py:236 | fit_round 10 received 5 results and 0 failures
INFO flwr 2026-06-03 15:18:01,673 | server.py:171 | evaluate_round 10: no clients selected, cancel
INFO flwr 2026-06-03 15:18:01,673 | server.py:153 | FL finished in 300.3583744808566
INFO flwr 2026-06-03 15:18:01,673 | app.py:225 | app_fit: losses_distributed []
INFO flwr 2026-06-03 15:18:01,674 | app.py:226 | app_fit: metrics_distributed_fit {'selected_client_id': [(1, 4.0), (2, 4.0), (3, 4.0), (4, 4.0), (5, 4.0), (6, 4.0), (7, 4.0), (8, 4.0), (9, 4.0), (10, 4.0)], 'val_auprc': [(1, 0.9974246388832193), (2, 0.9974246388832193), (3, 0.9974246388832193), (4, 0.9974246388832193), (5, 0.9974246388832193), (6, 0.9974246388832193), (7, 0.9974246388832193), (8, 0.9974246388832193), (9, 0.9974246388832193), (10, 0.9974246388832193)], 'val_f1': [(1, 0.907277428888068), (2, 0.907277428888068), (3, 0.907277428888068), (4, 0.907277428888068), (5, 0.907277428888068), (6, 0.907277428888068), (7, 0.907277428888068), (8, 0.907277428888068), (9, 0.907277428888068), (10, 0.907277428888068)], 'val_precision': [(1, 0.8325423728813559), (2, 0.8325423728813559), (3, 0.8325423728813559), (4, 0.8325423728813559), (5, 0.8325423728813559), (6, 0.8325423728813559), (7, 0.8325423728813559), (8, 0.8325423728813559), (9, 0.8325423728813559), (10, 0.8325423728813559)], 'val_recall': [(1, 0.9967532467532467), (2, 0.9967532467532467), (3, 0.9967532467532467), (4, 0.9967532467532467), (5, 0.9967532467532467), (6, 0.9967532467532467), (7, 0.9967532467532467), (8, 0.9967532467532467), (9, 0.9967532467532467), (10, 0.9967532467532467)]}
INFO flwr 2026-06-03 15:18:01,674 | app.py:227 | app_fit: metrics_distributed {}
INFO flwr 2026-06-03 15:18:01,674 | app.py:228 | app_fit: losses_centralized []
INFO flwr 2026-06-03 15:18:01,675 | app.py:229 | app_fit: metrics_centralized {}
wandb: Waiting for W&B process to finish... (success).
wandb: - 0.003 MB of 0.003 MB uploaded (0.000 MB deduped)wandb: \ 0.003 MB of 0.003 MB uploaded (0.000 MB deduped)wandb: | 0.003 MB of 0.003 MB uploaded (0.000 MB deduped)wandb: / 0.003 MB of 0.003 MB uploaded (0.000 MB deduped)wandb: - 0.003 MB of 0.003 MB uploaded (0.000 MB deduped)wandb: \ 0.003 MB of 0.003 MB uploaded (0.000 MB deduped)wandb: 
wandb: Run history:
wandb: best_client_id ▁▁▁▁▁▁▁▁▁▁
wandb: client_0_auprc ▁▁▁▁▁▁▁▁▁▁
wandb: client_1_auprc ▁▁▁▁▁▁▁▁▁▁
wandb: client_2_auprc ▁▁▁▁▁▁▁▁▁▁
wandb: client_3_auprc ▁▁▁▁▁▁▁▁▁▁
wandb: client_4_auprc ▁▁▁▁▁▁▁▁▁▁
wandb:          round ▁▂▃▃▄▅▆▆▇██
wandb:     test_auprc ▁
wandb:        test_f1 ▁
wandb:      test_loss ▁
wandb: test_precision ▁
wandb:    test_recall ▁
wandb:      val_auprc ▁▁▁▁▁▁▁▁▁▁
wandb:         val_f1 ▁▁▁▁▁▁▁▁▁▁
wandb:       val_loss ▁▁▁▁▁▁▁▁▁▁
wandb:  val_precision ▁▁▁▁▁▁▁▁▁▁
wandb:     val_recall ▁▁▁▁▁▁▁▁▁▁
wandb: 
wandb: Run summary:
wandb:   best_client_id 4
wandb:       best_round 1
wandb:   best_val_auprc 0.99742
wandb:   client_0_auprc 0.9967
wandb:   client_1_auprc 0.99545
wandb:   client_2_auprc 0.98951
wandb:   client_3_auprc 0.99662
wandb:   client_4_auprc 0.99742
wandb: duration_seconds 317.43427
wandb:            round 10
wandb:       test_auprc 0.99598
wandb:          test_f1 0.89529
wandb:        test_loss 0.00402
wandb:   test_precision 0.81312
wandb:      test_recall 0.99594
wandb:        val_auprc 0.99742
wandb:           val_f1 0.90728
wandb:         val_loss 0.00258
wandb:    val_precision 0.83254
wandb:       val_recall 0.99675
wandb: 
wandb: 🚀 View run gbm_dirichlet_alpha1.0_smote_seed42 at: https://wandb.ai/deo250605-sepuluh-nopember-insitute-of-technology/hfedxgboost-paysim/runs/rojhcdvd
wandb: Synced 6 W&B file(s), 0 media file(s), 0 artifact file(s) and 0 other file(s)
wandb: Find logs at: ./wandb/run-20260603_151256-rojhcdvd/logs
[run] resolved config: {'model': 'gbm_bestmodel', 'num_clients': 5, 'num_rounds': 10, 'random_seed': 42, 'oversampling': 'smote', 'smote_k_neighbors': 5, 'smote_sampling_strategy': 'auto', 'use_wandb': True, 'wandb_project': 'hfedxgboost-paysim', 'early_stop_patience': 10, 'partition': {'scheme': 'dirichlet', 'alpha': 1.0}, 'gbm_params': {'max_iter': 100, 'learning_rate': 0.1, 'max_depth': 6}}
[run] === gbm | scheme=dirichlet alpha=1.0 K=5 R=10 oversampling=smote seed=42 ===
[paysim] loading data/paysim/paysim.csv
[paysim] loaded 6,362,620 rows, 11 columns

[paysim] === data summary ===
  total rows loaded : 6,362,620
  feature count     : 13
  feature names     : ['step', 'amount', 'oldbalanceOrg', 'newbalanceOrig', 'oldbalanceDest', 'newbalanceDest', 'errorBalanceOrig', 'errorBalanceDest', 'type_CASH_IN', 'type_CASH_OUT', 'type_DEBIT', 'type_PAYMENT', 'type_TRANSFER']
  x_train: (4453834, 13)  dtype=float32   |  y_train: (4453834,)  dtype=int32
  x_val  : (954393, 13)  dtype=float32   |  y_val  : (954393,)  dtype=int32
  x_test : (954393, 13)  dtype=float32   |  y_test : (954393,)  dtype=int32
  fraud in train: 5,749 / 4,453,834  (0.1291%)
  fraud in val  : 1,232 / 954,393  (0.1291%)
  fraud in test : 1,232 / 954,393  (0.1291%)
[paysim] === end summary ===


[smote] === per-client SMOTE summary ===
  cid |    n_before |     n_after |  fraud_before |  fraud_after | ratio_after | applied
----------------------------------------------------------------------------------------
    0 |     425,338 |     849,058 |           809 |      424,529 |    50.0000% |    True
    1 |   1,335,724 |   2,669,678 |           885 |    1,334,839 |    50.0000% |    True
    2 |      22,515 |      44,022 |           504 |       22,011 |    50.0000% |    True
    3 |   1,355,960 |   2,709,568 |         1,176 |    1,354,784 |    50.0000% |    True
    4 |   1,314,297 |   2,623,844 |         2,375 |    1,311,922 |    50.0000% |    True
[smote] === end summary ===

[run] FL starting: 10 rounds, 5 clients
[server] round 1 | client_0_auprc=0.9967 | client_1_auprc=0.9955 | client_2_auprc=0.9895 | client_3_auprc=0.9966 | client_4_auprc=0.9974 | selected_client=4 | val_auprc=0.9974 | val_f1=0.9073 | val_precision=0.8325 | val_recall=0.9968
[server] round 2 | client_0_auprc=0.9967 | client_1_auprc=0.9955 | client_2_auprc=0.9895 | client_3_auprc=0.9966 | client_4_auprc=0.9974 | selected_client=4 | val_auprc=0.9974 | val_f1=0.9073 | val_precision=0.8325 | val_recall=0.9968
[server] round 3 | client_0_auprc=0.9967 | client_1_auprc=0.9955 | client_2_auprc=0.9895 | client_3_auprc=0.9966 | client_4_auprc=0.9974 | selected_client=4 | val_auprc=0.9974 | val_f1=0.9073 | val_precision=0.8325 | val_recall=0.9968
[server] round 4 | client_0_auprc=0.9967 | client_1_auprc=0.9955 | client_2_auprc=0.9895 | client_3_auprc=0.9966 | client_4_auprc=0.9974 | selected_client=4 | val_auprc=0.9974 | val_f1=0.9073 | val_precision=0.8325 | val_recall=0.9968
[server] round 5 | client_0_auprc=0.9967 | client_1_auprc=0.9955 | client_2_auprc=0.9895 | client_3_auprc=0.9966 | client_4_auprc=0.9974 | selected_client=4 | val_auprc=0.9974 | val_f1=0.9073 | val_precision=0.8325 | val_recall=0.9968
[server] round 6 | client_0_auprc=0.9967 | client_1_auprc=0.9955 | client_2_auprc=0.9895 | client_3_auprc=0.9966 | client_4_auprc=0.9974 | selected_client=4 | val_auprc=0.9974 | val_f1=0.9073 | val_precision=0.8325 | val_recall=0.9968
[server] round 7 | client_0_auprc=0.9967 | client_1_auprc=0.9955 | client_2_auprc=0.9895 | client_3_auprc=0.9966 | client_4_auprc=0.9974 | selected_client=4 | val_auprc=0.9974 | val_f1=0.9073 | val_precision=0.8325 | val_recall=0.9968
[server] round 8 | client_0_auprc=0.9967 | client_1_auprc=0.9955 | client_2_auprc=0.9895 | client_3_auprc=0.9966 | client_4_auprc=0.9974 | selected_client=4 | val_auprc=0.9974 | val_f1=0.9073 | val_precision=0.8325 | val_recall=0.9968
[server] round 9 | client_0_auprc=0.9967 | client_1_auprc=0.9955 | client_2_auprc=0.9895 | client_3_auprc=0.9966 | client_4_auprc=0.9974 | selected_client=4 | val_auprc=0.9974 | val_f1=0.9073 | val_precision=0.8325 | val_recall=0.9968
[server] round 10 | client_0_auprc=0.9967 | client_1_auprc=0.9955 | client_2_auprc=0.9895 | client_3_auprc=0.9966 | client_4_auprc=0.9974 | selected_client=4 | val_auprc=0.9974 | val_f1=0.9073 | val_precision=0.8325 | val_recall=0.9968
[server] FINAL round 10 | test_auprc=0.9960 | test_f1=0.8953 | test_precision=0.8131 | test_recall=0.9959
[run] best val_auprc: 0.9974 at round 1 (selected client 4)
[run] final test: auprc=0.9960 | f1=0.8953 | precision=0.8131 | recall=0.9959
[run] selection trace: r1:c4 r2:c4 r3:c4 r4:c4 r5:c4 r6:c4 r7:c4 r8:c4 r9:c4 r10:c4
[results] wrote summary CSV → results/logs/gbm/gbm_dirichlet_alpha1.0_smote_seed42.csv
[results] wrote rounds CSV  → results/logs/gbm/gbm_dirichlet_alpha1.0_smote_seed42_rounds.csv
