/home/justin/miniconda3/envs/fraud-fl-TA/lib/python3.10/site-packages/ray/_private/parameter.py:4: UserWarning: pkg_resources is deprecated as an API. See https://setuptools.pypa.io/en/latest/pkg_resources.html. The pkg_resources package is slated for removal as early as 2025-11-30. Refrain from using this package or pin to Setuptools<81.
  import pkg_resources
/home/justin/miniconda3/envs/fraud-fl-TA/lib/python3.10/site-packages/wandb/sdk/launch/builder/build.py:11: UserWarning: pkg_resources is deprecated as an API. See https://setuptools.pypa.io/en/latest/pkg_resources.html. The pkg_resources package is slated for removal as early as 2025-11-30. Refrain from using this package or pin to Setuptools<81.
  import pkg_resources
wandb: Currently logged in as: deo250605 (deo250605-sepuluh-nopember-insitute-of-technology). Use `wandb login --relogin` to force relogin
wandb: wandb version 0.27.0 is available!  To upgrade, please run:
wandb:  $ pip install wandb --upgrade
wandb: Tracking run with wandb version 0.15.12
wandb: Run data is saved locally in /home/justin/fraud-fl-TA/wandb/run-20260603_145916-pw28jpja
wandb: Run `wandb offline` to turn off syncing.
wandb: Syncing run gbm_iid_alpha-_none_seed42
wandb: ⭐️ View project at https://wandb.ai/deo250605-sepuluh-nopember-insitute-of-technology/hfedxgboost-paysim
wandb: 🚀 View run at https://wandb.ai/deo250605-sepuluh-nopember-insitute-of-technology/hfedxgboost-paysim/runs/pw28jpja
INFO flwr 2026-06-03 14:59:19,714 | app.py:175 | Starting Flower simulation, config: ServerConfig(num_rounds=10, round_timeout=None)
2026-06-03 14:59:21,367	INFO worker.py:1621 -- Started a local Ray instance.
INFO flwr 2026-06-03 14:59:22,001 | app.py:210 | Flower VCE: Ray initialized with resources: {'CPU': 20.0, 'node:__internal_head__': 1.0, 'memory': 5463849371.0, 'object_store_memory': 2731924684.0, 'node:172.24.108.56': 1.0}
INFO flwr 2026-06-03 14:59:22,001 | app.py:224 | Flower VCE: Resources for each Virtual Client: {'num_cpus': 1, 'num_gpus': 0}
INFO flwr 2026-06-03 14:59:22,011 | app.py:270 | Flower VCE: Creating VirtualClientEngineActorPool with 20 actors
INFO flwr 2026-06-03 14:59:22,011 | server.py:89 | Initializing global parameters
INFO flwr 2026-06-03 14:59:22,012 | server.py:272 | Using initial parameters provided by strategy
INFO flwr 2026-06-03 14:59:22,012 | server.py:91 | Evaluating initial parameters
INFO flwr 2026-06-03 14:59:22,012 | server.py:104 | FL starting
DEBUG flwr 2026-06-03 14:59:22,012 | server.py:222 | fit_round 1: strategy sampled 5 clients (out of 5)
[2m[33m(raylet)[0m /home/justin/miniconda3/envs/fraud-fl-TA/lib/python3.10/site-packages/ray/_private/parameter.py:4: UserWarning: pkg_resources is deprecated as an API. See https://setuptools.pypa.io/en/latest/pkg_resources.html. The pkg_resources package is slated for removal as early as 2025-11-30. Refrain from using this package or pin to Setuptools<81.
[2m[33m(raylet)[0m   import pkg_resources
[2m[33m(raylet)[0m /home/justin/miniconda3/envs/fraud-fl-TA/lib/python3.10/site-packages/ray/_private/parameter.py:4: UserWarning: pkg_resources is deprecated as an API. See https://setuptools.pypa.io/en/latest/pkg_resources.html. The pkg_resources package is slated for removal as early as 2025-11-30. Refrain from using this package or pin to Setuptools<81.
[2m[33m(raylet)[0m   import pkg_resources
[2m[33m(raylet)[0m /home/justin/miniconda3/envs/fraud-fl-TA/lib/python3.10/site-packages/ray/_private/parameter.py:4: UserWarning: pkg_resources is deprecated as an API. See https://setuptools.pypa.io/en/latest/pkg_resources.html. The pkg_resources package is slated for removal as early as 2025-11-30. Refrain from using this package or pin to Setuptools<81.
[2m[33m(raylet)[0m   import pkg_resources
[2m[33m(raylet)[0m /home/justin/miniconda3/envs/fraud-fl-TA/lib/python3.10/site-packages/ray/_private/parameter.py:4: UserWarning: pkg_resources is deprecated as an API. See https://setuptools.pypa.io/en/latest/pkg_resources.html. The pkg_resources package is slated for removal as early as 2025-11-30. Refrain from using this package or pin to Setuptools<81.
[2m[33m(raylet)[0m   import pkg_resources
[2m[33m(raylet)[0m /home/justin/miniconda3/envs/fraud-fl-TA/lib/python3.10/site-packages/ray/_private/parameter.py:4: UserWarning: pkg_resources is deprecated as an API. See https://setuptools.pypa.io/en/latest/pkg_resources.html. The pkg_resources package is slated for removal as early as 2025-11-30. Refrain from using this package or pin to Setuptools<81.
[2m[33m(raylet)[0m   import pkg_resources
[2m[33m(raylet)[0m /home/justin/miniconda3/envs/fraud-fl-TA/lib/python3.10/site-packages/ray/_private/parameter.py:4: UserWarning: pkg_resources is deprecated as an API. See https://setuptools.pypa.io/en/latest/pkg_resources.html. The pkg_resources package is slated for removal as early as 2025-11-30. Refrain from using this package or pin to Setuptools<81.
[2m[33m(raylet)[0m   import pkg_resources
[2m[33m(raylet)[0m /home/justin/miniconda3/envs/fraud-fl-TA/lib/python3.10/site-packages/ray/_private/parameter.py:4: UserWarning: pkg_resources is deprecated as an API. See https://setuptools.pypa.io/en/latest/pkg_resources.html. The pkg_resources package is slated for removal as early as 2025-11-30. Refrain from using this package or pin to Setuptools<81.
[2m[33m(raylet)[0m   import pkg_resources
[2m[33m(raylet)[0m /home/justin/miniconda3/envs/fraud-fl-TA/lib/python3.10/site-packages/ray/_private/parameter.py:4: UserWarning: pkg_resources is deprecated as an API. See https://setuptools.pypa.io/en/latest/pkg_resources.html. The pkg_resources package is slated for removal as early as 2025-11-30. Refrain from using this package or pin to Setuptools<81.
[2m[33m(raylet)[0m   import pkg_resources
[2m[33m(raylet)[0m /home/justin/miniconda3/envs/fraud-fl-TA/lib/python3.10/site-packages/ray/_private/parameter.py:4: UserWarning: pkg_resources is deprecated as an API. See https://setuptools.pypa.io/en/latest/pkg_resources.html. The pkg_resources package is slated for removal as early as 2025-11-30. Refrain from using this package or pin to Setuptools<81.
[2m[33m(raylet)[0m   import pkg_resources
[2m[33m(raylet)[0m /home/justin/miniconda3/envs/fraud-fl-TA/lib/python3.10/site-packages/ray/_private/parameter.py:4: UserWarning: pkg_resources is deprecated as an API. See https://setuptools.pypa.io/en/latest/pkg_resources.html. The pkg_resources package is slated for removal as early as 2025-11-30. Refrain from using this package or pin to Setuptools<81.
[2m[33m(raylet)[0m   import pkg_resources
[2m[33m(raylet)[0m /home/justin/miniconda3/envs/fraud-fl-TA/lib/python3.10/site-packages/ray/_private/parameter.py:4: UserWarning: pkg_resources is deprecated as an API. See https://setuptools.pypa.io/en/latest/pkg_resources.html. The pkg_resources package is slated for removal as early as 2025-11-30. Refrain from using this package or pin to Setuptools<81.
[2m[33m(raylet)[0m   import pkg_resources
[2m[33m(raylet)[0m /home/justin/miniconda3/envs/fraud-fl-TA/lib/python3.10/site-packages/ray/_private/parameter.py:4: UserWarning: pkg_resources is deprecated as an API. See https://setuptools.pypa.io/en/latest/pkg_resources.html. The pkg_resources package is slated for removal as early as 2025-11-30. Refrain from using this package or pin to Setuptools<81.
[2m[33m(raylet)[0m   import pkg_resources
[2m[33m(raylet)[0m /home/justin/miniconda3/envs/fraud-fl-TA/lib/python3.10/site-packages/ray/_private/parameter.py:4: UserWarning: pkg_resources is deprecated as an API. See https://setuptools.pypa.io/en/latest/pkg_resources.html. The pkg_resources package is slated for removal as early as 2025-11-30. Refrain from using this package or pin to Setuptools<81.
[2m[33m(raylet)[0m   import pkg_resources
[2m[33m(raylet)[0m /home/justin/miniconda3/envs/fraud-fl-TA/lib/python3.10/site-packages/ray/_private/parameter.py:4: UserWarning: pkg_resources is deprecated as an API. See https://setuptools.pypa.io/en/latest/pkg_resources.html. The pkg_resources package is slated for removal as early as 2025-11-30. Refrain from using this package or pin to Setuptools<81.
[2m[33m(raylet)[0m   import pkg_resources
[2m[33m(raylet)[0m /home/justin/miniconda3/envs/fraud-fl-TA/lib/python3.10/site-packages/ray/_private/parameter.py:4: UserWarning: pkg_resources is deprecated as an API. See https://setuptools.pypa.io/en/latest/pkg_resources.html. The pkg_resources package is slated for removal as early as 2025-11-30. Refrain from using this package or pin to Setuptools<81.
[2m[33m(raylet)[0m   import pkg_resources
[2m[33m(raylet)[0m /home/justin/miniconda3/envs/fraud-fl-TA/lib/python3.10/site-packages/ray/_private/parameter.py:4: UserWarning: pkg_resources is deprecated as an API. See https://setuptools.pypa.io/en/latest/pkg_resources.html. The pkg_resources package is slated for removal as early as 2025-11-30. Refrain from using this package or pin to Setuptools<81.
[2m[33m(raylet)[0m   import pkg_resources
[2m[33m(raylet)[0m /home/justin/miniconda3/envs/fraud-fl-TA/lib/python3.10/site-packages/ray/_private/parameter.py:4: UserWarning: pkg_resources is deprecated as an API. See https://setuptools.pypa.io/en/latest/pkg_resources.html. The pkg_resources package is slated for removal as early as 2025-11-30. Refrain from using this package or pin to Setuptools<81.
[2m[33m(raylet)[0m   import pkg_resources
[2m[33m(raylet)[0m /home/justin/miniconda3/envs/fraud-fl-TA/lib/python3.10/site-packages/ray/_private/parameter.py:4: UserWarning: pkg_resources is deprecated as an API. See https://setuptools.pypa.io/en/latest/pkg_resources.html. The pkg_resources package is slated for removal as early as 2025-11-30. Refrain from using this package or pin to Setuptools<81.
[2m[33m(raylet)[0m   import pkg_resources
[2m[33m(raylet)[0m /home/justin/miniconda3/envs/fraud-fl-TA/lib/python3.10/site-packages/ray/_private/parameter.py:4: UserWarning: pkg_resources is deprecated as an API. See https://setuptools.pypa.io/en/latest/pkg_resources.html. The pkg_resources package is slated for removal as early as 2025-11-30. Refrain from using this package or pin to Setuptools<81.
[2m[33m(raylet)[0m   import pkg_resources
[2m[33m(raylet)[0m /home/justin/miniconda3/envs/fraud-fl-TA/lib/python3.10/site-packages/ray/_private/parameter.py:4: UserWarning: pkg_resources is deprecated as an API. See https://setuptools.pypa.io/en/latest/pkg_resources.html. The pkg_resources package is slated for removal as early as 2025-11-30. Refrain from using this package or pin to Setuptools<81.
[2m[33m(raylet)[0m   import pkg_resources
DEBUG flwr 2026-06-03 14:59:33,017 | server.py:236 | fit_round 1 received 5 results and 0 failures
INFO flwr 2026-06-03 14:59:37,093 | server.py:171 | evaluate_round 1: no clients selected, cancel
DEBUG flwr 2026-06-03 14:59:37,094 | server.py:222 | fit_round 2: strategy sampled 5 clients (out of 5)
DEBUG flwr 2026-06-03 14:59:47,036 | server.py:236 | fit_round 2 received 5 results and 0 failures
INFO flwr 2026-06-03 14:59:51,069 | server.py:171 | evaluate_round 2: no clients selected, cancel
DEBUG flwr 2026-06-03 14:59:51,069 | server.py:222 | fit_round 3: strategy sampled 5 clients (out of 5)
DEBUG flwr 2026-06-03 15:00:00,879 | server.py:236 | fit_round 3 received 5 results and 0 failures
INFO flwr 2026-06-03 15:00:04,926 | server.py:171 | evaluate_round 3: no clients selected, cancel
DEBUG flwr 2026-06-03 15:00:04,926 | server.py:222 | fit_round 4: strategy sampled 5 clients (out of 5)
DEBUG flwr 2026-06-03 15:00:15,601 | server.py:236 | fit_round 4 received 5 results and 0 failures
INFO flwr 2026-06-03 15:00:19,857 | server.py:171 | evaluate_round 4: no clients selected, cancel
DEBUG flwr 2026-06-03 15:00:19,858 | server.py:222 | fit_round 5: strategy sampled 5 clients (out of 5)
DEBUG flwr 2026-06-03 15:00:29,832 | server.py:236 | fit_round 5 received 5 results and 0 failures
INFO flwr 2026-06-03 15:00:33,929 | server.py:171 | evaluate_round 5: no clients selected, cancel
DEBUG flwr 2026-06-03 15:00:33,929 | server.py:222 | fit_round 6: strategy sampled 5 clients (out of 5)
DEBUG flwr 2026-06-03 15:00:43,705 | server.py:236 | fit_round 6 received 5 results and 0 failures
INFO flwr 2026-06-03 15:00:47,785 | server.py:171 | evaluate_round 6: no clients selected, cancel
DEBUG flwr 2026-06-03 15:00:47,785 | server.py:222 | fit_round 7: strategy sampled 5 clients (out of 5)
DEBUG flwr 2026-06-03 15:00:57,642 | server.py:236 | fit_round 7 received 5 results and 0 failures
INFO flwr 2026-06-03 15:01:01,796 | server.py:171 | evaluate_round 7: no clients selected, cancel
DEBUG flwr 2026-06-03 15:01:01,796 | server.py:222 | fit_round 8: strategy sampled 5 clients (out of 5)
DEBUG flwr 2026-06-03 15:01:11,672 | server.py:236 | fit_round 8 received 5 results and 0 failures
INFO flwr 2026-06-03 15:01:15,744 | server.py:171 | evaluate_round 8: no clients selected, cancel
DEBUG flwr 2026-06-03 15:01:15,744 | server.py:222 | fit_round 9: strategy sampled 5 clients (out of 5)
DEBUG flwr 2026-06-03 15:01:25,514 | server.py:236 | fit_round 9 received 5 results and 0 failures
INFO flwr 2026-06-03 15:01:29,569 | server.py:171 | evaluate_round 9: no clients selected, cancel
DEBUG flwr 2026-06-03 15:01:29,569 | server.py:222 | fit_round 10: strategy sampled 5 clients (out of 5)
DEBUG flwr 2026-06-03 15:01:39,453 | server.py:236 | fit_round 10 received 5 results and 0 failures
INFO flwr 2026-06-03 15:01:44,639 | server.py:171 | evaluate_round 10: no clients selected, cancel
INFO flwr 2026-06-03 15:01:44,639 | server.py:153 | FL finished in 142.62668586918153
INFO flwr 2026-06-03 15:01:44,639 | app.py:225 | app_fit: losses_distributed []
INFO flwr 2026-06-03 15:01:44,640 | app.py:226 | app_fit: metrics_distributed_fit {'selected_client_id': [(1, 0.0), (2, 0.0), (3, 0.0), (4, 0.0), (5, 0.0), (6, 0.0), (7, 0.0), (8, 0.0), (9, 0.0), (10, 0.0)], 'val_auprc': [(1, 0.35554924301550633), (2, 0.35554924301550633), (3, 0.35554924301550633), (4, 0.35554924301550633), (5, 0.35554924301550633), (6, 0.35554924301550633), (7, 0.35554924301550633), (8, 0.35554924301550633), (9, 0.35554924301550633), (10, 0.35554924301550633)], 'val_f1': [(1, 0.5236668663870582), (2, 0.5236668663870582), (3, 0.5236668663870582), (4, 0.5236668663870582), (5, 0.5236668663870582), (6, 0.5236668663870582), (7, 0.5236668663870582), (8, 0.5236668663870582), (9, 0.5236668663870582), (10, 0.5236668663870582)], 'val_precision': [(1, 1.0), (2, 1.0), (3, 1.0), (4, 1.0), (5, 1.0), (6, 1.0), (7, 1.0), (8, 1.0), (9, 1.0), (10, 1.0)], 'val_recall': [(1, 0.3547077922077922), (2, 0.3547077922077922), (3, 0.3547077922077922), (4, 0.3547077922077922), (5, 0.3547077922077922), (6, 0.3547077922077922), (7, 0.3547077922077922), (8, 0.3547077922077922), (9, 0.3547077922077922), (10, 0.3547077922077922)]}
INFO flwr 2026-06-03 15:01:44,640 | app.py:227 | app_fit: metrics_distributed {}
INFO flwr 2026-06-03 15:01:44,640 | app.py:228 | app_fit: losses_centralized []
INFO flwr 2026-06-03 15:01:44,640 | app.py:229 | app_fit: metrics_centralized {}
wandb: Waiting for W&B process to finish... (success).
wandb: - 0.003 MB of 0.003 MB uploaded (0.000 MB deduped)wandb: \ 0.003 MB of 0.012 MB uploaded (0.000 MB deduped)wandb: | 0.027 MB of 0.027 MB uploaded (0.000 MB deduped)wandb: / 0.027 MB of 0.027 MB uploaded (0.000 MB deduped)wandb: 
wandb: Run history:
wandb: best_client_id ▁▁▁▁▁▁▁▁▁▁
wandb: client_0_auprc ▁▁▁▁▁▁▁▁▁▁
wandb: client_1_auprc ▁▁▁▁▁▁▁▁▁▁
wandb: client_2_auprc ▁▁▁▁▁▁▁▁▁▁
wandb: client_3_auprc ▁▁▁▁▁▁▁▁▁▁
wandb: client_4_auprc ▁▁▁▁▁▁▁▁▁▁
wandb:          round ▁▂▃▃▄▅▆▆▇██
wandb:     test_auprc ▁
wandb:        test_f1 ▁
wandb:      test_loss ▁
wandb: test_precision ▁
wandb:    test_recall ▁
wandb:      val_auprc ▁▁▁▁▁▁▁▁▁▁
wandb:         val_f1 ▁▁▁▁▁▁▁▁▁▁
wandb:       val_loss ▁▁▁▁▁▁▁▁▁▁
wandb:  val_precision ▁▁▁▁▁▁▁▁▁▁
wandb:     val_recall ▁▁▁▁▁▁▁▁▁▁
wandb: 
wandb: Run summary:
wandb:   best_client_id 0
wandb:       best_round 1
wandb:   best_val_auprc 0.35555
wandb:   client_0_auprc 0.35555
wandb:   client_1_auprc 0.00129
wandb:   client_2_auprc 0.00129
wandb:   client_3_auprc 0.00594
wandb:   client_4_auprc 0.00251
wandb: duration_seconds 160.02376
wandb:            round 10
wandb:       test_auprc 0.3765
wandb:          test_f1 0.54567
wandb:        test_loss 0.6235
wandb:   test_precision 0.9957
wandb:      test_recall 0.37581
wandb:        val_auprc 0.35555
wandb:           val_f1 0.52367
wandb:         val_loss 0.64445
wandb:    val_precision 1.0
wandb:       val_recall 0.35471
wandb: 
wandb: 🚀 View run gbm_iid_alpha-_none_seed42 at: https://wandb.ai/deo250605-sepuluh-nopember-insitute-of-technology/hfedxgboost-paysim/runs/pw28jpja
wandb: Synced 6 W&B file(s), 0 media file(s), 0 artifact file(s) and 0 other file(s)
wandb: Find logs at: ./wandb/run-20260603_145916-pw28jpja/logs
[run] resolved config: {'model': 'gbm_bestmodel', 'num_clients': 5, 'num_rounds': 10, 'random_seed': 42, 'oversampling': 'none', 'smote_k_neighbors': 5, 'smote_sampling_strategy': 'auto', 'use_wandb': True, 'wandb_project': 'hfedxgboost-paysim', 'early_stop_patience': 10, 'partition': {'scheme': 'iid', 'alpha': None}, 'gbm_params': {'max_iter': 100, 'learning_rate': 0.1, 'max_depth': 6}}
[run] === gbm | scheme=iid alpha=None K=5 R=10 oversampling=none seed=42 ===
[paysim] loading data/paysim/paysim.csv
[paysim] loaded 6,362,620 rows, 11 columns

[paysim] === data summary ===
  total rows loaded : 6,362,620
  feature count     : 13
  feature names     : ['step', 'amount', 'oldbalanceOrg', 'newbalanceOrig', 'oldbalanceDest', 'newbalanceDest', 'errorBalanceOrig', 'errorBalanceDest', 'type_CASH_IN', 'type_CASH_OUT', 'type_DEBIT', 'type_PAYMENT', 'type_TRANSFER']
  x_train: (4453834, 13)  dtype=float32   |  y_train: (4453834,)  dtype=int32
  x_val  : (954393, 13)  dtype=float32   |  y_val  : (954393,)  dtype=int32
  x_test : (954393, 13)  dtype=float32   |  y_test : (954393,)  dtype=int32
  fraud in train: 5,749 / 4,453,834  (0.1291%)
  fraud in val  : 1,232 / 954,393  (0.1291%)
  fraud in test : 1,232 / 954,393  (0.1291%)
[paysim] === end summary ===


[smote] === per-client SMOTE summary ===
  cid |    n_before |     n_after |  fraud_before |  fraud_after | ratio_after | applied
----------------------------------------------------------------------------------------
    0 |     890,767 |     890,767 |         1,152 |        1,152 |     0.1293% |   False
    1 |     890,767 |     890,767 |         1,091 |        1,091 |     0.1225% |   False
    2 |     890,767 |     890,767 |         1,174 |        1,174 |     0.1318% |   False
    3 |     890,767 |     890,767 |         1,155 |        1,155 |     0.1297% |   False
    4 |     890,766 |     890,766 |         1,177 |        1,177 |     0.1321% |   False
[smote] === end summary ===

[run] FL starting: 10 rounds, 5 clients
[server] round 1 | client_0_auprc=0.3555 | client_1_auprc=0.0013 | client_2_auprc=0.0013 | client_3_auprc=0.0059 | client_4_auprc=0.0025 | selected_client=0 | val_auprc=0.3555 | val_f1=0.5237 | val_precision=1.0000 | val_recall=0.3547
[server] round 2 | client_0_auprc=0.3555 | client_1_auprc=0.0013 | client_2_auprc=0.0013 | client_3_auprc=0.0059 | client_4_auprc=0.0025 | selected_client=0 | val_auprc=0.3555 | val_f1=0.5237 | val_precision=1.0000 | val_recall=0.3547
[server] round 3 | client_0_auprc=0.3555 | client_1_auprc=0.0013 | client_2_auprc=0.0013 | client_3_auprc=0.0059 | client_4_auprc=0.0025 | selected_client=0 | val_auprc=0.3555 | val_f1=0.5237 | val_precision=1.0000 | val_recall=0.3547
[server] round 4 | client_0_auprc=0.3555 | client_1_auprc=0.0013 | client_2_auprc=0.0013 | client_3_auprc=0.0059 | client_4_auprc=0.0025 | selected_client=0 | val_auprc=0.3555 | val_f1=0.5237 | val_precision=1.0000 | val_recall=0.3547
[server] round 5 | client_0_auprc=0.3555 | client_1_auprc=0.0013 | client_2_auprc=0.0013 | client_3_auprc=0.0059 | client_4_auprc=0.0025 | selected_client=0 | val_auprc=0.3555 | val_f1=0.5237 | val_precision=1.0000 | val_recall=0.3547
[server] round 6 | client_0_auprc=0.3555 | client_1_auprc=0.0013 | client_2_auprc=0.0013 | client_3_auprc=0.0059 | client_4_auprc=0.0025 | selected_client=0 | val_auprc=0.3555 | val_f1=0.5237 | val_precision=1.0000 | val_recall=0.3547
[server] round 7 | client_0_auprc=0.3555 | client_1_auprc=0.0013 | client_2_auprc=0.0013 | client_3_auprc=0.0059 | client_4_auprc=0.0025 | selected_client=0 | val_auprc=0.3555 | val_f1=0.5237 | val_precision=1.0000 | val_recall=0.3547
[server] round 8 | client_0_auprc=0.3555 | client_1_auprc=0.0013 | client_2_auprc=0.0013 | client_3_auprc=0.0059 | client_4_auprc=0.0025 | selected_client=0 | val_auprc=0.3555 | val_f1=0.5237 | val_precision=1.0000 | val_recall=0.3547
[server] round 9 | client_0_auprc=0.3555 | client_1_auprc=0.0013 | client_2_auprc=0.0013 | client_3_auprc=0.0059 | client_4_auprc=0.0025 | selected_client=0 | val_auprc=0.3555 | val_f1=0.5237 | val_precision=1.0000 | val_recall=0.3547
[server] round 10 | client_0_auprc=0.3555 | client_1_auprc=0.0013 | client_2_auprc=0.0013 | client_3_auprc=0.0059 | client_4_auprc=0.0025 | selected_client=0 | val_auprc=0.3555 | val_f1=0.5237 | val_precision=1.0000 | val_recall=0.3547
[server] FINAL round 10 | test_auprc=0.3765 | test_f1=0.5457 | test_precision=0.9957 | test_recall=0.3758
[run] best val_auprc: 0.3555 at round 1 (selected client 0)
[run] final test: auprc=0.3765 | f1=0.5457 | precision=0.9957 | recall=0.3758
[run] selection trace: r1:c0 r2:c0 r3:c0 r4:c0 r5:c0 r6:c0 r7:c0 r8:c0 r9:c0 r10:c0
[results] wrote summary CSV → results/logs/gbm/gbm_iid_alpha-_none_seed42.csv
[results] wrote rounds CSV  → results/logs/gbm/gbm_iid_alpha-_none_seed42_rounds.csv
