/home/justin/miniconda3/envs/fraud-fl-TA/lib/python3.10/site-packages/ray/_private/parameter.py:4: UserWarning: pkg_resources is deprecated as an API. See https://setuptools.pypa.io/en/latest/pkg_resources.html. The pkg_resources package is slated for removal as early as 2025-11-30. Refrain from using this package or pin to Setuptools<81.
  import pkg_resources
/home/justin/miniconda3/envs/fraud-fl-TA/lib/python3.10/site-packages/wandb/sdk/launch/builder/build.py:11: UserWarning: pkg_resources is deprecated as an API. See https://setuptools.pypa.io/en/latest/pkg_resources.html. The pkg_resources package is slated for removal as early as 2025-11-30. Refrain from using this package or pin to Setuptools<81.
  import pkg_resources
wandb: Currently logged in as: deo250605 (deo250605-sepuluh-nopember-insitute-of-technology). Use `wandb login --relogin` to force relogin
wandb: wandb version 0.27.0 is available!  To upgrade, please run:
wandb:  $ pip install wandb --upgrade
wandb: Tracking run with wandb version 0.15.12
wandb: Run data is saved locally in /home/justin/fraud-fl-TA/wandb/run-20260603_152711-99wweaah
wandb: Run `wandb offline` to turn off syncing.
wandb: Syncing run gbm_dirichlet_alpha5.0_smote_seed42
wandb: ⭐️ View project at https://wandb.ai/deo250605-sepuluh-nopember-insitute-of-technology/hfedxgboost-paysim
wandb: 🚀 View run at https://wandb.ai/deo250605-sepuluh-nopember-insitute-of-technology/hfedxgboost-paysim/runs/99wweaah
INFO flwr 2026-06-03 15:27:13,496 | app.py:175 | Starting Flower simulation, config: ServerConfig(num_rounds=10, round_timeout=None)
2026-06-03 15:27:15,178	INFO worker.py:1621 -- Started a local Ray instance.
INFO flwr 2026-06-03 15:27:15,687 | app.py:210 | Flower VCE: Ray initialized with resources: {'CPU': 20.0, 'node:__internal_head__': 1.0, 'object_store_memory': 4233725952.0, 'memory': 8467451904.0, 'node:172.24.108.56': 1.0}
INFO flwr 2026-06-03 15:27:15,687 | app.py:224 | Flower VCE: Resources for each Virtual Client: {'num_cpus': 1, 'num_gpus': 0}
INFO flwr 2026-06-03 15:27:15,697 | app.py:270 | Flower VCE: Creating VirtualClientEngineActorPool with 20 actors
INFO flwr 2026-06-03 15:27:15,697 | server.py:89 | Initializing global parameters
INFO flwr 2026-06-03 15:27:15,698 | server.py:272 | Using initial parameters provided by strategy
INFO flwr 2026-06-03 15:27:15,698 | server.py:91 | Evaluating initial parameters
INFO flwr 2026-06-03 15:27:15,698 | server.py:104 | FL starting
DEBUG flwr 2026-06-03 15:27:15,698 | server.py:222 | fit_round 1: strategy sampled 5 clients (out of 5)
[2m[33m(raylet)[0m /home/justin/miniconda3/envs/fraud-fl-TA/lib/python3.10/site-packages/ray/_private/parameter.py:4: UserWarning: pkg_resources is deprecated as an API. See https://setuptools.pypa.io/en/latest/pkg_resources.html. The pkg_resources package is slated for removal as early as 2025-11-30. Refrain from using this package or pin to Setuptools<81.
[2m[33m(raylet)[0m   import pkg_resources
[2m[33m(raylet)[0m /home/justin/miniconda3/envs/fraud-fl-TA/lib/python3.10/site-packages/ray/_private/parameter.py:4: UserWarning: pkg_resources is deprecated as an API. See https://setuptools.pypa.io/en/latest/pkg_resources.html. The pkg_resources package is slated for removal as early as 2025-11-30. Refrain from using this package or pin to Setuptools<81.
[2m[33m(raylet)[0m   import pkg_resources
[2m[33m(raylet)[0m /home/justin/miniconda3/envs/fraud-fl-TA/lib/python3.10/site-packages/ray/_private/parameter.py:4: UserWarning: pkg_resources is deprecated as an API. See https://setuptools.pypa.io/en/latest/pkg_resources.html. The pkg_resources package is slated for removal as early as 2025-11-30. Refrain from using this package or pin to Setuptools<81.
[2m[33m(raylet)[0m   import pkg_resources
[2m[33m(raylet)[0m /home/justin/miniconda3/envs/fraud-fl-TA/lib/python3.10/site-packages/ray/_private/parameter.py:4: UserWarning: pkg_resources is deprecated as an API. See https://setuptools.pypa.io/en/latest/pkg_resources.html. The pkg_resources package is slated for removal as early as 2025-11-30. Refrain from using this package or pin to Setuptools<81.
[2m[33m(raylet)[0m   import pkg_resources
[2m[33m(raylet)[0m /home/justin/miniconda3/envs/fraud-fl-TA/lib/python3.10/site-packages/ray/_private/parameter.py:4: UserWarning: pkg_resources is deprecated as an API. See https://setuptools.pypa.io/en/latest/pkg_resources.html. The pkg_resources package is slated for removal as early as 2025-11-30. Refrain from using this package or pin to Setuptools<81.
[2m[33m(raylet)[0m   import pkg_resources
[2m[33m(raylet)[0m /home/justin/miniconda3/envs/fraud-fl-TA/lib/python3.10/site-packages/ray/_private/parameter.py:4: UserWarning: pkg_resources is deprecated as an API. See https://setuptools.pypa.io/en/latest/pkg_resources.html. The pkg_resources package is slated for removal as early as 2025-11-30. Refrain from using this package or pin to Setuptools<81.
[2m[33m(raylet)[0m   import pkg_resources
[2m[33m(raylet)[0m /home/justin/miniconda3/envs/fraud-fl-TA/lib/python3.10/site-packages/ray/_private/parameter.py:4: UserWarning: pkg_resources is deprecated as an API. See https://setuptools.pypa.io/en/latest/pkg_resources.html. The pkg_resources package is slated for removal as early as 2025-11-30. Refrain from using this package or pin to Setuptools<81.
[2m[33m(raylet)[0m   import pkg_resources
[2m[33m(raylet)[0m /home/justin/miniconda3/envs/fraud-fl-TA/lib/python3.10/site-packages/ray/_private/parameter.py:4: UserWarning: pkg_resources is deprecated as an API. See https://setuptools.pypa.io/en/latest/pkg_resources.html. The pkg_resources package is slated for removal as early as 2025-11-30. Refrain from using this package or pin to Setuptools<81.
[2m[33m(raylet)[0m   import pkg_resources
[2m[33m(raylet)[0m /home/justin/miniconda3/envs/fraud-fl-TA/lib/python3.10/site-packages/ray/_private/parameter.py:4: UserWarning: pkg_resources is deprecated as an API. See https://setuptools.pypa.io/en/latest/pkg_resources.html. The pkg_resources package is slated for removal as early as 2025-11-30. Refrain from using this package or pin to Setuptools<81.
[2m[33m(raylet)[0m   import pkg_resources
[2m[33m(raylet)[0m /home/justin/miniconda3/envs/fraud-fl-TA/lib/python3.10/site-packages/ray/_private/parameter.py:4: UserWarning: pkg_resources is deprecated as an API. See https://setuptools.pypa.io/en/latest/pkg_resources.html. The pkg_resources package is slated for removal as early as 2025-11-30. Refrain from using this package or pin to Setuptools<81.
[2m[33m(raylet)[0m   import pkg_resources
[2m[33m(raylet)[0m /home/justin/miniconda3/envs/fraud-fl-TA/lib/python3.10/site-packages/ray/_private/parameter.py:4: UserWarning: pkg_resources is deprecated as an API. See https://setuptools.pypa.io/en/latest/pkg_resources.html. The pkg_resources package is slated for removal as early as 2025-11-30. Refrain from using this package or pin to Setuptools<81.
[2m[33m(raylet)[0m   import pkg_resources
[2m[33m(raylet)[0m /home/justin/miniconda3/envs/fraud-fl-TA/lib/python3.10/site-packages/ray/_private/parameter.py:4: UserWarning: pkg_resources is deprecated as an API. See https://setuptools.pypa.io/en/latest/pkg_resources.html. The pkg_resources package is slated for removal as early as 2025-11-30. Refrain from using this package or pin to Setuptools<81.
[2m[33m(raylet)[0m   import pkg_resources
[2m[33m(raylet)[0m /home/justin/miniconda3/envs/fraud-fl-TA/lib/python3.10/site-packages/ray/_private/parameter.py:4: UserWarning: pkg_resources is deprecated as an API. See https://setuptools.pypa.io/en/latest/pkg_resources.html. The pkg_resources package is slated for removal as early as 2025-11-30. Refrain from using this package or pin to Setuptools<81.
[2m[33m(raylet)[0m   import pkg_resources
[2m[33m(raylet)[0m /home/justin/miniconda3/envs/fraud-fl-TA/lib/python3.10/site-packages/ray/_private/parameter.py:4: UserWarning: pkg_resources is deprecated as an API. See https://setuptools.pypa.io/en/latest/pkg_resources.html. The pkg_resources package is slated for removal as early as 2025-11-30. Refrain from using this package or pin to Setuptools<81.
[2m[33m(raylet)[0m   import pkg_resources
[2m[33m(raylet)[0m /home/justin/miniconda3/envs/fraud-fl-TA/lib/python3.10/site-packages/ray/_private/parameter.py:4: UserWarning: pkg_resources is deprecated as an API. See https://setuptools.pypa.io/en/latest/pkg_resources.html. The pkg_resources package is slated for removal as early as 2025-11-30. Refrain from using this package or pin to Setuptools<81.
[2m[33m(raylet)[0m   import pkg_resources
[2m[33m(raylet)[0m /home/justin/miniconda3/envs/fraud-fl-TA/lib/python3.10/site-packages/ray/_private/parameter.py:4: UserWarning: pkg_resources is deprecated as an API. See https://setuptools.pypa.io/en/latest/pkg_resources.html. The pkg_resources package is slated for removal as early as 2025-11-30. Refrain from using this package or pin to Setuptools<81.
[2m[33m(raylet)[0m   import pkg_resources
[2m[33m(raylet)[0m /home/justin/miniconda3/envs/fraud-fl-TA/lib/python3.10/site-packages/ray/_private/parameter.py:4: UserWarning: pkg_resources is deprecated as an API. See https://setuptools.pypa.io/en/latest/pkg_resources.html. The pkg_resources package is slated for removal as early as 2025-11-30. Refrain from using this package or pin to Setuptools<81.
[2m[33m(raylet)[0m   import pkg_resources
[2m[33m(raylet)[0m /home/justin/miniconda3/envs/fraud-fl-TA/lib/python3.10/site-packages/ray/_private/parameter.py:4: UserWarning: pkg_resources is deprecated as an API. See https://setuptools.pypa.io/en/latest/pkg_resources.html. The pkg_resources package is slated for removal as early as 2025-11-30. Refrain from using this package or pin to Setuptools<81.
[2m[33m(raylet)[0m   import pkg_resources
[2m[33m(raylet)[0m /home/justin/miniconda3/envs/fraud-fl-TA/lib/python3.10/site-packages/ray/_private/parameter.py:4: UserWarning: pkg_resources is deprecated as an API. See https://setuptools.pypa.io/en/latest/pkg_resources.html. The pkg_resources package is slated for removal as early as 2025-11-30. Refrain from using this package or pin to Setuptools<81.
[2m[33m(raylet)[0m   import pkg_resources
[2m[33m(raylet)[0m /home/justin/miniconda3/envs/fraud-fl-TA/lib/python3.10/site-packages/ray/_private/parameter.py:4: UserWarning: pkg_resources is deprecated as an API. See https://setuptools.pypa.io/en/latest/pkg_resources.html. The pkg_resources package is slated for removal as early as 2025-11-30. Refrain from using this package or pin to Setuptools<81.
[2m[33m(raylet)[0m   import pkg_resources
DEBUG flwr 2026-06-03 15:27:45,433 | server.py:236 | fit_round 1 received 5 results and 0 failures
INFO flwr 2026-06-03 15:27:49,437 | server.py:171 | evaluate_round 1: no clients selected, cancel
DEBUG flwr 2026-06-03 15:27:49,437 | server.py:222 | fit_round 2: strategy sampled 5 clients (out of 5)
DEBUG flwr 2026-06-03 15:28:17,932 | server.py:236 | fit_round 2 received 5 results and 0 failures
INFO flwr 2026-06-03 15:28:21,903 | server.py:171 | evaluate_round 2: no clients selected, cancel
DEBUG flwr 2026-06-03 15:28:21,904 | server.py:222 | fit_round 3: strategy sampled 5 clients (out of 5)
DEBUG flwr 2026-06-03 15:28:50,264 | server.py:236 | fit_round 3 received 5 results and 0 failures
INFO flwr 2026-06-03 15:28:54,366 | server.py:171 | evaluate_round 3: no clients selected, cancel
DEBUG flwr 2026-06-03 15:28:54,366 | server.py:222 | fit_round 4: strategy sampled 5 clients (out of 5)
DEBUG flwr 2026-06-03 15:29:22,963 | server.py:236 | fit_round 4 received 5 results and 0 failures
INFO flwr 2026-06-03 15:29:26,978 | server.py:171 | evaluate_round 4: no clients selected, cancel
DEBUG flwr 2026-06-03 15:29:26,979 | server.py:222 | fit_round 5: strategy sampled 5 clients (out of 5)
DEBUG flwr 2026-06-03 15:29:55,481 | server.py:236 | fit_round 5 received 5 results and 0 failures
INFO flwr 2026-06-03 15:29:59,456 | server.py:171 | evaluate_round 5: no clients selected, cancel
DEBUG flwr 2026-06-03 15:29:59,456 | server.py:222 | fit_round 6: strategy sampled 5 clients (out of 5)
DEBUG flwr 2026-06-03 15:30:28,227 | server.py:236 | fit_round 6 received 5 results and 0 failures
INFO flwr 2026-06-03 15:30:32,263 | server.py:171 | evaluate_round 6: no clients selected, cancel
DEBUG flwr 2026-06-03 15:30:32,263 | server.py:222 | fit_round 7: strategy sampled 5 clients (out of 5)
DEBUG flwr 2026-06-03 15:31:00,524 | server.py:236 | fit_round 7 received 5 results and 0 failures
INFO flwr 2026-06-03 15:31:04,501 | server.py:171 | evaluate_round 7: no clients selected, cancel
DEBUG flwr 2026-06-03 15:31:04,501 | server.py:222 | fit_round 8: strategy sampled 5 clients (out of 5)
DEBUG flwr 2026-06-03 15:31:32,586 | server.py:236 | fit_round 8 received 5 results and 0 failures
INFO flwr 2026-06-03 15:31:36,638 | server.py:171 | evaluate_round 8: no clients selected, cancel
DEBUG flwr 2026-06-03 15:31:36,638 | server.py:222 | fit_round 9: strategy sampled 5 clients (out of 5)
DEBUG flwr 2026-06-03 15:32:04,957 | server.py:236 | fit_round 9 received 5 results and 0 failures
INFO flwr 2026-06-03 15:32:08,996 | server.py:171 | evaluate_round 9: no clients selected, cancel
DEBUG flwr 2026-06-03 15:32:08,997 | server.py:222 | fit_round 10: strategy sampled 5 clients (out of 5)
DEBUG flwr 2026-06-03 15:32:37,480 | server.py:236 | fit_round 10 received 5 results and 0 failures
INFO flwr 2026-06-03 15:32:42,602 | server.py:171 | evaluate_round 10: no clients selected, cancel
INFO flwr 2026-06-03 15:32:42,602 | server.py:153 | FL finished in 326.90389668010175
INFO flwr 2026-06-03 15:32:42,602 | app.py:225 | app_fit: losses_distributed []
INFO flwr 2026-06-03 15:32:42,602 | app.py:226 | app_fit: metrics_distributed_fit {'selected_client_id': [(1, 3.0), (2, 3.0), (3, 3.0), (4, 3.0), (5, 3.0), (6, 3.0), (7, 3.0), (8, 3.0), (9, 3.0), (10, 3.0)], 'val_auprc': [(1, 0.9971156494520799), (2, 0.9971156494520799), (3, 0.9971156494520799), (4, 0.9971156494520799), (5, 0.9971156494520799), (6, 0.9971156494520799), (7, 0.9971156494520799), (8, 0.9971156494520799), (9, 0.9971156494520799), (10, 0.9971156494520799)], 'val_f1': [(1, 0.9486288142139823), (2, 0.9486288142139823), (3, 0.9486288142139823), (4, 0.9486288142139823), (5, 0.9486288142139823), (6, 0.9486288142139823), (7, 0.9486288142139823), (8, 0.9486288142139823), (9, 0.9486288142139823), (10, 0.9486288142139823)], 'val_precision': [(1, 0.9049373618275608), (2, 0.9049373618275608), (3, 0.9049373618275608), (4, 0.9049373618275608), (5, 0.9049373618275608), (6, 0.9049373618275608), (7, 0.9049373618275608), (8, 0.9049373618275608), (9, 0.9049373618275608), (10, 0.9049373618275608)], 'val_recall': [(1, 0.9967532467532467), (2, 0.9967532467532467), (3, 0.9967532467532467), (4, 0.9967532467532467), (5, 0.9967532467532467), (6, 0.9967532467532467), (7, 0.9967532467532467), (8, 0.9967532467532467), (9, 0.9967532467532467), (10, 0.9967532467532467)]}
INFO flwr 2026-06-03 15:32:42,603 | app.py:227 | app_fit: metrics_distributed {}
INFO flwr 2026-06-03 15:32:42,603 | app.py:228 | app_fit: losses_centralized []
INFO flwr 2026-06-03 15:32:42,603 | app.py:229 | app_fit: metrics_centralized {}
wandb: Waiting for W&B process to finish... (success).
wandb: 
wandb: Run history:
wandb: best_client_id ▁▁▁▁▁▁▁▁▁▁
wandb: client_0_auprc ▁▁▁▁▁▁▁▁▁▁
wandb: client_1_auprc ▁▁▁▁▁▁▁▁▁▁
wandb: client_2_auprc ▁▁▁▁▁▁▁▁▁▁
wandb: client_3_auprc ▁▁▁▁▁▁▁▁▁▁
wandb: client_4_auprc ▁▁▁▁▁▁▁▁▁▁
wandb:          round ▁▂▃▃▄▅▆▆▇██
wandb:     test_auprc ▁
wandb:        test_f1 ▁
wandb:      test_loss ▁
wandb: test_precision ▁
wandb:    test_recall ▁
wandb:      val_auprc ▁▁▁▁▁▁▁▁▁▁
wandb:         val_f1 ▁▁▁▁▁▁▁▁▁▁
wandb:       val_loss ▁▁▁▁▁▁▁▁▁▁
wandb:  val_precision ▁▁▁▁▁▁▁▁▁▁
wandb:     val_recall ▁▁▁▁▁▁▁▁▁▁
wandb: 
wandb: Run summary:
wandb:   best_client_id 3
wandb:       best_round 1
wandb:   best_val_auprc 0.99712
wandb:   client_0_auprc 0.99625
wandb:   client_1_auprc 0.99685
wandb:   client_2_auprc 0.99693
wandb:   client_3_auprc 0.99712
wandb:   client_4_auprc 0.99679
wandb: duration_seconds 343.21088
wandb:            round 10
wandb:       test_auprc 0.99586
wandb:          test_f1 0.93273
wandb:        test_loss 0.00414
wandb:   test_precision 0.87706
wandb:      test_recall 0.99594
wandb:        val_auprc 0.99712
wandb:           val_f1 0.94863
wandb:         val_loss 0.00288
wandb:    val_precision 0.90494
wandb:       val_recall 0.99675
wandb: 
wandb: 🚀 View run gbm_dirichlet_alpha5.0_smote_seed42 at: https://wandb.ai/deo250605-sepuluh-nopember-insitute-of-technology/hfedxgboost-paysim/runs/99wweaah
wandb: Synced 6 W&B file(s), 0 media file(s), 0 artifact file(s) and 0 other file(s)
wandb: Find logs at: ./wandb/run-20260603_152711-99wweaah/logs
[run] resolved config: {'model': 'gbm_bestmodel', 'num_clients': 5, 'num_rounds': 10, 'random_seed': 42, 'oversampling': 'smote', 'smote_k_neighbors': 5, 'smote_sampling_strategy': 'auto', 'use_wandb': True, 'wandb_project': 'hfedxgboost-paysim', 'early_stop_patience': 10, 'partition': {'scheme': 'dirichlet', 'alpha': 5.0}, 'gbm_params': {'max_iter': 100, 'learning_rate': 0.1, 'max_depth': 6}}
[run] === gbm | scheme=dirichlet alpha=5.0 K=5 R=10 oversampling=smote seed=42 ===
[paysim] loading data/paysim/paysim.csv
[paysim] loaded 6,362,620 rows, 11 columns

[paysim] === data summary ===
  total rows loaded : 6,362,620
  feature count     : 13
  feature names     : ['step', 'amount', 'oldbalanceOrg', 'newbalanceOrig', 'oldbalanceDest', 'newbalanceDest', 'errorBalanceOrig', 'errorBalanceDest', 'type_CASH_IN', 'type_CASH_OUT', 'type_DEBIT', 'type_PAYMENT', 'type_TRANSFER']
  x_train: (4453834, 13)  dtype=float32   |  y_train: (4453834,)  dtype=int32
  x_val  : (954393, 13)  dtype=float32   |  y_val  : (954393,)  dtype=int32
  x_test : (954393, 13)  dtype=float32   |  y_test : (954393,)  dtype=int32
  fraud in train: 5,749 / 4,453,834  (0.1291%)
  fraud in val  : 1,232 / 954,393  (0.1291%)
  fraud in test : 1,232 / 954,393  (0.1291%)
[paysim] === end summary ===


[smote] === per-client SMOTE summary ===
  cid |    n_before |     n_after |  fraud_before |  fraud_after | ratio_after | applied
----------------------------------------------------------------------------------------
    0 |     903,928 |   1,805,696 |         1,080 |      902,848 |    50.0000% |    True
    1 |     818,782 |   1,636,154 |           705 |      818,077 |    50.0000% |    True
    2 |     372,414 |     741,388 |         1,720 |      370,694 |    50.0000% |    True
    3 |   1,620,582 |   3,238,836 |         1,164 |    1,619,418 |    50.0000% |    True
    4 |     738,128 |   1,474,096 |         1,080 |      737,048 |    50.0000% |    True
[smote] === end summary ===

[run] FL starting: 10 rounds, 5 clients
[server] round 1 | client_0_auprc=0.9962 | client_1_auprc=0.9968 | client_2_auprc=0.9969 | client_3_auprc=0.9971 | client_4_auprc=0.9968 | selected_client=3 | val_auprc=0.9971 | val_f1=0.9486 | val_precision=0.9049 | val_recall=0.9968
[server] round 2 | client_0_auprc=0.9962 | client_1_auprc=0.9968 | client_2_auprc=0.9969 | client_3_auprc=0.9971 | client_4_auprc=0.9968 | selected_client=3 | val_auprc=0.9971 | val_f1=0.9486 | val_precision=0.9049 | val_recall=0.9968
[server] round 3 | client_0_auprc=0.9962 | client_1_auprc=0.9968 | client_2_auprc=0.9969 | client_3_auprc=0.9971 | client_4_auprc=0.9968 | selected_client=3 | val_auprc=0.9971 | val_f1=0.9486 | val_precision=0.9049 | val_recall=0.9968
[server] round 4 | client_0_auprc=0.9962 | client_1_auprc=0.9968 | client_2_auprc=0.9969 | client_3_auprc=0.9971 | client_4_auprc=0.9968 | selected_client=3 | val_auprc=0.9971 | val_f1=0.9486 | val_precision=0.9049 | val_recall=0.9968
[server] round 5 | client_0_auprc=0.9962 | client_1_auprc=0.9968 | client_2_auprc=0.9969 | client_3_auprc=0.9971 | client_4_auprc=0.9968 | selected_client=3 | val_auprc=0.9971 | val_f1=0.9486 | val_precision=0.9049 | val_recall=0.9968
[server] round 6 | client_0_auprc=0.9962 | client_1_auprc=0.9968 | client_2_auprc=0.9969 | client_3_auprc=0.9971 | client_4_auprc=0.9968 | selected_client=3 | val_auprc=0.9971 | val_f1=0.9486 | val_precision=0.9049 | val_recall=0.9968
[server] round 7 | client_0_auprc=0.9962 | client_1_auprc=0.9968 | client_2_auprc=0.9969 | client_3_auprc=0.9971 | client_4_auprc=0.9968 | selected_client=3 | val_auprc=0.9971 | val_f1=0.9486 | val_precision=0.9049 | val_recall=0.9968
[server] round 8 | client_0_auprc=0.9962 | client_1_auprc=0.9968 | client_2_auprc=0.9969 | client_3_auprc=0.9971 | client_4_auprc=0.9968 | selected_client=3 | val_auprc=0.9971 | val_f1=0.9486 | val_precision=0.9049 | val_recall=0.9968
[server] round 9 | client_0_auprc=0.9962 | client_1_auprc=0.9968 | client_2_auprc=0.9969 | client_3_auprc=0.9971 | client_4_auprc=0.9968 | selected_client=3 | val_auprc=0.9971 | val_f1=0.9486 | val_precision=0.9049 | val_recall=0.9968
[server] round 10 | client_0_auprc=0.9962 | client_1_auprc=0.9968 | client_2_auprc=0.9969 | client_3_auprc=0.9971 | client_4_auprc=0.9968 | selected_client=3 | val_auprc=0.9971 | val_f1=0.9486 | val_precision=0.9049 | val_recall=0.9968
[server] FINAL round 10 | test_auprc=0.9959 | test_f1=0.9327 | test_precision=0.8771 | test_recall=0.9959
[run] best val_auprc: 0.9971 at round 1 (selected client 3)
[run] final test: auprc=0.9959 | f1=0.9327 | precision=0.8771 | recall=0.9959
[run] selection trace: r1:c3 r2:c3 r3:c3 r4:c3 r5:c3 r6:c3 r7:c3 r8:c3 r9:c3 r10:c3
[results] wrote summary CSV → results/logs/gbm/gbm_dirichlet_alpha5.0_smote_seed42.csv
[results] wrote rounds CSV  → results/logs/gbm/gbm_dirichlet_alpha5.0_smote_seed42_rounds.csv
