/home/justin/miniconda3/envs/fraud-fl-TA/lib/python3.10/site-packages/ray/_private/parameter.py:4: UserWarning: pkg_resources is deprecated as an API. See https://setuptools.pypa.io/en/latest/pkg_resources.html. The pkg_resources package is slated for removal as early as 2025-11-30. Refrain from using this package or pin to Setuptools<81.
  import pkg_resources
/home/justin/miniconda3/envs/fraud-fl-TA/lib/python3.10/site-packages/wandb/sdk/launch/builder/build.py:11: UserWarning: pkg_resources is deprecated as an API. See https://setuptools.pypa.io/en/latest/pkg_resources.html. The pkg_resources package is slated for removal as early as 2025-11-30. Refrain from using this package or pin to Setuptools<81.
  import pkg_resources
wandb: Currently logged in as: deo250605 (deo250605-sepuluh-nopember-insitute-of-technology). Use `wandb login --relogin` to force relogin
wandb: - Waiting for wandb.init()...wandb: \ Waiting for wandb.init()...wandb: wandb version 0.27.0 is available!  To upgrade, please run:
wandb:  $ pip install wandb --upgrade
wandb: Tracking run with wandb version 0.15.12
wandb: Run data is saved locally in /home/justin/fraud-fl-TA/wandb/run-20260603_151836-p0dzrww2
wandb: Run `wandb offline` to turn off syncing.
wandb: Syncing run gbm_dirichlet_alpha1.0_adasyn_seed42
wandb: ⭐️ View project at https://wandb.ai/deo250605-sepuluh-nopember-insitute-of-technology/hfedxgboost-paysim
wandb: 🚀 View run at https://wandb.ai/deo250605-sepuluh-nopember-insitute-of-technology/hfedxgboost-paysim/runs/p0dzrww2
INFO flwr 2026-06-03 15:18:38,899 | app.py:175 | Starting Flower simulation, config: ServerConfig(num_rounds=10, round_timeout=None)
2026-06-03 15:18:40,553	INFO worker.py:1621 -- Started a local Ray instance.
INFO flwr 2026-06-03 15:18:41,115 | app.py:210 | Flower VCE: Ray initialized with resources: {'node:__internal_head__': 1.0, 'CPU': 20.0, 'node:172.24.108.56': 1.0, 'memory': 8364974900.0, 'object_store_memory': 4182487449.0}
INFO flwr 2026-06-03 15:18:41,116 | app.py:224 | Flower VCE: Resources for each Virtual Client: {'num_cpus': 1, 'num_gpus': 0}
INFO flwr 2026-06-03 15:18:41,126 | app.py:270 | Flower VCE: Creating VirtualClientEngineActorPool with 20 actors
INFO flwr 2026-06-03 15:18:41,127 | server.py:89 | Initializing global parameters
INFO flwr 2026-06-03 15:18:41,127 | server.py:272 | Using initial parameters provided by strategy
INFO flwr 2026-06-03 15:18:41,128 | server.py:91 | Evaluating initial parameters
INFO flwr 2026-06-03 15:18:41,128 | server.py:104 | FL starting
DEBUG flwr 2026-06-03 15:18:41,128 | server.py:222 | fit_round 1: strategy sampled 5 clients (out of 5)
[2m[33m(raylet)[0m /home/justin/miniconda3/envs/fraud-fl-TA/lib/python3.10/site-packages/ray/_private/parameter.py:4: UserWarning: pkg_resources is deprecated as an API. See https://setuptools.pypa.io/en/latest/pkg_resources.html. The pkg_resources package is slated for removal as early as 2025-11-30. Refrain from using this package or pin to Setuptools<81.
[2m[33m(raylet)[0m   import pkg_resources
[2m[33m(raylet)[0m /home/justin/miniconda3/envs/fraud-fl-TA/lib/python3.10/site-packages/ray/_private/parameter.py:4: UserWarning: pkg_resources is deprecated as an API. See https://setuptools.pypa.io/en/latest/pkg_resources.html. The pkg_resources package is slated for removal as early as 2025-11-30. Refrain from using this package or pin to Setuptools<81.
[2m[33m(raylet)[0m   import pkg_resources
[2m[33m(raylet)[0m /home/justin/miniconda3/envs/fraud-fl-TA/lib/python3.10/site-packages/ray/_private/parameter.py:4: UserWarning: pkg_resources is deprecated as an API. See https://setuptools.pypa.io/en/latest/pkg_resources.html. The pkg_resources package is slated for removal as early as 2025-11-30. Refrain from using this package or pin to Setuptools<81.
[2m[33m(raylet)[0m   import pkg_resources
[2m[33m(raylet)[0m /home/justin/miniconda3/envs/fraud-fl-TA/lib/python3.10/site-packages/ray/_private/parameter.py:4: UserWarning: pkg_resources is deprecated as an API. See https://setuptools.pypa.io/en/latest/pkg_resources.html. The pkg_resources package is slated for removal as early as 2025-11-30. Refrain from using this package or pin to Setuptools<81.
[2m[33m(raylet)[0m   import pkg_resources
[2m[33m(raylet)[0m /home/justin/miniconda3/envs/fraud-fl-TA/lib/python3.10/site-packages/ray/_private/parameter.py:4: UserWarning: pkg_resources is deprecated as an API. See https://setuptools.pypa.io/en/latest/pkg_resources.html. The pkg_resources package is slated for removal as early as 2025-11-30. Refrain from using this package or pin to Setuptools<81.
[2m[33m(raylet)[0m   import pkg_resources
[2m[33m(raylet)[0m /home/justin/miniconda3/envs/fraud-fl-TA/lib/python3.10/site-packages/ray/_private/parameter.py:4: UserWarning: pkg_resources is deprecated as an API. See https://setuptools.pypa.io/en/latest/pkg_resources.html. The pkg_resources package is slated for removal as early as 2025-11-30. Refrain from using this package or pin to Setuptools<81.
[2m[33m(raylet)[0m   import pkg_resources
[2m[33m(raylet)[0m /home/justin/miniconda3/envs/fraud-fl-TA/lib/python3.10/site-packages/ray/_private/parameter.py:4: UserWarning: pkg_resources is deprecated as an API. See https://setuptools.pypa.io/en/latest/pkg_resources.html. The pkg_resources package is slated for removal as early as 2025-11-30. Refrain from using this package or pin to Setuptools<81.
[2m[33m(raylet)[0m   import pkg_resources
[2m[33m(raylet)[0m /home/justin/miniconda3/envs/fraud-fl-TA/lib/python3.10/site-packages/ray/_private/parameter.py:4: UserWarning: pkg_resources is deprecated as an API. See https://setuptools.pypa.io/en/latest/pkg_resources.html. The pkg_resources package is slated for removal as early as 2025-11-30. Refrain from using this package or pin to Setuptools<81.
[2m[33m(raylet)[0m   import pkg_resources
[2m[33m(raylet)[0m /home/justin/miniconda3/envs/fraud-fl-TA/lib/python3.10/site-packages/ray/_private/parameter.py:4: UserWarning: pkg_resources is deprecated as an API. See https://setuptools.pypa.io/en/latest/pkg_resources.html. The pkg_resources package is slated for removal as early as 2025-11-30. Refrain from using this package or pin to Setuptools<81.
[2m[33m(raylet)[0m   import pkg_resources
[2m[33m(raylet)[0m /home/justin/miniconda3/envs/fraud-fl-TA/lib/python3.10/site-packages/ray/_private/parameter.py:4: UserWarning: pkg_resources is deprecated as an API. See https://setuptools.pypa.io/en/latest/pkg_resources.html. The pkg_resources package is slated for removal as early as 2025-11-30. Refrain from using this package or pin to Setuptools<81.
[2m[33m(raylet)[0m   import pkg_resources
[2m[33m(raylet)[0m /home/justin/miniconda3/envs/fraud-fl-TA/lib/python3.10/site-packages/ray/_private/parameter.py:4: UserWarning: pkg_resources is deprecated as an API. See https://setuptools.pypa.io/en/latest/pkg_resources.html. The pkg_resources package is slated for removal as early as 2025-11-30. Refrain from using this package or pin to Setuptools<81.
[2m[33m(raylet)[0m   import pkg_resources
[2m[33m(raylet)[0m /home/justin/miniconda3/envs/fraud-fl-TA/lib/python3.10/site-packages/ray/_private/parameter.py:4: UserWarning: pkg_resources is deprecated as an API. See https://setuptools.pypa.io/en/latest/pkg_resources.html. The pkg_resources package is slated for removal as early as 2025-11-30. Refrain from using this package or pin to Setuptools<81.
[2m[33m(raylet)[0m   import pkg_resources
[2m[33m(raylet)[0m /home/justin/miniconda3/envs/fraud-fl-TA/lib/python3.10/site-packages/ray/_private/parameter.py:4: UserWarning: pkg_resources is deprecated as an API. See https://setuptools.pypa.io/en/latest/pkg_resources.html. The pkg_resources package is slated for removal as early as 2025-11-30. Refrain from using this package or pin to Setuptools<81.
[2m[33m(raylet)[0m   import pkg_resources
[2m[33m(raylet)[0m /home/justin/miniconda3/envs/fraud-fl-TA/lib/python3.10/site-packages/ray/_private/parameter.py:4: UserWarning: pkg_resources is deprecated as an API. See https://setuptools.pypa.io/en/latest/pkg_resources.html. The pkg_resources package is slated for removal as early as 2025-11-30. Refrain from using this package or pin to Setuptools<81.
[2m[33m(raylet)[0m   import pkg_resources
[2m[33m(raylet)[0m /home/justin/miniconda3/envs/fraud-fl-TA/lib/python3.10/site-packages/ray/_private/parameter.py:4: UserWarning: pkg_resources is deprecated as an API. See https://setuptools.pypa.io/en/latest/pkg_resources.html. The pkg_resources package is slated for removal as early as 2025-11-30. Refrain from using this package or pin to Setuptools<81.
[2m[33m(raylet)[0m   import pkg_resources
[2m[33m(raylet)[0m /home/justin/miniconda3/envs/fraud-fl-TA/lib/python3.10/site-packages/ray/_private/parameter.py:4: UserWarning: pkg_resources is deprecated as an API. See https://setuptools.pypa.io/en/latest/pkg_resources.html. The pkg_resources package is slated for removal as early as 2025-11-30. Refrain from using this package or pin to Setuptools<81.
[2m[33m(raylet)[0m   import pkg_resources
[2m[33m(raylet)[0m /home/justin/miniconda3/envs/fraud-fl-TA/lib/python3.10/site-packages/ray/_private/parameter.py:4: UserWarning: pkg_resources is deprecated as an API. See https://setuptools.pypa.io/en/latest/pkg_resources.html. The pkg_resources package is slated for removal as early as 2025-11-30. Refrain from using this package or pin to Setuptools<81.
[2m[33m(raylet)[0m   import pkg_resources
[2m[33m(raylet)[0m /home/justin/miniconda3/envs/fraud-fl-TA/lib/python3.10/site-packages/ray/_private/parameter.py:4: UserWarning: pkg_resources is deprecated as an API. See https://setuptools.pypa.io/en/latest/pkg_resources.html. The pkg_resources package is slated for removal as early as 2025-11-30. Refrain from using this package or pin to Setuptools<81.
[2m[33m(raylet)[0m   import pkg_resources
[2m[33m(raylet)[0m /home/justin/miniconda3/envs/fraud-fl-TA/lib/python3.10/site-packages/ray/_private/parameter.py:4: UserWarning: pkg_resources is deprecated as an API. See https://setuptools.pypa.io/en/latest/pkg_resources.html. The pkg_resources package is slated for removal as early as 2025-11-30. Refrain from using this package or pin to Setuptools<81.
[2m[33m(raylet)[0m   import pkg_resources
[2m[33m(raylet)[0m /home/justin/miniconda3/envs/fraud-fl-TA/lib/python3.10/site-packages/ray/_private/parameter.py:4: UserWarning: pkg_resources is deprecated as an API. See https://setuptools.pypa.io/en/latest/pkg_resources.html. The pkg_resources package is slated for removal as early as 2025-11-30. Refrain from using this package or pin to Setuptools<81.
[2m[33m(raylet)[0m   import pkg_resources
DEBUG flwr 2026-06-03 15:19:06,344 | server.py:236 | fit_round 1 received 5 results and 0 failures
INFO flwr 2026-06-03 15:19:10,290 | server.py:171 | evaluate_round 1: no clients selected, cancel
DEBUG flwr 2026-06-03 15:19:10,291 | server.py:222 | fit_round 2: strategy sampled 5 clients (out of 5)
DEBUG flwr 2026-06-03 15:19:34,449 | server.py:236 | fit_round 2 received 5 results and 0 failures
INFO flwr 2026-06-03 15:19:38,421 | server.py:171 | evaluate_round 2: no clients selected, cancel
DEBUG flwr 2026-06-03 15:19:38,421 | server.py:222 | fit_round 3: strategy sampled 5 clients (out of 5)
DEBUG flwr 2026-06-03 15:20:02,609 | server.py:236 | fit_round 3 received 5 results and 0 failures
INFO flwr 2026-06-03 15:20:06,686 | server.py:171 | evaluate_round 3: no clients selected, cancel
DEBUG flwr 2026-06-03 15:20:06,686 | server.py:222 | fit_round 4: strategy sampled 5 clients (out of 5)
DEBUG flwr 2026-06-03 15:20:30,459 | server.py:236 | fit_round 4 received 5 results and 0 failures
INFO flwr 2026-06-03 15:20:34,457 | server.py:171 | evaluate_round 4: no clients selected, cancel
DEBUG flwr 2026-06-03 15:20:34,458 | server.py:222 | fit_round 5: strategy sampled 5 clients (out of 5)
DEBUG flwr 2026-06-03 15:20:58,590 | server.py:236 | fit_round 5 received 5 results and 0 failures
INFO flwr 2026-06-03 15:21:02,599 | server.py:171 | evaluate_round 5: no clients selected, cancel
DEBUG flwr 2026-06-03 15:21:02,599 | server.py:222 | fit_round 6: strategy sampled 5 clients (out of 5)
DEBUG flwr 2026-06-03 15:21:26,733 | server.py:236 | fit_round 6 received 5 results and 0 failures
INFO flwr 2026-06-03 15:21:30,705 | server.py:171 | evaluate_round 6: no clients selected, cancel
DEBUG flwr 2026-06-03 15:21:30,705 | server.py:222 | fit_round 7: strategy sampled 5 clients (out of 5)
DEBUG flwr 2026-06-03 15:21:54,665 | server.py:236 | fit_round 7 received 5 results and 0 failures
INFO flwr 2026-06-03 15:21:58,666 | server.py:171 | evaluate_round 7: no clients selected, cancel
DEBUG flwr 2026-06-03 15:21:58,667 | server.py:222 | fit_round 8: strategy sampled 5 clients (out of 5)
DEBUG flwr 2026-06-03 15:22:22,937 | server.py:236 | fit_round 8 received 5 results and 0 failures
INFO flwr 2026-06-03 15:22:26,891 | server.py:171 | evaluate_round 8: no clients selected, cancel
DEBUG flwr 2026-06-03 15:22:26,891 | server.py:222 | fit_round 9: strategy sampled 5 clients (out of 5)
DEBUG flwr 2026-06-03 15:22:50,836 | server.py:236 | fit_round 9 received 5 results and 0 failures
INFO flwr 2026-06-03 15:22:54,788 | server.py:171 | evaluate_round 9: no clients selected, cancel
DEBUG flwr 2026-06-03 15:22:54,789 | server.py:222 | fit_round 10: strategy sampled 5 clients (out of 5)
DEBUG flwr 2026-06-03 15:23:18,670 | server.py:236 | fit_round 10 received 5 results and 0 failures
INFO flwr 2026-06-03 15:23:23,614 | server.py:171 | evaluate_round 10: no clients selected, cancel
INFO flwr 2026-06-03 15:23:23,614 | server.py:153 | FL finished in 282.48571150307544
INFO flwr 2026-06-03 15:23:23,614 | app.py:225 | app_fit: losses_distributed []
INFO flwr 2026-06-03 15:23:23,614 | app.py:226 | app_fit: metrics_distributed_fit {'selected_client_id': [(1, 4.0), (2, 4.0), (3, 4.0), (4, 4.0), (5, 4.0), (6, 4.0), (7, 4.0), (8, 4.0), (9, 4.0), (10, 4.0)], 'val_auprc': [(1, 0.9970548684355521), (2, 0.9970548684355521), (3, 0.9970548684355521), (4, 0.9970548684355521), (5, 0.9970548684355521), (6, 0.9970548684355521), (7, 0.9970548684355521), (8, 0.9970548684355521), (9, 0.9970548684355521), (10, 0.9970548684355521)], 'val_f1': [(1, 0.8135144087446174), (2, 0.8135144087446174), (3, 0.8135144087446174), (4, 0.8135144087446174), (5, 0.8135144087446174), (6, 0.8135144087446174), (7, 0.8135144087446174), (8, 0.8135144087446174), (9, 0.8135144087446174), (10, 0.8135144087446174)], 'val_precision': [(1, 0.6871852266368215), (2, 0.6871852266368215), (3, 0.6871852266368215), (4, 0.6871852266368215), (5, 0.6871852266368215), (6, 0.6871852266368215), (7, 0.6871852266368215), (8, 0.6871852266368215), (9, 0.6871852266368215), (10, 0.6871852266368215)], 'val_recall': [(1, 0.9967532467532467), (2, 0.9967532467532467), (3, 0.9967532467532467), (4, 0.9967532467532467), (5, 0.9967532467532467), (6, 0.9967532467532467), (7, 0.9967532467532467), (8, 0.9967532467532467), (9, 0.9967532467532467), (10, 0.9967532467532467)]}
INFO flwr 2026-06-03 15:23:23,614 | app.py:227 | app_fit: metrics_distributed {}
INFO flwr 2026-06-03 15:23:23,615 | app.py:228 | app_fit: losses_centralized []
INFO flwr 2026-06-03 15:23:23,615 | app.py:229 | app_fit: metrics_centralized {}
wandb: Waiting for W&B process to finish... (success).
wandb: 
wandb: Run history:
wandb: best_client_id ▁▁▁▁▁▁▁▁▁▁
wandb: client_0_auprc ▁▁▁▁▁▁▁▁▁▁
wandb: client_1_auprc ▁▁▁▁▁▁▁▁▁▁
wandb: client_2_auprc ▁▁▁▁▁▁▁▁▁▁
wandb: client_3_auprc ▁▁▁▁▁▁▁▁▁▁
wandb: client_4_auprc ▁▁▁▁▁▁▁▁▁▁
wandb:          round ▁▂▃▃▄▅▆▆▇██
wandb:     test_auprc ▁
wandb:        test_f1 ▁
wandb:      test_loss ▁
wandb: test_precision ▁
wandb:    test_recall ▁
wandb:      val_auprc ▁▁▁▁▁▁▁▁▁▁
wandb:         val_f1 ▁▁▁▁▁▁▁▁▁▁
wandb:       val_loss ▁▁▁▁▁▁▁▁▁▁
wandb:  val_precision ▁▁▁▁▁▁▁▁▁▁
wandb:     val_recall ▁▁▁▁▁▁▁▁▁▁
wandb: 
wandb: Run summary:
wandb:   best_client_id 4
wandb:       best_round 1
wandb:   best_val_auprc 0.99705
wandb:   client_0_auprc 0.99685
wandb:   client_1_auprc 0.99685
wandb:   client_2_auprc 0.99645
wandb:   client_3_auprc 0.99674
wandb:   client_4_auprc 0.99705
wandb: duration_seconds 308.5608
wandb:            round 10
wandb:       test_auprc 0.99614
wandb:          test_f1 0.80538
wandb:        test_loss 0.00386
wandb:   test_precision 0.67603
wandb:      test_recall 0.99594
wandb:        val_auprc 0.99705
wandb:           val_f1 0.81351
wandb:         val_loss 0.00295
wandb:    val_precision 0.68719
wandb:       val_recall 0.99675
wandb: 
wandb: 🚀 View run gbm_dirichlet_alpha1.0_adasyn_seed42 at: https://wandb.ai/deo250605-sepuluh-nopember-insitute-of-technology/hfedxgboost-paysim/runs/p0dzrww2
wandb: Synced 6 W&B file(s), 0 media file(s), 0 artifact file(s) and 0 other file(s)
wandb: Find logs at: ./wandb/run-20260603_151836-p0dzrww2/logs
[run] resolved config: {'model': 'gbm_bestmodel', 'num_clients': 5, 'num_rounds': 10, 'random_seed': 42, 'oversampling': 'adasyn', 'smote_k_neighbors': 5, 'smote_sampling_strategy': 'auto', 'use_wandb': True, 'wandb_project': 'hfedxgboost-paysim', 'early_stop_patience': 10, 'partition': {'scheme': 'dirichlet', 'alpha': 1.0}, 'gbm_params': {'max_iter': 100, 'learning_rate': 0.1, 'max_depth': 6}}
[run] === gbm | scheme=dirichlet alpha=1.0 K=5 R=10 oversampling=adasyn seed=42 ===
[paysim] loading data/paysim/paysim.csv
[paysim] loaded 6,362,620 rows, 11 columns

[paysim] === data summary ===
  total rows loaded : 6,362,620
  feature count     : 13
  feature names     : ['step', 'amount', 'oldbalanceOrg', 'newbalanceOrig', 'oldbalanceDest', 'newbalanceDest', 'errorBalanceOrig', 'errorBalanceDest', 'type_CASH_IN', 'type_CASH_OUT', 'type_DEBIT', 'type_PAYMENT', 'type_TRANSFER']
  x_train: (4453834, 13)  dtype=float32   |  y_train: (4453834,)  dtype=int32
  x_val  : (954393, 13)  dtype=float32   |  y_val  : (954393,)  dtype=int32
  x_test : (954393, 13)  dtype=float32   |  y_test : (954393,)  dtype=int32
  fraud in train: 5,749 / 4,453,834  (0.1291%)
  fraud in val  : 1,232 / 954,393  (0.1291%)
  fraud in test : 1,232 / 954,393  (0.1291%)
[paysim] === end summary ===


[adasyn] === per-client ADASYN summary ===
  cid |    n_before |     n_after |  fraud_before |  fraud_after | ratio_after | applied
----------------------------------------------------------------------------------------
    0 |     425,338 |     849,072 |           809 |      424,543 |    50.0008% |    True
    1 |   1,335,724 |   2,669,571 |           885 |    1,334,732 |    49.9980% |    True
    2 |      22,515 |      44,007 |           504 |       21,996 |    49.9830% |    True
    3 |   1,355,960 |   2,709,690 |         1,176 |    1,354,906 |    50.0023% |    True
    4 |   1,314,297 |   2,624,028 |         2,375 |    1,312,106 |    50.0035% |    True
[adasyn] === end summary ===

[run] FL starting: 10 rounds, 5 clients
[server] round 1 | client_0_auprc=0.9969 | client_1_auprc=0.9968 | client_2_auprc=0.9964 | client_3_auprc=0.9967 | client_4_auprc=0.9971 | selected_client=4 | val_auprc=0.9971 | val_f1=0.8135 | val_precision=0.6872 | val_recall=0.9968
[server] round 2 | client_0_auprc=0.9969 | client_1_auprc=0.9968 | client_2_auprc=0.9964 | client_3_auprc=0.9967 | client_4_auprc=0.9971 | selected_client=4 | val_auprc=0.9971 | val_f1=0.8135 | val_precision=0.6872 | val_recall=0.9968
[server] round 3 | client_0_auprc=0.9969 | client_1_auprc=0.9968 | client_2_auprc=0.9964 | client_3_auprc=0.9967 | client_4_auprc=0.9971 | selected_client=4 | val_auprc=0.9971 | val_f1=0.8135 | val_precision=0.6872 | val_recall=0.9968
[server] round 4 | client_0_auprc=0.9969 | client_1_auprc=0.9968 | client_2_auprc=0.9964 | client_3_auprc=0.9967 | client_4_auprc=0.9971 | selected_client=4 | val_auprc=0.9971 | val_f1=0.8135 | val_precision=0.6872 | val_recall=0.9968
[server] round 5 | client_0_auprc=0.9969 | client_1_auprc=0.9968 | client_2_auprc=0.9964 | client_3_auprc=0.9967 | client_4_auprc=0.9971 | selected_client=4 | val_auprc=0.9971 | val_f1=0.8135 | val_precision=0.6872 | val_recall=0.9968
[server] round 6 | client_0_auprc=0.9969 | client_1_auprc=0.9968 | client_2_auprc=0.9964 | client_3_auprc=0.9967 | client_4_auprc=0.9971 | selected_client=4 | val_auprc=0.9971 | val_f1=0.8135 | val_precision=0.6872 | val_recall=0.9968
[server] round 7 | client_0_auprc=0.9969 | client_1_auprc=0.9968 | client_2_auprc=0.9964 | client_3_auprc=0.9967 | client_4_auprc=0.9971 | selected_client=4 | val_auprc=0.9971 | val_f1=0.8135 | val_precision=0.6872 | val_recall=0.9968
[server] round 8 | client_0_auprc=0.9969 | client_1_auprc=0.9968 | client_2_auprc=0.9964 | client_3_auprc=0.9967 | client_4_auprc=0.9971 | selected_client=4 | val_auprc=0.9971 | val_f1=0.8135 | val_precision=0.6872 | val_recall=0.9968
[server] round 9 | client_0_auprc=0.9969 | client_1_auprc=0.9968 | client_2_auprc=0.9964 | client_3_auprc=0.9967 | client_4_auprc=0.9971 | selected_client=4 | val_auprc=0.9971 | val_f1=0.8135 | val_precision=0.6872 | val_recall=0.9968
[server] round 10 | client_0_auprc=0.9969 | client_1_auprc=0.9968 | client_2_auprc=0.9964 | client_3_auprc=0.9967 | client_4_auprc=0.9971 | selected_client=4 | val_auprc=0.9971 | val_f1=0.8135 | val_precision=0.6872 | val_recall=0.9968
[server] FINAL round 10 | test_auprc=0.9961 | test_f1=0.8054 | test_precision=0.6760 | test_recall=0.9959
[run] best val_auprc: 0.9971 at round 1 (selected client 4)
[run] final test: auprc=0.9961 | f1=0.8054 | precision=0.6760 | recall=0.9959
[run] selection trace: r1:c4 r2:c4 r3:c4 r4:c4 r5:c4 r6:c4 r7:c4 r8:c4 r9:c4 r10:c4
[results] wrote summary CSV → results/logs/gbm/gbm_dirichlet_alpha1.0_adasyn_seed42.csv
[results] wrote rounds CSV  → results/logs/gbm/gbm_dirichlet_alpha1.0_adasyn_seed42_rounds.csv
