/home/justin/miniconda3/envs/fraud-fl-TA/lib/python3.10/site-packages/wandb/sdk/launch/builder/build.py:11: UserWarning: pkg_resources is deprecated as an API. See https://setuptools.pypa.io/en/latest/pkg_resources.html. The pkg_resources package is slated for removal as early as 2025-11-30. Refrain from using this package or pin to Setuptools<81.
  import pkg_resources
/home/justin/miniconda3/envs/fraud-fl-TA/lib/python3.10/site-packages/wandb/sdk/launch/builder/build.py:11: UserWarning: pkg_resources is deprecated as an API. See https://setuptools.pypa.io/en/latest/pkg_resources.html. The pkg_resources package is slated for removal as early as 2025-11-30. Refrain from using this package or pin to Setuptools<81.
  import pkg_resources
wandb: Currently logged in as: deo250605 (deo250605-sepuluh-nopember-insitute-of-technology). Use `wandb login --relogin` to force relogin
wandb: - Waiting for wandb.init()...wandb: \ Waiting for wandb.init()...wandb: wandb version 0.28.0 is available!  To upgrade, please run:
wandb:  $ pip install wandb --upgrade
wandb: Tracking run with wandb version 0.15.12
wandb: Run data is saved locally in /home/justin/fraud-fl-TA/wandb/run-20260709_161756-c3t9q0tq
wandb: Run `wandb offline` to turn off syncing.
wandb: Syncing run centralized_ffd_smote_seed42
wandb: ⭐️ View project at https://wandb.ai/deo250605-sepuluh-nopember-insitute-of-technology/fraud-fl-TA
wandb: 🚀 View run at https://wandb.ai/deo250605-sepuluh-nopember-insitute-of-technology/fraud-fl-TA/runs/c3t9q0tq
Traceback (most recent call last):
  File "/home/justin/miniconda3/envs/fraud-fl-TA/lib/python3.10/runpy.py", line 196, in _run_module_as_main
    return _run_code(code, main_globals, None,
  File "/home/justin/miniconda3/envs/fraud-fl-TA/lib/python3.10/runpy.py", line 86, in _run_code
    exec(code, run_globals)
  File "/home/justin/fraud-fl-TA/experiments/centralized_baseline/run_ffd.py", line 297, in <module>
    main()
  File "/home/justin/fraud-fl-TA/experiments/centralized_baseline/run_ffd.py", line 249, in main
    write_centralized_results(
  File "/home/justin/fraud-fl-TA/evaluation/results_writer.py", line 258, in write_centralized_results
    out_dir = _logs_dir(os.path.join(dataset, subdir))
  File "/home/justin/miniconda3/envs/fraud-fl-TA/lib/python3.10/posixpath.py", line 76, in join
    a = os.fspath(a)
TypeError: expected str, bytes or os.PathLike object, not TensorDataset
wandb: Waiting for W&B process to finish... (failed 1). Press Control-C to abort syncing.
wandb: 
wandb: Run history:
wandb:         epoch ▁▁▂▂▂▃▃▄▄▄▅▅▅▆▆▇▇▇██
wandb:    train_loss █▂▂▂▂▂▂▁▁▁▁▁▁▁▁▁▁▁▁▁
wandb:     val_auprc ▁▂▂▃▃▃▄▄▄▅▅▅▅▆▆▇▇▇██
wandb:        val_f1 ▁▃▆▆█▅▅▅▅▅▅▅▅▅▅▄▄▄▄▄
wandb: val_precision ▇▅▇▇█▆▆▆▆▆▆▆▆▆▆▁▁▁▁▁
wandb:    val_recall ▁▄▇▇█▅▅▅▅▅▅▅▅▅▅▅▅▅▅▅
wandb: 
wandb: Run summary:
wandb:         epoch 20
wandb:    train_loss 0.0089
wandb:     val_auprc 0.73054
wandb:        val_f1 0.77778
wandb: val_precision 0.8
wandb:    val_recall 0.75676
wandb: 
wandb: 🚀 View run centralized_ffd_smote_seed42 at: https://wandb.ai/deo250605-sepuluh-nopember-insitute-of-technology/fraud-fl-TA/runs/c3t9q0tq
wandb: Synced 6 W&B file(s), 0 media file(s), 0 artifact file(s) and 0 other file(s)
wandb: Find logs at: ./wandb/run-20260709_161756-c3t9q0tq/logs
[creditcard] loading data/creditcard/creditcard.csv
[creditcard] loaded 284,807 rows, 31 columns

[creditcard] === data summary ===
  total rows loaded : 284,807
  feature count     : 30
  feature names     : ['Time', 'V1', 'V2', 'V3', 'V4', 'V5', 'V6', 'V7', 'V8', 'V9', 'V10', 'V11', 'V12', 'V13', 'V14', 'V15', 'V16', 'V17', 'V18', 'V19', 'V20', 'V21', 'V22', 'V23', 'V24', 'V25', 'V26', 'V27', 'V28', 'Amount']
  x_train: (199364, 30)  dtype=float32   |  y_train: (199364,)  dtype=int32
  x_val  : (42721, 30)  dtype=float32   |  y_val  : (42721,)  dtype=int32
  x_test : (42722, 30)  dtype=float32   |  y_test : (42722,)  dtype=int32
  fraud in train: 344 / 199,364  (0.1725%)
  fraud in val  : 74 / 42,721  (0.1732%)
  fraud in test : 74 / 42,722  (0.1732%)
[creditcard] === end summary ===

=== CENTRALIZED BASELINE — FFD ===
Dataset: PaySim | x_train: (199364, 30) | fraud ratio: 0.1725%
Oversampling: SMOTE | sampling_strategy=0.01 | x_train after: (201010, 30) | fraud ratio: 0.99%
[epoch   1/20] loss=0.0319 | val_auprc=0.6232 | val_f1=0.7626 | val_precision=0.8154 | val_recall=0.7162
[epoch   2/20] loss=0.0132 | val_auprc=0.6371 | val_f1=0.7746 | val_precision=0.8088 | val_recall=0.7432
[epoch   3/20] loss=0.0122 | val_auprc=0.6458 | val_f1=0.7917 | val_precision=0.8143 | val_recall=0.7703
[epoch   4/20] loss=0.0116 | val_auprc=0.6501 | val_f1=0.7917 | val_precision=0.8143 | val_recall=0.7703
[epoch   5/20] loss=0.0113 | val_auprc=0.6558 | val_f1=0.8000 | val_precision=0.8169 | val_recall=0.7838
[epoch   6/20] loss=0.0109 | val_auprc=0.6602 | val_f1=0.7832 | val_precision=0.8116 | val_recall=0.7568
[epoch   7/20] loss=0.0107 | val_auprc=0.6640 | val_f1=0.7832 | val_precision=0.8116 | val_recall=0.7568
[epoch   8/20] loss=0.0105 | val_auprc=0.6700 | val_f1=0.7832 | val_precision=0.8116 | val_recall=0.7568
[epoch   9/20] loss=0.0104 | val_auprc=0.6710 | val_f1=0.7832 | val_precision=0.8116 | val_recall=0.7568
[epoch  10/20] loss=0.0102 | val_auprc=0.6850 | val_f1=0.7832 | val_precision=0.8116 | val_recall=0.7568
[epoch  11/20] loss=0.0100 | val_auprc=0.6842 | val_f1=0.7832 | val_precision=0.8116 | val_recall=0.7568
[epoch  12/20] loss=0.0099 | val_auprc=0.6873 | val_f1=0.7832 | val_precision=0.8116 | val_recall=0.7568
[epoch  13/20] loss=0.0098 | val_auprc=0.6918 | val_f1=0.7832 | val_precision=0.8116 | val_recall=0.7568
[epoch  14/20] loss=0.0096 | val_auprc=0.6980 | val_f1=0.7832 | val_precision=0.8116 | val_recall=0.7568
[epoch  15/20] loss=0.0094 | val_auprc=0.7067 | val_f1=0.7832 | val_precision=0.8116 | val_recall=0.7568
[epoch  16/20] loss=0.0093 | val_auprc=0.7132 | val_f1=0.7778 | val_precision=0.8000 | val_recall=0.7568
[epoch  17/20] loss=0.0091 | val_auprc=0.7150 | val_f1=0.7778 | val_precision=0.8000 | val_recall=0.7568
[epoch  18/20] loss=0.0091 | val_auprc=0.7195 | val_f1=0.7778 | val_precision=0.8000 | val_recall=0.7568
[epoch  19/20] loss=0.0089 | val_auprc=0.7272 | val_f1=0.7778 | val_precision=0.8000 | val_recall=0.7568
[epoch  20/20] loss=0.0089 | val_auprc=0.7305 | val_f1=0.7778 | val_precision=0.8000 | val_recall=0.7568
[VAL]  auprc=0.7305 | f1=0.7778 | precision=0.8000 | recall=0.7568
[TEST] auprc=0.7937 | f1=0.8444 | precision=0.9344 | recall=0.7703
Training time: 73.74s
