/home/justin/miniconda3/envs/fraud-fl-TA/lib/python3.10/site-packages/wandb/sdk/launch/builder/build.py:11: UserWarning: pkg_resources is deprecated as an API. See https://setuptools.pypa.io/en/latest/pkg_resources.html. The pkg_resources package is slated for removal as early as 2025-11-30. Refrain from using this package or pin to Setuptools<81.
  import pkg_resources
/home/justin/miniconda3/envs/fraud-fl-TA/lib/python3.10/site-packages/wandb/sdk/launch/builder/build.py:11: UserWarning: pkg_resources is deprecated as an API. See https://setuptools.pypa.io/en/latest/pkg_resources.html. The pkg_resources package is slated for removal as early as 2025-11-30. Refrain from using this package or pin to Setuptools<81.
  import pkg_resources
wandb: Currently logged in as: deo250605 (deo250605-sepuluh-nopember-insitute-of-technology). Use `wandb login --relogin` to force relogin
wandb: - Waiting for wandb.init()...wandb: \ Waiting for wandb.init()...wandb: wandb version 0.28.0 is available!  To upgrade, please run:
wandb:  $ pip install wandb --upgrade
wandb: Tracking run with wandb version 0.15.12
wandb: Run data is saved locally in /home/justin/fraud-fl-TA/wandb/run-20260709_161711-7tayz5pw
wandb: Run `wandb offline` to turn off syncing.
wandb: Syncing run centralized_svm_smote_seed42
wandb: ⭐️ View project at https://wandb.ai/deo250605-sepuluh-nopember-insitute-of-technology/fraud-fl-TA
wandb: 🚀 View run at https://wandb.ai/deo250605-sepuluh-nopember-insitute-of-technology/fraud-fl-TA/runs/7tayz5pw
wandb: Waiting for W&B process to finish... (success).
wandb: 
wandb: Run history:
wandb:      test_auprc ▁
wandb:         test_f1 ▁
wandb:  test_precision ▁
wandb:     test_recall ▁
wandb: training_time_s ▁
wandb:       val_auprc ▁
wandb:          val_f1 ▁
wandb:   val_precision ▁
wandb:      val_recall ▁
wandb: 
wandb: Run summary:
wandb:      test_auprc 0.78852
wandb:         test_f1 0.8062
wandb:  test_precision 0.94545
wandb:     test_recall 0.7027
wandb: training_time_s 0.57262
wandb:       val_auprc 0.66002
wandb:          val_f1 0.77465
wandb:   val_precision 0.80882
wandb:      val_recall 0.74324
wandb: 
wandb: 🚀 View run centralized_svm_smote_seed42 at: https://wandb.ai/deo250605-sepuluh-nopember-insitute-of-technology/fraud-fl-TA/runs/7tayz5pw
wandb: Synced 6 W&B file(s), 0 media file(s), 0 artifact file(s) and 0 other file(s)
wandb: Find logs at: ./wandb/run-20260709_161711-7tayz5pw/logs
[creditcard] loading data/creditcard/creditcard.csv
[creditcard] loaded 284,807 rows, 31 columns

[creditcard] === data summary ===
  total rows loaded : 284,807
  feature count     : 30
  feature names     : ['Time', 'V1', 'V2', 'V3', 'V4', 'V5', 'V6', 'V7', 'V8', 'V9', 'V10', 'V11', 'V12', 'V13', 'V14', 'V15', 'V16', 'V17', 'V18', 'V19', 'V20', 'V21', 'V22', 'V23', 'V24', 'V25', 'V26', 'V27', 'V28', 'Amount']
  x_train: (199364, 30)  dtype=float32   |  y_train: (199364,)  dtype=int32
  x_val  : (42721, 30)  dtype=float32   |  y_val  : (42721,)  dtype=int32
  x_test : (42722, 30)  dtype=float32   |  y_test : (42722,)  dtype=int32
  fraud in train: 344 / 199,364  (0.1725%)
  fraud in val  : 74 / 42,721  (0.1732%)
  fraud in test : 74 / 42,722  (0.1732%)
[creditcard] === end summary ===

=== CENTRALIZED BASELINE — SVM ===
Dataset: PaySim | x_train: (199364, 30) | fraud ratio: 0.1725%
Oversampling: SMOTE | sampling_strategy=0.01 | x_train after: (201010, 30) | fraud ratio: 0.99%
[VAL]  auprc=0.6600 | f1=0.7746 | precision=0.8088 | recall=0.7432
[TEST] auprc=0.7885 | f1=0.8062 | precision=0.9455 | recall=0.7027
Training time: 0.57s
[results] wrote summary CSV → results/logs/creditcard/centralized/centralized_svm_smote_seed42.csv
