/home/justin/miniconda3/envs/fraud-fl-TA/lib/python3.10/site-packages/ray/_private/parameter.py:4: UserWarning: pkg_resources is deprecated as an API. See https://setuptools.pypa.io/en/latest/pkg_resources.html. The pkg_resources package is slated for removal as early as 2025-11-30. Refrain from using this package or pin to Setuptools<81.
  import pkg_resources
/home/justin/miniconda3/envs/fraud-fl-TA/lib/python3.10/site-packages/wandb/sdk/launch/builder/build.py:11: UserWarning: pkg_resources is deprecated as an API. See https://setuptools.pypa.io/en/latest/pkg_resources.html. The pkg_resources package is slated for removal as early as 2025-11-30. Refrain from using this package or pin to Setuptools<81.
  import pkg_resources
wandb: Currently logged in as: deo250605 (deo250605-sepuluh-nopember-insitute-of-technology). Use `wandb login --relogin` to force relogin
wandb: wandb version 0.27.0 is available!  To upgrade, please run:
wandb:  $ pip install wandb --upgrade
wandb: Tracking run with wandb version 0.15.12
wandb: Run data is saved locally in /home/justin/fraud-fl-TA/wandb/run-20260603_155413-brsus46o
wandb: Run `wandb offline` to turn off syncing.
wandb: Syncing run svm_dirichlet_alpha0.5_adasyn_seed42
wandb: ⭐️ View project at https://wandb.ai/deo250605-sepuluh-nopember-insitute-of-technology/hfedxgboost-paysim
wandb: 🚀 View run at https://wandb.ai/deo250605-sepuluh-nopember-insitute-of-technology/hfedxgboost-paysim/runs/brsus46o
INFO flwr 2026-06-03 15:54:16,264 | app.py:175 | Starting Flower simulation, config: ServerConfig(num_rounds=20, round_timeout=None)
2026-06-03 15:54:17,939	INFO worker.py:1621 -- Started a local Ray instance.
INFO flwr 2026-06-03 15:54:18,497 | app.py:210 | Flower VCE: Ray initialized with resources: {'node:172.24.108.56': 1.0, 'node:__internal_head__': 1.0, 'CPU': 20.0, 'object_store_memory': 4289907916.0, 'memory': 8579815835.0}
INFO flwr 2026-06-03 15:54:18,497 | app.py:224 | Flower VCE: Resources for each Virtual Client: {'num_cpus': 1, 'num_gpus': 0}
INFO flwr 2026-06-03 15:54:18,507 | app.py:270 | Flower VCE: Creating VirtualClientEngineActorPool with 20 actors
INFO flwr 2026-06-03 15:54:18,507 | server.py:89 | Initializing global parameters
INFO flwr 2026-06-03 15:54:18,507 | server.py:272 | Using initial parameters provided by strategy
INFO flwr 2026-06-03 15:54:18,507 | server.py:91 | Evaluating initial parameters
[2m[33m(raylet)[0m /home/justin/miniconda3/envs/fraud-fl-TA/lib/python3.10/site-packages/ray/_private/parameter.py:4: UserWarning: pkg_resources is deprecated as an API. See https://setuptools.pypa.io/en/latest/pkg_resources.html. The pkg_resources package is slated for removal as early as 2025-11-30. Refrain from using this package or pin to Setuptools<81.
[2m[33m(raylet)[0m   import pkg_resources
[2m[33m(raylet)[0m /home/justin/miniconda3/envs/fraud-fl-TA/lib/python3.10/site-packages/ray/_private/parameter.py:4: UserWarning: pkg_resources is deprecated as an API. See https://setuptools.pypa.io/en/latest/pkg_resources.html. The pkg_resources package is slated for removal as early as 2025-11-30. Refrain from using this package or pin to Setuptools<81.
[2m[33m(raylet)[0m   import pkg_resources
[2m[33m(raylet)[0m /home/justin/miniconda3/envs/fraud-fl-TA/lib/python3.10/site-packages/ray/_private/parameter.py:4: UserWarning: pkg_resources is deprecated as an API. See https://setuptools.pypa.io/en/latest/pkg_resources.html. The pkg_resources package is slated for removal as early as 2025-11-30. Refrain from using this package or pin to Setuptools<81.
[2m[33m(raylet)[0m   import pkg_resources
[2m[33m(raylet)[0m /home/justin/miniconda3/envs/fraud-fl-TA/lib/python3.10/site-packages/ray/_private/parameter.py:4: UserWarning: pkg_resources is deprecated as an API. See https://setuptools.pypa.io/en/latest/pkg_resources.html. The pkg_resources package is slated for removal as early as 2025-11-30. Refrain from using this package or pin to Setuptools<81.
[2m[33m(raylet)[0m   import pkg_resources
[2m[33m(raylet)[0m /home/justin/miniconda3/envs/fraud-fl-TA/lib/python3.10/site-packages/ray/_private/parameter.py:4: UserWarning: pkg_resources is deprecated as an API. See https://setuptools.pypa.io/en/latest/pkg_resources.html. The pkg_resources package is slated for removal as early as 2025-11-30. Refrain from using this package or pin to Setuptools<81.
[2m[33m(raylet)[0m   import pkg_resources
[2m[33m(raylet)[0m /home/justin/miniconda3/envs/fraud-fl-TA/lib/python3.10/site-packages/ray/_private/parameter.py:4: UserWarning: pkg_resources is deprecated as an API. See https://setuptools.pypa.io/en/latest/pkg_resources.html. The pkg_resources package is slated for removal as early as 2025-11-30. Refrain from using this package or pin to Setuptools<81.
[2m[33m(raylet)[0m   import pkg_resources
[2m[33m(raylet)[0m /home/justin/miniconda3/envs/fraud-fl-TA/lib/python3.10/site-packages/ray/_private/parameter.py:4: UserWarning: pkg_resources is deprecated as an API. See https://setuptools.pypa.io/en/latest/pkg_resources.html. The pkg_resources package is slated for removal as early as 2025-11-30. Refrain from using this package or pin to Setuptools<81.
[2m[33m(raylet)[0m   import pkg_resources
[2m[33m(raylet)[0m /home/justin/miniconda3/envs/fraud-fl-TA/lib/python3.10/site-packages/ray/_private/parameter.py:4: UserWarning: pkg_resources is deprecated as an API. See https://setuptools.pypa.io/en/latest/pkg_resources.html. The pkg_resources package is slated for removal as early as 2025-11-30. Refrain from using this package or pin to Setuptools<81.
[2m[33m(raylet)[0m   import pkg_resources
[2m[33m(raylet)[0m /home/justin/miniconda3/envs/fraud-fl-TA/lib/python3.10/site-packages/ray/_private/parameter.py:4: UserWarning: pkg_resources is deprecated as an API. See https://setuptools.pypa.io/en/latest/pkg_resources.html. The pkg_resources package is slated for removal as early as 2025-11-30. Refrain from using this package or pin to Setuptools<81.
[2m[33m(raylet)[0m   import pkg_resources
[2m[33m(raylet)[0m /home/justin/miniconda3/envs/fraud-fl-TA/lib/python3.10/site-packages/ray/_private/parameter.py:4: UserWarning: pkg_resources is deprecated as an API. See https://setuptools.pypa.io/en/latest/pkg_resources.html. The pkg_resources package is slated for removal as early as 2025-11-30. Refrain from using this package or pin to Setuptools<81.
[2m[33m(raylet)[0m   import pkg_resources
[2m[33m(raylet)[0m /home/justin/miniconda3/envs/fraud-fl-TA/lib/python3.10/site-packages/ray/_private/parameter.py:4: UserWarning: pkg_resources is deprecated as an API. See https://setuptools.pypa.io/en/latest/pkg_resources.html. The pkg_resources package is slated for removal as early as 2025-11-30. Refrain from using this package or pin to Setuptools<81.
[2m[33m(raylet)[0m   import pkg_resources
[2m[33m(raylet)[0m /home/justin/miniconda3/envs/fraud-fl-TA/lib/python3.10/site-packages/ray/_private/parameter.py:4: UserWarning: pkg_resources is deprecated as an API. See https://setuptools.pypa.io/en/latest/pkg_resources.html. The pkg_resources package is slated for removal as early as 2025-11-30. Refrain from using this package or pin to Setuptools<81.
[2m[33m(raylet)[0m   import pkg_resources
[2m[33m(raylet)[0m /home/justin/miniconda3/envs/fraud-fl-TA/lib/python3.10/site-packages/ray/_private/parameter.py:4: UserWarning: pkg_resources is deprecated as an API. See https://setuptools.pypa.io/en/latest/pkg_resources.html. The pkg_resources package is slated for removal as early as 2025-11-30. Refrain from using this package or pin to Setuptools<81.
[2m[33m(raylet)[0m   import pkg_resources
[2m[33m(raylet)[0m /home/justin/miniconda3/envs/fraud-fl-TA/lib/python3.10/site-packages/ray/_private/parameter.py:4: UserWarning: pkg_resources is deprecated as an API. See https://setuptools.pypa.io/en/latest/pkg_resources.html. The pkg_resources package is slated for removal as early as 2025-11-30. Refrain from using this package or pin to Setuptools<81.
[2m[33m(raylet)[0m   import pkg_resources
[2m[33m(raylet)[0m /home/justin/miniconda3/envs/fraud-fl-TA/lib/python3.10/site-packages/ray/_private/parameter.py:4: UserWarning: pkg_resources is deprecated as an API. See https://setuptools.pypa.io/en/latest/pkg_resources.html. The pkg_resources package is slated for removal as early as 2025-11-30. Refrain from using this package or pin to Setuptools<81.
[2m[33m(raylet)[0m   import pkg_resources
[2m[33m(raylet)[0m /home/justin/miniconda3/envs/fraud-fl-TA/lib/python3.10/site-packages/ray/_private/parameter.py:4: UserWarning: pkg_resources is deprecated as an API. See https://setuptools.pypa.io/en/latest/pkg_resources.html. The pkg_resources package is slated for removal as early as 2025-11-30. Refrain from using this package or pin to Setuptools<81.
[2m[33m(raylet)[0m   import pkg_resources
[2m[33m(raylet)[0m /home/justin/miniconda3/envs/fraud-fl-TA/lib/python3.10/site-packages/ray/_private/parameter.py:4: UserWarning: pkg_resources is deprecated as an API. See https://setuptools.pypa.io/en/latest/pkg_resources.html. The pkg_resources package is slated for removal as early as 2025-11-30. Refrain from using this package or pin to Setuptools<81.
[2m[33m(raylet)[0m   import pkg_resources
[2m[33m(raylet)[0m /home/justin/miniconda3/envs/fraud-fl-TA/lib/python3.10/site-packages/ray/_private/parameter.py:4: UserWarning: pkg_resources is deprecated as an API. See https://setuptools.pypa.io/en/latest/pkg_resources.html. The pkg_resources package is slated for removal as early as 2025-11-30. Refrain from using this package or pin to Setuptools<81.
[2m[33m(raylet)[0m   import pkg_resources
[2m[33m(raylet)[0m /home/justin/miniconda3/envs/fraud-fl-TA/lib/python3.10/site-packages/ray/_private/parameter.py:4: UserWarning: pkg_resources is deprecated as an API. See https://setuptools.pypa.io/en/latest/pkg_resources.html. The pkg_resources package is slated for removal as early as 2025-11-30. Refrain from using this package or pin to Setuptools<81.
[2m[33m(raylet)[0m   import pkg_resources
[2m[33m(raylet)[0m /home/justin/miniconda3/envs/fraud-fl-TA/lib/python3.10/site-packages/ray/_private/parameter.py:4: UserWarning: pkg_resources is deprecated as an API. See https://setuptools.pypa.io/en/latest/pkg_resources.html. The pkg_resources package is slated for removal as early as 2025-11-30. Refrain from using this package or pin to Setuptools<81.
[2m[33m(raylet)[0m   import pkg_resources
INFO flwr 2026-06-03 15:54:19,304 | server.py:94 | initial parameters (loss, other metrics): 0.9987091271625002, {'val_auprc': 0.001290872837499856, 'val_f1': 0.0, 'val_precision': 0.0, 'val_recall': 0.0}
INFO flwr 2026-06-03 15:54:19,305 | server.py:104 | FL starting
DEBUG flwr 2026-06-03 15:54:19,305 | server.py:222 | fit_round 1: strategy sampled 5 clients (out of 5)
DEBUG flwr 2026-06-03 15:54:23,891 | server.py:236 | fit_round 1 received 5 results and 0 failures
INFO flwr 2026-06-03 15:54:24,391 | server.py:125 | fit progress: (1, 0.37207129519665294, {'val_auprc': 0.6279287048033471, 'val_f1': 0.589018302828619, 'val_precision': 0.9299474605954466, 'val_recall': 0.4310064935064935}, 5.086586581077427)
INFO flwr 2026-06-03 15:54:24,392 | server.py:171 | evaluate_round 1: no clients selected, cancel
DEBUG flwr 2026-06-03 15:54:24,392 | server.py:222 | fit_round 2: strategy sampled 5 clients (out of 5)
DEBUG flwr 2026-06-03 15:54:28,222 | server.py:236 | fit_round 2 received 5 results and 0 failures
INFO flwr 2026-06-03 15:54:28,714 | server.py:125 | fit progress: (2, 0.37207129519665294, {'val_auprc': 0.6279287048033471, 'val_f1': 0.589018302828619, 'val_precision': 0.9299474605954466, 'val_recall': 0.4310064935064935}, 9.40915305307135)
INFO flwr 2026-06-03 15:54:28,714 | server.py:171 | evaluate_round 2: no clients selected, cancel
DEBUG flwr 2026-06-03 15:54:28,714 | server.py:222 | fit_round 3: strategy sampled 5 clients (out of 5)
DEBUG flwr 2026-06-03 15:54:32,653 | server.py:236 | fit_round 3 received 5 results and 0 failures
INFO flwr 2026-06-03 15:54:33,196 | server.py:125 | fit progress: (3, 0.37207129519665294, {'val_auprc': 0.6279287048033471, 'val_f1': 0.589018302828619, 'val_precision': 0.9299474605954466, 'val_recall': 0.4310064935064935}, 13.891668174182996)
INFO flwr 2026-06-03 15:54:33,197 | server.py:171 | evaluate_round 3: no clients selected, cancel
DEBUG flwr 2026-06-03 15:54:33,197 | server.py:222 | fit_round 4: strategy sampled 5 clients (out of 5)
DEBUG flwr 2026-06-03 15:54:37,112 | server.py:236 | fit_round 4 received 5 results and 0 failures
INFO flwr 2026-06-03 15:54:37,609 | server.py:125 | fit progress: (4, 0.37207129519665294, {'val_auprc': 0.6279287048033471, 'val_f1': 0.589018302828619, 'val_precision': 0.9299474605954466, 'val_recall': 0.4310064935064935}, 18.304524077102542)
INFO flwr 2026-06-03 15:54:37,609 | server.py:171 | evaluate_round 4: no clients selected, cancel
DEBUG flwr 2026-06-03 15:54:37,610 | server.py:222 | fit_round 5: strategy sampled 5 clients (out of 5)
DEBUG flwr 2026-06-03 15:54:41,484 | server.py:236 | fit_round 5 received 5 results and 0 failures
INFO flwr 2026-06-03 15:54:41,973 | server.py:125 | fit progress: (5, 0.37207129519665294, {'val_auprc': 0.6279287048033471, 'val_f1': 0.589018302828619, 'val_precision': 0.9299474605954466, 'val_recall': 0.4310064935064935}, 22.668299362063408)
INFO flwr 2026-06-03 15:54:41,973 | server.py:171 | evaluate_round 5: no clients selected, cancel
DEBUG flwr 2026-06-03 15:54:41,973 | server.py:222 | fit_round 6: strategy sampled 5 clients (out of 5)
DEBUG flwr 2026-06-03 15:54:45,867 | server.py:236 | fit_round 6 received 5 results and 0 failures
INFO flwr 2026-06-03 15:54:46,359 | server.py:125 | fit progress: (6, 0.37207129519665294, {'val_auprc': 0.6279287048033471, 'val_f1': 0.589018302828619, 'val_precision': 0.9299474605954466, 'val_recall': 0.4310064935064935}, 27.05439877999015)
INFO flwr 2026-06-03 15:54:46,359 | server.py:171 | evaluate_round 6: no clients selected, cancel
DEBUG flwr 2026-06-03 15:54:46,359 | server.py:222 | fit_round 7: strategy sampled 5 clients (out of 5)
DEBUG flwr 2026-06-03 15:54:50,355 | server.py:236 | fit_round 7 received 5 results and 0 failures
INFO flwr 2026-06-03 15:54:50,844 | server.py:125 | fit progress: (7, 0.37207129519665294, {'val_auprc': 0.6279287048033471, 'val_f1': 0.589018302828619, 'val_precision': 0.9299474605954466, 'val_recall': 0.4310064935064935}, 31.539412872167304)
INFO flwr 2026-06-03 15:54:50,844 | server.py:171 | evaluate_round 7: no clients selected, cancel
DEBUG flwr 2026-06-03 15:54:50,845 | server.py:222 | fit_round 8: strategy sampled 5 clients (out of 5)
DEBUG flwr 2026-06-03 15:54:54,813 | server.py:236 | fit_round 8 received 5 results and 0 failures
INFO flwr 2026-06-03 15:54:55,318 | server.py:125 | fit progress: (8, 0.37207129519665294, {'val_auprc': 0.6279287048033471, 'val_f1': 0.589018302828619, 'val_precision': 0.9299474605954466, 'val_recall': 0.4310064935064935}, 36.01320808706805)
INFO flwr 2026-06-03 15:54:55,318 | server.py:171 | evaluate_round 8: no clients selected, cancel
DEBUG flwr 2026-06-03 15:54:55,318 | server.py:222 | fit_round 9: strategy sampled 5 clients (out of 5)
DEBUG flwr 2026-06-03 15:54:59,177 | server.py:236 | fit_round 9 received 5 results and 0 failures
INFO flwr 2026-06-03 15:54:59,687 | server.py:125 | fit progress: (9, 0.37207129519665294, {'val_auprc': 0.6279287048033471, 'val_f1': 0.589018302828619, 'val_precision': 0.9299474605954466, 'val_recall': 0.4310064935064935}, 40.38216679007746)
INFO flwr 2026-06-03 15:54:59,687 | server.py:171 | evaluate_round 9: no clients selected, cancel
DEBUG flwr 2026-06-03 15:54:59,687 | server.py:222 | fit_round 10: strategy sampled 5 clients (out of 5)
DEBUG flwr 2026-06-03 15:55:03,539 | server.py:236 | fit_round 10 received 5 results and 0 failures
INFO flwr 2026-06-03 15:55:04,037 | server.py:125 | fit progress: (10, 0.37207129519665294, {'val_auprc': 0.6279287048033471, 'val_f1': 0.589018302828619, 'val_precision': 0.9299474605954466, 'val_recall': 0.4310064935064935}, 44.73205768014304)
INFO flwr 2026-06-03 15:55:04,037 | server.py:171 | evaluate_round 10: no clients selected, cancel
DEBUG flwr 2026-06-03 15:55:04,037 | server.py:222 | fit_round 11: strategy sampled 5 clients (out of 5)
DEBUG flwr 2026-06-03 15:55:07,886 | server.py:236 | fit_round 11 received 5 results and 0 failures
INFO flwr 2026-06-03 15:55:08,386 | server.py:125 | fit progress: (11, 0.37207129519665294, {'val_auprc': 0.6279287048033471, 'val_f1': 0.589018302828619, 'val_precision': 0.9299474605954466, 'val_recall': 0.4310064935064935}, 49.08159541198984)
INFO flwr 2026-06-03 15:55:08,387 | server.py:171 | evaluate_round 11: no clients selected, cancel
DEBUG flwr 2026-06-03 15:55:08,387 | server.py:222 | fit_round 12: strategy sampled 5 clients (out of 5)
DEBUG flwr 2026-06-03 15:55:12,272 | server.py:236 | fit_round 12 received 5 results and 0 failures
INFO flwr 2026-06-03 15:55:12,775 | server.py:125 | fit progress: (12, 0.37207129519665294, {'val_auprc': 0.6279287048033471, 'val_f1': 0.589018302828619, 'val_precision': 0.9299474605954466, 'val_recall': 0.4310064935064935}, 53.47070357808843)
INFO flwr 2026-06-03 15:55:12,776 | server.py:171 | evaluate_round 12: no clients selected, cancel
DEBUG flwr 2026-06-03 15:55:12,776 | server.py:222 | fit_round 13: strategy sampled 5 clients (out of 5)
DEBUG flwr 2026-06-03 15:55:16,708 | server.py:236 | fit_round 13 received 5 results and 0 failures
INFO flwr 2026-06-03 15:55:17,204 | server.py:125 | fit progress: (13, 0.37207129519665294, {'val_auprc': 0.6279287048033471, 'val_f1': 0.589018302828619, 'val_precision': 0.9299474605954466, 'val_recall': 0.4310064935064935}, 57.89969812310301)
INFO flwr 2026-06-03 15:55:17,205 | server.py:171 | evaluate_round 13: no clients selected, cancel
DEBUG flwr 2026-06-03 15:55:17,205 | server.py:222 | fit_round 14: strategy sampled 5 clients (out of 5)
DEBUG flwr 2026-06-03 15:55:21,052 | server.py:236 | fit_round 14 received 5 results and 0 failures
INFO flwr 2026-06-03 15:55:21,537 | server.py:125 | fit progress: (14, 0.37207129519665294, {'val_auprc': 0.6279287048033471, 'val_f1': 0.589018302828619, 'val_precision': 0.9299474605954466, 'val_recall': 0.4310064935064935}, 62.232678692089394)
INFO flwr 2026-06-03 15:55:21,538 | server.py:171 | evaluate_round 14: no clients selected, cancel
DEBUG flwr 2026-06-03 15:55:21,538 | server.py:222 | fit_round 15: strategy sampled 5 clients (out of 5)
DEBUG flwr 2026-06-03 15:55:25,427 | server.py:236 | fit_round 15 received 5 results and 0 failures
INFO flwr 2026-06-03 15:55:25,923 | server.py:125 | fit progress: (15, 0.37207129519665294, {'val_auprc': 0.6279287048033471, 'val_f1': 0.589018302828619, 'val_precision': 0.9299474605954466, 'val_recall': 0.4310064935064935}, 66.61823637201451)
INFO flwr 2026-06-03 15:55:25,923 | server.py:171 | evaluate_round 15: no clients selected, cancel
DEBUG flwr 2026-06-03 15:55:25,923 | server.py:222 | fit_round 16: strategy sampled 5 clients (out of 5)
DEBUG flwr 2026-06-03 15:55:29,789 | server.py:236 | fit_round 16 received 5 results and 0 failures
INFO flwr 2026-06-03 15:55:30,293 | server.py:125 | fit progress: (16, 0.37207129519665294, {'val_auprc': 0.6279287048033471, 'val_f1': 0.589018302828619, 'val_precision': 0.9299474605954466, 'val_recall': 0.4310064935064935}, 70.98818813008256)
INFO flwr 2026-06-03 15:55:30,293 | server.py:171 | evaluate_round 16: no clients selected, cancel
DEBUG flwr 2026-06-03 15:55:30,293 | server.py:222 | fit_round 17: strategy sampled 5 clients (out of 5)
DEBUG flwr 2026-06-03 15:55:34,133 | server.py:236 | fit_round 17 received 5 results and 0 failures
INFO flwr 2026-06-03 15:55:34,621 | server.py:125 | fit progress: (17, 0.37207129519665294, {'val_auprc': 0.6279287048033471, 'val_f1': 0.589018302828619, 'val_precision': 0.9299474605954466, 'val_recall': 0.4310064935064935}, 75.31637522112578)
INFO flwr 2026-06-03 15:55:34,621 | server.py:171 | evaluate_round 17: no clients selected, cancel
DEBUG flwr 2026-06-03 15:55:34,622 | server.py:222 | fit_round 18: strategy sampled 5 clients (out of 5)
DEBUG flwr 2026-06-03 15:55:38,438 | server.py:236 | fit_round 18 received 5 results and 0 failures
INFO flwr 2026-06-03 15:55:38,927 | server.py:125 | fit progress: (18, 0.37207129519665294, {'val_auprc': 0.6279287048033471, 'val_f1': 0.589018302828619, 'val_precision': 0.9299474605954466, 'val_recall': 0.4310064935064935}, 79.62246496300213)
INFO flwr 2026-06-03 15:55:38,927 | server.py:171 | evaluate_round 18: no clients selected, cancel
DEBUG flwr 2026-06-03 15:55:38,928 | server.py:222 | fit_round 19: strategy sampled 5 clients (out of 5)
DEBUG flwr 2026-06-03 15:55:42,797 | server.py:236 | fit_round 19 received 5 results and 0 failures
INFO flwr 2026-06-03 15:55:43,305 | server.py:125 | fit progress: (19, 0.37207129519665294, {'val_auprc': 0.6279287048033471, 'val_f1': 0.589018302828619, 'val_precision': 0.9299474605954466, 'val_recall': 0.4310064935064935}, 83.99979246011935)
INFO flwr 2026-06-03 15:55:43,305 | server.py:171 | evaluate_round 19: no clients selected, cancel
DEBUG flwr 2026-06-03 15:55:43,305 | server.py:222 | fit_round 20: strategy sampled 5 clients (out of 5)
DEBUG flwr 2026-06-03 15:55:47,143 | server.py:236 | fit_round 20 received 5 results and 0 failures
INFO flwr 2026-06-03 15:55:48,135 | server.py:125 | fit progress: (20, 0.37207129519665294, {'val_auprc': 0.6279287048033471, 'val_f1': 0.589018302828619, 'val_precision': 0.9299474605954466, 'val_recall': 0.4310064935064935}, 88.8299785500858)
INFO flwr 2026-06-03 15:55:48,135 | server.py:171 | evaluate_round 20: no clients selected, cancel
INFO flwr 2026-06-03 15:55:48,135 | server.py:153 | FL finished in 88.83042505313642
INFO flwr 2026-06-03 15:55:48,136 | app.py:225 | app_fit: losses_distributed []
INFO flwr 2026-06-03 15:55:48,136 | app.py:226 | app_fit: metrics_distributed_fit {'local_auprc': [(1, 0.595537085960978), (2, 0.5955370859609779), (3, 0.5955370859609779), (4, 0.5955370859609779), (5, 0.5955370859609779), (6, 0.5955370859609779), (7, 0.5955370859609778), (8, 0.5955370859609779), (9, 0.595537085960978), (10, 0.5955370859609779), (11, 0.5955370859609779), (12, 0.5955370859609779), (13, 0.5955370859609779), (14, 0.5955370859609779), (15, 0.5955370859609778), (16, 0.595537085960978), (17, 0.5955370859609779), (18, 0.5955370859609779), (19, 0.5955370859609778), (20, 0.595537085960978)], 'client_id': [(1, 2.727751688452101), (2, 2.727751688452101), (3, 2.727751688452101), (4, 2.727751688452101), (5, 2.727751688452101), (6, 2.727751688452101), (7, 2.727751688452101), (8, 2.727751688452101), (9, 2.727751688452101), (10, 2.727751688452101), (11, 2.727751688452101), (12, 2.727751688452101), (13, 2.727751688452101), (14, 2.727751688452101), (15, 2.727751688452101), (16, 2.727751688452101), (17, 2.727751688452101), (18, 2.727751688452101), (19, 2.727751688452101), (20, 2.727751688452101)]}
INFO flwr 2026-06-03 15:55:48,136 | app.py:227 | app_fit: metrics_distributed {}
INFO flwr 2026-06-03 15:55:48,136 | app.py:228 | app_fit: losses_centralized [(0, 0.9987091271625002), (1, 0.37207129519665294), (2, 0.37207129519665294), (3, 0.37207129519665294), (4, 0.37207129519665294), (5, 0.37207129519665294), (6, 0.37207129519665294), (7, 0.37207129519665294), (8, 0.37207129519665294), (9, 0.37207129519665294), (10, 0.37207129519665294), (11, 0.37207129519665294), (12, 0.37207129519665294), (13, 0.37207129519665294), (14, 0.37207129519665294), (15, 0.37207129519665294), (16, 0.37207129519665294), (17, 0.37207129519665294), (18, 0.37207129519665294), (19, 0.37207129519665294), (20, 0.37207129519665294)]
INFO flwr 2026-06-03 15:55:48,136 | app.py:229 | app_fit: metrics_centralized {'val_auprc': [(0, 0.001290872837499856), (1, 0.6279287048033471), (2, 0.6279287048033471), (3, 0.6279287048033471), (4, 0.6279287048033471), (5, 0.6279287048033471), (6, 0.6279287048033471), (7, 0.6279287048033471), (8, 0.6279287048033471), (9, 0.6279287048033471), (10, 0.6279287048033471), (11, 0.6279287048033471), (12, 0.6279287048033471), (13, 0.6279287048033471), (14, 0.6279287048033471), (15, 0.6279287048033471), (16, 0.6279287048033471), (17, 0.6279287048033471), (18, 0.6279287048033471), (19, 0.6279287048033471), (20, 0.6279287048033471)], 'val_f1': [(0, 0.0), (1, 0.589018302828619), (2, 0.589018302828619), (3, 0.589018302828619), (4, 0.589018302828619), (5, 0.589018302828619), (6, 0.589018302828619), (7, 0.589018302828619), (8, 0.589018302828619), (9, 0.589018302828619), (10, 0.589018302828619), (11, 0.589018302828619), (12, 0.589018302828619), (13, 0.589018302828619), (14, 0.589018302828619), (15, 0.589018302828619), (16, 0.589018302828619), (17, 0.589018302828619), (18, 0.589018302828619), (19, 0.589018302828619), (20, 0.589018302828619)], 'val_precision': [(0, 0.0), (1, 0.9299474605954466), (2, 0.9299474605954466), (3, 0.9299474605954466), (4, 0.9299474605954466), (5, 0.9299474605954466), (6, 0.9299474605954466), (7, 0.9299474605954466), (8, 0.9299474605954466), (9, 0.9299474605954466), (10, 0.9299474605954466), (11, 0.9299474605954466), (12, 0.9299474605954466), (13, 0.9299474605954466), (14, 0.9299474605954466), (15, 0.9299474605954466), (16, 0.9299474605954466), (17, 0.9299474605954466), (18, 0.9299474605954466), (19, 0.9299474605954466), (20, 0.9299474605954466)], 'val_recall': [(0, 0.0), (1, 0.4310064935064935), (2, 0.4310064935064935), (3, 0.4310064935064935), (4, 0.4310064935064935), (5, 0.4310064935064935), (6, 0.4310064935064935), (7, 0.4310064935064935), (8, 0.4310064935064935), (9, 0.4310064935064935), (10, 0.4310064935064935), (11, 0.4310064935064935), (12, 0.4310064935064935), (13, 0.4310064935064935), (14, 0.4310064935064935), (15, 0.4310064935064935), (16, 0.4310064935064935), (17, 0.4310064935064935), (18, 0.4310064935064935), (19, 0.4310064935064935), (20, 0.4310064935064935)]}
wandb: Waiting for W&B process to finish... (success).
wandb: 
wandb: Run history:
wandb:          round ▁▁▂▂▂▃▃▃▄▄▅▅▅▆▆▆▇▇▇███
wandb:     test_auprc ▁
wandb:        test_f1 ▁
wandb:      test_loss ▁
wandb: test_precision ▁
wandb:    test_recall ▁
wandb:      val_auprc ▁████████████████████
wandb:         val_f1 ▁████████████████████
wandb:       val_loss █▁▁▁▁▁▁▁▁▁▁▁▁▁▁▁▁▁▁▁▁
wandb:  val_precision ▁████████████████████
wandb:     val_recall ▁████████████████████
wandb: 
wandb: Run summary:
wandb:       best_round 1
wandb:   best_val_auprc 0.62793
wandb: duration_seconds 106.70036
wandb:            round 20
wandb:       test_auprc 0.60511
wandb:          test_f1 0.56014
wandb:        test_loss 0.39489
wandb:   test_precision 0.92022
wandb:      test_recall 0.4026
wandb:        val_auprc 0.62793
wandb:           val_f1 0.58902
wandb:         val_loss 0.37207
wandb:    val_precision 0.92995
wandb:       val_recall 0.43101
wandb: 
wandb: 🚀 View run svm_dirichlet_alpha0.5_adasyn_seed42 at: https://wandb.ai/deo250605-sepuluh-nopember-insitute-of-technology/hfedxgboost-paysim/runs/brsus46o
wandb: Synced 6 W&B file(s), 0 media file(s), 0 artifact file(s) and 0 other file(s)
wandb: Find logs at: ./wandb/run-20260603_155413-brsus46o/logs
[run] resolved config: {'model': 'fedavg_svm', 'num_clients': 5, 'num_rounds': 20, 'local_epochs': 1, 'random_seed': 42, 'oversampling': 'adasyn', 'smote_k_neighbors': 5, 'smote_sampling_strategy': 'auto', 'use_wandb': True, 'wandb_project': 'hfedxgboost-paysim', 'early_stop_patience': 10, 'partition': {'scheme': 'dirichlet', 'alpha': 0.5}, 'svm_params': {'C': 1.0, 'max_iter': 1000, 'warm_start': True}}
[run] === svm | scheme=dirichlet alpha=0.5 K=5 R=20 oversampling=adasyn seed=42 ===
[paysim] loading data/paysim/paysim.csv
[paysim] loaded 6,362,620 rows, 11 columns

[paysim] === data summary ===
  total rows loaded : 6,362,620
  feature count     : 13
  feature names     : ['step', 'amount', 'oldbalanceOrg', 'newbalanceOrig', 'oldbalanceDest', 'newbalanceDest', 'errorBalanceOrig', 'errorBalanceDest', 'type_CASH_IN', 'type_CASH_OUT', 'type_DEBIT', 'type_PAYMENT', 'type_TRANSFER']
  x_train: (4453834, 13)  dtype=float32   |  y_train: (4453834,)  dtype=int32
  x_val  : (954393, 13)  dtype=float32   |  y_val  : (954393,)  dtype=int32
  x_test : (954393, 13)  dtype=float32   |  y_test : (954393,)  dtype=int32
  fraud in train: 5,749 / 4,453,834  (0.1291%)
  fraud in val  : 1,232 / 954,393  (0.1291%)
  fraud in test : 1,232 / 954,393  (0.1291%)
[paysim] === end summary ===

[adasyn] WARN client 2: skipping ADASYN — insufficient fraud samples (have 4, need >= 6 = n_neighbors+1)
[adasyn] WARN client 4: skipping ADASYN — insufficient fraud samples (have 2, need >= 6 = n_neighbors+1)

[adasyn] === per-client ADASYN summary ===
  cid |    n_before |     n_after |  fraud_before |  fraud_after | ratio_after | applied
----------------------------------------------------------------------------------------
    0 |     315,461 |     625,253 |         2,931 |      312,723 |    50.0154% |    True
    1 |       3,340 |       4,164 |         2,089 |        2,089 |    50.1681% |    True
    2 |   1,670,751 |   1,670,751 |             4 |            4 |     0.0002% |   False
    3 |     283,301 |     565,189 |           723 |      282,611 |    50.0029% |    True
    4 |   2,180,981 |   2,180,981 |             2 |            2 |     0.0001% |   False
[adasyn] === end summary ===

[run] FL starting: 20 rounds, 5 clients
[server] round 0 | val_auprc=0.0013 | val_f1=0.0000 | val_precision=0.0000 | val_recall=0.0000
[server] round 1 | val_auprc=0.6279 | val_f1=0.5890 | val_precision=0.9299 | val_recall=0.4310
[server] round 2 | val_auprc=0.6279 | val_f1=0.5890 | val_precision=0.9299 | val_recall=0.4310
[server] round 3 | val_auprc=0.6279 | val_f1=0.5890 | val_precision=0.9299 | val_recall=0.4310
[server] round 4 | val_auprc=0.6279 | val_f1=0.5890 | val_precision=0.9299 | val_recall=0.4310
[server] round 5 | val_auprc=0.6279 | val_f1=0.5890 | val_precision=0.9299 | val_recall=0.4310
[server] round 6 | val_auprc=0.6279 | val_f1=0.5890 | val_precision=0.9299 | val_recall=0.4310
[server] round 7 | val_auprc=0.6279 | val_f1=0.5890 | val_precision=0.9299 | val_recall=0.4310
[server] round 8 | val_auprc=0.6279 | val_f1=0.5890 | val_precision=0.9299 | val_recall=0.4310
[server] round 9 | val_auprc=0.6279 | val_f1=0.5890 | val_precision=0.9299 | val_recall=0.4310
[server] round 10 | val_auprc=0.6279 | val_f1=0.5890 | val_precision=0.9299 | val_recall=0.4310
[server] round 11 | val_auprc=0.6279 | val_f1=0.5890 | val_precision=0.9299 | val_recall=0.4310
[server] early-stop signal at round 11: val_auprc unchanged for 10 rounds (best=0.6279 at round 1)
[server] round 12 | val_auprc=0.6279 | val_f1=0.5890 | val_precision=0.9299 | val_recall=0.4310
[server] round 13 | val_auprc=0.6279 | val_f1=0.5890 | val_precision=0.9299 | val_recall=0.4310
[server] round 14 | val_auprc=0.6279 | val_f1=0.5890 | val_precision=0.9299 | val_recall=0.4310
[server] round 15 | val_auprc=0.6279 | val_f1=0.5890 | val_precision=0.9299 | val_recall=0.4310
[server] round 16 | val_auprc=0.6279 | val_f1=0.5890 | val_precision=0.9299 | val_recall=0.4310
[server] round 17 | val_auprc=0.6279 | val_f1=0.5890 | val_precision=0.9299 | val_recall=0.4310
[server] round 18 | val_auprc=0.6279 | val_f1=0.5890 | val_precision=0.9299 | val_recall=0.4310
[server] round 19 | val_auprc=0.6279 | val_f1=0.5890 | val_precision=0.9299 | val_recall=0.4310
[server] round 20 | val_auprc=0.6279 | val_f1=0.5890 | val_precision=0.9299 | val_recall=0.4310
[server] FINAL round 20 | test_auprc=0.6051 | test_f1=0.5601 | test_precision=0.9202 | test_recall=0.4026
[run] best val_auprc: 0.6279 at round 1
[run] final test: auprc=0.6051 | f1=0.5601 | precision=0.9202 | recall=0.4026
[results] wrote summary CSV → results/logs/svm/svm_dirichlet_alpha0.5_adasyn_seed42.csv
[results] wrote rounds CSV  → results/logs/svm/svm_dirichlet_alpha0.5_adasyn_seed42_rounds.csv
