/home/justin/miniconda3/envs/fraud-fl-TA/lib/python3.10/site-packages/ray/_private/parameter.py:4: UserWarning: pkg_resources is deprecated as an API. See https://setuptools.pypa.io/en/latest/pkg_resources.html. The pkg_resources package is slated for removal as early as 2025-11-30. Refrain from using this package or pin to Setuptools<81.
  import pkg_resources
/home/justin/miniconda3/envs/fraud-fl-TA/lib/python3.10/site-packages/wandb/sdk/launch/builder/build.py:11: UserWarning: pkg_resources is deprecated as an API. See https://setuptools.pypa.io/en/latest/pkg_resources.html. The pkg_resources package is slated for removal as early as 2025-11-30. Refrain from using this package or pin to Setuptools<81.
  import pkg_resources
wandb: Currently logged in as: deo250605 (deo250605-sepuluh-nopember-insitute-of-technology). Use `wandb login --relogin` to force relogin
wandb: wandb version 0.27.0 is available!  To upgrade, please run:
wandb:  $ pip install wandb --upgrade
wandb: Tracking run with wandb version 0.15.12
wandb: Run data is saved locally in /home/justin/fraud-fl-TA/wandb/run-20260603_155216-kw2xrxy0
wandb: Run `wandb offline` to turn off syncing.
wandb: Syncing run svm_dirichlet_alpha0.5_smote_seed42
wandb: ⭐️ View project at https://wandb.ai/deo250605-sepuluh-nopember-insitute-of-technology/hfedxgboost-paysim
wandb: 🚀 View run at https://wandb.ai/deo250605-sepuluh-nopember-insitute-of-technology/hfedxgboost-paysim/runs/kw2xrxy0
INFO flwr 2026-06-03 15:52:19,370 | app.py:175 | Starting Flower simulation, config: ServerConfig(num_rounds=20, round_timeout=None)
2026-06-03 15:52:21,043	INFO worker.py:1621 -- Started a local Ray instance.
INFO flwr 2026-06-03 15:52:21,648 | app.py:210 | Flower VCE: Ray initialized with resources: {'CPU': 20.0, 'node:172.24.108.56': 1.0, 'node:__internal_head__': 1.0, 'memory': 8577446708.0, 'object_store_memory': 4288723353.0}
INFO flwr 2026-06-03 15:52:21,649 | app.py:224 | Flower VCE: Resources for each Virtual Client: {'num_cpus': 1, 'num_gpus': 0}
INFO flwr 2026-06-03 15:52:21,662 | app.py:270 | Flower VCE: Creating VirtualClientEngineActorPool with 20 actors
INFO flwr 2026-06-03 15:52:21,662 | server.py:89 | Initializing global parameters
INFO flwr 2026-06-03 15:52:21,663 | server.py:272 | Using initial parameters provided by strategy
INFO flwr 2026-06-03 15:52:21,663 | server.py:91 | Evaluating initial parameters
[2m[33m(raylet)[0m /home/justin/miniconda3/envs/fraud-fl-TA/lib/python3.10/site-packages/ray/_private/parameter.py:4: UserWarning: pkg_resources is deprecated as an API. See https://setuptools.pypa.io/en/latest/pkg_resources.html. The pkg_resources package is slated for removal as early as 2025-11-30. Refrain from using this package or pin to Setuptools<81.
[2m[33m(raylet)[0m   import pkg_resources
[2m[33m(raylet)[0m /home/justin/miniconda3/envs/fraud-fl-TA/lib/python3.10/site-packages/ray/_private/parameter.py:4: UserWarning: pkg_resources is deprecated as an API. See https://setuptools.pypa.io/en/latest/pkg_resources.html. The pkg_resources package is slated for removal as early as 2025-11-30. Refrain from using this package or pin to Setuptools<81.
[2m[33m(raylet)[0m   import pkg_resources
[2m[33m(raylet)[0m /home/justin/miniconda3/envs/fraud-fl-TA/lib/python3.10/site-packages/ray/_private/parameter.py:4: UserWarning: pkg_resources is deprecated as an API. See https://setuptools.pypa.io/en/latest/pkg_resources.html. The pkg_resources package is slated for removal as early as 2025-11-30. Refrain from using this package or pin to Setuptools<81.
[2m[33m(raylet)[0m   import pkg_resources
[2m[33m(raylet)[0m /home/justin/miniconda3/envs/fraud-fl-TA/lib/python3.10/site-packages/ray/_private/parameter.py:4: UserWarning: pkg_resources is deprecated as an API. See https://setuptools.pypa.io/en/latest/pkg_resources.html. The pkg_resources package is slated for removal as early as 2025-11-30. Refrain from using this package or pin to Setuptools<81.
[2m[33m(raylet)[0m   import pkg_resources
[2m[33m(raylet)[0m /home/justin/miniconda3/envs/fraud-fl-TA/lib/python3.10/site-packages/ray/_private/parameter.py:4: UserWarning: pkg_resources is deprecated as an API. See https://setuptools.pypa.io/en/latest/pkg_resources.html. The pkg_resources package is slated for removal as early as 2025-11-30. Refrain from using this package or pin to Setuptools<81.
[2m[33m(raylet)[0m   import pkg_resources
[2m[33m(raylet)[0m /home/justin/miniconda3/envs/fraud-fl-TA/lib/python3.10/site-packages/ray/_private/parameter.py:4: UserWarning: pkg_resources is deprecated as an API. See https://setuptools.pypa.io/en/latest/pkg_resources.html. The pkg_resources package is slated for removal as early as 2025-11-30. Refrain from using this package or pin to Setuptools<81.
[2m[33m(raylet)[0m   import pkg_resources
[2m[33m(raylet)[0m /home/justin/miniconda3/envs/fraud-fl-TA/lib/python3.10/site-packages/ray/_private/parameter.py:4: UserWarning: pkg_resources is deprecated as an API. See https://setuptools.pypa.io/en/latest/pkg_resources.html. The pkg_resources package is slated for removal as early as 2025-11-30. Refrain from using this package or pin to Setuptools<81.
[2m[33m(raylet)[0m   import pkg_resources
[2m[33m(raylet)[0m /home/justin/miniconda3/envs/fraud-fl-TA/lib/python3.10/site-packages/ray/_private/parameter.py:4: UserWarning: pkg_resources is deprecated as an API. See https://setuptools.pypa.io/en/latest/pkg_resources.html. The pkg_resources package is slated for removal as early as 2025-11-30. Refrain from using this package or pin to Setuptools<81.
[2m[33m(raylet)[0m   import pkg_resources
[2m[33m(raylet)[0m /home/justin/miniconda3/envs/fraud-fl-TA/lib/python3.10/site-packages/ray/_private/parameter.py:4: UserWarning: pkg_resources is deprecated as an API. See https://setuptools.pypa.io/en/latest/pkg_resources.html. The pkg_resources package is slated for removal as early as 2025-11-30. Refrain from using this package or pin to Setuptools<81.
[2m[33m(raylet)[0m   import pkg_resources
[2m[33m(raylet)[0m /home/justin/miniconda3/envs/fraud-fl-TA/lib/python3.10/site-packages/ray/_private/parameter.py:4: UserWarning: pkg_resources is deprecated as an API. See https://setuptools.pypa.io/en/latest/pkg_resources.html. The pkg_resources package is slated for removal as early as 2025-11-30. Refrain from using this package or pin to Setuptools<81.
[2m[33m(raylet)[0m   import pkg_resources
[2m[33m(raylet)[0m /home/justin/miniconda3/envs/fraud-fl-TA/lib/python3.10/site-packages/ray/_private/parameter.py:4: UserWarning: pkg_resources is deprecated as an API. See https://setuptools.pypa.io/en/latest/pkg_resources.html. The pkg_resources package is slated for removal as early as 2025-11-30. Refrain from using this package or pin to Setuptools<81.
[2m[33m(raylet)[0m   import pkg_resources
[2m[33m(raylet)[0m /home/justin/miniconda3/envs/fraud-fl-TA/lib/python3.10/site-packages/ray/_private/parameter.py:4: UserWarning: pkg_resources is deprecated as an API. See https://setuptools.pypa.io/en/latest/pkg_resources.html. The pkg_resources package is slated for removal as early as 2025-11-30. Refrain from using this package or pin to Setuptools<81.
[2m[33m(raylet)[0m   import pkg_resources
[2m[33m(raylet)[0m /home/justin/miniconda3/envs/fraud-fl-TA/lib/python3.10/site-packages/ray/_private/parameter.py:4: UserWarning: pkg_resources is deprecated as an API. See https://setuptools.pypa.io/en/latest/pkg_resources.html. The pkg_resources package is slated for removal as early as 2025-11-30. Refrain from using this package or pin to Setuptools<81.
[2m[33m(raylet)[0m   import pkg_resources
[2m[33m(raylet)[0m /home/justin/miniconda3/envs/fraud-fl-TA/lib/python3.10/site-packages/ray/_private/parameter.py:4: UserWarning: pkg_resources is deprecated as an API. See https://setuptools.pypa.io/en/latest/pkg_resources.html. The pkg_resources package is slated for removal as early as 2025-11-30. Refrain from using this package or pin to Setuptools<81.
[2m[33m(raylet)[0m   import pkg_resources
[2m[33m(raylet)[0m /home/justin/miniconda3/envs/fraud-fl-TA/lib/python3.10/site-packages/ray/_private/parameter.py:4: UserWarning: pkg_resources is deprecated as an API. See https://setuptools.pypa.io/en/latest/pkg_resources.html. The pkg_resources package is slated for removal as early as 2025-11-30. Refrain from using this package or pin to Setuptools<81.
[2m[33m(raylet)[0m   import pkg_resources
[2m[33m(raylet)[0m /home/justin/miniconda3/envs/fraud-fl-TA/lib/python3.10/site-packages/ray/_private/parameter.py:4: UserWarning: pkg_resources is deprecated as an API. See https://setuptools.pypa.io/en/latest/pkg_resources.html. The pkg_resources package is slated for removal as early as 2025-11-30. Refrain from using this package or pin to Setuptools<81.
[2m[33m(raylet)[0m   import pkg_resources
[2m[33m(raylet)[0m /home/justin/miniconda3/envs/fraud-fl-TA/lib/python3.10/site-packages/ray/_private/parameter.py:4: UserWarning: pkg_resources is deprecated as an API. See https://setuptools.pypa.io/en/latest/pkg_resources.html. The pkg_resources package is slated for removal as early as 2025-11-30. Refrain from using this package or pin to Setuptools<81.
[2m[33m(raylet)[0m   import pkg_resources
[2m[33m(raylet)[0m /home/justin/miniconda3/envs/fraud-fl-TA/lib/python3.10/site-packages/ray/_private/parameter.py:4: UserWarning: pkg_resources is deprecated as an API. See https://setuptools.pypa.io/en/latest/pkg_resources.html. The pkg_resources package is slated for removal as early as 2025-11-30. Refrain from using this package or pin to Setuptools<81.
[2m[33m(raylet)[0m   import pkg_resources
[2m[33m(raylet)[0m /home/justin/miniconda3/envs/fraud-fl-TA/lib/python3.10/site-packages/ray/_private/parameter.py:4: UserWarning: pkg_resources is deprecated as an API. See https://setuptools.pypa.io/en/latest/pkg_resources.html. The pkg_resources package is slated for removal as early as 2025-11-30. Refrain from using this package or pin to Setuptools<81.
[2m[33m(raylet)[0m   import pkg_resources
[2m[33m(raylet)[0m /home/justin/miniconda3/envs/fraud-fl-TA/lib/python3.10/site-packages/ray/_private/parameter.py:4: UserWarning: pkg_resources is deprecated as an API. See https://setuptools.pypa.io/en/latest/pkg_resources.html. The pkg_resources package is slated for removal as early as 2025-11-30. Refrain from using this package or pin to Setuptools<81.
[2m[33m(raylet)[0m   import pkg_resources
INFO flwr 2026-06-03 15:52:22,381 | server.py:94 | initial parameters (loss, other metrics): 0.9987091271625002, {'val_auprc': 0.001290872837499856, 'val_f1': 0.0, 'val_precision': 0.0, 'val_recall': 0.0}
INFO flwr 2026-06-03 15:52:22,381 | server.py:104 | FL starting
DEBUG flwr 2026-06-03 15:52:22,381 | server.py:222 | fit_round 1: strategy sampled 5 clients (out of 5)
DEBUG flwr 2026-06-03 15:52:26,940 | server.py:236 | fit_round 1 received 5 results and 0 failures
INFO flwr 2026-06-03 15:52:27,447 | server.py:125 | fit progress: (1, 0.3954895492029117, {'val_auprc': 0.6045104507970883, 'val_f1': 0.593699946609717, 'val_precision': 0.8673946957878315, 'val_recall': 0.4512987012987013}, 5.06595794390887)
INFO flwr 2026-06-03 15:52:27,447 | server.py:171 | evaluate_round 1: no clients selected, cancel
DEBUG flwr 2026-06-03 15:52:27,448 | server.py:222 | fit_round 2: strategy sampled 5 clients (out of 5)
DEBUG flwr 2026-06-03 15:52:31,335 | server.py:236 | fit_round 2 received 5 results and 0 failures
INFO flwr 2026-06-03 15:52:31,828 | server.py:125 | fit progress: (2, 0.3954895492029117, {'val_auprc': 0.6045104507970883, 'val_f1': 0.593699946609717, 'val_precision': 0.8673946957878315, 'val_recall': 0.4512987012987013}, 9.447442716918886)
INFO flwr 2026-06-03 15:52:31,829 | server.py:171 | evaluate_round 2: no clients selected, cancel
DEBUG flwr 2026-06-03 15:52:31,829 | server.py:222 | fit_round 3: strategy sampled 5 clients (out of 5)
DEBUG flwr 2026-06-03 15:52:35,729 | server.py:236 | fit_round 3 received 5 results and 0 failures
INFO flwr 2026-06-03 15:52:36,269 | server.py:125 | fit progress: (3, 0.3954895492029117, {'val_auprc': 0.6045104507970883, 'val_f1': 0.593699946609717, 'val_precision': 0.8673946957878315, 'val_recall': 0.4512987012987013}, 13.888303749961779)
INFO flwr 2026-06-03 15:52:36,269 | server.py:171 | evaluate_round 3: no clients selected, cancel
DEBUG flwr 2026-06-03 15:52:36,269 | server.py:222 | fit_round 4: strategy sampled 5 clients (out of 5)
DEBUG flwr 2026-06-03 15:52:40,083 | server.py:236 | fit_round 4 received 5 results and 0 failures
INFO flwr 2026-06-03 15:52:40,586 | server.py:125 | fit progress: (4, 0.3954895492029117, {'val_auprc': 0.6045104507970883, 'val_f1': 0.593699946609717, 'val_precision': 0.8673946957878315, 'val_recall': 0.4512987012987013}, 18.205542149953544)
INFO flwr 2026-06-03 15:52:40,587 | server.py:171 | evaluate_round 4: no clients selected, cancel
DEBUG flwr 2026-06-03 15:52:40,587 | server.py:222 | fit_round 5: strategy sampled 5 clients (out of 5)
DEBUG flwr 2026-06-03 15:52:44,432 | server.py:236 | fit_round 5 received 5 results and 0 failures
INFO flwr 2026-06-03 15:52:44,942 | server.py:125 | fit progress: (5, 0.3954895492029117, {'val_auprc': 0.6045104507970883, 'val_f1': 0.593699946609717, 'val_precision': 0.8673946957878315, 'val_recall': 0.4512987012987013}, 22.561156644951552)
INFO flwr 2026-06-03 15:52:44,942 | server.py:171 | evaluate_round 5: no clients selected, cancel
DEBUG flwr 2026-06-03 15:52:44,942 | server.py:222 | fit_round 6: strategy sampled 5 clients (out of 5)
DEBUG flwr 2026-06-03 15:52:48,829 | server.py:236 | fit_round 6 received 5 results and 0 failures
INFO flwr 2026-06-03 15:52:49,350 | server.py:125 | fit progress: (6, 0.3954895492029117, {'val_auprc': 0.6045104507970883, 'val_f1': 0.593699946609717, 'val_precision': 0.8673946957878315, 'val_recall': 0.4512987012987013}, 26.96882549696602)
INFO flwr 2026-06-03 15:52:49,350 | server.py:171 | evaluate_round 6: no clients selected, cancel
DEBUG flwr 2026-06-03 15:52:49,350 | server.py:222 | fit_round 7: strategy sampled 5 clients (out of 5)
DEBUG flwr 2026-06-03 15:52:53,202 | server.py:236 | fit_round 7 received 5 results and 0 failures
INFO flwr 2026-06-03 15:52:53,705 | server.py:125 | fit progress: (7, 0.3954895492029117, {'val_auprc': 0.6045104507970883, 'val_f1': 0.593699946609717, 'val_precision': 0.8673946957878315, 'val_recall': 0.4512987012987013}, 31.324163593817502)
INFO flwr 2026-06-03 15:52:53,705 | server.py:171 | evaluate_round 7: no clients selected, cancel
DEBUG flwr 2026-06-03 15:52:53,706 | server.py:222 | fit_round 8: strategy sampled 5 clients (out of 5)
DEBUG flwr 2026-06-03 15:52:57,527 | server.py:236 | fit_round 8 received 5 results and 0 failures
INFO flwr 2026-06-03 15:52:58,017 | server.py:125 | fit progress: (8, 0.3954895492029117, {'val_auprc': 0.6045104507970883, 'val_f1': 0.593699946609717, 'val_precision': 0.8673946957878315, 'val_recall': 0.4512987012987013}, 35.63629156490788)
INFO flwr 2026-06-03 15:52:58,017 | server.py:171 | evaluate_round 8: no clients selected, cancel
DEBUG flwr 2026-06-03 15:52:58,017 | server.py:222 | fit_round 9: strategy sampled 5 clients (out of 5)
DEBUG flwr 2026-06-03 15:53:01,828 | server.py:236 | fit_round 9 received 5 results and 0 failures
INFO flwr 2026-06-03 15:53:02,344 | server.py:125 | fit progress: (9, 0.3954895492029117, {'val_auprc': 0.6045104507970883, 'val_f1': 0.593699946609717, 'val_precision': 0.8673946957878315, 'val_recall': 0.4512987012987013}, 39.96345996391028)
INFO flwr 2026-06-03 15:53:02,345 | server.py:171 | evaluate_round 9: no clients selected, cancel
DEBUG flwr 2026-06-03 15:53:02,345 | server.py:222 | fit_round 10: strategy sampled 5 clients (out of 5)
DEBUG flwr 2026-06-03 15:53:06,176 | server.py:236 | fit_round 10 received 5 results and 0 failures
INFO flwr 2026-06-03 15:53:06,685 | server.py:125 | fit progress: (10, 0.3954895492029117, {'val_auprc': 0.6045104507970883, 'val_f1': 0.593699946609717, 'val_precision': 0.8673946957878315, 'val_recall': 0.4512987012987013}, 44.30438108090311)
INFO flwr 2026-06-03 15:53:06,685 | server.py:171 | evaluate_round 10: no clients selected, cancel
DEBUG flwr 2026-06-03 15:53:06,686 | server.py:222 | fit_round 11: strategy sampled 5 clients (out of 5)
DEBUG flwr 2026-06-03 15:53:10,496 | server.py:236 | fit_round 11 received 5 results and 0 failures
INFO flwr 2026-06-03 15:53:10,992 | server.py:125 | fit progress: (11, 0.3954895492029117, {'val_auprc': 0.6045104507970883, 'val_f1': 0.593699946609717, 'val_precision': 0.8673946957878315, 'val_recall': 0.4512987012987013}, 48.611523370957)
INFO flwr 2026-06-03 15:53:10,993 | server.py:171 | evaluate_round 11: no clients selected, cancel
DEBUG flwr 2026-06-03 15:53:10,993 | server.py:222 | fit_round 12: strategy sampled 5 clients (out of 5)
DEBUG flwr 2026-06-03 15:53:14,789 | server.py:236 | fit_round 12 received 5 results and 0 failures
INFO flwr 2026-06-03 15:53:15,287 | server.py:125 | fit progress: (12, 0.3954895492029117, {'val_auprc': 0.6045104507970883, 'val_f1': 0.593699946609717, 'val_precision': 0.8673946957878315, 'val_recall': 0.4512987012987013}, 52.90667165489867)
INFO flwr 2026-06-03 15:53:15,288 | server.py:171 | evaluate_round 12: no clients selected, cancel
DEBUG flwr 2026-06-03 15:53:15,288 | server.py:222 | fit_round 13: strategy sampled 5 clients (out of 5)
DEBUG flwr 2026-06-03 15:53:19,106 | server.py:236 | fit_round 13 received 5 results and 0 failures
INFO flwr 2026-06-03 15:53:19,600 | server.py:125 | fit progress: (13, 0.3954895492029117, {'val_auprc': 0.6045104507970883, 'val_f1': 0.593699946609717, 'val_precision': 0.8673946957878315, 'val_recall': 0.4512987012987013}, 57.21966660185717)
INFO flwr 2026-06-03 15:53:19,601 | server.py:171 | evaluate_round 13: no clients selected, cancel
DEBUG flwr 2026-06-03 15:53:19,601 | server.py:222 | fit_round 14: strategy sampled 5 clients (out of 5)
DEBUG flwr 2026-06-03 15:53:23,447 | server.py:236 | fit_round 14 received 5 results and 0 failures
INFO flwr 2026-06-03 15:53:23,942 | server.py:125 | fit progress: (14, 0.3954895492029117, {'val_auprc': 0.6045104507970883, 'val_f1': 0.593699946609717, 'val_precision': 0.8673946957878315, 'val_recall': 0.4512987012987013}, 61.56139567587525)
INFO flwr 2026-06-03 15:53:23,942 | server.py:171 | evaluate_round 14: no clients selected, cancel
DEBUG flwr 2026-06-03 15:53:23,943 | server.py:222 | fit_round 15: strategy sampled 5 clients (out of 5)
DEBUG flwr 2026-06-03 15:53:27,766 | server.py:236 | fit_round 15 received 5 results and 0 failures
INFO flwr 2026-06-03 15:53:28,270 | server.py:125 | fit progress: (15, 0.3954895492029117, {'val_auprc': 0.6045104507970883, 'val_f1': 0.593699946609717, 'val_precision': 0.8673946957878315, 'val_recall': 0.4512987012987013}, 65.88926204387099)
INFO flwr 2026-06-03 15:53:28,270 | server.py:171 | evaluate_round 15: no clients selected, cancel
DEBUG flwr 2026-06-03 15:53:28,270 | server.py:222 | fit_round 16: strategy sampled 5 clients (out of 5)
DEBUG flwr 2026-06-03 15:53:32,097 | server.py:236 | fit_round 16 received 5 results and 0 failures
INFO flwr 2026-06-03 15:53:32,605 | server.py:125 | fit progress: (16, 0.3954895492029117, {'val_auprc': 0.6045104507970883, 'val_f1': 0.593699946609717, 'val_precision': 0.8673946957878315, 'val_recall': 0.4512987012987013}, 70.22456758795306)
INFO flwr 2026-06-03 15:53:32,606 | server.py:171 | evaluate_round 16: no clients selected, cancel
DEBUG flwr 2026-06-03 15:53:32,606 | server.py:222 | fit_round 17: strategy sampled 5 clients (out of 5)
DEBUG flwr 2026-06-03 15:53:36,448 | server.py:236 | fit_round 17 received 5 results and 0 failures
INFO flwr 2026-06-03 15:53:36,948 | server.py:125 | fit progress: (17, 0.3954895492029117, {'val_auprc': 0.6045104507970883, 'val_f1': 0.593699946609717, 'val_precision': 0.8673946957878315, 'val_recall': 0.4512987012987013}, 74.56761343381368)
INFO flwr 2026-06-03 15:53:36,949 | server.py:171 | evaluate_round 17: no clients selected, cancel
DEBUG flwr 2026-06-03 15:53:36,949 | server.py:222 | fit_round 18: strategy sampled 5 clients (out of 5)
DEBUG flwr 2026-06-03 15:53:40,777 | server.py:236 | fit_round 18 received 5 results and 0 failures
INFO flwr 2026-06-03 15:53:41,292 | server.py:125 | fit progress: (18, 0.3954895492029117, {'val_auprc': 0.6045104507970883, 'val_f1': 0.593699946609717, 'val_precision': 0.8673946957878315, 'val_recall': 0.4512987012987013}, 78.9114507988561)
INFO flwr 2026-06-03 15:53:41,292 | server.py:171 | evaluate_round 18: no clients selected, cancel
DEBUG flwr 2026-06-03 15:53:41,293 | server.py:222 | fit_round 19: strategy sampled 5 clients (out of 5)
DEBUG flwr 2026-06-03 15:53:45,113 | server.py:236 | fit_round 19 received 5 results and 0 failures
INFO flwr 2026-06-03 15:53:45,624 | server.py:125 | fit progress: (19, 0.3954895492029117, {'val_auprc': 0.6045104507970883, 'val_f1': 0.593699946609717, 'val_precision': 0.8673946957878315, 'val_recall': 0.4512987012987013}, 83.24313671491109)
INFO flwr 2026-06-03 15:53:45,624 | server.py:171 | evaluate_round 19: no clients selected, cancel
DEBUG flwr 2026-06-03 15:53:45,624 | server.py:222 | fit_round 20: strategy sampled 5 clients (out of 5)
DEBUG flwr 2026-06-03 15:53:49,466 | server.py:236 | fit_round 20 received 5 results and 0 failures
INFO flwr 2026-06-03 15:53:50,465 | server.py:125 | fit progress: (20, 0.3954895492029117, {'val_auprc': 0.6045104507970883, 'val_f1': 0.593699946609717, 'val_precision': 0.8673946957878315, 'val_recall': 0.4512987012987013}, 88.0843180208467)
INFO flwr 2026-06-03 15:53:50,465 | server.py:171 | evaluate_round 20: no clients selected, cancel
INFO flwr 2026-06-03 15:53:50,465 | server.py:153 | FL finished in 88.08464025892317
INFO flwr 2026-06-03 15:53:50,466 | app.py:225 | app_fit: losses_distributed []
INFO flwr 2026-06-03 15:53:50,466 | app.py:226 | app_fit: metrics_distributed_fit {'local_auprc': [(1, 0.5995454436184487), (2, 0.5995454436184487), (3, 0.5995454436184487), (4, 0.5995454436184487), (5, 0.5995454436184487), (6, 0.5995454436184487), (7, 0.5995454436184487), (8, 0.5995454436184487), (9, 0.5995454436184487), (10, 0.5995454436184487), (11, 0.5995454436184486), (12, 0.5995454436184487), (13, 0.5995454436184487), (14, 0.5995454436184486), (15, 0.5995454436184487), (16, 0.5995454436184486), (17, 0.5995454436184486), (18, 0.5995454436184487), (19, 0.5995454436184486), (20, 0.5995454436184487)], 'client_id': [(1, 2.7278494433155256), (2, 2.7278494433155256), (3, 2.7278494433155256), (4, 2.7278494433155256), (5, 2.7278494433155256), (6, 2.7278494433155256), (7, 2.7278494433155256), (8, 2.7278494433155256), (9, 2.7278494433155256), (10, 2.7278494433155256), (11, 2.7278494433155256), (12, 2.7278494433155256), (13, 2.7278494433155256), (14, 2.7278494433155256), (15, 2.7278494433155256), (16, 2.7278494433155256), (17, 2.7278494433155256), (18, 2.7278494433155256), (19, 2.7278494433155256), (20, 2.7278494433155256)]}
INFO flwr 2026-06-03 15:53:50,466 | app.py:227 | app_fit: metrics_distributed {}
INFO flwr 2026-06-03 15:53:50,466 | app.py:228 | app_fit: losses_centralized [(0, 0.9987091271625002), (1, 0.3954895492029117), (2, 0.3954895492029117), (3, 0.3954895492029117), (4, 0.3954895492029117), (5, 0.3954895492029117), (6, 0.3954895492029117), (7, 0.3954895492029117), (8, 0.3954895492029117), (9, 0.3954895492029117), (10, 0.3954895492029117), (11, 0.3954895492029117), (12, 0.3954895492029117), (13, 0.3954895492029117), (14, 0.3954895492029117), (15, 0.3954895492029117), (16, 0.3954895492029117), (17, 0.3954895492029117), (18, 0.3954895492029117), (19, 0.3954895492029117), (20, 0.3954895492029117)]
INFO flwr 2026-06-03 15:53:50,466 | app.py:229 | app_fit: metrics_centralized {'val_auprc': [(0, 0.001290872837499856), (1, 0.6045104507970883), (2, 0.6045104507970883), (3, 0.6045104507970883), (4, 0.6045104507970883), (5, 0.6045104507970883), (6, 0.6045104507970883), (7, 0.6045104507970883), (8, 0.6045104507970883), (9, 0.6045104507970883), (10, 0.6045104507970883), (11, 0.6045104507970883), (12, 0.6045104507970883), (13, 0.6045104507970883), (14, 0.6045104507970883), (15, 0.6045104507970883), (16, 0.6045104507970883), (17, 0.6045104507970883), (18, 0.6045104507970883), (19, 0.6045104507970883), (20, 0.6045104507970883)], 'val_f1': [(0, 0.0), (1, 0.593699946609717), (2, 0.593699946609717), (3, 0.593699946609717), (4, 0.593699946609717), (5, 0.593699946609717), (6, 0.593699946609717), (7, 0.593699946609717), (8, 0.593699946609717), (9, 0.593699946609717), (10, 0.593699946609717), (11, 0.593699946609717), (12, 0.593699946609717), (13, 0.593699946609717), (14, 0.593699946609717), (15, 0.593699946609717), (16, 0.593699946609717), (17, 0.593699946609717), (18, 0.593699946609717), (19, 0.593699946609717), (20, 0.593699946609717)], 'val_precision': [(0, 0.0), (1, 0.8673946957878315), (2, 0.8673946957878315), (3, 0.8673946957878315), (4, 0.8673946957878315), (5, 0.8673946957878315), (6, 0.8673946957878315), (7, 0.8673946957878315), (8, 0.8673946957878315), (9, 0.8673946957878315), (10, 0.8673946957878315), (11, 0.8673946957878315), (12, 0.8673946957878315), (13, 0.8673946957878315), (14, 0.8673946957878315), (15, 0.8673946957878315), (16, 0.8673946957878315), (17, 0.8673946957878315), (18, 0.8673946957878315), (19, 0.8673946957878315), (20, 0.8673946957878315)], 'val_recall': [(0, 0.0), (1, 0.4512987012987013), (2, 0.4512987012987013), (3, 0.4512987012987013), (4, 0.4512987012987013), (5, 0.4512987012987013), (6, 0.4512987012987013), (7, 0.4512987012987013), (8, 0.4512987012987013), (9, 0.4512987012987013), (10, 0.4512987012987013), (11, 0.4512987012987013), (12, 0.4512987012987013), (13, 0.4512987012987013), (14, 0.4512987012987013), (15, 0.4512987012987013), (16, 0.4512987012987013), (17, 0.4512987012987013), (18, 0.4512987012987013), (19, 0.4512987012987013), (20, 0.4512987012987013)]}
wandb: Waiting for W&B process to finish... (success).
wandb: - 0.003 MB of 0.003 MB uploaded (0.000 MB deduped)wandb: \ 0.003 MB of 0.008 MB uploaded (0.000 MB deduped)wandb: | 0.037 MB of 0.037 MB uploaded (0.000 MB deduped)wandb: / 0.037 MB of 0.037 MB uploaded (0.000 MB deduped)wandb: 
wandb: Run history:
wandb:          round ▁▁▂▂▂▃▃▃▄▄▅▅▅▆▆▆▇▇▇███
wandb:     test_auprc ▁
wandb:        test_f1 ▁
wandb:      test_loss ▁
wandb: test_precision ▁
wandb:    test_recall ▁
wandb:      val_auprc ▁████████████████████
wandb:         val_f1 ▁████████████████████
wandb:       val_loss █▁▁▁▁▁▁▁▁▁▁▁▁▁▁▁▁▁▁▁▁
wandb:  val_precision ▁████████████████████
wandb:     val_recall ▁████████████████████
wandb: 
wandb: Run summary:
wandb:       best_round 1
wandb:   best_val_auprc 0.60451
wandb: duration_seconds 105.03964
wandb:            round 20
wandb:       test_auprc 0.58424
wandb:          test_f1 0.57221
wandb:        test_loss 0.41576
wandb:   test_precision 0.87752
wandb:      test_recall 0.42451
wandb:        val_auprc 0.60451
wandb:           val_f1 0.5937
wandb:         val_loss 0.39549
wandb:    val_precision 0.86739
wandb:       val_recall 0.4513
wandb: 
wandb: 🚀 View run svm_dirichlet_alpha0.5_smote_seed42 at: https://wandb.ai/deo250605-sepuluh-nopember-insitute-of-technology/hfedxgboost-paysim/runs/kw2xrxy0
wandb: Synced 6 W&B file(s), 0 media file(s), 0 artifact file(s) and 0 other file(s)
wandb: Find logs at: ./wandb/run-20260603_155216-kw2xrxy0/logs
[run] resolved config: {'model': 'fedavg_svm', 'num_clients': 5, 'num_rounds': 20, 'local_epochs': 1, 'random_seed': 42, 'oversampling': 'smote', 'smote_k_neighbors': 5, 'smote_sampling_strategy': 'auto', 'use_wandb': True, 'wandb_project': 'hfedxgboost-paysim', 'early_stop_patience': 10, 'partition': {'scheme': 'dirichlet', 'alpha': 0.5}, 'svm_params': {'C': 1.0, 'max_iter': 1000, 'warm_start': True}}
[run] === svm | scheme=dirichlet alpha=0.5 K=5 R=20 oversampling=smote seed=42 ===
[paysim] loading data/paysim/paysim.csv
[paysim] loaded 6,362,620 rows, 11 columns

[paysim] === data summary ===
  total rows loaded : 6,362,620
  feature count     : 13
  feature names     : ['step', 'amount', 'oldbalanceOrg', 'newbalanceOrig', 'oldbalanceDest', 'newbalanceDest', 'errorBalanceOrig', 'errorBalanceDest', 'type_CASH_IN', 'type_CASH_OUT', 'type_DEBIT', 'type_PAYMENT', 'type_TRANSFER']
  x_train: (4453834, 13)  dtype=float32   |  y_train: (4453834,)  dtype=int32
  x_val  : (954393, 13)  dtype=float32   |  y_val  : (954393,)  dtype=int32
  x_test : (954393, 13)  dtype=float32   |  y_test : (954393,)  dtype=int32
  fraud in train: 5,749 / 4,453,834  (0.1291%)
  fraud in val  : 1,232 / 954,393  (0.1291%)
  fraud in test : 1,232 / 954,393  (0.1291%)
[paysim] === end summary ===

[smote] WARN client 2: skipping SMOTE — insufficient fraud samples (have 4, need >= 6 = k_neighbors+1)
[smote] WARN client 4: skipping SMOTE — insufficient fraud samples (have 2, need >= 6 = k_neighbors+1)

[smote] === per-client SMOTE summary ===
  cid |    n_before |     n_after |  fraud_before |  fraud_after | ratio_after | applied
----------------------------------------------------------------------------------------
    0 |     315,461 |     625,060 |         2,931 |      312,530 |    50.0000% |    True
    1 |       3,340 |       4,178 |         2,089 |        2,089 |    50.0000% |    True
    2 |   1,670,751 |   1,670,751 |             4 |            4 |     0.0002% |   False
    3 |     283,301 |     565,156 |           723 |      282,578 |    50.0000% |    True
    4 |   2,180,981 |   2,180,981 |             2 |            2 |     0.0001% |   False
[smote] === end summary ===

[run] FL starting: 20 rounds, 5 clients
[server] round 0 | val_auprc=0.0013 | val_f1=0.0000 | val_precision=0.0000 | val_recall=0.0000
[server] round 1 | val_auprc=0.6045 | val_f1=0.5937 | val_precision=0.8674 | val_recall=0.4513
[server] round 2 | val_auprc=0.6045 | val_f1=0.5937 | val_precision=0.8674 | val_recall=0.4513
[server] round 3 | val_auprc=0.6045 | val_f1=0.5937 | val_precision=0.8674 | val_recall=0.4513
[server] round 4 | val_auprc=0.6045 | val_f1=0.5937 | val_precision=0.8674 | val_recall=0.4513
[server] round 5 | val_auprc=0.6045 | val_f1=0.5937 | val_precision=0.8674 | val_recall=0.4513
[server] round 6 | val_auprc=0.6045 | val_f1=0.5937 | val_precision=0.8674 | val_recall=0.4513
[server] round 7 | val_auprc=0.6045 | val_f1=0.5937 | val_precision=0.8674 | val_recall=0.4513
[server] round 8 | val_auprc=0.6045 | val_f1=0.5937 | val_precision=0.8674 | val_recall=0.4513
[server] round 9 | val_auprc=0.6045 | val_f1=0.5937 | val_precision=0.8674 | val_recall=0.4513
[server] round 10 | val_auprc=0.6045 | val_f1=0.5937 | val_precision=0.8674 | val_recall=0.4513
[server] round 11 | val_auprc=0.6045 | val_f1=0.5937 | val_precision=0.8674 | val_recall=0.4513
[server] early-stop signal at round 11: val_auprc unchanged for 10 rounds (best=0.6045 at round 1)
[server] round 12 | val_auprc=0.6045 | val_f1=0.5937 | val_precision=0.8674 | val_recall=0.4513
[server] round 13 | val_auprc=0.6045 | val_f1=0.5937 | val_precision=0.8674 | val_recall=0.4513
[server] round 14 | val_auprc=0.6045 | val_f1=0.5937 | val_precision=0.8674 | val_recall=0.4513
[server] round 15 | val_auprc=0.6045 | val_f1=0.5937 | val_precision=0.8674 | val_recall=0.4513
[server] round 16 | val_auprc=0.6045 | val_f1=0.5937 | val_precision=0.8674 | val_recall=0.4513
[server] round 17 | val_auprc=0.6045 | val_f1=0.5937 | val_precision=0.8674 | val_recall=0.4513
[server] round 18 | val_auprc=0.6045 | val_f1=0.5937 | val_precision=0.8674 | val_recall=0.4513
[server] round 19 | val_auprc=0.6045 | val_f1=0.5937 | val_precision=0.8674 | val_recall=0.4513
[server] round 20 | val_auprc=0.6045 | val_f1=0.5937 | val_precision=0.8674 | val_recall=0.4513
[server] FINAL round 20 | test_auprc=0.5842 | test_f1=0.5722 | test_precision=0.8775 | test_recall=0.4245
[run] best val_auprc: 0.6045 at round 1
[run] final test: auprc=0.5842 | f1=0.5722 | precision=0.8775 | recall=0.4245
[results] wrote summary CSV → results/logs/svm/svm_dirichlet_alpha0.5_smote_seed42.csv
[results] wrote rounds CSV  → results/logs/svm/svm_dirichlet_alpha0.5_smote_seed42_rounds.csv
