/home/justin/miniconda3/envs/fraud-fl-TA/lib/python3.10/site-packages/ray/_private/parameter.py:4: UserWarning: pkg_resources is deprecated as an API. See https://setuptools.pypa.io/en/latest/pkg_resources.html. The pkg_resources package is slated for removal as early as 2025-11-30. Refrain from using this package or pin to Setuptools<81.
  import pkg_resources
/home/justin/miniconda3/envs/fraud-fl-TA/lib/python3.10/site-packages/wandb/sdk/launch/builder/build.py:11: UserWarning: pkg_resources is deprecated as an API. See https://setuptools.pypa.io/en/latest/pkg_resources.html. The pkg_resources package is slated for removal as early as 2025-11-30. Refrain from using this package or pin to Setuptools<81.
  import pkg_resources
wandb: Currently logged in as: deo250605 (deo250605-sepuluh-nopember-insitute-of-technology). Use `wandb login --relogin` to force relogin
wandb: wandb version 0.27.0 is available!  To upgrade, please run:
wandb:  $ pip install wandb --upgrade
wandb: Tracking run with wandb version 0.15.12
wandb: Run data is saved locally in /home/justin/fraud-fl-TA/wandb/run-20260603_161556-jrrutjbs
wandb: Run `wandb offline` to turn off syncing.
wandb: Syncing run svm_dirichlet_alpha5.0_adasyn_seed42
wandb: ⭐️ View project at https://wandb.ai/deo250605-sepuluh-nopember-insitute-of-technology/hfedxgboost-paysim
wandb: 🚀 View run at https://wandb.ai/deo250605-sepuluh-nopember-insitute-of-technology/hfedxgboost-paysim/runs/jrrutjbs
INFO flwr 2026-06-03 16:15:59,743 | app.py:175 | Starting Flower simulation, config: ServerConfig(num_rounds=20, round_timeout=None)
2026-06-03 16:16:01,646	INFO worker.py:1621 -- Started a local Ray instance.
INFO flwr 2026-06-03 16:16:02,277 | app.py:210 | Flower VCE: Ray initialized with resources: {'node:__internal_head__': 1.0, 'node:172.24.108.56': 1.0, 'CPU': 20.0, 'object_store_memory': 3797207040.0, 'memory': 7594414080.0}
INFO flwr 2026-06-03 16:16:02,277 | app.py:224 | Flower VCE: Resources for each Virtual Client: {'num_cpus': 1, 'num_gpus': 0}
INFO flwr 2026-06-03 16:16:02,290 | app.py:270 | Flower VCE: Creating VirtualClientEngineActorPool with 20 actors
INFO flwr 2026-06-03 16:16:02,290 | server.py:89 | Initializing global parameters
INFO flwr 2026-06-03 16:16:02,291 | server.py:272 | Using initial parameters provided by strategy
INFO flwr 2026-06-03 16:16:02,291 | server.py:91 | Evaluating initial parameters
[2m[33m(raylet)[0m /home/justin/miniconda3/envs/fraud-fl-TA/lib/python3.10/site-packages/ray/_private/parameter.py:4: UserWarning: pkg_resources is deprecated as an API. See https://setuptools.pypa.io/en/latest/pkg_resources.html. The pkg_resources package is slated for removal as early as 2025-11-30. Refrain from using this package or pin to Setuptools<81.
[2m[33m(raylet)[0m   import pkg_resources
[2m[33m(raylet)[0m /home/justin/miniconda3/envs/fraud-fl-TA/lib/python3.10/site-packages/ray/_private/parameter.py:4: UserWarning: pkg_resources is deprecated as an API. See https://setuptools.pypa.io/en/latest/pkg_resources.html. The pkg_resources package is slated for removal as early as 2025-11-30. Refrain from using this package or pin to Setuptools<81.
[2m[33m(raylet)[0m   import pkg_resources
[2m[33m(raylet)[0m /home/justin/miniconda3/envs/fraud-fl-TA/lib/python3.10/site-packages/ray/_private/parameter.py:4: UserWarning: pkg_resources is deprecated as an API. See https://setuptools.pypa.io/en/latest/pkg_resources.html. The pkg_resources package is slated for removal as early as 2025-11-30. Refrain from using this package or pin to Setuptools<81.
[2m[33m(raylet)[0m   import pkg_resources
[2m[33m(raylet)[0m /home/justin/miniconda3/envs/fraud-fl-TA/lib/python3.10/site-packages/ray/_private/parameter.py:4: UserWarning: pkg_resources is deprecated as an API. See https://setuptools.pypa.io/en/latest/pkg_resources.html. The pkg_resources package is slated for removal as early as 2025-11-30. Refrain from using this package or pin to Setuptools<81.
[2m[33m(raylet)[0m   import pkg_resources
[2m[33m(raylet)[0m /home/justin/miniconda3/envs/fraud-fl-TA/lib/python3.10/site-packages/ray/_private/parameter.py:4: UserWarning: pkg_resources is deprecated as an API. See https://setuptools.pypa.io/en/latest/pkg_resources.html. The pkg_resources package is slated for removal as early as 2025-11-30. Refrain from using this package or pin to Setuptools<81.
[2m[33m(raylet)[0m   import pkg_resources
[2m[33m(raylet)[0m /home/justin/miniconda3/envs/fraud-fl-TA/lib/python3.10/site-packages/ray/_private/parameter.py:4: UserWarning: pkg_resources is deprecated as an API. See https://setuptools.pypa.io/en/latest/pkg_resources.html. The pkg_resources package is slated for removal as early as 2025-11-30. Refrain from using this package or pin to Setuptools<81.
[2m[33m(raylet)[0m   import pkg_resources
[2m[33m(raylet)[0m /home/justin/miniconda3/envs/fraud-fl-TA/lib/python3.10/site-packages/ray/_private/parameter.py:4: UserWarning: pkg_resources is deprecated as an API. See https://setuptools.pypa.io/en/latest/pkg_resources.html. The pkg_resources package is slated for removal as early as 2025-11-30. Refrain from using this package or pin to Setuptools<81.
[2m[33m(raylet)[0m   import pkg_resources
[2m[33m(raylet)[0m /home/justin/miniconda3/envs/fraud-fl-TA/lib/python3.10/site-packages/ray/_private/parameter.py:4: UserWarning: pkg_resources is deprecated as an API. See https://setuptools.pypa.io/en/latest/pkg_resources.html. The pkg_resources package is slated for removal as early as 2025-11-30. Refrain from using this package or pin to Setuptools<81.
[2m[33m(raylet)[0m   import pkg_resources
[2m[33m(raylet)[0m /home/justin/miniconda3/envs/fraud-fl-TA/lib/python3.10/site-packages/ray/_private/parameter.py:4: UserWarning: pkg_resources is deprecated as an API. See https://setuptools.pypa.io/en/latest/pkg_resources.html. The pkg_resources package is slated for removal as early as 2025-11-30. Refrain from using this package or pin to Setuptools<81.
[2m[33m(raylet)[0m   import pkg_resources
[2m[33m(raylet)[0m /home/justin/miniconda3/envs/fraud-fl-TA/lib/python3.10/site-packages/ray/_private/parameter.py:4: UserWarning: pkg_resources is deprecated as an API. See https://setuptools.pypa.io/en/latest/pkg_resources.html. The pkg_resources package is slated for removal as early as 2025-11-30. Refrain from using this package or pin to Setuptools<81.
[2m[33m(raylet)[0m   import pkg_resources
[2m[33m(raylet)[0m /home/justin/miniconda3/envs/fraud-fl-TA/lib/python3.10/site-packages/ray/_private/parameter.py:4: UserWarning: pkg_resources is deprecated as an API. See https://setuptools.pypa.io/en/latest/pkg_resources.html. The pkg_resources package is slated for removal as early as 2025-11-30. Refrain from using this package or pin to Setuptools<81.
[2m[33m(raylet)[0m   import pkg_resources
[2m[33m(raylet)[0m /home/justin/miniconda3/envs/fraud-fl-TA/lib/python3.10/site-packages/ray/_private/parameter.py:4: UserWarning: pkg_resources is deprecated as an API. See https://setuptools.pypa.io/en/latest/pkg_resources.html. The pkg_resources package is slated for removal as early as 2025-11-30. Refrain from using this package or pin to Setuptools<81.
[2m[33m(raylet)[0m   import pkg_resources
[2m[33m(raylet)[0m /home/justin/miniconda3/envs/fraud-fl-TA/lib/python3.10/site-packages/ray/_private/parameter.py:4: UserWarning: pkg_resources is deprecated as an API. See https://setuptools.pypa.io/en/latest/pkg_resources.html. The pkg_resources package is slated for removal as early as 2025-11-30. Refrain from using this package or pin to Setuptools<81.
[2m[33m(raylet)[0m   import pkg_resources
[2m[33m(raylet)[0m /home/justin/miniconda3/envs/fraud-fl-TA/lib/python3.10/site-packages/ray/_private/parameter.py:4: UserWarning: pkg_resources is deprecated as an API. See https://setuptools.pypa.io/en/latest/pkg_resources.html. The pkg_resources package is slated for removal as early as 2025-11-30. Refrain from using this package or pin to Setuptools<81.
[2m[33m(raylet)[0m   import pkg_resources
[2m[33m(raylet)[0m /home/justin/miniconda3/envs/fraud-fl-TA/lib/python3.10/site-packages/ray/_private/parameter.py:4: UserWarning: pkg_resources is deprecated as an API. See https://setuptools.pypa.io/en/latest/pkg_resources.html. The pkg_resources package is slated for removal as early as 2025-11-30. Refrain from using this package or pin to Setuptools<81.
[2m[33m(raylet)[0m   import pkg_resources
[2m[33m(raylet)[0m /home/justin/miniconda3/envs/fraud-fl-TA/lib/python3.10/site-packages/ray/_private/parameter.py:4: UserWarning: pkg_resources is deprecated as an API. See https://setuptools.pypa.io/en/latest/pkg_resources.html. The pkg_resources package is slated for removal as early as 2025-11-30. Refrain from using this package or pin to Setuptools<81.
[2m[33m(raylet)[0m   import pkg_resources
[2m[33m(raylet)[0m /home/justin/miniconda3/envs/fraud-fl-TA/lib/python3.10/site-packages/ray/_private/parameter.py:4: UserWarning: pkg_resources is deprecated as an API. See https://setuptools.pypa.io/en/latest/pkg_resources.html. The pkg_resources package is slated for removal as early as 2025-11-30. Refrain from using this package or pin to Setuptools<81.
[2m[33m(raylet)[0m   import pkg_resources
[2m[33m(raylet)[0m /home/justin/miniconda3/envs/fraud-fl-TA/lib/python3.10/site-packages/ray/_private/parameter.py:4: UserWarning: pkg_resources is deprecated as an API. See https://setuptools.pypa.io/en/latest/pkg_resources.html. The pkg_resources package is slated for removal as early as 2025-11-30. Refrain from using this package or pin to Setuptools<81.
[2m[33m(raylet)[0m   import pkg_resources
[2m[33m(raylet)[0m /home/justin/miniconda3/envs/fraud-fl-TA/lib/python3.10/site-packages/ray/_private/parameter.py:4: UserWarning: pkg_resources is deprecated as an API. See https://setuptools.pypa.io/en/latest/pkg_resources.html. The pkg_resources package is slated for removal as early as 2025-11-30. Refrain from using this package or pin to Setuptools<81.
[2m[33m(raylet)[0m   import pkg_resources
[2m[33m(raylet)[0m /home/justin/miniconda3/envs/fraud-fl-TA/lib/python3.10/site-packages/ray/_private/parameter.py:4: UserWarning: pkg_resources is deprecated as an API. See https://setuptools.pypa.io/en/latest/pkg_resources.html. The pkg_resources package is slated for removal as early as 2025-11-30. Refrain from using this package or pin to Setuptools<81.
[2m[33m(raylet)[0m   import pkg_resources
INFO flwr 2026-06-03 16:16:03,018 | server.py:94 | initial parameters (loss, other metrics): 0.9987091271625002, {'val_auprc': 0.001290872837499856, 'val_f1': 0.0, 'val_precision': 0.0, 'val_recall': 0.0}
INFO flwr 2026-06-03 16:16:03,018 | server.py:104 | FL starting
DEBUG flwr 2026-06-03 16:16:03,018 | server.py:222 | fit_round 1: strategy sampled 5 clients (out of 5)
DEBUG flwr 2026-06-03 16:16:17,398 | server.py:236 | fit_round 1 received 5 results and 0 failures
INFO flwr 2026-06-03 16:16:17,952 | server.py:125 | fit progress: (1, 0.39902294665435467, {'val_auprc': 0.6009770533456453, 'val_f1': 0.02454947501429044, 'val_precision': 0.012428288571863736, 'val_recall': 0.9935064935064936}, 14.934034848818555)
INFO flwr 2026-06-03 16:16:17,952 | server.py:171 | evaluate_round 1: no clients selected, cancel
DEBUG flwr 2026-06-03 16:16:17,953 | server.py:222 | fit_round 2: strategy sampled 5 clients (out of 5)
DEBUG flwr 2026-06-03 16:16:30,393 | server.py:236 | fit_round 2 received 5 results and 0 failures
INFO flwr 2026-06-03 16:16:30,935 | server.py:125 | fit progress: (2, 0.39902294665435467, {'val_auprc': 0.6009770533456453, 'val_f1': 0.02454947501429044, 'val_precision': 0.012428288571863736, 'val_recall': 0.9935064935064936}, 27.916984414914623)
INFO flwr 2026-06-03 16:16:30,935 | server.py:171 | evaluate_round 2: no clients selected, cancel
DEBUG flwr 2026-06-03 16:16:30,935 | server.py:222 | fit_round 3: strategy sampled 5 clients (out of 5)
DEBUG flwr 2026-06-03 16:16:43,361 | server.py:236 | fit_round 3 received 5 results and 0 failures
INFO flwr 2026-06-03 16:16:43,901 | server.py:125 | fit progress: (3, 0.39902294665435467, {'val_auprc': 0.6009770533456453, 'val_f1': 0.02454947501429044, 'val_precision': 0.012428288571863736, 'val_recall': 0.9935064935064936}, 40.88316993089393)
INFO flwr 2026-06-03 16:16:43,901 | server.py:171 | evaluate_round 3: no clients selected, cancel
DEBUG flwr 2026-06-03 16:16:43,901 | server.py:222 | fit_round 4: strategy sampled 5 clients (out of 5)
DEBUG flwr 2026-06-03 16:16:56,380 | server.py:236 | fit_round 4 received 5 results and 0 failures
INFO flwr 2026-06-03 16:16:56,917 | server.py:125 | fit progress: (4, 0.39902294665435467, {'val_auprc': 0.6009770533456453, 'val_f1': 0.02454947501429044, 'val_precision': 0.012428288571863736, 'val_recall': 0.9935064935064936}, 53.89905113494024)
INFO flwr 2026-06-03 16:16:56,917 | server.py:171 | evaluate_round 4: no clients selected, cancel
DEBUG flwr 2026-06-03 16:16:56,917 | server.py:222 | fit_round 5: strategy sampled 5 clients (out of 5)
DEBUG flwr 2026-06-03 16:17:09,471 | server.py:236 | fit_round 5 received 5 results and 0 failures
INFO flwr 2026-06-03 16:17:10,028 | server.py:125 | fit progress: (5, 0.39902294665435467, {'val_auprc': 0.6009770533456453, 'val_f1': 0.02454947501429044, 'val_precision': 0.012428288571863736, 'val_recall': 0.9935064935064936}, 67.0098996090237)
INFO flwr 2026-06-03 16:17:10,028 | server.py:171 | evaluate_round 5: no clients selected, cancel
DEBUG flwr 2026-06-03 16:17:10,028 | server.py:222 | fit_round 6: strategy sampled 5 clients (out of 5)
DEBUG flwr 2026-06-03 16:17:22,558 | server.py:236 | fit_round 6 received 5 results and 0 failures
INFO flwr 2026-06-03 16:17:23,106 | server.py:125 | fit progress: (6, 0.39902294665435467, {'val_auprc': 0.6009770533456453, 'val_f1': 0.02454947501429044, 'val_precision': 0.012428288571863736, 'val_recall': 0.9935064935064936}, 80.08819745387882)
INFO flwr 2026-06-03 16:17:23,106 | server.py:171 | evaluate_round 6: no clients selected, cancel
DEBUG flwr 2026-06-03 16:17:23,106 | server.py:222 | fit_round 7: strategy sampled 5 clients (out of 5)
DEBUG flwr 2026-06-03 16:17:35,420 | server.py:236 | fit_round 7 received 5 results and 0 failures
INFO flwr 2026-06-03 16:17:35,964 | server.py:125 | fit progress: (7, 0.39902294665435467, {'val_auprc': 0.6009770533456453, 'val_f1': 0.02454947501429044, 'val_precision': 0.012428288571863736, 'val_recall': 0.9935064935064936}, 92.94572815182619)
INFO flwr 2026-06-03 16:17:35,964 | server.py:171 | evaluate_round 7: no clients selected, cancel
DEBUG flwr 2026-06-03 16:17:35,964 | server.py:222 | fit_round 8: strategy sampled 5 clients (out of 5)
DEBUG flwr 2026-06-03 16:17:48,524 | server.py:236 | fit_round 8 received 5 results and 0 failures
INFO flwr 2026-06-03 16:17:49,069 | server.py:125 | fit progress: (8, 0.39902294665435467, {'val_auprc': 0.6009770533456453, 'val_f1': 0.02454947501429044, 'val_precision': 0.012428288571863736, 'val_recall': 0.9935064935064936}, 106.05082497792318)
INFO flwr 2026-06-03 16:17:49,069 | server.py:171 | evaluate_round 8: no clients selected, cancel
DEBUG flwr 2026-06-03 16:17:49,069 | server.py:222 | fit_round 9: strategy sampled 5 clients (out of 5)
DEBUG flwr 2026-06-03 16:18:01,522 | server.py:236 | fit_round 9 received 5 results and 0 failures
INFO flwr 2026-06-03 16:18:02,060 | server.py:125 | fit progress: (9, 0.39902294665435467, {'val_auprc': 0.6009770533456453, 'val_f1': 0.02454947501429044, 'val_precision': 0.012428288571863736, 'val_recall': 0.9935064935064936}, 119.04210174293257)
INFO flwr 2026-06-03 16:18:02,060 | server.py:171 | evaluate_round 9: no clients selected, cancel
DEBUG flwr 2026-06-03 16:18:02,060 | server.py:222 | fit_round 10: strategy sampled 5 clients (out of 5)
DEBUG flwr 2026-06-03 16:18:14,703 | server.py:236 | fit_round 10 received 5 results and 0 failures
INFO flwr 2026-06-03 16:18:15,251 | server.py:125 | fit progress: (10, 0.39902294665435467, {'val_auprc': 0.6009770533456453, 'val_f1': 0.02454947501429044, 'val_precision': 0.012428288571863736, 'val_recall': 0.9935064935064936}, 132.2332489839755)
INFO flwr 2026-06-03 16:18:15,252 | server.py:171 | evaluate_round 10: no clients selected, cancel
DEBUG flwr 2026-06-03 16:18:15,252 | server.py:222 | fit_round 11: strategy sampled 5 clients (out of 5)
DEBUG flwr 2026-06-03 16:18:27,723 | server.py:236 | fit_round 11 received 5 results and 0 failures
INFO flwr 2026-06-03 16:18:28,273 | server.py:125 | fit progress: (11, 0.39902294665435467, {'val_auprc': 0.6009770533456453, 'val_f1': 0.02454947501429044, 'val_precision': 0.012428288571863736, 'val_recall': 0.9935064935064936}, 145.25489215995185)
INFO flwr 2026-06-03 16:18:28,273 | server.py:171 | evaluate_round 11: no clients selected, cancel
DEBUG flwr 2026-06-03 16:18:28,273 | server.py:222 | fit_round 12: strategy sampled 5 clients (out of 5)
DEBUG flwr 2026-06-03 16:18:40,687 | server.py:236 | fit_round 12 received 5 results and 0 failures
INFO flwr 2026-06-03 16:18:41,222 | server.py:125 | fit progress: (12, 0.39902294665435467, {'val_auprc': 0.6009770533456453, 'val_f1': 0.02454947501429044, 'val_precision': 0.012428288571863736, 'val_recall': 0.9935064935064936}, 158.204413323896)
INFO flwr 2026-06-03 16:18:41,223 | server.py:171 | evaluate_round 12: no clients selected, cancel
DEBUG flwr 2026-06-03 16:18:41,223 | server.py:222 | fit_round 13: strategy sampled 5 clients (out of 5)
DEBUG flwr 2026-06-03 16:18:53,464 | server.py:236 | fit_round 13 received 5 results and 0 failures
INFO flwr 2026-06-03 16:18:54,004 | server.py:125 | fit progress: (13, 0.39902294665435467, {'val_auprc': 0.6009770533456453, 'val_f1': 0.02454947501429044, 'val_precision': 0.012428288571863736, 'val_recall': 0.9935064935064936}, 170.98621197394095)
INFO flwr 2026-06-03 16:18:54,004 | server.py:171 | evaluate_round 13: no clients selected, cancel
DEBUG flwr 2026-06-03 16:18:54,005 | server.py:222 | fit_round 14: strategy sampled 5 clients (out of 5)
DEBUG flwr 2026-06-03 16:19:06,306 | server.py:236 | fit_round 14 received 5 results and 0 failures
INFO flwr 2026-06-03 16:19:06,847 | server.py:125 | fit progress: (14, 0.39902294665435467, {'val_auprc': 0.6009770533456453, 'val_f1': 0.02454947501429044, 'val_precision': 0.012428288571863736, 'val_recall': 0.9935064935064936}, 183.82866550283507)
INFO flwr 2026-06-03 16:19:06,847 | server.py:171 | evaluate_round 14: no clients selected, cancel
DEBUG flwr 2026-06-03 16:19:06,847 | server.py:222 | fit_round 15: strategy sampled 5 clients (out of 5)
DEBUG flwr 2026-06-03 16:19:19,101 | server.py:236 | fit_round 15 received 5 results and 0 failures
INFO flwr 2026-06-03 16:19:19,640 | server.py:125 | fit progress: (15, 0.39902294665435467, {'val_auprc': 0.6009770533456453, 'val_f1': 0.02454947501429044, 'val_precision': 0.012428288571863736, 'val_recall': 0.9935064935064936}, 196.62215698789805)
INFO flwr 2026-06-03 16:19:19,640 | server.py:171 | evaluate_round 15: no clients selected, cancel
DEBUG flwr 2026-06-03 16:19:19,640 | server.py:222 | fit_round 16: strategy sampled 5 clients (out of 5)
DEBUG flwr 2026-06-03 16:19:32,062 | server.py:236 | fit_round 16 received 5 results and 0 failures
INFO flwr 2026-06-03 16:19:32,617 | server.py:125 | fit progress: (16, 0.39902294665435467, {'val_auprc': 0.6009770533456453, 'val_f1': 0.02454947501429044, 'val_precision': 0.012428288571863736, 'val_recall': 0.9935064935064936}, 209.59855018393137)
INFO flwr 2026-06-03 16:19:32,617 | server.py:171 | evaluate_round 16: no clients selected, cancel
DEBUG flwr 2026-06-03 16:19:32,617 | server.py:222 | fit_round 17: strategy sampled 5 clients (out of 5)
DEBUG flwr 2026-06-03 16:19:44,953 | server.py:236 | fit_round 17 received 5 results and 0 failures
INFO flwr 2026-06-03 16:19:45,492 | server.py:125 | fit progress: (17, 0.39902294665435467, {'val_auprc': 0.6009770533456453, 'val_f1': 0.02454947501429044, 'val_precision': 0.012428288571863736, 'val_recall': 0.9935064935064936}, 222.47368236491457)
INFO flwr 2026-06-03 16:19:45,492 | server.py:171 | evaluate_round 17: no clients selected, cancel
DEBUG flwr 2026-06-03 16:19:45,492 | server.py:222 | fit_round 18: strategy sampled 5 clients (out of 5)
DEBUG flwr 2026-06-03 16:19:57,709 | server.py:236 | fit_round 18 received 5 results and 0 failures
INFO flwr 2026-06-03 16:19:58,248 | server.py:125 | fit progress: (18, 0.39902294665435467, {'val_auprc': 0.6009770533456453, 'val_f1': 0.02454947501429044, 'val_precision': 0.012428288571863736, 'val_recall': 0.9935064935064936}, 235.23047541780397)
INFO flwr 2026-06-03 16:19:58,249 | server.py:171 | evaluate_round 18: no clients selected, cancel
DEBUG flwr 2026-06-03 16:19:58,249 | server.py:222 | fit_round 19: strategy sampled 5 clients (out of 5)
DEBUG flwr 2026-06-03 16:20:10,634 | server.py:236 | fit_round 19 received 5 results and 0 failures
INFO flwr 2026-06-03 16:20:11,182 | server.py:125 | fit progress: (19, 0.39902294665435467, {'val_auprc': 0.6009770533456453, 'val_f1': 0.02454947501429044, 'val_precision': 0.012428288571863736, 'val_recall': 0.9935064935064936}, 248.1642304819543)
INFO flwr 2026-06-03 16:20:11,182 | server.py:171 | evaluate_round 19: no clients selected, cancel
DEBUG flwr 2026-06-03 16:20:11,183 | server.py:222 | fit_round 20: strategy sampled 5 clients (out of 5)
DEBUG flwr 2026-06-03 16:20:23,394 | server.py:236 | fit_round 20 received 5 results and 0 failures
INFO flwr 2026-06-03 16:20:24,467 | server.py:125 | fit progress: (20, 0.39902294665435467, {'val_auprc': 0.6009770533456453, 'val_f1': 0.02454947501429044, 'val_precision': 0.012428288571863736, 'val_recall': 0.9935064935064936}, 261.44936316483654)
INFO flwr 2026-06-03 16:20:24,468 | server.py:171 | evaluate_round 20: no clients selected, cancel
INFO flwr 2026-06-03 16:20:24,468 | server.py:153 | FL finished in 261.4499642609153
INFO flwr 2026-06-03 16:20:24,468 | app.py:225 | app_fit: losses_distributed []
INFO flwr 2026-06-03 16:20:24,469 | app.py:226 | app_fit: metrics_distributed_fit {'client_id': [(1, 2.1056549358724177), (2, 2.1056549358724177), (3, 2.1056549358724177), (4, 2.1056549358724177), (5, 2.1056549358724177), (6, 2.1056549358724177), (7, 2.1056549358724177), (8, 2.1056549358724177), (9, 2.1056549358724177), (10, 2.1056549358724177), (11, 2.1056549358724177), (12, 2.1056549358724177), (13, 2.1056549358724177), (14, 2.1056549358724177), (15, 2.1056549358724177), (16, 2.1056549358724177), (17, 2.1056549358724177), (18, 2.1056549358724177), (19, 2.1056549358724177), (20, 2.1056549358724177)], 'local_auprc': [(1, 0.9756867727132212), (2, 0.9756867727132215), (3, 0.9756867727132215), (4, 0.9756867727132215), (5, 0.9756867727132216), (6, 0.9756867727132215), (7, 0.9756867727132215), (8, 0.9756867727132212), (9, 0.9756867727132215), (10, 0.9756867727132215), (11, 0.9756867727132215), (12, 0.9756867727132215), (13, 0.9756867727132215), (14, 0.9756867727132215), (15, 0.9756867727132215), (16, 0.9756867727132215), (17, 0.9756867727132215), (18, 0.9756867727132215), (19, 0.9756867727132215), (20, 0.9756867727132215)]}
INFO flwr 2026-06-03 16:20:24,469 | app.py:227 | app_fit: metrics_distributed {}
INFO flwr 2026-06-03 16:20:24,469 | app.py:228 | app_fit: losses_centralized [(0, 0.9987091271625002), (1, 0.39902294665435467), (2, 0.39902294665435467), (3, 0.39902294665435467), (4, 0.39902294665435467), (5, 0.39902294665435467), (6, 0.39902294665435467), (7, 0.39902294665435467), (8, 0.39902294665435467), (9, 0.39902294665435467), (10, 0.39902294665435467), (11, 0.39902294665435467), (12, 0.39902294665435467), (13, 0.39902294665435467), (14, 0.39902294665435467), (15, 0.39902294665435467), (16, 0.39902294665435467), (17, 0.39902294665435467), (18, 0.39902294665435467), (19, 0.39902294665435467), (20, 0.39902294665435467)]
INFO flwr 2026-06-03 16:20:24,469 | app.py:229 | app_fit: metrics_centralized {'val_auprc': [(0, 0.001290872837499856), (1, 0.6009770533456453), (2, 0.6009770533456453), (3, 0.6009770533456453), (4, 0.6009770533456453), (5, 0.6009770533456453), (6, 0.6009770533456453), (7, 0.6009770533456453), (8, 0.6009770533456453), (9, 0.6009770533456453), (10, 0.6009770533456453), (11, 0.6009770533456453), (12, 0.6009770533456453), (13, 0.6009770533456453), (14, 0.6009770533456453), (15, 0.6009770533456453), (16, 0.6009770533456453), (17, 0.6009770533456453), (18, 0.6009770533456453), (19, 0.6009770533456453), (20, 0.6009770533456453)], 'val_f1': [(0, 0.0), (1, 0.02454947501429044), (2, 0.02454947501429044), (3, 0.02454947501429044), (4, 0.02454947501429044), (5, 0.02454947501429044), (6, 0.02454947501429044), (7, 0.02454947501429044), (8, 0.02454947501429044), (9, 0.02454947501429044), (10, 0.02454947501429044), (11, 0.02454947501429044), (12, 0.02454947501429044), (13, 0.02454947501429044), (14, 0.02454947501429044), (15, 0.02454947501429044), (16, 0.02454947501429044), (17, 0.02454947501429044), (18, 0.02454947501429044), (19, 0.02454947501429044), (20, 0.02454947501429044)], 'val_precision': [(0, 0.0), (1, 0.012428288571863736), (2, 0.012428288571863736), (3, 0.012428288571863736), (4, 0.012428288571863736), (5, 0.012428288571863736), (6, 0.012428288571863736), (7, 0.012428288571863736), (8, 0.012428288571863736), (9, 0.012428288571863736), (10, 0.012428288571863736), (11, 0.012428288571863736), (12, 0.012428288571863736), (13, 0.012428288571863736), (14, 0.012428288571863736), (15, 0.012428288571863736), (16, 0.012428288571863736), (17, 0.012428288571863736), (18, 0.012428288571863736), (19, 0.012428288571863736), (20, 0.012428288571863736)], 'val_recall': [(0, 0.0), (1, 0.9935064935064936), (2, 0.9935064935064936), (3, 0.9935064935064936), (4, 0.9935064935064936), (5, 0.9935064935064936), (6, 0.9935064935064936), (7, 0.9935064935064936), (8, 0.9935064935064936), (9, 0.9935064935064936), (10, 0.9935064935064936), (11, 0.9935064935064936), (12, 0.9935064935064936), (13, 0.9935064935064936), (14, 0.9935064935064936), (15, 0.9935064935064936), (16, 0.9935064935064936), (17, 0.9935064935064936), (18, 0.9935064935064936), (19, 0.9935064935064936), (20, 0.9935064935064936)]}
wandb: Waiting for W&B process to finish... (success).
wandb: 
wandb: Run history:
wandb:          round ▁▁▂▂▂▃▃▃▄▄▅▅▅▆▆▆▇▇▇███
wandb:     test_auprc ▁
wandb:        test_f1 ▁
wandb:      test_loss ▁
wandb: test_precision ▁
wandb:    test_recall ▁
wandb:      val_auprc ▁████████████████████
wandb:         val_f1 ▁████████████████████
wandb:       val_loss █▁▁▁▁▁▁▁▁▁▁▁▁▁▁▁▁▁▁▁▁
wandb:  val_precision ▁████████████████████
wandb:     val_recall ▁████████████████████
wandb: 
wandb: Run summary:
wandb:       best_round 1
wandb:   best_val_auprc 0.60098
wandb: duration_seconds 290.74681
wandb:            round 20
wandb:       test_auprc 0.57994
wandb:          test_f1 0.02452
wandb:        test_loss 0.42006
wandb:   test_precision 0.01242
wandb:      test_recall 0.98864
wandb:        val_auprc 0.60098
wandb:           val_f1 0.02455
wandb:         val_loss 0.39902
wandb:    val_precision 0.01243
wandb:       val_recall 0.99351
wandb: 
wandb: 🚀 View run svm_dirichlet_alpha5.0_adasyn_seed42 at: https://wandb.ai/deo250605-sepuluh-nopember-insitute-of-technology/hfedxgboost-paysim/runs/jrrutjbs
wandb: Synced 6 W&B file(s), 0 media file(s), 0 artifact file(s) and 0 other file(s)
wandb: Find logs at: ./wandb/run-20260603_161556-jrrutjbs/logs
[run] resolved config: {'model': 'fedavg_svm', 'num_clients': 5, 'num_rounds': 20, 'local_epochs': 1, 'random_seed': 42, 'oversampling': 'adasyn', 'smote_k_neighbors': 5, 'smote_sampling_strategy': 'auto', 'use_wandb': True, 'wandb_project': 'hfedxgboost-paysim', 'early_stop_patience': 10, 'partition': {'scheme': 'dirichlet', 'alpha': 5.0}, 'svm_params': {'C': 1.0, 'max_iter': 1000, 'warm_start': True}}
[run] === svm | scheme=dirichlet alpha=5.0 K=5 R=20 oversampling=adasyn seed=42 ===
[paysim] loading data/paysim/paysim.csv
[paysim] loaded 6,362,620 rows, 11 columns

[paysim] === data summary ===
  total rows loaded : 6,362,620
  feature count     : 13
  feature names     : ['step', 'amount', 'oldbalanceOrg', 'newbalanceOrig', 'oldbalanceDest', 'newbalanceDest', 'errorBalanceOrig', 'errorBalanceDest', 'type_CASH_IN', 'type_CASH_OUT', 'type_DEBIT', 'type_PAYMENT', 'type_TRANSFER']
  x_train: (4453834, 13)  dtype=float32   |  y_train: (4453834,)  dtype=int32
  x_val  : (954393, 13)  dtype=float32   |  y_val  : (954393,)  dtype=int32
  x_test : (954393, 13)  dtype=float32   |  y_test : (954393,)  dtype=int32
  fraud in train: 5,749 / 4,453,834  (0.1291%)
  fraud in val  : 1,232 / 954,393  (0.1291%)
  fraud in test : 1,232 / 954,393  (0.1291%)
[paysim] === end summary ===


[adasyn] === per-client ADASYN summary ===
  cid |    n_before |     n_after |  fraud_before |  fraud_after | ratio_after | applied
----------------------------------------------------------------------------------------
    0 |     903,928 |   1,805,620 |         1,080 |      902,772 |    49.9979% |    True
    1 |     818,782 |   1,636,042 |           705 |      817,965 |    49.9966% |    True
    2 |     372,414 |     741,310 |         1,720 |      370,616 |    49.9947% |    True
    3 |   1,620,582 |   3,238,898 |         1,164 |    1,619,480 |    50.0010% |    True
    4 |     738,128 |   1,474,146 |         1,080 |      737,098 |    50.0017% |    True
[adasyn] === end summary ===

[run] FL starting: 20 rounds, 5 clients
[server] round 0 | val_auprc=0.0013 | val_f1=0.0000 | val_precision=0.0000 | val_recall=0.0000
[server] round 1 | val_auprc=0.6010 | val_f1=0.0245 | val_precision=0.0124 | val_recall=0.9935
[server] round 2 | val_auprc=0.6010 | val_f1=0.0245 | val_precision=0.0124 | val_recall=0.9935
[server] round 3 | val_auprc=0.6010 | val_f1=0.0245 | val_precision=0.0124 | val_recall=0.9935
[server] round 4 | val_auprc=0.6010 | val_f1=0.0245 | val_precision=0.0124 | val_recall=0.9935
[server] round 5 | val_auprc=0.6010 | val_f1=0.0245 | val_precision=0.0124 | val_recall=0.9935
[server] round 6 | val_auprc=0.6010 | val_f1=0.0245 | val_precision=0.0124 | val_recall=0.9935
[server] round 7 | val_auprc=0.6010 | val_f1=0.0245 | val_precision=0.0124 | val_recall=0.9935
[server] round 8 | val_auprc=0.6010 | val_f1=0.0245 | val_precision=0.0124 | val_recall=0.9935
[server] round 9 | val_auprc=0.6010 | val_f1=0.0245 | val_precision=0.0124 | val_recall=0.9935
[server] round 10 | val_auprc=0.6010 | val_f1=0.0245 | val_precision=0.0124 | val_recall=0.9935
[server] round 11 | val_auprc=0.6010 | val_f1=0.0245 | val_precision=0.0124 | val_recall=0.9935
[server] early-stop signal at round 11: val_auprc unchanged for 10 rounds (best=0.6010 at round 1)
[server] round 12 | val_auprc=0.6010 | val_f1=0.0245 | val_precision=0.0124 | val_recall=0.9935
[server] round 13 | val_auprc=0.6010 | val_f1=0.0245 | val_precision=0.0124 | val_recall=0.9935
[server] round 14 | val_auprc=0.6010 | val_f1=0.0245 | val_precision=0.0124 | val_recall=0.9935
[server] round 15 | val_auprc=0.6010 | val_f1=0.0245 | val_precision=0.0124 | val_recall=0.9935
[server] round 16 | val_auprc=0.6010 | val_f1=0.0245 | val_precision=0.0124 | val_recall=0.9935
[server] round 17 | val_auprc=0.6010 | val_f1=0.0245 | val_precision=0.0124 | val_recall=0.9935
[server] round 18 | val_auprc=0.6010 | val_f1=0.0245 | val_precision=0.0124 | val_recall=0.9935
[server] round 19 | val_auprc=0.6010 | val_f1=0.0245 | val_precision=0.0124 | val_recall=0.9935
[server] round 20 | val_auprc=0.6010 | val_f1=0.0245 | val_precision=0.0124 | val_recall=0.9935
[server] FINAL round 20 | test_auprc=0.5799 | test_f1=0.0245 | test_precision=0.0124 | test_recall=0.9886
[run] best val_auprc: 0.6010 at round 1
[run] final test: auprc=0.5799 | f1=0.0245 | precision=0.0124 | recall=0.9886
[results] wrote summary CSV → results/logs/svm/svm_dirichlet_alpha5.0_adasyn_seed42.csv
[results] wrote rounds CSV  → results/logs/svm/svm_dirichlet_alpha5.0_adasyn_seed42_rounds.csv
