/home/justin/miniconda3/envs/fraud-fl-TA/lib/python3.10/site-packages/ray/_private/parameter.py:4: UserWarning: pkg_resources is deprecated as an API. See https://setuptools.pypa.io/en/latest/pkg_resources.html. The pkg_resources package is slated for removal as early as 2025-11-30. Refrain from using this package or pin to Setuptools<81.
  import pkg_resources
/home/justin/miniconda3/envs/fraud-fl-TA/lib/python3.10/site-packages/wandb/sdk/launch/builder/build.py:11: UserWarning: pkg_resources is deprecated as an API. See https://setuptools.pypa.io/en/latest/pkg_resources.html. The pkg_resources package is slated for removal as early as 2025-11-30. Refrain from using this package or pin to Setuptools<81.
  import pkg_resources
wandb: Currently logged in as: deo250605 (deo250605-sepuluh-nopember-insitute-of-technology). Use `wandb login --relogin` to force relogin
wandb: - Waiting for wandb.init()...wandb: \ Waiting for wandb.init()...wandb: wandb version 0.27.0 is available!  To upgrade, please run:
wandb:  $ pip install wandb --upgrade
wandb: Tracking run with wandb version 0.15.12
wandb: Run data is saved locally in /home/justin/fraud-fl-TA/wandb/run-20260603_162049-3c33ogpl
wandb: Run `wandb offline` to turn off syncing.
wandb: Syncing run svm_dirichlet_alpha5.0_none_seed42
wandb: ⭐️ View project at https://wandb.ai/deo250605-sepuluh-nopember-insitute-of-technology/hfedxgboost-paysim
wandb: 🚀 View run at https://wandb.ai/deo250605-sepuluh-nopember-insitute-of-technology/hfedxgboost-paysim/runs/3c33ogpl
INFO flwr 2026-06-03 16:20:52,924 | app.py:175 | Starting Flower simulation, config: ServerConfig(num_rounds=20, round_timeout=None)
2026-06-03 16:20:54,601	INFO worker.py:1621 -- Started a local Ray instance.
INFO flwr 2026-06-03 16:20:55,168 | app.py:210 | Flower VCE: Ray initialized with resources: {'CPU': 20.0, 'node:__internal_head__': 1.0, 'node:172.24.108.56': 1.0, 'memory': 8906460366.0, 'object_store_memory': 4453230182.0}
INFO flwr 2026-06-03 16:20:55,168 | app.py:224 | Flower VCE: Resources for each Virtual Client: {'num_cpus': 1, 'num_gpus': 0}
INFO flwr 2026-06-03 16:20:55,178 | app.py:270 | Flower VCE: Creating VirtualClientEngineActorPool with 20 actors
INFO flwr 2026-06-03 16:20:55,179 | server.py:89 | Initializing global parameters
INFO flwr 2026-06-03 16:20:55,179 | server.py:272 | Using initial parameters provided by strategy
INFO flwr 2026-06-03 16:20:55,179 | server.py:91 | Evaluating initial parameters
[2m[33m(raylet)[0m /home/justin/miniconda3/envs/fraud-fl-TA/lib/python3.10/site-packages/ray/_private/parameter.py:4: UserWarning: pkg_resources is deprecated as an API. See https://setuptools.pypa.io/en/latest/pkg_resources.html. The pkg_resources package is slated for removal as early as 2025-11-30. Refrain from using this package or pin to Setuptools<81.
[2m[33m(raylet)[0m   import pkg_resources
[2m[33m(raylet)[0m /home/justin/miniconda3/envs/fraud-fl-TA/lib/python3.10/site-packages/ray/_private/parameter.py:4: UserWarning: pkg_resources is deprecated as an API. See https://setuptools.pypa.io/en/latest/pkg_resources.html. The pkg_resources package is slated for removal as early as 2025-11-30. Refrain from using this package or pin to Setuptools<81.
[2m[33m(raylet)[0m   import pkg_resources
[2m[33m(raylet)[0m /home/justin/miniconda3/envs/fraud-fl-TA/lib/python3.10/site-packages/ray/_private/parameter.py:4: UserWarning: pkg_resources is deprecated as an API. See https://setuptools.pypa.io/en/latest/pkg_resources.html. The pkg_resources package is slated for removal as early as 2025-11-30. Refrain from using this package or pin to Setuptools<81.
[2m[33m(raylet)[0m   import pkg_resources
[2m[33m(raylet)[0m /home/justin/miniconda3/envs/fraud-fl-TA/lib/python3.10/site-packages/ray/_private/parameter.py:4: UserWarning: pkg_resources is deprecated as an API. See https://setuptools.pypa.io/en/latest/pkg_resources.html. The pkg_resources package is slated for removal as early as 2025-11-30. Refrain from using this package or pin to Setuptools<81.
[2m[33m(raylet)[0m   import pkg_resources
[2m[33m(raylet)[0m /home/justin/miniconda3/envs/fraud-fl-TA/lib/python3.10/site-packages/ray/_private/parameter.py:4: UserWarning: pkg_resources is deprecated as an API. See https://setuptools.pypa.io/en/latest/pkg_resources.html. The pkg_resources package is slated for removal as early as 2025-11-30. Refrain from using this package or pin to Setuptools<81.
[2m[33m(raylet)[0m   import pkg_resources
[2m[33m(raylet)[0m /home/justin/miniconda3/envs/fraud-fl-TA/lib/python3.10/site-packages/ray/_private/parameter.py:4: UserWarning: pkg_resources is deprecated as an API. See https://setuptools.pypa.io/en/latest/pkg_resources.html. The pkg_resources package is slated for removal as early as 2025-11-30. Refrain from using this package or pin to Setuptools<81.
[2m[33m(raylet)[0m   import pkg_resources
[2m[33m(raylet)[0m /home/justin/miniconda3/envs/fraud-fl-TA/lib/python3.10/site-packages/ray/_private/parameter.py:4: UserWarning: pkg_resources is deprecated as an API. See https://setuptools.pypa.io/en/latest/pkg_resources.html. The pkg_resources package is slated for removal as early as 2025-11-30. Refrain from using this package or pin to Setuptools<81.
[2m[33m(raylet)[0m   import pkg_resources
[2m[33m(raylet)[0m /home/justin/miniconda3/envs/fraud-fl-TA/lib/python3.10/site-packages/ray/_private/parameter.py:4: UserWarning: pkg_resources is deprecated as an API. See https://setuptools.pypa.io/en/latest/pkg_resources.html. The pkg_resources package is slated for removal as early as 2025-11-30. Refrain from using this package or pin to Setuptools<81.
[2m[33m(raylet)[0m   import pkg_resources
[2m[33m(raylet)[0m /home/justin/miniconda3/envs/fraud-fl-TA/lib/python3.10/site-packages/ray/_private/parameter.py:4: UserWarning: pkg_resources is deprecated as an API. See https://setuptools.pypa.io/en/latest/pkg_resources.html. The pkg_resources package is slated for removal as early as 2025-11-30. Refrain from using this package or pin to Setuptools<81.
[2m[33m(raylet)[0m   import pkg_resources
[2m[33m(raylet)[0m /home/justin/miniconda3/envs/fraud-fl-TA/lib/python3.10/site-packages/ray/_private/parameter.py:4: UserWarning: pkg_resources is deprecated as an API. See https://setuptools.pypa.io/en/latest/pkg_resources.html. The pkg_resources package is slated for removal as early as 2025-11-30. Refrain from using this package or pin to Setuptools<81.
[2m[33m(raylet)[0m   import pkg_resources
[2m[33m(raylet)[0m /home/justin/miniconda3/envs/fraud-fl-TA/lib/python3.10/site-packages/ray/_private/parameter.py:4: UserWarning: pkg_resources is deprecated as an API. See https://setuptools.pypa.io/en/latest/pkg_resources.html. The pkg_resources package is slated for removal as early as 2025-11-30. Refrain from using this package or pin to Setuptools<81.
[2m[33m(raylet)[0m   import pkg_resources
[2m[33m(raylet)[0m /home/justin/miniconda3/envs/fraud-fl-TA/lib/python3.10/site-packages/ray/_private/parameter.py:4: UserWarning: pkg_resources is deprecated as an API. See https://setuptools.pypa.io/en/latest/pkg_resources.html. The pkg_resources package is slated for removal as early as 2025-11-30. Refrain from using this package or pin to Setuptools<81.
[2m[33m(raylet)[0m   import pkg_resources
[2m[33m(raylet)[0m /home/justin/miniconda3/envs/fraud-fl-TA/lib/python3.10/site-packages/ray/_private/parameter.py:4: UserWarning: pkg_resources is deprecated as an API. See https://setuptools.pypa.io/en/latest/pkg_resources.html. The pkg_resources package is slated for removal as early as 2025-11-30. Refrain from using this package or pin to Setuptools<81.
[2m[33m(raylet)[0m   import pkg_resources
[2m[33m(raylet)[0m /home/justin/miniconda3/envs/fraud-fl-TA/lib/python3.10/site-packages/ray/_private/parameter.py:4: UserWarning: pkg_resources is deprecated as an API. See https://setuptools.pypa.io/en/latest/pkg_resources.html. The pkg_resources package is slated for removal as early as 2025-11-30. Refrain from using this package or pin to Setuptools<81.
[2m[33m(raylet)[0m   import pkg_resources
[2m[33m(raylet)[0m /home/justin/miniconda3/envs/fraud-fl-TA/lib/python3.10/site-packages/ray/_private/parameter.py:4: UserWarning: pkg_resources is deprecated as an API. See https://setuptools.pypa.io/en/latest/pkg_resources.html. The pkg_resources package is slated for removal as early as 2025-11-30. Refrain from using this package or pin to Setuptools<81.
[2m[33m(raylet)[0m   import pkg_resources
[2m[33m(raylet)[0m /home/justin/miniconda3/envs/fraud-fl-TA/lib/python3.10/site-packages/ray/_private/parameter.py:4: UserWarning: pkg_resources is deprecated as an API. See https://setuptools.pypa.io/en/latest/pkg_resources.html. The pkg_resources package is slated for removal as early as 2025-11-30. Refrain from using this package or pin to Setuptools<81.
[2m[33m(raylet)[0m   import pkg_resources
[2m[33m(raylet)[0m /home/justin/miniconda3/envs/fraud-fl-TA/lib/python3.10/site-packages/ray/_private/parameter.py:4: UserWarning: pkg_resources is deprecated as an API. See https://setuptools.pypa.io/en/latest/pkg_resources.html. The pkg_resources package is slated for removal as early as 2025-11-30. Refrain from using this package or pin to Setuptools<81.
[2m[33m(raylet)[0m   import pkg_resources
[2m[33m(raylet)[0m /home/justin/miniconda3/envs/fraud-fl-TA/lib/python3.10/site-packages/ray/_private/parameter.py:4: UserWarning: pkg_resources is deprecated as an API. See https://setuptools.pypa.io/en/latest/pkg_resources.html. The pkg_resources package is slated for removal as early as 2025-11-30. Refrain from using this package or pin to Setuptools<81.
[2m[33m(raylet)[0m   import pkg_resources
[2m[33m(raylet)[0m /home/justin/miniconda3/envs/fraud-fl-TA/lib/python3.10/site-packages/ray/_private/parameter.py:4: UserWarning: pkg_resources is deprecated as an API. See https://setuptools.pypa.io/en/latest/pkg_resources.html. The pkg_resources package is slated for removal as early as 2025-11-30. Refrain from using this package or pin to Setuptools<81.
[2m[33m(raylet)[0m   import pkg_resources
[2m[33m(raylet)[0m /home/justin/miniconda3/envs/fraud-fl-TA/lib/python3.10/site-packages/ray/_private/parameter.py:4: UserWarning: pkg_resources is deprecated as an API. See https://setuptools.pypa.io/en/latest/pkg_resources.html. The pkg_resources package is slated for removal as early as 2025-11-30. Refrain from using this package or pin to Setuptools<81.
[2m[33m(raylet)[0m   import pkg_resources
INFO flwr 2026-06-03 16:20:55,957 | server.py:94 | initial parameters (loss, other metrics): 0.9987091271625002, {'val_auprc': 0.001290872837499856, 'val_f1': 0.0, 'val_precision': 0.0, 'val_recall': 0.0}
INFO flwr 2026-06-03 16:20:55,957 | server.py:104 | FL starting
DEBUG flwr 2026-06-03 16:20:55,958 | server.py:222 | fit_round 1: strategy sampled 5 clients (out of 5)
DEBUG flwr 2026-06-03 16:20:59,925 | server.py:236 | fit_round 1 received 5 results and 0 failures
INFO flwr 2026-06-03 16:21:00,430 | server.py:125 | fit progress: (1, 0.3675351982026265, {'val_auprc': 0.6324648017973735, 'val_f1': 0.5345838218053928, 'val_precision': 0.9620253164556962, 'val_recall': 0.37012987012987014}, 4.47224988299422)
INFO flwr 2026-06-03 16:21:00,430 | server.py:171 | evaluate_round 1: no clients selected, cancel
DEBUG flwr 2026-06-03 16:21:00,431 | server.py:222 | fit_round 2: strategy sampled 5 clients (out of 5)
DEBUG flwr 2026-06-03 16:21:03,805 | server.py:236 | fit_round 2 received 5 results and 0 failures
INFO flwr 2026-06-03 16:21:04,325 | server.py:125 | fit progress: (2, 0.3675351982026265, {'val_auprc': 0.6324648017973735, 'val_f1': 0.5345838218053928, 'val_precision': 0.9620253164556962, 'val_recall': 0.37012987012987014}, 8.367460679030046)
INFO flwr 2026-06-03 16:21:04,325 | server.py:171 | evaluate_round 2: no clients selected, cancel
DEBUG flwr 2026-06-03 16:21:04,326 | server.py:222 | fit_round 3: strategy sampled 5 clients (out of 5)
DEBUG flwr 2026-06-03 16:21:07,739 | server.py:236 | fit_round 3 received 5 results and 0 failures
INFO flwr 2026-06-03 16:21:08,243 | server.py:125 | fit progress: (3, 0.3675351982026265, {'val_auprc': 0.6324648017973735, 'val_f1': 0.5345838218053928, 'val_precision': 0.9620253164556962, 'val_recall': 0.37012987012987014}, 12.285237360978499)
INFO flwr 2026-06-03 16:21:08,243 | server.py:171 | evaluate_round 3: no clients selected, cancel
DEBUG flwr 2026-06-03 16:21:08,243 | server.py:222 | fit_round 4: strategy sampled 5 clients (out of 5)
DEBUG flwr 2026-06-03 16:21:11,627 | server.py:236 | fit_round 4 received 5 results and 0 failures
INFO flwr 2026-06-03 16:21:12,126 | server.py:125 | fit progress: (4, 0.3675351982026265, {'val_auprc': 0.6324648017973735, 'val_f1': 0.5345838218053928, 'val_precision': 0.9620253164556962, 'val_recall': 0.37012987012987014}, 16.16828458290547)
INFO flwr 2026-06-03 16:21:12,126 | server.py:171 | evaluate_round 4: no clients selected, cancel
DEBUG flwr 2026-06-03 16:21:12,126 | server.py:222 | fit_round 5: strategy sampled 5 clients (out of 5)
DEBUG flwr 2026-06-03 16:21:15,480 | server.py:236 | fit_round 5 received 5 results and 0 failures
INFO flwr 2026-06-03 16:21:16,010 | server.py:125 | fit progress: (5, 0.3675351982026265, {'val_auprc': 0.6324648017973735, 'val_f1': 0.5345838218053928, 'val_precision': 0.9620253164556962, 'val_recall': 0.37012987012987014}, 20.05268526589498)
INFO flwr 2026-06-03 16:21:16,010 | server.py:171 | evaluate_round 5: no clients selected, cancel
DEBUG flwr 2026-06-03 16:21:16,011 | server.py:222 | fit_round 6: strategy sampled 5 clients (out of 5)
DEBUG flwr 2026-06-03 16:21:19,306 | server.py:236 | fit_round 6 received 5 results and 0 failures
INFO flwr 2026-06-03 16:21:19,846 | server.py:125 | fit progress: (6, 0.3675351982026265, {'val_auprc': 0.6324648017973735, 'val_f1': 0.5345838218053928, 'val_precision': 0.9620253164556962, 'val_recall': 0.37012987012987014}, 23.88822756195441)
INFO flwr 2026-06-03 16:21:19,846 | server.py:171 | evaluate_round 6: no clients selected, cancel
DEBUG flwr 2026-06-03 16:21:19,846 | server.py:222 | fit_round 7: strategy sampled 5 clients (out of 5)
DEBUG flwr 2026-06-03 16:21:23,162 | server.py:236 | fit_round 7 received 5 results and 0 failures
INFO flwr 2026-06-03 16:21:23,671 | server.py:125 | fit progress: (7, 0.3675351982026265, {'val_auprc': 0.6324648017973735, 'val_f1': 0.5345838218053928, 'val_precision': 0.9620253164556962, 'val_recall': 0.37012987012987014}, 27.71335029695183)
INFO flwr 2026-06-03 16:21:23,671 | server.py:171 | evaluate_round 7: no clients selected, cancel
DEBUG flwr 2026-06-03 16:21:23,671 | server.py:222 | fit_round 8: strategy sampled 5 clients (out of 5)
DEBUG flwr 2026-06-03 16:21:26,910 | server.py:236 | fit_round 8 received 5 results and 0 failures
INFO flwr 2026-06-03 16:21:27,410 | server.py:125 | fit progress: (8, 0.3675351982026265, {'val_auprc': 0.6324648017973735, 'val_f1': 0.5345838218053928, 'val_precision': 0.9620253164556962, 'val_recall': 0.37012987012987014}, 31.45203345292248)
INFO flwr 2026-06-03 16:21:27,410 | server.py:171 | evaluate_round 8: no clients selected, cancel
DEBUG flwr 2026-06-03 16:21:27,410 | server.py:222 | fit_round 9: strategy sampled 5 clients (out of 5)
DEBUG flwr 2026-06-03 16:21:30,653 | server.py:236 | fit_round 9 received 5 results and 0 failures
INFO flwr 2026-06-03 16:21:31,154 | server.py:125 | fit progress: (9, 0.3675351982026265, {'val_auprc': 0.6324648017973735, 'val_f1': 0.5345838218053928, 'val_precision': 0.9620253164556962, 'val_recall': 0.37012987012987014}, 35.196198479039595)
INFO flwr 2026-06-03 16:21:31,154 | server.py:171 | evaluate_round 9: no clients selected, cancel
DEBUG flwr 2026-06-03 16:21:31,154 | server.py:222 | fit_round 10: strategy sampled 5 clients (out of 5)
DEBUG flwr 2026-06-03 16:21:34,432 | server.py:236 | fit_round 10 received 5 results and 0 failures
INFO flwr 2026-06-03 16:21:34,951 | server.py:125 | fit progress: (10, 0.3675351982026265, {'val_auprc': 0.6324648017973735, 'val_f1': 0.5345838218053928, 'val_precision': 0.9620253164556962, 'val_recall': 0.37012987012987014}, 38.993465586099774)
INFO flwr 2026-06-03 16:21:34,951 | server.py:171 | evaluate_round 10: no clients selected, cancel
DEBUG flwr 2026-06-03 16:21:34,951 | server.py:222 | fit_round 11: strategy sampled 5 clients (out of 5)
DEBUG flwr 2026-06-03 16:21:38,212 | server.py:236 | fit_round 11 received 5 results and 0 failures
INFO flwr 2026-06-03 16:21:38,713 | server.py:125 | fit progress: (11, 0.3675351982026265, {'val_auprc': 0.6324648017973735, 'val_f1': 0.5345838218053928, 'val_precision': 0.9620253164556962, 'val_recall': 0.37012987012987014}, 42.75506416987628)
INFO flwr 2026-06-03 16:21:38,713 | server.py:171 | evaluate_round 11: no clients selected, cancel
DEBUG flwr 2026-06-03 16:21:38,713 | server.py:222 | fit_round 12: strategy sampled 5 clients (out of 5)
DEBUG flwr 2026-06-03 16:21:41,950 | server.py:236 | fit_round 12 received 5 results and 0 failures
INFO flwr 2026-06-03 16:21:42,471 | server.py:125 | fit progress: (12, 0.3675351982026265, {'val_auprc': 0.6324648017973735, 'val_f1': 0.5345838218053928, 'val_precision': 0.9620253164556962, 'val_recall': 0.37012987012987014}, 46.51373897190206)
INFO flwr 2026-06-03 16:21:42,472 | server.py:171 | evaluate_round 12: no clients selected, cancel
DEBUG flwr 2026-06-03 16:21:42,472 | server.py:222 | fit_round 13: strategy sampled 5 clients (out of 5)
DEBUG flwr 2026-06-03 16:21:45,752 | server.py:236 | fit_round 13 received 5 results and 0 failures
INFO flwr 2026-06-03 16:21:46,251 | server.py:125 | fit progress: (13, 0.3675351982026265, {'val_auprc': 0.6324648017973735, 'val_f1': 0.5345838218053928, 'val_precision': 0.9620253164556962, 'val_recall': 0.37012987012987014}, 50.293290071887895)
INFO flwr 2026-06-03 16:21:46,251 | server.py:171 | evaluate_round 13: no clients selected, cancel
DEBUG flwr 2026-06-03 16:21:46,252 | server.py:222 | fit_round 14: strategy sampled 5 clients (out of 5)
DEBUG flwr 2026-06-03 16:21:49,503 | server.py:236 | fit_round 14 received 5 results and 0 failures
INFO flwr 2026-06-03 16:21:50,010 | server.py:125 | fit progress: (14, 0.3675351982026265, {'val_auprc': 0.6324648017973735, 'val_f1': 0.5345838218053928, 'val_precision': 0.9620253164556962, 'val_recall': 0.37012987012987014}, 54.052242804085836)
INFO flwr 2026-06-03 16:21:50,010 | server.py:171 | evaluate_round 14: no clients selected, cancel
DEBUG flwr 2026-06-03 16:21:50,010 | server.py:222 | fit_round 15: strategy sampled 5 clients (out of 5)
DEBUG flwr 2026-06-03 16:21:53,238 | server.py:236 | fit_round 15 received 5 results and 0 failures
INFO flwr 2026-06-03 16:21:53,774 | server.py:125 | fit progress: (15, 0.3675351982026265, {'val_auprc': 0.6324648017973735, 'val_f1': 0.5345838218053928, 'val_precision': 0.9620253164556962, 'val_recall': 0.37012987012987014}, 57.815979979000986)
INFO flwr 2026-06-03 16:21:53,774 | server.py:171 | evaluate_round 15: no clients selected, cancel
DEBUG flwr 2026-06-03 16:21:53,774 | server.py:222 | fit_round 16: strategy sampled 5 clients (out of 5)
DEBUG flwr 2026-06-03 16:21:57,028 | server.py:236 | fit_round 16 received 5 results and 0 failures
INFO flwr 2026-06-03 16:21:57,535 | server.py:125 | fit progress: (16, 0.3675351982026265, {'val_auprc': 0.6324648017973735, 'val_f1': 0.5345838218053928, 'val_precision': 0.9620253164556962, 'val_recall': 0.37012987012987014}, 61.57763539603911)
INFO flwr 2026-06-03 16:21:57,535 | server.py:171 | evaluate_round 16: no clients selected, cancel
DEBUG flwr 2026-06-03 16:21:57,536 | server.py:222 | fit_round 17: strategy sampled 5 clients (out of 5)
DEBUG flwr 2026-06-03 16:22:00,771 | server.py:236 | fit_round 17 received 5 results and 0 failures
INFO flwr 2026-06-03 16:22:01,274 | server.py:125 | fit progress: (17, 0.3675351982026265, {'val_auprc': 0.6324648017973735, 'val_f1': 0.5345838218053928, 'val_precision': 0.9620253164556962, 'val_recall': 0.37012987012987014}, 65.31650982587598)
INFO flwr 2026-06-03 16:22:01,274 | server.py:171 | evaluate_round 17: no clients selected, cancel
DEBUG flwr 2026-06-03 16:22:01,274 | server.py:222 | fit_round 18: strategy sampled 5 clients (out of 5)
DEBUG flwr 2026-06-03 16:22:04,525 | server.py:236 | fit_round 18 received 5 results and 0 failures
INFO flwr 2026-06-03 16:22:05,022 | server.py:125 | fit progress: (18, 0.3675351982026265, {'val_auprc': 0.6324648017973735, 'val_f1': 0.5345838218053928, 'val_precision': 0.9620253164556962, 'val_recall': 0.37012987012987014}, 69.06482738396153)
INFO flwr 2026-06-03 16:22:05,023 | server.py:171 | evaluate_round 18: no clients selected, cancel
DEBUG flwr 2026-06-03 16:22:05,023 | server.py:222 | fit_round 19: strategy sampled 5 clients (out of 5)
DEBUG flwr 2026-06-03 16:22:08,283 | server.py:236 | fit_round 19 received 5 results and 0 failures
INFO flwr 2026-06-03 16:22:08,787 | server.py:125 | fit progress: (19, 0.3675351982026265, {'val_auprc': 0.6324648017973735, 'val_f1': 0.5345838218053928, 'val_precision': 0.9620253164556962, 'val_recall': 0.37012987012987014}, 72.82957677799277)
INFO flwr 2026-06-03 16:22:08,787 | server.py:171 | evaluate_round 19: no clients selected, cancel
DEBUG flwr 2026-06-03 16:22:08,787 | server.py:222 | fit_round 20: strategy sampled 5 clients (out of 5)
DEBUG flwr 2026-06-03 16:22:12,161 | server.py:236 | fit_round 20 received 5 results and 0 failures
INFO flwr 2026-06-03 16:22:13,187 | server.py:125 | fit progress: (20, 0.3675351982026265, {'val_auprc': 0.6324648017973735, 'val_f1': 0.5345838218053928, 'val_precision': 0.9620253164556962, 'val_recall': 0.37012987012987014}, 77.22918380587362)
INFO flwr 2026-06-03 16:22:13,187 | server.py:171 | evaluate_round 20: no clients selected, cancel
INFO flwr 2026-06-03 16:22:13,187 | server.py:153 | FL finished in 77.22962360293604
INFO flwr 2026-06-03 16:22:13,188 | app.py:225 | app_fit: losses_distributed []
INFO flwr 2026-06-03 16:22:13,188 | app.py:226 | app_fit: metrics_distributed_fit {'local_auprc': [(1, 0.6290964654653826), (2, 0.6290964654653824), (3, 0.6290964654653826), (4, 0.6290964654653824), (5, 0.6290964654653824), (6, 0.6290964654653824), (7, 0.6290964654653824), (8, 0.6290964654653824), (9, 0.6290964654653826), (10, 0.6290964654653824), (11, 0.6290964654653824), (12, 0.6290964654653824), (13, 0.6290964654653824), (14, 0.6290964654653824), (15, 0.6290964654653824), (16, 0.6290964654653824), (17, 0.6290964654653824), (18, 0.6290964654653824), (19, 0.6290964654653824), (20, 0.6290964654653824)], 'client_id': [(1, 2.105571963391541), (2, 2.105571963391541), (3, 2.105571963391541), (4, 2.105571963391541), (5, 2.105571963391541), (6, 2.105571963391541), (7, 2.105571963391541), (8, 2.105571963391541), (9, 2.105571963391541), (10, 2.105571963391541), (11, 2.105571963391541), (12, 2.105571963391541), (13, 2.105571963391541), (14, 2.105571963391541), (15, 2.105571963391541), (16, 2.105571963391541), (17, 2.105571963391541), (18, 2.105571963391541), (19, 2.105571963391541), (20, 2.105571963391541)]}
INFO flwr 2026-06-03 16:22:13,188 | app.py:227 | app_fit: metrics_distributed {}
INFO flwr 2026-06-03 16:22:13,189 | app.py:228 | app_fit: losses_centralized [(0, 0.9987091271625002), (1, 0.3675351982026265), (2, 0.3675351982026265), (3, 0.3675351982026265), (4, 0.3675351982026265), (5, 0.3675351982026265), (6, 0.3675351982026265), (7, 0.3675351982026265), (8, 0.3675351982026265), (9, 0.3675351982026265), (10, 0.3675351982026265), (11, 0.3675351982026265), (12, 0.3675351982026265), (13, 0.3675351982026265), (14, 0.3675351982026265), (15, 0.3675351982026265), (16, 0.3675351982026265), (17, 0.3675351982026265), (18, 0.3675351982026265), (19, 0.3675351982026265), (20, 0.3675351982026265)]
INFO flwr 2026-06-03 16:22:13,189 | app.py:229 | app_fit: metrics_centralized {'val_auprc': [(0, 0.001290872837499856), (1, 0.6324648017973735), (2, 0.6324648017973735), (3, 0.6324648017973735), (4, 0.6324648017973735), (5, 0.6324648017973735), (6, 0.6324648017973735), (7, 0.6324648017973735), (8, 0.6324648017973735), (9, 0.6324648017973735), (10, 0.6324648017973735), (11, 0.6324648017973735), (12, 0.6324648017973735), (13, 0.6324648017973735), (14, 0.6324648017973735), (15, 0.6324648017973735), (16, 0.6324648017973735), (17, 0.6324648017973735), (18, 0.6324648017973735), (19, 0.6324648017973735), (20, 0.6324648017973735)], 'val_f1': [(0, 0.0), (1, 0.5345838218053928), (2, 0.5345838218053928), (3, 0.5345838218053928), (4, 0.5345838218053928), (5, 0.5345838218053928), (6, 0.5345838218053928), (7, 0.5345838218053928), (8, 0.5345838218053928), (9, 0.5345838218053928), (10, 0.5345838218053928), (11, 0.5345838218053928), (12, 0.5345838218053928), (13, 0.5345838218053928), (14, 0.5345838218053928), (15, 0.5345838218053928), (16, 0.5345838218053928), (17, 0.5345838218053928), (18, 0.5345838218053928), (19, 0.5345838218053928), (20, 0.5345838218053928)], 'val_precision': [(0, 0.0), (1, 0.9620253164556962), (2, 0.9620253164556962), (3, 0.9620253164556962), (4, 0.9620253164556962), (5, 0.9620253164556962), (6, 0.9620253164556962), (7, 0.9620253164556962), (8, 0.9620253164556962), (9, 0.9620253164556962), (10, 0.9620253164556962), (11, 0.9620253164556962), (12, 0.9620253164556962), (13, 0.9620253164556962), (14, 0.9620253164556962), (15, 0.9620253164556962), (16, 0.9620253164556962), (17, 0.9620253164556962), (18, 0.9620253164556962), (19, 0.9620253164556962), (20, 0.9620253164556962)], 'val_recall': [(0, 0.0), (1, 0.37012987012987014), (2, 0.37012987012987014), (3, 0.37012987012987014), (4, 0.37012987012987014), (5, 0.37012987012987014), (6, 0.37012987012987014), (7, 0.37012987012987014), (8, 0.37012987012987014), (9, 0.37012987012987014), (10, 0.37012987012987014), (11, 0.37012987012987014), (12, 0.37012987012987014), (13, 0.37012987012987014), (14, 0.37012987012987014), (15, 0.37012987012987014), (16, 0.37012987012987014), (17, 0.37012987012987014), (18, 0.37012987012987014), (19, 0.37012987012987014), (20, 0.37012987012987014)]}
wandb: Waiting for W&B process to finish... (success).
wandb: 
wandb: Run history:
wandb:          round ▁▁▂▂▂▃▃▃▄▄▅▅▅▆▆▆▇▇▇███
wandb:     test_auprc ▁
wandb:        test_f1 ▁
wandb:      test_loss ▁
wandb: test_precision ▁
wandb:    test_recall ▁
wandb:      val_auprc ▁████████████████████
wandb:         val_f1 ▁████████████████████
wandb:       val_loss █▁▁▁▁▁▁▁▁▁▁▁▁▁▁▁▁▁▁▁▁
wandb:  val_precision ▁████████████████████
wandb:     val_recall ▁████████████████████
wandb: 
wandb: Run summary:
wandb:       best_round 1
wandb:   best_val_auprc 0.63246
wandb: duration_seconds 94.68354
wandb:            round 20
wandb:       test_auprc 0.61326
wandb:          test_f1 0.50805
wandb:        test_loss 0.38674
wandb:   test_precision 0.9573
wandb:      test_recall 0.34578
wandb:        val_auprc 0.63246
wandb:           val_f1 0.53458
wandb:         val_loss 0.36754
wandb:    val_precision 0.96203
wandb:       val_recall 0.37013
wandb: 
wandb: 🚀 View run svm_dirichlet_alpha5.0_none_seed42 at: https://wandb.ai/deo250605-sepuluh-nopember-insitute-of-technology/hfedxgboost-paysim/runs/3c33ogpl
wandb: Synced 6 W&B file(s), 0 media file(s), 0 artifact file(s) and 0 other file(s)
wandb: Find logs at: ./wandb/run-20260603_162049-3c33ogpl/logs
[run] resolved config: {'model': 'fedavg_svm', 'num_clients': 5, 'num_rounds': 20, 'local_epochs': 1, 'random_seed': 42, 'oversampling': 'none', 'smote_k_neighbors': 5, 'smote_sampling_strategy': 'auto', 'use_wandb': True, 'wandb_project': 'hfedxgboost-paysim', 'early_stop_patience': 10, 'partition': {'scheme': 'dirichlet', 'alpha': 5.0}, 'svm_params': {'C': 1.0, 'max_iter': 1000, 'warm_start': True}}
[run] === svm | scheme=dirichlet alpha=5.0 K=5 R=20 oversampling=none seed=42 ===
[paysim] loading data/paysim/paysim.csv
[paysim] loaded 6,362,620 rows, 11 columns

[paysim] === data summary ===
  total rows loaded : 6,362,620
  feature count     : 13
  feature names     : ['step', 'amount', 'oldbalanceOrg', 'newbalanceOrig', 'oldbalanceDest', 'newbalanceDest', 'errorBalanceOrig', 'errorBalanceDest', 'type_CASH_IN', 'type_CASH_OUT', 'type_DEBIT', 'type_PAYMENT', 'type_TRANSFER']
  x_train: (4453834, 13)  dtype=float32   |  y_train: (4453834,)  dtype=int32
  x_val  : (954393, 13)  dtype=float32   |  y_val  : (954393,)  dtype=int32
  x_test : (954393, 13)  dtype=float32   |  y_test : (954393,)  dtype=int32
  fraud in train: 5,749 / 4,453,834  (0.1291%)
  fraud in val  : 1,232 / 954,393  (0.1291%)
  fraud in test : 1,232 / 954,393  (0.1291%)
[paysim] === end summary ===


[smote] === per-client SMOTE summary ===
  cid |    n_before |     n_after |  fraud_before |  fraud_after | ratio_after | applied
----------------------------------------------------------------------------------------
    0 |     903,928 |     903,928 |         1,080 |        1,080 |     0.1195% |   False
    1 |     818,782 |     818,782 |           705 |          705 |     0.0861% |   False
    2 |     372,414 |     372,414 |         1,720 |        1,720 |     0.4619% |   False
    3 |   1,620,582 |   1,620,582 |         1,164 |        1,164 |     0.0718% |   False
    4 |     738,128 |     738,128 |         1,080 |        1,080 |     0.1463% |   False
[smote] === end summary ===

[run] FL starting: 20 rounds, 5 clients
[server] round 0 | val_auprc=0.0013 | val_f1=0.0000 | val_precision=0.0000 | val_recall=0.0000
[server] round 1 | val_auprc=0.6325 | val_f1=0.5346 | val_precision=0.9620 | val_recall=0.3701
[server] round 2 | val_auprc=0.6325 | val_f1=0.5346 | val_precision=0.9620 | val_recall=0.3701
[server] round 3 | val_auprc=0.6325 | val_f1=0.5346 | val_precision=0.9620 | val_recall=0.3701
[server] round 4 | val_auprc=0.6325 | val_f1=0.5346 | val_precision=0.9620 | val_recall=0.3701
[server] round 5 | val_auprc=0.6325 | val_f1=0.5346 | val_precision=0.9620 | val_recall=0.3701
[server] round 6 | val_auprc=0.6325 | val_f1=0.5346 | val_precision=0.9620 | val_recall=0.3701
[server] round 7 | val_auprc=0.6325 | val_f1=0.5346 | val_precision=0.9620 | val_recall=0.3701
[server] round 8 | val_auprc=0.6325 | val_f1=0.5346 | val_precision=0.9620 | val_recall=0.3701
[server] round 9 | val_auprc=0.6325 | val_f1=0.5346 | val_precision=0.9620 | val_recall=0.3701
[server] round 10 | val_auprc=0.6325 | val_f1=0.5346 | val_precision=0.9620 | val_recall=0.3701
[server] round 11 | val_auprc=0.6325 | val_f1=0.5346 | val_precision=0.9620 | val_recall=0.3701
[server] early-stop signal at round 11: val_auprc unchanged for 10 rounds (best=0.6325 at round 1)
[server] round 12 | val_auprc=0.6325 | val_f1=0.5346 | val_precision=0.9620 | val_recall=0.3701
[server] round 13 | val_auprc=0.6325 | val_f1=0.5346 | val_precision=0.9620 | val_recall=0.3701
[server] round 14 | val_auprc=0.6325 | val_f1=0.5346 | val_precision=0.9620 | val_recall=0.3701
[server] round 15 | val_auprc=0.6325 | val_f1=0.5346 | val_precision=0.9620 | val_recall=0.3701
[server] round 16 | val_auprc=0.6325 | val_f1=0.5346 | val_precision=0.9620 | val_recall=0.3701
[server] round 17 | val_auprc=0.6325 | val_f1=0.5346 | val_precision=0.9620 | val_recall=0.3701
[server] round 18 | val_auprc=0.6325 | val_f1=0.5346 | val_precision=0.9620 | val_recall=0.3701
[server] round 19 | val_auprc=0.6325 | val_f1=0.5346 | val_precision=0.9620 | val_recall=0.3701
[server] round 20 | val_auprc=0.6325 | val_f1=0.5346 | val_precision=0.9620 | val_recall=0.3701
[server] FINAL round 20 | test_auprc=0.6133 | test_f1=0.5081 | test_precision=0.9573 | test_recall=0.3458
[run] best val_auprc: 0.6325 at round 1
[run] final test: auprc=0.6133 | f1=0.5081 | precision=0.9573 | recall=0.3458
[results] wrote summary CSV → results/logs/svm/svm_dirichlet_alpha5.0_none_seed42.csv
[results] wrote rounds CSV  → results/logs/svm/svm_dirichlet_alpha5.0_none_seed42_rounds.csv
