/home/justin/miniconda3/envs/fraud-fl-TA/lib/python3.10/site-packages/ray/_private/parameter.py:4: UserWarning: pkg_resources is deprecated as an API. See https://setuptools.pypa.io/en/latest/pkg_resources.html. The pkg_resources package is slated for removal as early as 2025-11-30. Refrain from using this package or pin to Setuptools<81.
  import pkg_resources
/home/justin/miniconda3/envs/fraud-fl-TA/lib/python3.10/site-packages/wandb/sdk/launch/builder/build.py:11: UserWarning: pkg_resources is deprecated as an API. See https://setuptools.pypa.io/en/latest/pkg_resources.html. The pkg_resources package is slated for removal as early as 2025-11-30. Refrain from using this package or pin to Setuptools<81.
  import pkg_resources
wandb: Currently logged in as: deo250605 (deo250605-sepuluh-nopember-insitute-of-technology). Use `wandb login --relogin` to force relogin
wandb: wandb version 0.27.0 is available!  To upgrade, please run:
wandb:  $ pip install wandb --upgrade
wandb: Tracking run with wandb version 0.15.12
wandb: Run data is saved locally in /home/justin/fraud-fl-TA/wandb/run-20260603_160848-0lwu72wy
wandb: Run `wandb offline` to turn off syncing.
wandb: Syncing run svm_dirichlet_alpha1.0_none_seed42
wandb: ⭐️ View project at https://wandb.ai/deo250605-sepuluh-nopember-insitute-of-technology/hfedxgboost-paysim
wandb: 🚀 View run at https://wandb.ai/deo250605-sepuluh-nopember-insitute-of-technology/hfedxgboost-paysim/runs/0lwu72wy
INFO flwr 2026-06-03 16:08:50,973 | app.py:175 | Starting Flower simulation, config: ServerConfig(num_rounds=20, round_timeout=None)
2026-06-03 16:08:52,777	INFO worker.py:1621 -- Started a local Ray instance.
INFO flwr 2026-06-03 16:08:53,353 | app.py:210 | Flower VCE: Ray initialized with resources: {'CPU': 20.0, 'node:172.24.108.56': 1.0, 'node:__internal_head__': 1.0, 'memory': 8895646926.0, 'object_store_memory': 4447823462.0}
INFO flwr 2026-06-03 16:08:53,353 | app.py:224 | Flower VCE: Resources for each Virtual Client: {'num_cpus': 1, 'num_gpus': 0}
INFO flwr 2026-06-03 16:08:53,364 | app.py:270 | Flower VCE: Creating VirtualClientEngineActorPool with 20 actors
INFO flwr 2026-06-03 16:08:53,364 | server.py:89 | Initializing global parameters
INFO flwr 2026-06-03 16:08:53,364 | server.py:272 | Using initial parameters provided by strategy
INFO flwr 2026-06-03 16:08:53,364 | server.py:91 | Evaluating initial parameters
[2m[33m(raylet)[0m /home/justin/miniconda3/envs/fraud-fl-TA/lib/python3.10/site-packages/ray/_private/parameter.py:4: UserWarning: pkg_resources is deprecated as an API. See https://setuptools.pypa.io/en/latest/pkg_resources.html. The pkg_resources package is slated for removal as early as 2025-11-30. Refrain from using this package or pin to Setuptools<81.
[2m[33m(raylet)[0m   import pkg_resources
[2m[33m(raylet)[0m /home/justin/miniconda3/envs/fraud-fl-TA/lib/python3.10/site-packages/ray/_private/parameter.py:4: UserWarning: pkg_resources is deprecated as an API. See https://setuptools.pypa.io/en/latest/pkg_resources.html. The pkg_resources package is slated for removal as early as 2025-11-30. Refrain from using this package or pin to Setuptools<81.
[2m[33m(raylet)[0m   import pkg_resources
[2m[33m(raylet)[0m /home/justin/miniconda3/envs/fraud-fl-TA/lib/python3.10/site-packages/ray/_private/parameter.py:4: UserWarning: pkg_resources is deprecated as an API. See https://setuptools.pypa.io/en/latest/pkg_resources.html. The pkg_resources package is slated for removal as early as 2025-11-30. Refrain from using this package or pin to Setuptools<81.
[2m[33m(raylet)[0m   import pkg_resources
[2m[33m(raylet)[0m /home/justin/miniconda3/envs/fraud-fl-TA/lib/python3.10/site-packages/ray/_private/parameter.py:4: UserWarning: pkg_resources is deprecated as an API. See https://setuptools.pypa.io/en/latest/pkg_resources.html. The pkg_resources package is slated for removal as early as 2025-11-30. Refrain from using this package or pin to Setuptools<81.
[2m[33m(raylet)[0m   import pkg_resources
[2m[33m(raylet)[0m /home/justin/miniconda3/envs/fraud-fl-TA/lib/python3.10/site-packages/ray/_private/parameter.py:4: UserWarning: pkg_resources is deprecated as an API. See https://setuptools.pypa.io/en/latest/pkg_resources.html. The pkg_resources package is slated for removal as early as 2025-11-30. Refrain from using this package or pin to Setuptools<81.
[2m[33m(raylet)[0m   import pkg_resources
[2m[33m(raylet)[0m /home/justin/miniconda3/envs/fraud-fl-TA/lib/python3.10/site-packages/ray/_private/parameter.py:4: UserWarning: pkg_resources is deprecated as an API. See https://setuptools.pypa.io/en/latest/pkg_resources.html. The pkg_resources package is slated for removal as early as 2025-11-30. Refrain from using this package or pin to Setuptools<81.
[2m[33m(raylet)[0m   import pkg_resources
[2m[33m(raylet)[0m /home/justin/miniconda3/envs/fraud-fl-TA/lib/python3.10/site-packages/ray/_private/parameter.py:4: UserWarning: pkg_resources is deprecated as an API. See https://setuptools.pypa.io/en/latest/pkg_resources.html. The pkg_resources package is slated for removal as early as 2025-11-30. Refrain from using this package or pin to Setuptools<81.
[2m[33m(raylet)[0m   import pkg_resources
[2m[33m(raylet)[0m /home/justin/miniconda3/envs/fraud-fl-TA/lib/python3.10/site-packages/ray/_private/parameter.py:4: UserWarning: pkg_resources is deprecated as an API. See https://setuptools.pypa.io/en/latest/pkg_resources.html. The pkg_resources package is slated for removal as early as 2025-11-30. Refrain from using this package or pin to Setuptools<81.
[2m[33m(raylet)[0m   import pkg_resources
[2m[33m(raylet)[0m /home/justin/miniconda3/envs/fraud-fl-TA/lib/python3.10/site-packages/ray/_private/parameter.py:4: UserWarning: pkg_resources is deprecated as an API. See https://setuptools.pypa.io/en/latest/pkg_resources.html. The pkg_resources package is slated for removal as early as 2025-11-30. Refrain from using this package or pin to Setuptools<81.
[2m[33m(raylet)[0m   import pkg_resources
[2m[33m(raylet)[0m /home/justin/miniconda3/envs/fraud-fl-TA/lib/python3.10/site-packages/ray/_private/parameter.py:4: UserWarning: pkg_resources is deprecated as an API. See https://setuptools.pypa.io/en/latest/pkg_resources.html. The pkg_resources package is slated for removal as early as 2025-11-30. Refrain from using this package or pin to Setuptools<81.
[2m[33m(raylet)[0m   import pkg_resources
[2m[33m(raylet)[0m /home/justin/miniconda3/envs/fraud-fl-TA/lib/python3.10/site-packages/ray/_private/parameter.py:4: UserWarning: pkg_resources is deprecated as an API. See https://setuptools.pypa.io/en/latest/pkg_resources.html. The pkg_resources package is slated for removal as early as 2025-11-30. Refrain from using this package or pin to Setuptools<81.
[2m[33m(raylet)[0m   import pkg_resources
[2m[33m(raylet)[0m /home/justin/miniconda3/envs/fraud-fl-TA/lib/python3.10/site-packages/ray/_private/parameter.py:4: UserWarning: pkg_resources is deprecated as an API. See https://setuptools.pypa.io/en/latest/pkg_resources.html. The pkg_resources package is slated for removal as early as 2025-11-30. Refrain from using this package or pin to Setuptools<81.
[2m[33m(raylet)[0m   import pkg_resources
[2m[33m(raylet)[0m /home/justin/miniconda3/envs/fraud-fl-TA/lib/python3.10/site-packages/ray/_private/parameter.py:4: UserWarning: pkg_resources is deprecated as an API. See https://setuptools.pypa.io/en/latest/pkg_resources.html. The pkg_resources package is slated for removal as early as 2025-11-30. Refrain from using this package or pin to Setuptools<81.
[2m[33m(raylet)[0m   import pkg_resources
[2m[33m(raylet)[0m /home/justin/miniconda3/envs/fraud-fl-TA/lib/python3.10/site-packages/ray/_private/parameter.py:4: UserWarning: pkg_resources is deprecated as an API. See https://setuptools.pypa.io/en/latest/pkg_resources.html. The pkg_resources package is slated for removal as early as 2025-11-30. Refrain from using this package or pin to Setuptools<81.
[2m[33m(raylet)[0m   import pkg_resources
[2m[33m(raylet)[0m /home/justin/miniconda3/envs/fraud-fl-TA/lib/python3.10/site-packages/ray/_private/parameter.py:4: UserWarning: pkg_resources is deprecated as an API. See https://setuptools.pypa.io/en/latest/pkg_resources.html. The pkg_resources package is slated for removal as early as 2025-11-30. Refrain from using this package or pin to Setuptools<81.
[2m[33m(raylet)[0m   import pkg_resources
[2m[33m(raylet)[0m /home/justin/miniconda3/envs/fraud-fl-TA/lib/python3.10/site-packages/ray/_private/parameter.py:4: UserWarning: pkg_resources is deprecated as an API. See https://setuptools.pypa.io/en/latest/pkg_resources.html. The pkg_resources package is slated for removal as early as 2025-11-30. Refrain from using this package or pin to Setuptools<81.
[2m[33m(raylet)[0m   import pkg_resources
[2m[33m(raylet)[0m /home/justin/miniconda3/envs/fraud-fl-TA/lib/python3.10/site-packages/ray/_private/parameter.py:4: UserWarning: pkg_resources is deprecated as an API. See https://setuptools.pypa.io/en/latest/pkg_resources.html. The pkg_resources package is slated for removal as early as 2025-11-30. Refrain from using this package or pin to Setuptools<81.
[2m[33m(raylet)[0m   import pkg_resources
[2m[33m(raylet)[0m /home/justin/miniconda3/envs/fraud-fl-TA/lib/python3.10/site-packages/ray/_private/parameter.py:4: UserWarning: pkg_resources is deprecated as an API. See https://setuptools.pypa.io/en/latest/pkg_resources.html. The pkg_resources package is slated for removal as early as 2025-11-30. Refrain from using this package or pin to Setuptools<81.
[2m[33m(raylet)[0m   import pkg_resources
[2m[33m(raylet)[0m /home/justin/miniconda3/envs/fraud-fl-TA/lib/python3.10/site-packages/ray/_private/parameter.py:4: UserWarning: pkg_resources is deprecated as an API. See https://setuptools.pypa.io/en/latest/pkg_resources.html. The pkg_resources package is slated for removal as early as 2025-11-30. Refrain from using this package or pin to Setuptools<81.
[2m[33m(raylet)[0m   import pkg_resources
[2m[33m(raylet)[0m /home/justin/miniconda3/envs/fraud-fl-TA/lib/python3.10/site-packages/ray/_private/parameter.py:4: UserWarning: pkg_resources is deprecated as an API. See https://setuptools.pypa.io/en/latest/pkg_resources.html. The pkg_resources package is slated for removal as early as 2025-11-30. Refrain from using this package or pin to Setuptools<81.
[2m[33m(raylet)[0m   import pkg_resources
INFO flwr 2026-06-03 16:08:54,150 | server.py:94 | initial parameters (loss, other metrics): 0.9987091271625002, {'val_auprc': 0.001290872837499856, 'val_f1': 0.0, 'val_precision': 0.0, 'val_recall': 0.0}
INFO flwr 2026-06-03 16:08:54,150 | server.py:104 | FL starting
DEBUG flwr 2026-06-03 16:08:54,151 | server.py:222 | fit_round 1: strategy sampled 5 clients (out of 5)
DEBUG flwr 2026-06-03 16:08:58,589 | server.py:236 | fit_round 1 received 5 results and 0 failures
INFO flwr 2026-06-03 16:08:59,100 | server.py:125 | fit progress: (1, 0.31906958903236005, {'val_auprc': 0.68093041096764, 'val_f1': 0.5641911341393206, 'val_precision': 0.9702970297029703, 'val_recall': 0.3977272727272727}, 4.94919890910387)
INFO flwr 2026-06-03 16:08:59,100 | server.py:171 | evaluate_round 1: no clients selected, cancel
DEBUG flwr 2026-06-03 16:08:59,100 | server.py:222 | fit_round 2: strategy sampled 5 clients (out of 5)
DEBUG flwr 2026-06-03 16:09:02,805 | server.py:236 | fit_round 2 received 5 results and 0 failures
INFO flwr 2026-06-03 16:09:03,305 | server.py:125 | fit progress: (2, 0.31906958903236005, {'val_auprc': 0.68093041096764, 'val_f1': 0.5641911341393206, 'val_precision': 0.9702970297029703, 'val_recall': 0.3977272727272727}, 9.154926079092547)
INFO flwr 2026-06-03 16:09:03,306 | server.py:171 | evaluate_round 2: no clients selected, cancel
DEBUG flwr 2026-06-03 16:09:03,306 | server.py:222 | fit_round 3: strategy sampled 5 clients (out of 5)
DEBUG flwr 2026-06-03 16:09:06,923 | server.py:236 | fit_round 3 received 5 results and 0 failures
INFO flwr 2026-06-03 16:09:07,430 | server.py:125 | fit progress: (3, 0.31906958903236005, {'val_auprc': 0.68093041096764, 'val_f1': 0.5641911341393206, 'val_precision': 0.9702970297029703, 'val_recall': 0.3977272727272727}, 13.279461404075846)
INFO flwr 2026-06-03 16:09:07,430 | server.py:171 | evaluate_round 3: no clients selected, cancel
DEBUG flwr 2026-06-03 16:09:07,431 | server.py:222 | fit_round 4: strategy sampled 5 clients (out of 5)
DEBUG flwr 2026-06-03 16:09:10,981 | server.py:236 | fit_round 4 received 5 results and 0 failures
INFO flwr 2026-06-03 16:09:11,485 | server.py:125 | fit progress: (4, 0.31906958903236005, {'val_auprc': 0.68093041096764, 'val_f1': 0.5641911341393206, 'val_precision': 0.9702970297029703, 'val_recall': 0.3977272727272727}, 17.334527981001884)
INFO flwr 2026-06-03 16:09:11,485 | server.py:171 | evaluate_round 4: no clients selected, cancel
DEBUG flwr 2026-06-03 16:09:11,486 | server.py:222 | fit_round 5: strategy sampled 5 clients (out of 5)
DEBUG flwr 2026-06-03 16:09:15,007 | server.py:236 | fit_round 5 received 5 results and 0 failures
INFO flwr 2026-06-03 16:09:15,526 | server.py:125 | fit progress: (5, 0.31906958903236005, {'val_auprc': 0.68093041096764, 'val_f1': 0.5641911341393206, 'val_precision': 0.9702970297029703, 'val_recall': 0.3977272727272727}, 21.375081410165876)
INFO flwr 2026-06-03 16:09:15,526 | server.py:171 | evaluate_round 5: no clients selected, cancel
DEBUG flwr 2026-06-03 16:09:15,526 | server.py:222 | fit_round 6: strategy sampled 5 clients (out of 5)
DEBUG flwr 2026-06-03 16:09:19,127 | server.py:236 | fit_round 6 received 5 results and 0 failures
INFO flwr 2026-06-03 16:09:19,627 | server.py:125 | fit progress: (6, 0.31906958903236005, {'val_auprc': 0.68093041096764, 'val_f1': 0.5641911341393206, 'val_precision': 0.9702970297029703, 'val_recall': 0.3977272727272727}, 25.476317725144327)
INFO flwr 2026-06-03 16:09:19,627 | server.py:171 | evaluate_round 6: no clients selected, cancel
DEBUG flwr 2026-06-03 16:09:19,627 | server.py:222 | fit_round 7: strategy sampled 5 clients (out of 5)
DEBUG flwr 2026-06-03 16:09:23,177 | server.py:236 | fit_round 7 received 5 results and 0 failures
INFO flwr 2026-06-03 16:09:23,676 | server.py:125 | fit progress: (7, 0.31906958903236005, {'val_auprc': 0.68093041096764, 'val_f1': 0.5641911341393206, 'val_precision': 0.9702970297029703, 'val_recall': 0.3977272727272727}, 29.525569803081453)
INFO flwr 2026-06-03 16:09:23,676 | server.py:171 | evaluate_round 7: no clients selected, cancel
DEBUG flwr 2026-06-03 16:09:23,676 | server.py:222 | fit_round 8: strategy sampled 5 clients (out of 5)
DEBUG flwr 2026-06-03 16:09:27,171 | server.py:236 | fit_round 8 received 5 results and 0 failures
INFO flwr 2026-06-03 16:09:27,693 | server.py:125 | fit progress: (8, 0.31906958903236005, {'val_auprc': 0.68093041096764, 'val_f1': 0.5641911341393206, 'val_precision': 0.9702970297029703, 'val_recall': 0.3977272727272727}, 33.54277817416005)
INFO flwr 2026-06-03 16:09:27,694 | server.py:171 | evaluate_round 8: no clients selected, cancel
DEBUG flwr 2026-06-03 16:09:27,694 | server.py:222 | fit_round 9: strategy sampled 5 clients (out of 5)
DEBUG flwr 2026-06-03 16:09:31,265 | server.py:236 | fit_round 9 received 5 results and 0 failures
INFO flwr 2026-06-03 16:09:31,767 | server.py:125 | fit progress: (9, 0.31906958903236005, {'val_auprc': 0.68093041096764, 'val_f1': 0.5641911341393206, 'val_precision': 0.9702970297029703, 'val_recall': 0.3977272727272727}, 37.61678185407072)
INFO flwr 2026-06-03 16:09:31,768 | server.py:171 | evaluate_round 9: no clients selected, cancel
DEBUG flwr 2026-06-03 16:09:31,768 | server.py:222 | fit_round 10: strategy sampled 5 clients (out of 5)
DEBUG flwr 2026-06-03 16:09:35,298 | server.py:236 | fit_round 10 received 5 results and 0 failures
INFO flwr 2026-06-03 16:09:35,798 | server.py:125 | fit progress: (10, 0.31906958903236005, {'val_auprc': 0.68093041096764, 'val_f1': 0.5641911341393206, 'val_precision': 0.9702970297029703, 'val_recall': 0.3977272727272727}, 41.647698645014316)
INFO flwr 2026-06-03 16:09:35,799 | server.py:171 | evaluate_round 10: no clients selected, cancel
DEBUG flwr 2026-06-03 16:09:35,799 | server.py:222 | fit_round 11: strategy sampled 5 clients (out of 5)
DEBUG flwr 2026-06-03 16:09:39,325 | server.py:236 | fit_round 11 received 5 results and 0 failures
INFO flwr 2026-06-03 16:09:39,822 | server.py:125 | fit progress: (11, 0.31906958903236005, {'val_auprc': 0.68093041096764, 'val_f1': 0.5641911341393206, 'val_precision': 0.9702970297029703, 'val_recall': 0.3977272727272727}, 45.671067839022726)
INFO flwr 2026-06-03 16:09:39,822 | server.py:171 | evaluate_round 11: no clients selected, cancel
DEBUG flwr 2026-06-03 16:09:39,822 | server.py:222 | fit_round 12: strategy sampled 5 clients (out of 5)
DEBUG flwr 2026-06-03 16:09:43,351 | server.py:236 | fit_round 12 received 5 results and 0 failures
INFO flwr 2026-06-03 16:09:43,853 | server.py:125 | fit progress: (12, 0.31906958903236005, {'val_auprc': 0.68093041096764, 'val_f1': 0.5641911341393206, 'val_precision': 0.9702970297029703, 'val_recall': 0.3977272727272727}, 49.702544369967654)
INFO flwr 2026-06-03 16:09:43,853 | server.py:171 | evaluate_round 12: no clients selected, cancel
DEBUG flwr 2026-06-03 16:09:43,854 | server.py:222 | fit_round 13: strategy sampled 5 clients (out of 5)
DEBUG flwr 2026-06-03 16:09:47,385 | server.py:236 | fit_round 13 received 5 results and 0 failures
INFO flwr 2026-06-03 16:09:47,889 | server.py:125 | fit progress: (13, 0.31906958903236005, {'val_auprc': 0.68093041096764, 'val_f1': 0.5641911341393206, 'val_precision': 0.9702970297029703, 'val_recall': 0.3977272727272727}, 53.73863833514042)
INFO flwr 2026-06-03 16:09:47,889 | server.py:171 | evaluate_round 13: no clients selected, cancel
DEBUG flwr 2026-06-03 16:09:47,890 | server.py:222 | fit_round 14: strategy sampled 5 clients (out of 5)
DEBUG flwr 2026-06-03 16:09:51,452 | server.py:236 | fit_round 14 received 5 results and 0 failures
INFO flwr 2026-06-03 16:09:51,966 | server.py:125 | fit progress: (14, 0.31906958903236005, {'val_auprc': 0.68093041096764, 'val_f1': 0.5641911341393206, 'val_precision': 0.9702970297029703, 'val_recall': 0.3977272727272727}, 57.815555480076)
INFO flwr 2026-06-03 16:09:51,966 | server.py:171 | evaluate_round 14: no clients selected, cancel
DEBUG flwr 2026-06-03 16:09:51,967 | server.py:222 | fit_round 15: strategy sampled 5 clients (out of 5)
DEBUG flwr 2026-06-03 16:09:55,556 | server.py:236 | fit_round 15 received 5 results and 0 failures
INFO flwr 2026-06-03 16:09:56,061 | server.py:125 | fit progress: (15, 0.31906958903236005, {'val_auprc': 0.68093041096764, 'val_f1': 0.5641911341393206, 'val_precision': 0.9702970297029703, 'val_recall': 0.3977272727272727}, 61.9106215601787)
INFO flwr 2026-06-03 16:09:56,061 | server.py:171 | evaluate_round 15: no clients selected, cancel
DEBUG flwr 2026-06-03 16:09:56,062 | server.py:222 | fit_round 16: strategy sampled 5 clients (out of 5)
DEBUG flwr 2026-06-03 16:09:59,685 | server.py:236 | fit_round 16 received 5 results and 0 failures
INFO flwr 2026-06-03 16:10:00,191 | server.py:125 | fit progress: (16, 0.31906958903236005, {'val_auprc': 0.68093041096764, 'val_f1': 0.5641911341393206, 'val_precision': 0.9702970297029703, 'val_recall': 0.3977272727272727}, 66.04006843501702)
INFO flwr 2026-06-03 16:10:00,191 | server.py:171 | evaluate_round 16: no clients selected, cancel
DEBUG flwr 2026-06-03 16:10:00,191 | server.py:222 | fit_round 17: strategy sampled 5 clients (out of 5)
DEBUG flwr 2026-06-03 16:10:03,746 | server.py:236 | fit_round 17 received 5 results and 0 failures
INFO flwr 2026-06-03 16:10:04,255 | server.py:125 | fit progress: (17, 0.31906958903236005, {'val_auprc': 0.68093041096764, 'val_f1': 0.5641911341393206, 'val_precision': 0.9702970297029703, 'val_recall': 0.3977272727272727}, 70.10402684705332)
INFO flwr 2026-06-03 16:10:04,255 | server.py:171 | evaluate_round 17: no clients selected, cancel
DEBUG flwr 2026-06-03 16:10:04,255 | server.py:222 | fit_round 18: strategy sampled 5 clients (out of 5)
DEBUG flwr 2026-06-03 16:10:07,796 | server.py:236 | fit_round 18 received 5 results and 0 failures
INFO flwr 2026-06-03 16:10:08,297 | server.py:125 | fit progress: (18, 0.31906958903236005, {'val_auprc': 0.68093041096764, 'val_f1': 0.5641911341393206, 'val_precision': 0.9702970297029703, 'val_recall': 0.3977272727272727}, 74.14626241405495)
INFO flwr 2026-06-03 16:10:08,297 | server.py:171 | evaluate_round 18: no clients selected, cancel
DEBUG flwr 2026-06-03 16:10:08,297 | server.py:222 | fit_round 19: strategy sampled 5 clients (out of 5)
DEBUG flwr 2026-06-03 16:10:11,910 | server.py:236 | fit_round 19 received 5 results and 0 failures
INFO flwr 2026-06-03 16:10:12,417 | server.py:125 | fit progress: (19, 0.31906958903236005, {'val_auprc': 0.68093041096764, 'val_f1': 0.5641911341393206, 'val_precision': 0.9702970297029703, 'val_recall': 0.3977272727272727}, 78.26646158914082)
INFO flwr 2026-06-03 16:10:12,417 | server.py:171 | evaluate_round 19: no clients selected, cancel
DEBUG flwr 2026-06-03 16:10:12,417 | server.py:222 | fit_round 20: strategy sampled 5 clients (out of 5)
DEBUG flwr 2026-06-03 16:10:15,982 | server.py:236 | fit_round 20 received 5 results and 0 failures
INFO flwr 2026-06-03 16:10:17,028 | server.py:125 | fit progress: (20, 0.31906958903236005, {'val_auprc': 0.68093041096764, 'val_f1': 0.5641911341393206, 'val_precision': 0.9702970297029703, 'val_recall': 0.3977272727272727}, 82.8769888819661)
INFO flwr 2026-06-03 16:10:17,028 | server.py:171 | evaluate_round 20: no clients selected, cancel
INFO flwr 2026-06-03 16:10:17,028 | server.py:153 | FL finished in 82.87738232710399
INFO flwr 2026-06-03 16:10:17,028 | app.py:225 | app_fit: losses_distributed []
INFO flwr 2026-06-03 16:10:17,029 | app.py:226 | app_fit: metrics_distributed_fit {'local_auprc': [(1, 0.672316606640882), (2, 0.672316606640882), (3, 0.672316606640882), (4, 0.672316606640882), (5, 0.672316606640882), (6, 0.672316606640882), (7, 0.672316606640882), (8, 0.6723166066408819), (9, 0.6723166066408819), (10, 0.6723166066408819), (11, 0.672316606640882), (12, 0.672316606640882), (13, 0.6723166066408819), (14, 0.672316606640882), (15, 0.672316606640882), (16, 0.672316606640882), (17, 0.672316606640882), (18, 0.672316606640882), (19, 0.6723166066408819), (20, 0.672316606640882)], 'client_id': [(1, 2.4037317062108734), (2, 2.4037317062108734), (3, 2.4037317062108734), (4, 2.4037317062108734), (5, 2.4037317062108734), (6, 2.4037317062108734), (7, 2.4037317062108734), (8, 2.4037317062108734), (9, 2.4037317062108734), (10, 2.4037317062108734), (11, 2.4037317062108734), (12, 2.4037317062108734), (13, 2.4037317062108734), (14, 2.4037317062108734), (15, 2.4037317062108734), (16, 2.4037317062108734), (17, 2.4037317062108734), (18, 2.4037317062108734), (19, 2.4037317062108734), (20, 2.4037317062108734)]}
INFO flwr 2026-06-03 16:10:17,029 | app.py:227 | app_fit: metrics_distributed {}
INFO flwr 2026-06-03 16:10:17,029 | app.py:228 | app_fit: losses_centralized [(0, 0.9987091271625002), (1, 0.31906958903236005), (2, 0.31906958903236005), (3, 0.31906958903236005), (4, 0.31906958903236005), (5, 0.31906958903236005), (6, 0.31906958903236005), (7, 0.31906958903236005), (8, 0.31906958903236005), (9, 0.31906958903236005), (10, 0.31906958903236005), (11, 0.31906958903236005), (12, 0.31906958903236005), (13, 0.31906958903236005), (14, 0.31906958903236005), (15, 0.31906958903236005), (16, 0.31906958903236005), (17, 0.31906958903236005), (18, 0.31906958903236005), (19, 0.31906958903236005), (20, 0.31906958903236005)]
INFO flwr 2026-06-03 16:10:17,029 | app.py:229 | app_fit: metrics_centralized {'val_auprc': [(0, 0.001290872837499856), (1, 0.68093041096764), (2, 0.68093041096764), (3, 0.68093041096764), (4, 0.68093041096764), (5, 0.68093041096764), (6, 0.68093041096764), (7, 0.68093041096764), (8, 0.68093041096764), (9, 0.68093041096764), (10, 0.68093041096764), (11, 0.68093041096764), (12, 0.68093041096764), (13, 0.68093041096764), (14, 0.68093041096764), (15, 0.68093041096764), (16, 0.68093041096764), (17, 0.68093041096764), (18, 0.68093041096764), (19, 0.68093041096764), (20, 0.68093041096764)], 'val_f1': [(0, 0.0), (1, 0.5641911341393206), (2, 0.5641911341393206), (3, 0.5641911341393206), (4, 0.5641911341393206), (5, 0.5641911341393206), (6, 0.5641911341393206), (7, 0.5641911341393206), (8, 0.5641911341393206), (9, 0.5641911341393206), (10, 0.5641911341393206), (11, 0.5641911341393206), (12, 0.5641911341393206), (13, 0.5641911341393206), (14, 0.5641911341393206), (15, 0.5641911341393206), (16, 0.5641911341393206), (17, 0.5641911341393206), (18, 0.5641911341393206), (19, 0.5641911341393206), (20, 0.5641911341393206)], 'val_precision': [(0, 0.0), (1, 0.9702970297029703), (2, 0.9702970297029703), (3, 0.9702970297029703), (4, 0.9702970297029703), (5, 0.9702970297029703), (6, 0.9702970297029703), (7, 0.9702970297029703), (8, 0.9702970297029703), (9, 0.9702970297029703), (10, 0.9702970297029703), (11, 0.9702970297029703), (12, 0.9702970297029703), (13, 0.9702970297029703), (14, 0.9702970297029703), (15, 0.9702970297029703), (16, 0.9702970297029703), (17, 0.9702970297029703), (18, 0.9702970297029703), (19, 0.9702970297029703), (20, 0.9702970297029703)], 'val_recall': [(0, 0.0), (1, 0.3977272727272727), (2, 0.3977272727272727), (3, 0.3977272727272727), (4, 0.3977272727272727), (5, 0.3977272727272727), (6, 0.3977272727272727), (7, 0.3977272727272727), (8, 0.3977272727272727), (9, 0.3977272727272727), (10, 0.3977272727272727), (11, 0.3977272727272727), (12, 0.3977272727272727), (13, 0.3977272727272727), (14, 0.3977272727272727), (15, 0.3977272727272727), (16, 0.3977272727272727), (17, 0.3977272727272727), (18, 0.3977272727272727), (19, 0.3977272727272727), (20, 0.3977272727272727)]}
wandb: Waiting for W&B process to finish... (success).
wandb: 
wandb: Run history:
wandb:          round ▁▁▂▂▂▃▃▃▄▄▅▅▅▆▆▆▇▇▇███
wandb:     test_auprc ▁
wandb:        test_f1 ▁
wandb:      test_loss ▁
wandb: test_precision ▁
wandb:    test_recall ▁
wandb:      val_auprc ▁████████████████████
wandb:         val_f1 ▁████████████████████
wandb:       val_loss █▁▁▁▁▁▁▁▁▁▁▁▁▁▁▁▁▁▁▁▁
wandb:  val_precision ▁████████████████████
wandb:     val_recall ▁████████████████████
wandb: 
wandb: Run summary:
wandb:       best_round 1
wandb:   best_val_auprc 0.68093
wandb: duration_seconds 100.49685
wandb:            round 20
wandb:       test_auprc 0.66197
wandb:          test_f1 0.52917
wandb:        test_loss 0.33803
wandb:   test_precision 0.96559
wandb:      test_recall 0.36445
wandb:        val_auprc 0.68093
wandb:           val_f1 0.56419
wandb:         val_loss 0.31907
wandb:    val_precision 0.9703
wandb:       val_recall 0.39773
wandb: 
wandb: 🚀 View run svm_dirichlet_alpha1.0_none_seed42 at: https://wandb.ai/deo250605-sepuluh-nopember-insitute-of-technology/hfedxgboost-paysim/runs/0lwu72wy
wandb: Synced 6 W&B file(s), 0 media file(s), 0 artifact file(s) and 0 other file(s)
wandb: Find logs at: ./wandb/run-20260603_160848-0lwu72wy/logs
[run] resolved config: {'model': 'fedavg_svm', 'num_clients': 5, 'num_rounds': 20, 'local_epochs': 1, 'random_seed': 42, 'oversampling': 'none', 'smote_k_neighbors': 5, 'smote_sampling_strategy': 'auto', 'use_wandb': True, 'wandb_project': 'hfedxgboost-paysim', 'early_stop_patience': 10, 'partition': {'scheme': 'dirichlet', 'alpha': 1.0}, 'svm_params': {'C': 1.0, 'max_iter': 1000, 'warm_start': True}}
[run] === svm | scheme=dirichlet alpha=1.0 K=5 R=20 oversampling=none seed=42 ===
[paysim] loading data/paysim/paysim.csv
[paysim] loaded 6,362,620 rows, 11 columns

[paysim] === data summary ===
  total rows loaded : 6,362,620
  feature count     : 13
  feature names     : ['step', 'amount', 'oldbalanceOrg', 'newbalanceOrig', 'oldbalanceDest', 'newbalanceDest', 'errorBalanceOrig', 'errorBalanceDest', 'type_CASH_IN', 'type_CASH_OUT', 'type_DEBIT', 'type_PAYMENT', 'type_TRANSFER']
  x_train: (4453834, 13)  dtype=float32   |  y_train: (4453834,)  dtype=int32
  x_val  : (954393, 13)  dtype=float32   |  y_val  : (954393,)  dtype=int32
  x_test : (954393, 13)  dtype=float32   |  y_test : (954393,)  dtype=int32
  fraud in train: 5,749 / 4,453,834  (0.1291%)
  fraud in val  : 1,232 / 954,393  (0.1291%)
  fraud in test : 1,232 / 954,393  (0.1291%)
[paysim] === end summary ===


[smote] === per-client SMOTE summary ===
  cid |    n_before |     n_after |  fraud_before |  fraud_after | ratio_after | applied
----------------------------------------------------------------------------------------
    0 |     425,338 |     425,338 |           809 |          809 |     0.1902% |   False
    1 |   1,335,724 |   1,335,724 |           885 |          885 |     0.0663% |   False
    2 |      22,515 |      22,515 |           504 |          504 |     2.2385% |   False
    3 |   1,355,960 |   1,355,960 |         1,176 |        1,176 |     0.0867% |   False
    4 |   1,314,297 |   1,314,297 |         2,375 |        2,375 |     0.1807% |   False
[smote] === end summary ===

[run] FL starting: 20 rounds, 5 clients
[server] round 0 | val_auprc=0.0013 | val_f1=0.0000 | val_precision=0.0000 | val_recall=0.0000
[server] round 1 | val_auprc=0.6809 | val_f1=0.5642 | val_precision=0.9703 | val_recall=0.3977
[server] round 2 | val_auprc=0.6809 | val_f1=0.5642 | val_precision=0.9703 | val_recall=0.3977
[server] round 3 | val_auprc=0.6809 | val_f1=0.5642 | val_precision=0.9703 | val_recall=0.3977
[server] round 4 | val_auprc=0.6809 | val_f1=0.5642 | val_precision=0.9703 | val_recall=0.3977
[server] round 5 | val_auprc=0.6809 | val_f1=0.5642 | val_precision=0.9703 | val_recall=0.3977
[server] round 6 | val_auprc=0.6809 | val_f1=0.5642 | val_precision=0.9703 | val_recall=0.3977
[server] round 7 | val_auprc=0.6809 | val_f1=0.5642 | val_precision=0.9703 | val_recall=0.3977
[server] round 8 | val_auprc=0.6809 | val_f1=0.5642 | val_precision=0.9703 | val_recall=0.3977
[server] round 9 | val_auprc=0.6809 | val_f1=0.5642 | val_precision=0.9703 | val_recall=0.3977
[server] round 10 | val_auprc=0.6809 | val_f1=0.5642 | val_precision=0.9703 | val_recall=0.3977
[server] round 11 | val_auprc=0.6809 | val_f1=0.5642 | val_precision=0.9703 | val_recall=0.3977
[server] early-stop signal at round 11: val_auprc unchanged for 10 rounds (best=0.6809 at round 1)
[server] round 12 | val_auprc=0.6809 | val_f1=0.5642 | val_precision=0.9703 | val_recall=0.3977
[server] round 13 | val_auprc=0.6809 | val_f1=0.5642 | val_precision=0.9703 | val_recall=0.3977
[server] round 14 | val_auprc=0.6809 | val_f1=0.5642 | val_precision=0.9703 | val_recall=0.3977
[server] round 15 | val_auprc=0.6809 | val_f1=0.5642 | val_precision=0.9703 | val_recall=0.3977
[server] round 16 | val_auprc=0.6809 | val_f1=0.5642 | val_precision=0.9703 | val_recall=0.3977
[server] round 17 | val_auprc=0.6809 | val_f1=0.5642 | val_precision=0.9703 | val_recall=0.3977
[server] round 18 | val_auprc=0.6809 | val_f1=0.5642 | val_precision=0.9703 | val_recall=0.3977
[server] round 19 | val_auprc=0.6809 | val_f1=0.5642 | val_precision=0.9703 | val_recall=0.3977
[server] round 20 | val_auprc=0.6809 | val_f1=0.5642 | val_precision=0.9703 | val_recall=0.3977
[server] FINAL round 20 | test_auprc=0.6620 | test_f1=0.5292 | test_precision=0.9656 | test_recall=0.3644
[run] best val_auprc: 0.6809 at round 1
[run] final test: auprc=0.6620 | f1=0.5292 | precision=0.9656 | recall=0.3644
[results] wrote summary CSV → results/logs/svm/svm_dirichlet_alpha1.0_none_seed42.csv
[results] wrote rounds CSV  → results/logs/svm/svm_dirichlet_alpha1.0_none_seed42_rounds.csv
