/home/justin/miniconda3/envs/fraud-fl-TA/lib/python3.10/site-packages/ray/_private/parameter.py:4: UserWarning: pkg_resources is deprecated as an API. See https://setuptools.pypa.io/en/latest/pkg_resources.html. The pkg_resources package is slated for removal as early as 2025-11-30. Refrain from using this package or pin to Setuptools<81.
  import pkg_resources
/home/justin/miniconda3/envs/fraud-fl-TA/lib/python3.10/site-packages/wandb/sdk/launch/builder/build.py:11: UserWarning: pkg_resources is deprecated as an API. See https://setuptools.pypa.io/en/latest/pkg_resources.html. The pkg_resources package is slated for removal as early as 2025-11-30. Refrain from using this package or pin to Setuptools<81.
  import pkg_resources
wandb: Currently logged in as: deo250605 (deo250605-sepuluh-nopember-insitute-of-technology). Use `wandb login --relogin` to force relogin
wandb: - Waiting for wandb.init()...wandb: \ Waiting for wandb.init()...wandb: wandb version 0.27.0 is available!  To upgrade, please run:
wandb:  $ pip install wandb --upgrade
wandb: Tracking run with wandb version 0.15.12
wandb: Run data is saved locally in /home/justin/fraud-fl-TA/wandb/run-20260603_155803-ycebjjqh
wandb: Run `wandb offline` to turn off syncing.
wandb: Syncing run svm_dirichlet_alpha1.0_smote_seed42
wandb: ⭐️ View project at https://wandb.ai/deo250605-sepuluh-nopember-insitute-of-technology/hfedxgboost-paysim
wandb: 🚀 View run at https://wandb.ai/deo250605-sepuluh-nopember-insitute-of-technology/hfedxgboost-paysim/runs/ycebjjqh
INFO flwr 2026-06-03 15:58:05,910 | app.py:175 | Starting Flower simulation, config: ServerConfig(num_rounds=20, round_timeout=None)
2026-06-03 15:58:07,577	INFO worker.py:1621 -- Started a local Ray instance.
INFO flwr 2026-06-03 15:58:08,166 | app.py:210 | Flower VCE: Ray initialized with resources: {'node:__internal_head__': 1.0, 'node:172.24.108.56': 1.0, 'CPU': 20.0, 'object_store_memory': 4185106022.0, 'memory': 8370212046.0}
INFO flwr 2026-06-03 15:58:08,166 | app.py:224 | Flower VCE: Resources for each Virtual Client: {'num_cpus': 1, 'num_gpus': 0}
INFO flwr 2026-06-03 15:58:08,175 | app.py:270 | Flower VCE: Creating VirtualClientEngineActorPool with 20 actors
INFO flwr 2026-06-03 15:58:08,175 | server.py:89 | Initializing global parameters
INFO flwr 2026-06-03 15:58:08,175 | server.py:272 | Using initial parameters provided by strategy
INFO flwr 2026-06-03 15:58:08,175 | server.py:91 | Evaluating initial parameters
[2m[33m(raylet)[0m /home/justin/miniconda3/envs/fraud-fl-TA/lib/python3.10/site-packages/ray/_private/parameter.py:4: UserWarning: pkg_resources is deprecated as an API. See https://setuptools.pypa.io/en/latest/pkg_resources.html. The pkg_resources package is slated for removal as early as 2025-11-30. Refrain from using this package or pin to Setuptools<81.
[2m[33m(raylet)[0m   import pkg_resources
[2m[33m(raylet)[0m /home/justin/miniconda3/envs/fraud-fl-TA/lib/python3.10/site-packages/ray/_private/parameter.py:4: UserWarning: pkg_resources is deprecated as an API. See https://setuptools.pypa.io/en/latest/pkg_resources.html. The pkg_resources package is slated for removal as early as 2025-11-30. Refrain from using this package or pin to Setuptools<81.
[2m[33m(raylet)[0m   import pkg_resources
[2m[33m(raylet)[0m /home/justin/miniconda3/envs/fraud-fl-TA/lib/python3.10/site-packages/ray/_private/parameter.py:4: UserWarning: pkg_resources is deprecated as an API. See https://setuptools.pypa.io/en/latest/pkg_resources.html. The pkg_resources package is slated for removal as early as 2025-11-30. Refrain from using this package or pin to Setuptools<81.
[2m[33m(raylet)[0m   import pkg_resources
[2m[33m(raylet)[0m /home/justin/miniconda3/envs/fraud-fl-TA/lib/python3.10/site-packages/ray/_private/parameter.py:4: UserWarning: pkg_resources is deprecated as an API. See https://setuptools.pypa.io/en/latest/pkg_resources.html. The pkg_resources package is slated for removal as early as 2025-11-30. Refrain from using this package or pin to Setuptools<81.
[2m[33m(raylet)[0m   import pkg_resources
[2m[33m(raylet)[0m /home/justin/miniconda3/envs/fraud-fl-TA/lib/python3.10/site-packages/ray/_private/parameter.py:4: UserWarning: pkg_resources is deprecated as an API. See https://setuptools.pypa.io/en/latest/pkg_resources.html. The pkg_resources package is slated for removal as early as 2025-11-30. Refrain from using this package or pin to Setuptools<81.
[2m[33m(raylet)[0m   import pkg_resources
[2m[33m(raylet)[0m /home/justin/miniconda3/envs/fraud-fl-TA/lib/python3.10/site-packages/ray/_private/parameter.py:4: UserWarning: pkg_resources is deprecated as an API. See https://setuptools.pypa.io/en/latest/pkg_resources.html. The pkg_resources package is slated for removal as early as 2025-11-30. Refrain from using this package or pin to Setuptools<81.
[2m[33m(raylet)[0m   import pkg_resources
[2m[33m(raylet)[0m /home/justin/miniconda3/envs/fraud-fl-TA/lib/python3.10/site-packages/ray/_private/parameter.py:4: UserWarning: pkg_resources is deprecated as an API. See https://setuptools.pypa.io/en/latest/pkg_resources.html. The pkg_resources package is slated for removal as early as 2025-11-30. Refrain from using this package or pin to Setuptools<81.
[2m[33m(raylet)[0m   import pkg_resources
[2m[33m(raylet)[0m /home/justin/miniconda3/envs/fraud-fl-TA/lib/python3.10/site-packages/ray/_private/parameter.py:4: UserWarning: pkg_resources is deprecated as an API. See https://setuptools.pypa.io/en/latest/pkg_resources.html. The pkg_resources package is slated for removal as early as 2025-11-30. Refrain from using this package or pin to Setuptools<81.
[2m[33m(raylet)[0m   import pkg_resources
[2m[33m(raylet)[0m /home/justin/miniconda3/envs/fraud-fl-TA/lib/python3.10/site-packages/ray/_private/parameter.py:4: UserWarning: pkg_resources is deprecated as an API. See https://setuptools.pypa.io/en/latest/pkg_resources.html. The pkg_resources package is slated for removal as early as 2025-11-30. Refrain from using this package or pin to Setuptools<81.
[2m[33m(raylet)[0m   import pkg_resources
[2m[33m(raylet)[0m /home/justin/miniconda3/envs/fraud-fl-TA/lib/python3.10/site-packages/ray/_private/parameter.py:4: UserWarning: pkg_resources is deprecated as an API. See https://setuptools.pypa.io/en/latest/pkg_resources.html. The pkg_resources package is slated for removal as early as 2025-11-30. Refrain from using this package or pin to Setuptools<81.
[2m[33m(raylet)[0m   import pkg_resources
[2m[33m(raylet)[0m /home/justin/miniconda3/envs/fraud-fl-TA/lib/python3.10/site-packages/ray/_private/parameter.py:4: UserWarning: pkg_resources is deprecated as an API. See https://setuptools.pypa.io/en/latest/pkg_resources.html. The pkg_resources package is slated for removal as early as 2025-11-30. Refrain from using this package or pin to Setuptools<81.
[2m[33m(raylet)[0m   import pkg_resources
[2m[33m(raylet)[0m /home/justin/miniconda3/envs/fraud-fl-TA/lib/python3.10/site-packages/ray/_private/parameter.py:4: UserWarning: pkg_resources is deprecated as an API. See https://setuptools.pypa.io/en/latest/pkg_resources.html. The pkg_resources package is slated for removal as early as 2025-11-30. Refrain from using this package or pin to Setuptools<81.
[2m[33m(raylet)[0m   import pkg_resources
[2m[33m(raylet)[0m /home/justin/miniconda3/envs/fraud-fl-TA/lib/python3.10/site-packages/ray/_private/parameter.py:4: UserWarning: pkg_resources is deprecated as an API. See https://setuptools.pypa.io/en/latest/pkg_resources.html. The pkg_resources package is slated for removal as early as 2025-11-30. Refrain from using this package or pin to Setuptools<81.
[2m[33m(raylet)[0m   import pkg_resources
[2m[33m(raylet)[0m /home/justin/miniconda3/envs/fraud-fl-TA/lib/python3.10/site-packages/ray/_private/parameter.py:4: UserWarning: pkg_resources is deprecated as an API. See https://setuptools.pypa.io/en/latest/pkg_resources.html. The pkg_resources package is slated for removal as early as 2025-11-30. Refrain from using this package or pin to Setuptools<81.
[2m[33m(raylet)[0m   import pkg_resources
[2m[33m(raylet)[0m /home/justin/miniconda3/envs/fraud-fl-TA/lib/python3.10/site-packages/ray/_private/parameter.py:4: UserWarning: pkg_resources is deprecated as an API. See https://setuptools.pypa.io/en/latest/pkg_resources.html. The pkg_resources package is slated for removal as early as 2025-11-30. Refrain from using this package or pin to Setuptools<81.
[2m[33m(raylet)[0m   import pkg_resources
[2m[33m(raylet)[0m /home/justin/miniconda3/envs/fraud-fl-TA/lib/python3.10/site-packages/ray/_private/parameter.py:4: UserWarning: pkg_resources is deprecated as an API. See https://setuptools.pypa.io/en/latest/pkg_resources.html. The pkg_resources package is slated for removal as early as 2025-11-30. Refrain from using this package or pin to Setuptools<81.
[2m[33m(raylet)[0m   import pkg_resources
[2m[33m(raylet)[0m /home/justin/miniconda3/envs/fraud-fl-TA/lib/python3.10/site-packages/ray/_private/parameter.py:4: UserWarning: pkg_resources is deprecated as an API. See https://setuptools.pypa.io/en/latest/pkg_resources.html. The pkg_resources package is slated for removal as early as 2025-11-30. Refrain from using this package or pin to Setuptools<81.
[2m[33m(raylet)[0m   import pkg_resources
[2m[33m(raylet)[0m /home/justin/miniconda3/envs/fraud-fl-TA/lib/python3.10/site-packages/ray/_private/parameter.py:4: UserWarning: pkg_resources is deprecated as an API. See https://setuptools.pypa.io/en/latest/pkg_resources.html. The pkg_resources package is slated for removal as early as 2025-11-30. Refrain from using this package or pin to Setuptools<81.
[2m[33m(raylet)[0m   import pkg_resources
[2m[33m(raylet)[0m /home/justin/miniconda3/envs/fraud-fl-TA/lib/python3.10/site-packages/ray/_private/parameter.py:4: UserWarning: pkg_resources is deprecated as an API. See https://setuptools.pypa.io/en/latest/pkg_resources.html. The pkg_resources package is slated for removal as early as 2025-11-30. Refrain from using this package or pin to Setuptools<81.
[2m[33m(raylet)[0m   import pkg_resources
[2m[33m(raylet)[0m /home/justin/miniconda3/envs/fraud-fl-TA/lib/python3.10/site-packages/ray/_private/parameter.py:4: UserWarning: pkg_resources is deprecated as an API. See https://setuptools.pypa.io/en/latest/pkg_resources.html. The pkg_resources package is slated for removal as early as 2025-11-30. Refrain from using this package or pin to Setuptools<81.
[2m[33m(raylet)[0m   import pkg_resources
INFO flwr 2026-06-03 15:58:08,884 | server.py:94 | initial parameters (loss, other metrics): 0.9987091271625002, {'val_auprc': 0.001290872837499856, 'val_f1': 0.0, 'val_precision': 0.0, 'val_recall': 0.0}
INFO flwr 2026-06-03 15:58:08,884 | server.py:104 | FL starting
DEBUG flwr 2026-06-03 15:58:08,885 | server.py:222 | fit_round 1: strategy sampled 5 clients (out of 5)
DEBUG flwr 2026-06-03 15:58:22,672 | server.py:236 | fit_round 1 received 5 results and 0 failures
INFO flwr 2026-06-03 15:58:23,193 | server.py:125 | fit progress: (1, 0.36843980790995057, {'val_auprc': 0.6315601920900494, 'val_f1': 0.052458731159877335, 'val_precision': 0.026951527476702347, 'val_recall': 0.9788961038961039}, 14.308929172111675)
INFO flwr 2026-06-03 15:58:23,194 | server.py:171 | evaluate_round 1: no clients selected, cancel
DEBUG flwr 2026-06-03 15:58:23,194 | server.py:222 | fit_round 2: strategy sampled 5 clients (out of 5)
DEBUG flwr 2026-06-03 15:58:36,107 | server.py:236 | fit_round 2 received 5 results and 0 failures
INFO flwr 2026-06-03 15:58:36,685 | server.py:125 | fit progress: (2, 0.36843980790995057, {'val_auprc': 0.6315601920900494, 'val_f1': 0.052458731159877335, 'val_precision': 0.026951527476702347, 'val_recall': 0.9788961038961039}, 27.80054126214236)
INFO flwr 2026-06-03 15:58:36,685 | server.py:171 | evaluate_round 2: no clients selected, cancel
DEBUG flwr 2026-06-03 15:58:36,686 | server.py:222 | fit_round 3: strategy sampled 5 clients (out of 5)
DEBUG flwr 2026-06-03 15:58:50,408 | server.py:236 | fit_round 3 received 5 results and 0 failures
INFO flwr 2026-06-03 15:58:51,004 | server.py:125 | fit progress: (3, 0.36843980790995057, {'val_auprc': 0.6315601920900494, 'val_f1': 0.052458731159877335, 'val_precision': 0.026951527476702347, 'val_recall': 0.9788961038961039}, 42.11948534916155)
INFO flwr 2026-06-03 15:58:51,004 | server.py:171 | evaluate_round 3: no clients selected, cancel
DEBUG flwr 2026-06-03 15:58:51,004 | server.py:222 | fit_round 4: strategy sampled 5 clients (out of 5)
DEBUG flwr 2026-06-03 15:59:05,043 | server.py:236 | fit_round 4 received 5 results and 0 failures
INFO flwr 2026-06-03 15:59:05,650 | server.py:125 | fit progress: (4, 0.36843980790995057, {'val_auprc': 0.6315601920900494, 'val_f1': 0.052458731159877335, 'val_precision': 0.026951527476702347, 'val_recall': 0.9788961038961039}, 56.76593329105526)
INFO flwr 2026-06-03 15:59:05,651 | server.py:171 | evaluate_round 4: no clients selected, cancel
DEBUG flwr 2026-06-03 15:59:05,651 | server.py:222 | fit_round 5: strategy sampled 5 clients (out of 5)
DEBUG flwr 2026-06-03 15:59:19,228 | server.py:236 | fit_round 5 received 5 results and 0 failures
INFO flwr 2026-06-03 15:59:19,801 | server.py:125 | fit progress: (5, 0.36843980790995057, {'val_auprc': 0.6315601920900494, 'val_f1': 0.052458731159877335, 'val_precision': 0.026951527476702347, 'val_recall': 0.9788961038961039}, 70.91631868504919)
INFO flwr 2026-06-03 15:59:19,801 | server.py:171 | evaluate_round 5: no clients selected, cancel
DEBUG flwr 2026-06-03 15:59:19,801 | server.py:222 | fit_round 6: strategy sampled 5 clients (out of 5)
DEBUG flwr 2026-06-03 15:59:33,514 | server.py:236 | fit_round 6 received 5 results and 0 failures
INFO flwr 2026-06-03 15:59:34,066 | server.py:125 | fit progress: (6, 0.36843980790995057, {'val_auprc': 0.6315601920900494, 'val_f1': 0.052458731159877335, 'val_precision': 0.026951527476702347, 'val_recall': 0.9788961038961039}, 85.18157826201059)
INFO flwr 2026-06-03 15:59:34,066 | server.py:171 | evaluate_round 6: no clients selected, cancel
DEBUG flwr 2026-06-03 15:59:34,067 | server.py:222 | fit_round 7: strategy sampled 5 clients (out of 5)
DEBUG flwr 2026-06-03 15:59:47,572 | server.py:236 | fit_round 7 received 5 results and 0 failures
INFO flwr 2026-06-03 15:59:48,111 | server.py:125 | fit progress: (7, 0.36843980790995057, {'val_auprc': 0.6315601920900494, 'val_f1': 0.052458731159877335, 'val_precision': 0.026951527476702347, 'val_recall': 0.9788961038961039}, 99.22672930313274)
INFO flwr 2026-06-03 15:59:48,111 | server.py:171 | evaluate_round 7: no clients selected, cancel
DEBUG flwr 2026-06-03 15:59:48,112 | server.py:222 | fit_round 8: strategy sampled 5 clients (out of 5)
DEBUG flwr 2026-06-03 16:00:01,735 | server.py:236 | fit_round 8 received 5 results and 0 failures
INFO flwr 2026-06-03 16:00:02,352 | server.py:125 | fit progress: (8, 0.36843980790995057, {'val_auprc': 0.6315601920900494, 'val_f1': 0.052458731159877335, 'val_precision': 0.026951527476702347, 'val_recall': 0.9788961038961039}, 113.46767884213477)
INFO flwr 2026-06-03 16:00:02,353 | server.py:171 | evaluate_round 8: no clients selected, cancel
DEBUG flwr 2026-06-03 16:00:02,353 | server.py:222 | fit_round 9: strategy sampled 5 clients (out of 5)
DEBUG flwr 2026-06-03 16:00:16,320 | server.py:236 | fit_round 9 received 5 results and 0 failures
INFO flwr 2026-06-03 16:00:16,948 | server.py:125 | fit progress: (9, 0.36843980790995057, {'val_auprc': 0.6315601920900494, 'val_f1': 0.052458731159877335, 'val_precision': 0.026951527476702347, 'val_recall': 0.9788961038961039}, 128.06375028798357)
INFO flwr 2026-06-03 16:00:16,949 | server.py:171 | evaluate_round 9: no clients selected, cancel
DEBUG flwr 2026-06-03 16:00:16,949 | server.py:222 | fit_round 10: strategy sampled 5 clients (out of 5)
DEBUG flwr 2026-06-03 16:00:30,572 | server.py:236 | fit_round 10 received 5 results and 0 failures
INFO flwr 2026-06-03 16:00:31,158 | server.py:125 | fit progress: (10, 0.36843980790995057, {'val_auprc': 0.6315601920900494, 'val_f1': 0.052458731159877335, 'val_precision': 0.026951527476702347, 'val_recall': 0.9788961038961039}, 142.27386196516454)
INFO flwr 2026-06-03 16:00:31,159 | server.py:171 | evaluate_round 10: no clients selected, cancel
DEBUG flwr 2026-06-03 16:00:31,159 | server.py:222 | fit_round 11: strategy sampled 5 clients (out of 5)
DEBUG flwr 2026-06-03 16:00:44,894 | server.py:236 | fit_round 11 received 5 results and 0 failures
INFO flwr 2026-06-03 16:00:45,481 | server.py:125 | fit progress: (11, 0.36843980790995057, {'val_auprc': 0.6315601920900494, 'val_f1': 0.052458731159877335, 'val_precision': 0.026951527476702347, 'val_recall': 0.9788961038961039}, 156.59647531597875)
INFO flwr 2026-06-03 16:00:45,481 | server.py:171 | evaluate_round 11: no clients selected, cancel
DEBUG flwr 2026-06-03 16:00:45,481 | server.py:222 | fit_round 12: strategy sampled 5 clients (out of 5)
DEBUG flwr 2026-06-03 16:00:59,000 | server.py:236 | fit_round 12 received 5 results and 0 failures
INFO flwr 2026-06-03 16:00:59,595 | server.py:125 | fit progress: (12, 0.36843980790995057, {'val_auprc': 0.6315601920900494, 'val_f1': 0.052458731159877335, 'val_precision': 0.026951527476702347, 'val_recall': 0.9788961038961039}, 170.71057254518382)
INFO flwr 2026-06-03 16:00:59,595 | server.py:171 | evaluate_round 12: no clients selected, cancel
DEBUG flwr 2026-06-03 16:00:59,595 | server.py:222 | fit_round 13: strategy sampled 5 clients (out of 5)
DEBUG flwr 2026-06-03 16:01:13,170 | server.py:236 | fit_round 13 received 5 results and 0 failures
INFO flwr 2026-06-03 16:01:13,720 | server.py:125 | fit progress: (13, 0.36843980790995057, {'val_auprc': 0.6315601920900494, 'val_f1': 0.052458731159877335, 'val_precision': 0.026951527476702347, 'val_recall': 0.9788961038961039}, 184.83594646211714)
INFO flwr 2026-06-03 16:01:13,721 | server.py:171 | evaluate_round 13: no clients selected, cancel
DEBUG flwr 2026-06-03 16:01:13,721 | server.py:222 | fit_round 14: strategy sampled 5 clients (out of 5)
DEBUG flwr 2026-06-03 16:01:27,456 | server.py:236 | fit_round 14 received 5 results and 0 failures
INFO flwr 2026-06-03 16:01:28,011 | server.py:125 | fit progress: (14, 0.36843980790995057, {'val_auprc': 0.6315601920900494, 'val_f1': 0.052458731159877335, 'val_precision': 0.026951527476702347, 'val_recall': 0.9788961038961039}, 199.12631128216162)
INFO flwr 2026-06-03 16:01:28,011 | server.py:171 | evaluate_round 14: no clients selected, cancel
DEBUG flwr 2026-06-03 16:01:28,011 | server.py:222 | fit_round 15: strategy sampled 5 clients (out of 5)
DEBUG flwr 2026-06-03 16:01:41,635 | server.py:236 | fit_round 15 received 5 results and 0 failures
INFO flwr 2026-06-03 16:01:42,183 | server.py:125 | fit progress: (15, 0.36843980790995057, {'val_auprc': 0.6315601920900494, 'val_f1': 0.052458731159877335, 'val_precision': 0.026951527476702347, 'val_recall': 0.9788961038961039}, 213.29821778205223)
INFO flwr 2026-06-03 16:01:42,183 | server.py:171 | evaluate_round 15: no clients selected, cancel
DEBUG flwr 2026-06-03 16:01:42,183 | server.py:222 | fit_round 16: strategy sampled 5 clients (out of 5)
DEBUG flwr 2026-06-03 16:01:56,392 | server.py:236 | fit_round 16 received 5 results and 0 failures
INFO flwr 2026-06-03 16:01:56,979 | server.py:125 | fit progress: (16, 0.36843980790995057, {'val_auprc': 0.6315601920900494, 'val_f1': 0.052458731159877335, 'val_precision': 0.026951527476702347, 'val_recall': 0.9788961038961039}, 228.0940596011933)
INFO flwr 2026-06-03 16:01:56,979 | server.py:171 | evaluate_round 16: no clients selected, cancel
DEBUG flwr 2026-06-03 16:01:56,979 | server.py:222 | fit_round 17: strategy sampled 5 clients (out of 5)
DEBUG flwr 2026-06-03 16:02:10,602 | server.py:236 | fit_round 17 received 5 results and 0 failures
INFO flwr 2026-06-03 16:02:11,148 | server.py:125 | fit progress: (17, 0.36843980790995057, {'val_auprc': 0.6315601920900494, 'val_f1': 0.052458731159877335, 'val_precision': 0.026951527476702347, 'val_recall': 0.9788961038961039}, 242.2637121451553)
INFO flwr 2026-06-03 16:02:11,148 | server.py:171 | evaluate_round 17: no clients selected, cancel
DEBUG flwr 2026-06-03 16:02:11,149 | server.py:222 | fit_round 18: strategy sampled 5 clients (out of 5)
DEBUG flwr 2026-06-03 16:02:24,890 | server.py:236 | fit_round 18 received 5 results and 0 failures
INFO flwr 2026-06-03 16:02:25,443 | server.py:125 | fit progress: (18, 0.36843980790995057, {'val_auprc': 0.6315601920900494, 'val_f1': 0.052458731159877335, 'val_precision': 0.026951527476702347, 'val_recall': 0.9788961038961039}, 256.55857847700827)
INFO flwr 2026-06-03 16:02:25,443 | server.py:171 | evaluate_round 18: no clients selected, cancel
DEBUG flwr 2026-06-03 16:02:25,443 | server.py:222 | fit_round 19: strategy sampled 5 clients (out of 5)
DEBUG flwr 2026-06-03 16:02:39,216 | server.py:236 | fit_round 19 received 5 results and 0 failures
INFO flwr 2026-06-03 16:02:39,765 | server.py:125 | fit progress: (19, 0.36843980790995057, {'val_auprc': 0.6315601920900494, 'val_f1': 0.052458731159877335, 'val_precision': 0.026951527476702347, 'val_recall': 0.9788961038961039}, 270.8809540909715)
INFO flwr 2026-06-03 16:02:39,766 | server.py:171 | evaluate_round 19: no clients selected, cancel
DEBUG flwr 2026-06-03 16:02:39,766 | server.py:222 | fit_round 20: strategy sampled 5 clients (out of 5)
DEBUG flwr 2026-06-03 16:02:53,350 | server.py:236 | fit_round 20 received 5 results and 0 failures
INFO flwr 2026-06-03 16:02:54,526 | server.py:125 | fit progress: (20, 0.36843980790995057, {'val_auprc': 0.6315601920900494, 'val_f1': 0.052458731159877335, 'val_precision': 0.026951527476702347, 'val_recall': 0.9788961038961039}, 285.64103231718764)
INFO flwr 2026-06-03 16:02:54,526 | server.py:171 | evaluate_round 20: no clients selected, cancel
INFO flwr 2026-06-03 16:02:54,526 | server.py:153 | FL finished in 285.64149942900985
INFO flwr 2026-06-03 16:02:54,527 | app.py:225 | app_fit: losses_distributed []
INFO flwr 2026-06-03 16:02:54,527 | app.py:226 | app_fit: metrics_distributed_fit {'local_auprc': [(1, 0.9929474967424585), (2, 0.9929474967424583), (3, 0.9929474967424585), (4, 0.9929474967424583), (5, 0.9929474967424583), (6, 0.9929474967424585), (7, 0.9929474967424583), (8, 0.9929474967424585), (9, 0.9929474967424585), (10, 0.9929474967424585), (11, 0.9929474967424585), (12, 0.9929474967424585), (13, 0.9929474967424583), (14, 0.9929474967424583), (15, 0.9929474967424583), (16, 0.9929474967424585), (17, 0.9929474967424585), (18, 0.9929474967424585), (19, 0.9929474967424583), (20, 0.9929474967424585)], 'client_id': [(1, 2.4034839711920974), (2, 2.4034839711920974), (3, 2.4034839711920974), (4, 2.4034839711920974), (5, 2.4034839711920974), (6, 2.4034839711920974), (7, 2.4034839711920974), (8, 2.4034839711920974), (9, 2.4034839711920974), (10, 2.4034839711920974), (11, 2.4034839711920974), (12, 2.4034839711920974), (13, 2.4034839711920974), (14, 2.4034839711920974), (15, 2.4034839711920974), (16, 2.4034839711920974), (17, 2.4034839711920974), (18, 2.4034839711920974), (19, 2.4034839711920974), (20, 2.4034839711920974)]}
INFO flwr 2026-06-03 16:02:54,527 | app.py:227 | app_fit: metrics_distributed {}
INFO flwr 2026-06-03 16:02:54,527 | app.py:228 | app_fit: losses_centralized [(0, 0.9987091271625002), (1, 0.36843980790995057), (2, 0.36843980790995057), (3, 0.36843980790995057), (4, 0.36843980790995057), (5, 0.36843980790995057), (6, 0.36843980790995057), (7, 0.36843980790995057), (8, 0.36843980790995057), (9, 0.36843980790995057), (10, 0.36843980790995057), (11, 0.36843980790995057), (12, 0.36843980790995057), (13, 0.36843980790995057), (14, 0.36843980790995057), (15, 0.36843980790995057), (16, 0.36843980790995057), (17, 0.36843980790995057), (18, 0.36843980790995057), (19, 0.36843980790995057), (20, 0.36843980790995057)]
INFO flwr 2026-06-03 16:02:54,527 | app.py:229 | app_fit: metrics_centralized {'val_auprc': [(0, 0.001290872837499856), (1, 0.6315601920900494), (2, 0.6315601920900494), (3, 0.6315601920900494), (4, 0.6315601920900494), (5, 0.6315601920900494), (6, 0.6315601920900494), (7, 0.6315601920900494), (8, 0.6315601920900494), (9, 0.6315601920900494), (10, 0.6315601920900494), (11, 0.6315601920900494), (12, 0.6315601920900494), (13, 0.6315601920900494), (14, 0.6315601920900494), (15, 0.6315601920900494), (16, 0.6315601920900494), (17, 0.6315601920900494), (18, 0.6315601920900494), (19, 0.6315601920900494), (20, 0.6315601920900494)], 'val_f1': [(0, 0.0), (1, 0.052458731159877335), (2, 0.052458731159877335), (3, 0.052458731159877335), (4, 0.052458731159877335), (5, 0.052458731159877335), (6, 0.052458731159877335), (7, 0.052458731159877335), (8, 0.052458731159877335), (9, 0.052458731159877335), (10, 0.052458731159877335), (11, 0.052458731159877335), (12, 0.052458731159877335), (13, 0.052458731159877335), (14, 0.052458731159877335), (15, 0.052458731159877335), (16, 0.052458731159877335), (17, 0.052458731159877335), (18, 0.052458731159877335), (19, 0.052458731159877335), (20, 0.052458731159877335)], 'val_precision': [(0, 0.0), (1, 0.026951527476702347), (2, 0.026951527476702347), (3, 0.026951527476702347), (4, 0.026951527476702347), (5, 0.026951527476702347), (6, 0.026951527476702347), (7, 0.026951527476702347), (8, 0.026951527476702347), (9, 0.026951527476702347), (10, 0.026951527476702347), (11, 0.026951527476702347), (12, 0.026951527476702347), (13, 0.026951527476702347), (14, 0.026951527476702347), (15, 0.026951527476702347), (16, 0.026951527476702347), (17, 0.026951527476702347), (18, 0.026951527476702347), (19, 0.026951527476702347), (20, 0.026951527476702347)], 'val_recall': [(0, 0.0), (1, 0.9788961038961039), (2, 0.9788961038961039), (3, 0.9788961038961039), (4, 0.9788961038961039), (5, 0.9788961038961039), (6, 0.9788961038961039), (7, 0.9788961038961039), (8, 0.9788961038961039), (9, 0.9788961038961039), (10, 0.9788961038961039), (11, 0.9788961038961039), (12, 0.9788961038961039), (13, 0.9788961038961039), (14, 0.9788961038961039), (15, 0.9788961038961039), (16, 0.9788961038961039), (17, 0.9788961038961039), (18, 0.9788961038961039), (19, 0.9788961038961039), (20, 0.9788961038961039)]}
wandb: Waiting for W&B process to finish... (success).
wandb: 
wandb: Run history:
wandb:          round ▁▁▂▂▂▃▃▃▄▄▅▅▅▆▆▆▇▇▇███
wandb:     test_auprc ▁
wandb:        test_f1 ▁
wandb:      test_loss ▁
wandb: test_precision ▁
wandb:    test_recall ▁
wandb:      val_auprc ▁████████████████████
wandb:         val_f1 ▁████████████████████
wandb:       val_loss █▁▁▁▁▁▁▁▁▁▁▁▁▁▁▁▁▁▁▁▁
wandb:  val_precision ▁████████████████████
wandb:     val_recall ▁████████████████████
wandb: 
wandb: Run summary:
wandb:       best_round 1
wandb:   best_val_auprc 0.63156
wandb: duration_seconds 303.50425
wandb:            round 20
wandb:       test_auprc 0.60994
wandb:          test_f1 0.05268
wandb:        test_loss 0.39006
wandb:   test_precision 0.02707
wandb:      test_recall 0.97403
wandb:        val_auprc 0.63156
wandb:           val_f1 0.05246
wandb:         val_loss 0.36844
wandb:    val_precision 0.02695
wandb:       val_recall 0.9789
wandb: 
wandb: 🚀 View run svm_dirichlet_alpha1.0_smote_seed42 at: https://wandb.ai/deo250605-sepuluh-nopember-insitute-of-technology/hfedxgboost-paysim/runs/ycebjjqh
wandb: Synced 6 W&B file(s), 0 media file(s), 0 artifact file(s) and 0 other file(s)
wandb: Find logs at: ./wandb/run-20260603_155803-ycebjjqh/logs
[run] resolved config: {'model': 'fedavg_svm', 'num_clients': 5, 'num_rounds': 20, 'local_epochs': 1, 'random_seed': 42, 'oversampling': 'smote', 'smote_k_neighbors': 5, 'smote_sampling_strategy': 'auto', 'use_wandb': True, 'wandb_project': 'hfedxgboost-paysim', 'early_stop_patience': 10, 'partition': {'scheme': 'dirichlet', 'alpha': 1.0}, 'svm_params': {'C': 1.0, 'max_iter': 1000, 'warm_start': True}}
[run] === svm | scheme=dirichlet alpha=1.0 K=5 R=20 oversampling=smote seed=42 ===
[paysim] loading data/paysim/paysim.csv
[paysim] loaded 6,362,620 rows, 11 columns

[paysim] === data summary ===
  total rows loaded : 6,362,620
  feature count     : 13
  feature names     : ['step', 'amount', 'oldbalanceOrg', 'newbalanceOrig', 'oldbalanceDest', 'newbalanceDest', 'errorBalanceOrig', 'errorBalanceDest', 'type_CASH_IN', 'type_CASH_OUT', 'type_DEBIT', 'type_PAYMENT', 'type_TRANSFER']
  x_train: (4453834, 13)  dtype=float32   |  y_train: (4453834,)  dtype=int32
  x_val  : (954393, 13)  dtype=float32   |  y_val  : (954393,)  dtype=int32
  x_test : (954393, 13)  dtype=float32   |  y_test : (954393,)  dtype=int32
  fraud in train: 5,749 / 4,453,834  (0.1291%)
  fraud in val  : 1,232 / 954,393  (0.1291%)
  fraud in test : 1,232 / 954,393  (0.1291%)
[paysim] === end summary ===


[smote] === per-client SMOTE summary ===
  cid |    n_before |     n_after |  fraud_before |  fraud_after | ratio_after | applied
----------------------------------------------------------------------------------------
    0 |     425,338 |     849,058 |           809 |      424,529 |    50.0000% |    True
    1 |   1,335,724 |   2,669,678 |           885 |    1,334,839 |    50.0000% |    True
    2 |      22,515 |      44,022 |           504 |       22,011 |    50.0000% |    True
    3 |   1,355,960 |   2,709,568 |         1,176 |    1,354,784 |    50.0000% |    True
    4 |   1,314,297 |   2,623,844 |         2,375 |    1,311,922 |    50.0000% |    True
[smote] === end summary ===

[run] FL starting: 20 rounds, 5 clients
[server] round 0 | val_auprc=0.0013 | val_f1=0.0000 | val_precision=0.0000 | val_recall=0.0000
[server] round 1 | val_auprc=0.6316 | val_f1=0.0525 | val_precision=0.0270 | val_recall=0.9789
[server] round 2 | val_auprc=0.6316 | val_f1=0.0525 | val_precision=0.0270 | val_recall=0.9789
[server] round 3 | val_auprc=0.6316 | val_f1=0.0525 | val_precision=0.0270 | val_recall=0.9789
[server] round 4 | val_auprc=0.6316 | val_f1=0.0525 | val_precision=0.0270 | val_recall=0.9789
[server] round 5 | val_auprc=0.6316 | val_f1=0.0525 | val_precision=0.0270 | val_recall=0.9789
[server] round 6 | val_auprc=0.6316 | val_f1=0.0525 | val_precision=0.0270 | val_recall=0.9789
[server] round 7 | val_auprc=0.6316 | val_f1=0.0525 | val_precision=0.0270 | val_recall=0.9789
[server] round 8 | val_auprc=0.6316 | val_f1=0.0525 | val_precision=0.0270 | val_recall=0.9789
[server] round 9 | val_auprc=0.6316 | val_f1=0.0525 | val_precision=0.0270 | val_recall=0.9789
[server] round 10 | val_auprc=0.6316 | val_f1=0.0525 | val_precision=0.0270 | val_recall=0.9789
[server] round 11 | val_auprc=0.6316 | val_f1=0.0525 | val_precision=0.0270 | val_recall=0.9789
[server] early-stop signal at round 11: val_auprc unchanged for 10 rounds (best=0.6316 at round 1)
[server] round 12 | val_auprc=0.6316 | val_f1=0.0525 | val_precision=0.0270 | val_recall=0.9789
[server] round 13 | val_auprc=0.6316 | val_f1=0.0525 | val_precision=0.0270 | val_recall=0.9789
[server] round 14 | val_auprc=0.6316 | val_f1=0.0525 | val_precision=0.0270 | val_recall=0.9789
[server] round 15 | val_auprc=0.6316 | val_f1=0.0525 | val_precision=0.0270 | val_recall=0.9789
[server] round 16 | val_auprc=0.6316 | val_f1=0.0525 | val_precision=0.0270 | val_recall=0.9789
[server] round 17 | val_auprc=0.6316 | val_f1=0.0525 | val_precision=0.0270 | val_recall=0.9789
[server] round 18 | val_auprc=0.6316 | val_f1=0.0525 | val_precision=0.0270 | val_recall=0.9789
[server] round 19 | val_auprc=0.6316 | val_f1=0.0525 | val_precision=0.0270 | val_recall=0.9789
[server] round 20 | val_auprc=0.6316 | val_f1=0.0525 | val_precision=0.0270 | val_recall=0.9789
[server] FINAL round 20 | test_auprc=0.6099 | test_f1=0.0527 | test_precision=0.0271 | test_recall=0.9740
[run] best val_auprc: 0.6316 at round 1
[run] final test: auprc=0.6099 | f1=0.0527 | precision=0.0271 | recall=0.9740
[results] wrote summary CSV → results/logs/svm/svm_dirichlet_alpha1.0_smote_seed42.csv
[results] wrote rounds CSV  → results/logs/svm/svm_dirichlet_alpha1.0_smote_seed42_rounds.csv
