/home/justin/miniconda3/envs/fraud-fl-TA/lib/python3.10/site-packages/ray/_private/parameter.py:4: UserWarning: pkg_resources is deprecated as an API. See https://setuptools.pypa.io/en/latest/pkg_resources.html. The pkg_resources package is slated for removal as early as 2025-11-30. Refrain from using this package or pin to Setuptools<81.
  import pkg_resources
/home/justin/miniconda3/envs/fraud-fl-TA/lib/python3.10/site-packages/wandb/sdk/launch/builder/build.py:11: UserWarning: pkg_resources is deprecated as an API. See https://setuptools.pypa.io/en/latest/pkg_resources.html. The pkg_resources package is slated for removal as early as 2025-11-30. Refrain from using this package or pin to Setuptools<81.
  import pkg_resources
wandb: Currently logged in as: deo250605 (deo250605-sepuluh-nopember-insitute-of-technology). Use `wandb login --relogin` to force relogin
wandb: - Waiting for wandb.init()...wandb: \ Waiting for wandb.init()...wandb: wandb version 0.27.0 is available!  To upgrade, please run:
wandb:  $ pip install wandb --upgrade
wandb: Tracking run with wandb version 0.15.12
wandb: Run data is saved locally in /home/justin/fraud-fl-TA/wandb/run-20260603_154234-8mko0zdm
wandb: Run `wandb offline` to turn off syncing.
wandb: Syncing run svm_iid_alpha-_smote_seed42
wandb: ⭐️ View project at https://wandb.ai/deo250605-sepuluh-nopember-insitute-of-technology/hfedxgboost-paysim
wandb: 🚀 View run at https://wandb.ai/deo250605-sepuluh-nopember-insitute-of-technology/hfedxgboost-paysim/runs/8mko0zdm
INFO flwr 2026-06-03 15:42:37,968 | app.py:175 | Starting Flower simulation, config: ServerConfig(num_rounds=20, round_timeout=None)
2026-06-03 15:42:39,647	INFO worker.py:1621 -- Started a local Ray instance.
INFO flwr 2026-06-03 15:42:40,210 | app.py:210 | Flower VCE: Ray initialized with resources: {'object_store_memory': 4237864550.0, 'memory': 8475729102.0, 'CPU': 20.0, 'node:__internal_head__': 1.0, 'node:172.24.108.56': 1.0}
INFO flwr 2026-06-03 15:42:40,211 | app.py:224 | Flower VCE: Resources for each Virtual Client: {'num_cpus': 1, 'num_gpus': 0}
INFO flwr 2026-06-03 15:42:40,221 | app.py:270 | Flower VCE: Creating VirtualClientEngineActorPool with 20 actors
INFO flwr 2026-06-03 15:42:40,221 | server.py:89 | Initializing global parameters
INFO flwr 2026-06-03 15:42:40,222 | server.py:272 | Using initial parameters provided by strategy
INFO flwr 2026-06-03 15:42:40,222 | server.py:91 | Evaluating initial parameters
[2m[33m(raylet)[0m /home/justin/miniconda3/envs/fraud-fl-TA/lib/python3.10/site-packages/ray/_private/parameter.py:4: UserWarning: pkg_resources is deprecated as an API. See https://setuptools.pypa.io/en/latest/pkg_resources.html. The pkg_resources package is slated for removal as early as 2025-11-30. Refrain from using this package or pin to Setuptools<81.
[2m[33m(raylet)[0m   import pkg_resources
[2m[33m(raylet)[0m /home/justin/miniconda3/envs/fraud-fl-TA/lib/python3.10/site-packages/ray/_private/parameter.py:4: UserWarning: pkg_resources is deprecated as an API. See https://setuptools.pypa.io/en/latest/pkg_resources.html. The pkg_resources package is slated for removal as early as 2025-11-30. Refrain from using this package or pin to Setuptools<81.
[2m[33m(raylet)[0m   import pkg_resources
[2m[33m(raylet)[0m /home/justin/miniconda3/envs/fraud-fl-TA/lib/python3.10/site-packages/ray/_private/parameter.py:4: UserWarning: pkg_resources is deprecated as an API. See https://setuptools.pypa.io/en/latest/pkg_resources.html. The pkg_resources package is slated for removal as early as 2025-11-30. Refrain from using this package or pin to Setuptools<81.
[2m[33m(raylet)[0m   import pkg_resources
[2m[33m(raylet)[0m /home/justin/miniconda3/envs/fraud-fl-TA/lib/python3.10/site-packages/ray/_private/parameter.py:4: UserWarning: pkg_resources is deprecated as an API. See https://setuptools.pypa.io/en/latest/pkg_resources.html. The pkg_resources package is slated for removal as early as 2025-11-30. Refrain from using this package or pin to Setuptools<81.
[2m[33m(raylet)[0m   import pkg_resources
[2m[33m(raylet)[0m /home/justin/miniconda3/envs/fraud-fl-TA/lib/python3.10/site-packages/ray/_private/parameter.py:4: UserWarning: pkg_resources is deprecated as an API. See https://setuptools.pypa.io/en/latest/pkg_resources.html. The pkg_resources package is slated for removal as early as 2025-11-30. Refrain from using this package or pin to Setuptools<81.
[2m[33m(raylet)[0m   import pkg_resources
[2m[33m(raylet)[0m /home/justin/miniconda3/envs/fraud-fl-TA/lib/python3.10/site-packages/ray/_private/parameter.py:4: UserWarning: pkg_resources is deprecated as an API. See https://setuptools.pypa.io/en/latest/pkg_resources.html. The pkg_resources package is slated for removal as early as 2025-11-30. Refrain from using this package or pin to Setuptools<81.
[2m[33m(raylet)[0m   import pkg_resources
[2m[33m(raylet)[0m /home/justin/miniconda3/envs/fraud-fl-TA/lib/python3.10/site-packages/ray/_private/parameter.py:4: UserWarning: pkg_resources is deprecated as an API. See https://setuptools.pypa.io/en/latest/pkg_resources.html. The pkg_resources package is slated for removal as early as 2025-11-30. Refrain from using this package or pin to Setuptools<81.
[2m[33m(raylet)[0m   import pkg_resources
[2m[33m(raylet)[0m /home/justin/miniconda3/envs/fraud-fl-TA/lib/python3.10/site-packages/ray/_private/parameter.py:4: UserWarning: pkg_resources is deprecated as an API. See https://setuptools.pypa.io/en/latest/pkg_resources.html. The pkg_resources package is slated for removal as early as 2025-11-30. Refrain from using this package or pin to Setuptools<81.
[2m[33m(raylet)[0m   import pkg_resources
[2m[33m(raylet)[0m /home/justin/miniconda3/envs/fraud-fl-TA/lib/python3.10/site-packages/ray/_private/parameter.py:4: UserWarning: pkg_resources is deprecated as an API. See https://setuptools.pypa.io/en/latest/pkg_resources.html. The pkg_resources package is slated for removal as early as 2025-11-30. Refrain from using this package or pin to Setuptools<81.
[2m[33m(raylet)[0m   import pkg_resources
[2m[33m(raylet)[0m /home/justin/miniconda3/envs/fraud-fl-TA/lib/python3.10/site-packages/ray/_private/parameter.py:4: UserWarning: pkg_resources is deprecated as an API. See https://setuptools.pypa.io/en/latest/pkg_resources.html. The pkg_resources package is slated for removal as early as 2025-11-30. Refrain from using this package or pin to Setuptools<81.
[2m[33m(raylet)[0m   import pkg_resources
[2m[33m(raylet)[0m /home/justin/miniconda3/envs/fraud-fl-TA/lib/python3.10/site-packages/ray/_private/parameter.py:4: UserWarning: pkg_resources is deprecated as an API. See https://setuptools.pypa.io/en/latest/pkg_resources.html. The pkg_resources package is slated for removal as early as 2025-11-30. Refrain from using this package or pin to Setuptools<81.
[2m[33m(raylet)[0m   import pkg_resources
[2m[33m(raylet)[0m /home/justin/miniconda3/envs/fraud-fl-TA/lib/python3.10/site-packages/ray/_private/parameter.py:4: UserWarning: pkg_resources is deprecated as an API. See https://setuptools.pypa.io/en/latest/pkg_resources.html. The pkg_resources package is slated for removal as early as 2025-11-30. Refrain from using this package or pin to Setuptools<81.
[2m[33m(raylet)[0m   import pkg_resources
[2m[33m(raylet)[0m /home/justin/miniconda3/envs/fraud-fl-TA/lib/python3.10/site-packages/ray/_private/parameter.py:4: UserWarning: pkg_resources is deprecated as an API. See https://setuptools.pypa.io/en/latest/pkg_resources.html. The pkg_resources package is slated for removal as early as 2025-11-30. Refrain from using this package or pin to Setuptools<81.
[2m[33m(raylet)[0m   import pkg_resources
[2m[33m(raylet)[0m /home/justin/miniconda3/envs/fraud-fl-TA/lib/python3.10/site-packages/ray/_private/parameter.py:4: UserWarning: pkg_resources is deprecated as an API. See https://setuptools.pypa.io/en/latest/pkg_resources.html. The pkg_resources package is slated for removal as early as 2025-11-30. Refrain from using this package or pin to Setuptools<81.
[2m[33m(raylet)[0m   import pkg_resources
[2m[33m(raylet)[0m /home/justin/miniconda3/envs/fraud-fl-TA/lib/python3.10/site-packages/ray/_private/parameter.py:4: UserWarning: pkg_resources is deprecated as an API. See https://setuptools.pypa.io/en/latest/pkg_resources.html. The pkg_resources package is slated for removal as early as 2025-11-30. Refrain from using this package or pin to Setuptools<81.
[2m[33m(raylet)[0m   import pkg_resources
[2m[33m(raylet)[0m /home/justin/miniconda3/envs/fraud-fl-TA/lib/python3.10/site-packages/ray/_private/parameter.py:4: UserWarning: pkg_resources is deprecated as an API. See https://setuptools.pypa.io/en/latest/pkg_resources.html. The pkg_resources package is slated for removal as early as 2025-11-30. Refrain from using this package or pin to Setuptools<81.
[2m[33m(raylet)[0m   import pkg_resources
[2m[33m(raylet)[0m /home/justin/miniconda3/envs/fraud-fl-TA/lib/python3.10/site-packages/ray/_private/parameter.py:4: UserWarning: pkg_resources is deprecated as an API. See https://setuptools.pypa.io/en/latest/pkg_resources.html. The pkg_resources package is slated for removal as early as 2025-11-30. Refrain from using this package or pin to Setuptools<81.
[2m[33m(raylet)[0m   import pkg_resources
[2m[33m(raylet)[0m /home/justin/miniconda3/envs/fraud-fl-TA/lib/python3.10/site-packages/ray/_private/parameter.py:4: UserWarning: pkg_resources is deprecated as an API. See https://setuptools.pypa.io/en/latest/pkg_resources.html. The pkg_resources package is slated for removal as early as 2025-11-30. Refrain from using this package or pin to Setuptools<81.
[2m[33m(raylet)[0m   import pkg_resources
[2m[33m(raylet)[0m /home/justin/miniconda3/envs/fraud-fl-TA/lib/python3.10/site-packages/ray/_private/parameter.py:4: UserWarning: pkg_resources is deprecated as an API. See https://setuptools.pypa.io/en/latest/pkg_resources.html. The pkg_resources package is slated for removal as early as 2025-11-30. Refrain from using this package or pin to Setuptools<81.
[2m[33m(raylet)[0m   import pkg_resources
[2m[33m(raylet)[0m /home/justin/miniconda3/envs/fraud-fl-TA/lib/python3.10/site-packages/ray/_private/parameter.py:4: UserWarning: pkg_resources is deprecated as an API. See https://setuptools.pypa.io/en/latest/pkg_resources.html. The pkg_resources package is slated for removal as early as 2025-11-30. Refrain from using this package or pin to Setuptools<81.
[2m[33m(raylet)[0m   import pkg_resources
INFO flwr 2026-06-03 15:42:40,966 | server.py:94 | initial parameters (loss, other metrics): 0.9987091271625002, {'val_auprc': 0.001290872837499856, 'val_f1': 0.0, 'val_precision': 0.0, 'val_recall': 0.0}
INFO flwr 2026-06-03 15:42:40,966 | server.py:104 | FL starting
DEBUG flwr 2026-06-03 15:42:40,966 | server.py:222 | fit_round 1: strategy sampled 5 clients (out of 5)
DEBUG flwr 2026-06-03 15:42:52,059 | server.py:236 | fit_round 1 received 5 results and 0 failures
INFO flwr 2026-06-03 15:42:52,593 | server.py:125 | fit progress: (1, 0.39007406813252976, {'val_auprc': 0.6099259318674702, 'val_f1': 0.0542656958373403, 'val_precision': 0.02792045615192498, 'val_recall': 0.9618506493506493}, 11.627233014907688)
INFO flwr 2026-06-03 15:42:52,593 | server.py:171 | evaluate_round 1: no clients selected, cancel
DEBUG flwr 2026-06-03 15:42:52,594 | server.py:222 | fit_round 2: strategy sampled 5 clients (out of 5)
DEBUG flwr 2026-06-03 15:43:02,195 | server.py:236 | fit_round 2 received 5 results and 0 failures
INFO flwr 2026-06-03 15:43:02,755 | server.py:125 | fit progress: (2, 0.39007406813252976, {'val_auprc': 0.6099259318674702, 'val_f1': 0.0542656958373403, 'val_precision': 0.02792045615192498, 'val_recall': 0.9618506493506493}, 21.789098226930946)
INFO flwr 2026-06-03 15:43:02,755 | server.py:171 | evaluate_round 2: no clients selected, cancel
DEBUG flwr 2026-06-03 15:43:02,755 | server.py:222 | fit_round 3: strategy sampled 5 clients (out of 5)
DEBUG flwr 2026-06-03 15:43:12,499 | server.py:236 | fit_round 3 received 5 results and 0 failures
INFO flwr 2026-06-03 15:43:13,042 | server.py:125 | fit progress: (3, 0.39007406813252976, {'val_auprc': 0.6099259318674702, 'val_f1': 0.0542656958373403, 'val_precision': 0.02792045615192498, 'val_recall': 0.9618506493506493}, 32.075740014901385)
INFO flwr 2026-06-03 15:43:13,042 | server.py:171 | evaluate_round 3: no clients selected, cancel
DEBUG flwr 2026-06-03 15:43:13,042 | server.py:222 | fit_round 4: strategy sampled 5 clients (out of 5)
DEBUG flwr 2026-06-03 15:43:22,663 | server.py:236 | fit_round 4 received 5 results and 0 failures
INFO flwr 2026-06-03 15:43:23,220 | server.py:125 | fit progress: (4, 0.39007406813252976, {'val_auprc': 0.6099259318674702, 'val_f1': 0.0542656958373403, 'val_precision': 0.02792045615192498, 'val_recall': 0.9618506493506493}, 42.2537251340691)
INFO flwr 2026-06-03 15:43:23,220 | server.py:171 | evaluate_round 4: no clients selected, cancel
DEBUG flwr 2026-06-03 15:43:23,220 | server.py:222 | fit_round 5: strategy sampled 5 clients (out of 5)
DEBUG flwr 2026-06-03 15:43:32,883 | server.py:236 | fit_round 5 received 5 results and 0 failures
INFO flwr 2026-06-03 15:43:33,536 | server.py:125 | fit progress: (5, 0.39007406813252976, {'val_auprc': 0.6099259318674702, 'val_f1': 0.0542656958373403, 'val_precision': 0.02792045615192498, 'val_recall': 0.9618506493506493}, 52.570368845015764)
INFO flwr 2026-06-03 15:43:33,537 | server.py:171 | evaluate_round 5: no clients selected, cancel
DEBUG flwr 2026-06-03 15:43:33,537 | server.py:222 | fit_round 6: strategy sampled 5 clients (out of 5)
DEBUG flwr 2026-06-03 15:43:43,220 | server.py:236 | fit_round 6 received 5 results and 0 failures
INFO flwr 2026-06-03 15:43:43,763 | server.py:125 | fit progress: (6, 0.39007406813252976, {'val_auprc': 0.6099259318674702, 'val_f1': 0.0542656958373403, 'val_precision': 0.02792045615192498, 'val_recall': 0.9618506493506493}, 62.796794978901744)
INFO flwr 2026-06-03 15:43:43,763 | server.py:171 | evaluate_round 6: no clients selected, cancel
DEBUG flwr 2026-06-03 15:43:43,763 | server.py:222 | fit_round 7: strategy sampled 5 clients (out of 5)
DEBUG flwr 2026-06-03 15:43:53,459 | server.py:236 | fit_round 7 received 5 results and 0 failures
INFO flwr 2026-06-03 15:43:54,014 | server.py:125 | fit progress: (7, 0.39007406813252976, {'val_auprc': 0.6099259318674702, 'val_f1': 0.0542656958373403, 'val_precision': 0.02792045615192498, 'val_recall': 0.9618506493506493}, 73.04830781091005)
INFO flwr 2026-06-03 15:43:54,015 | server.py:171 | evaluate_round 7: no clients selected, cancel
DEBUG flwr 2026-06-03 15:43:54,015 | server.py:222 | fit_round 8: strategy sampled 5 clients (out of 5)
DEBUG flwr 2026-06-03 15:44:03,781 | server.py:236 | fit_round 8 received 5 results and 0 failures
INFO flwr 2026-06-03 15:44:04,322 | server.py:125 | fit progress: (8, 0.39007406813252976, {'val_auprc': 0.6099259318674702, 'val_f1': 0.0542656958373403, 'val_precision': 0.02792045615192498, 'val_recall': 0.9618506493506493}, 83.35605451907031)
INFO flwr 2026-06-03 15:44:04,322 | server.py:171 | evaluate_round 8: no clients selected, cancel
DEBUG flwr 2026-06-03 15:44:04,322 | server.py:222 | fit_round 9: strategy sampled 5 clients (out of 5)
DEBUG flwr 2026-06-03 15:44:14,059 | server.py:236 | fit_round 9 received 5 results and 0 failures
INFO flwr 2026-06-03 15:44:14,692 | server.py:125 | fit progress: (9, 0.39007406813252976, {'val_auprc': 0.6099259318674702, 'val_f1': 0.0542656958373403, 'val_precision': 0.02792045615192498, 'val_recall': 0.9618506493506493}, 93.7257495119702)
INFO flwr 2026-06-03 15:44:14,692 | server.py:171 | evaluate_round 9: no clients selected, cancel
DEBUG flwr 2026-06-03 15:44:14,692 | server.py:222 | fit_round 10: strategy sampled 5 clients (out of 5)
DEBUG flwr 2026-06-03 15:44:24,260 | server.py:236 | fit_round 10 received 5 results and 0 failures
INFO flwr 2026-06-03 15:44:24,821 | server.py:125 | fit progress: (10, 0.39007406813252976, {'val_auprc': 0.6099259318674702, 'val_f1': 0.0542656958373403, 'val_precision': 0.02792045615192498, 'val_recall': 0.9618506493506493}, 103.85509827011265)
INFO flwr 2026-06-03 15:44:24,821 | server.py:171 | evaluate_round 10: no clients selected, cancel
DEBUG flwr 2026-06-03 15:44:24,821 | server.py:222 | fit_round 11: strategy sampled 5 clients (out of 5)
DEBUG flwr 2026-06-03 15:44:34,451 | server.py:236 | fit_round 11 received 5 results and 0 failures
INFO flwr 2026-06-03 15:44:34,998 | server.py:125 | fit progress: (11, 0.39007406813252976, {'val_auprc': 0.6099259318674702, 'val_f1': 0.0542656958373403, 'val_precision': 0.02792045615192498, 'val_recall': 0.9618506493506493}, 114.03243180806749)
INFO flwr 2026-06-03 15:44:34,999 | server.py:171 | evaluate_round 11: no clients selected, cancel
DEBUG flwr 2026-06-03 15:44:34,999 | server.py:222 | fit_round 12: strategy sampled 5 clients (out of 5)
DEBUG flwr 2026-06-03 15:44:44,730 | server.py:236 | fit_round 12 received 5 results and 0 failures
INFO flwr 2026-06-03 15:44:45,279 | server.py:125 | fit progress: (12, 0.39007406813252976, {'val_auprc': 0.6099259318674702, 'val_f1': 0.0542656958373403, 'val_precision': 0.02792045615192498, 'val_recall': 0.9618506493506493}, 124.31330525898375)
INFO flwr 2026-06-03 15:44:45,279 | server.py:171 | evaluate_round 12: no clients selected, cancel
DEBUG flwr 2026-06-03 15:44:45,280 | server.py:222 | fit_round 13: strategy sampled 5 clients (out of 5)
DEBUG flwr 2026-06-03 15:44:55,067 | server.py:236 | fit_round 13 received 5 results and 0 failures
INFO flwr 2026-06-03 15:44:55,712 | server.py:125 | fit progress: (13, 0.39007406813252976, {'val_auprc': 0.6099259318674702, 'val_f1': 0.0542656958373403, 'val_precision': 0.02792045615192498, 'val_recall': 0.9618506493506493}, 134.74646150390618)
INFO flwr 2026-06-03 15:44:55,713 | server.py:171 | evaluate_round 13: no clients selected, cancel
DEBUG flwr 2026-06-03 15:44:55,713 | server.py:222 | fit_round 14: strategy sampled 5 clients (out of 5)
DEBUG flwr 2026-06-03 15:45:05,385 | server.py:236 | fit_round 14 received 5 results and 0 failures
INFO flwr 2026-06-03 15:45:05,943 | server.py:125 | fit progress: (14, 0.39007406813252976, {'val_auprc': 0.6099259318674702, 'val_f1': 0.0542656958373403, 'val_precision': 0.02792045615192498, 'val_recall': 0.9618506493506493}, 144.97730348212644)
INFO flwr 2026-06-03 15:45:05,944 | server.py:171 | evaluate_round 14: no clients selected, cancel
DEBUG flwr 2026-06-03 15:45:05,944 | server.py:222 | fit_round 15: strategy sampled 5 clients (out of 5)
DEBUG flwr 2026-06-03 15:45:15,588 | server.py:236 | fit_round 15 received 5 results and 0 failures
INFO flwr 2026-06-03 15:45:16,162 | server.py:125 | fit progress: (15, 0.39007406813252976, {'val_auprc': 0.6099259318674702, 'val_f1': 0.0542656958373403, 'val_precision': 0.02792045615192498, 'val_recall': 0.9618506493506493}, 155.195540829096)
INFO flwr 2026-06-03 15:45:16,162 | server.py:171 | evaluate_round 15: no clients selected, cancel
DEBUG flwr 2026-06-03 15:45:16,162 | server.py:222 | fit_round 16: strategy sampled 5 clients (out of 5)
DEBUG flwr 2026-06-03 15:45:25,905 | server.py:236 | fit_round 16 received 5 results and 0 failures
INFO flwr 2026-06-03 15:45:26,541 | server.py:125 | fit progress: (16, 0.39007406813252976, {'val_auprc': 0.6099259318674702, 'val_f1': 0.0542656958373403, 'val_precision': 0.02792045615192498, 'val_recall': 0.9618506493506493}, 165.5751330340281)
INFO flwr 2026-06-03 15:45:26,541 | server.py:171 | evaluate_round 16: no clients selected, cancel
DEBUG flwr 2026-06-03 15:45:26,542 | server.py:222 | fit_round 17: strategy sampled 5 clients (out of 5)
DEBUG flwr 2026-06-03 15:45:36,174 | server.py:236 | fit_round 17 received 5 results and 0 failures
INFO flwr 2026-06-03 15:45:36,763 | server.py:125 | fit progress: (17, 0.39007406813252976, {'val_auprc': 0.6099259318674702, 'val_f1': 0.0542656958373403, 'val_precision': 0.02792045615192498, 'val_recall': 0.9618506493506493}, 175.79698514495976)
INFO flwr 2026-06-03 15:45:36,763 | server.py:171 | evaluate_round 17: no clients selected, cancel
DEBUG flwr 2026-06-03 15:45:36,763 | server.py:222 | fit_round 18: strategy sampled 5 clients (out of 5)
DEBUG flwr 2026-06-03 15:45:46,327 | server.py:236 | fit_round 18 received 5 results and 0 failures
INFO flwr 2026-06-03 15:45:46,908 | server.py:125 | fit progress: (18, 0.39007406813252976, {'val_auprc': 0.6099259318674702, 'val_f1': 0.0542656958373403, 'val_precision': 0.02792045615192498, 'val_recall': 0.9618506493506493}, 185.94247755408287)
INFO flwr 2026-06-03 15:45:46,909 | server.py:171 | evaluate_round 18: no clients selected, cancel
DEBUG flwr 2026-06-03 15:45:46,909 | server.py:222 | fit_round 19: strategy sampled 5 clients (out of 5)
DEBUG flwr 2026-06-03 15:45:56,544 | server.py:236 | fit_round 19 received 5 results and 0 failures
INFO flwr 2026-06-03 15:45:57,128 | server.py:125 | fit progress: (19, 0.39007406813252976, {'val_auprc': 0.6099259318674702, 'val_f1': 0.0542656958373403, 'val_precision': 0.02792045615192498, 'val_recall': 0.9618506493506493}, 196.162221102044)
INFO flwr 2026-06-03 15:45:57,128 | server.py:171 | evaluate_round 19: no clients selected, cancel
DEBUG flwr 2026-06-03 15:45:57,129 | server.py:222 | fit_round 20: strategy sampled 5 clients (out of 5)
DEBUG flwr 2026-06-03 15:46:06,801 | server.py:236 | fit_round 20 received 5 results and 0 failures
INFO flwr 2026-06-03 15:46:07,891 | server.py:125 | fit progress: (20, 0.39007406813252976, {'val_auprc': 0.6099259318674702, 'val_f1': 0.0542656958373403, 'val_precision': 0.02792045615192498, 'val_recall': 0.9618506493506493}, 206.9253006130457)
INFO flwr 2026-06-03 15:46:07,892 | server.py:171 | evaluate_round 20: no clients selected, cancel
INFO flwr 2026-06-03 15:46:07,892 | server.py:153 | FL finished in 206.9258790020831
INFO flwr 2026-06-03 15:46:07,892 | app.py:225 | app_fit: losses_distributed []
INFO flwr 2026-06-03 15:46:07,893 | app.py:226 | app_fit: metrics_distributed_fit {'local_auprc': [(1, 0.9919464898137711), (2, 0.9919464898137711), (3, 0.9919464898137711), (4, 0.9919464898137711), (5, 0.9919464898137711), (6, 0.9919464898137711), (7, 0.9919464898137711), (8, 0.9919464898137711), (9, 0.9919464898137711), (10, 0.9919464898137711), (11, 0.9919464898137711), (12, 0.9919464898137711), (13, 0.9919464898137711), (14, 0.9919464898137711), (15, 0.9919464898137711), (16, 0.9919464898137711), (17, 0.9919464898137711), (18, 0.9919464898137711), (19, 0.9919464898137711), (20, 0.9919464898137711)], 'client_id': [(1, 1.9999739213616645), (2, 1.9999739213616645), (3, 1.9999739213616645), (4, 1.9999739213616645), (5, 1.9999739213616645), (6, 1.9999739213616645), (7, 1.9999739213616645), (8, 1.9999739213616645), (9, 1.9999739213616645), (10, 1.9999739213616645), (11, 1.9999739213616645), (12, 1.9999739213616645), (13, 1.9999739213616645), (14, 1.9999739213616645), (15, 1.9999739213616645), (16, 1.9999739213616645), (17, 1.9999739213616645), (18, 1.9999739213616645), (19, 1.9999739213616645), (20, 1.9999739213616645)]}
INFO flwr 2026-06-03 15:46:07,893 | app.py:227 | app_fit: metrics_distributed {}
INFO flwr 2026-06-03 15:46:07,893 | app.py:228 | app_fit: losses_centralized [(0, 0.9987091271625002), (1, 0.39007406813252976), (2, 0.39007406813252976), (3, 0.39007406813252976), (4, 0.39007406813252976), (5, 0.39007406813252976), (6, 0.39007406813252976), (7, 0.39007406813252976), (8, 0.39007406813252976), (9, 0.39007406813252976), (10, 0.39007406813252976), (11, 0.39007406813252976), (12, 0.39007406813252976), (13, 0.39007406813252976), (14, 0.39007406813252976), (15, 0.39007406813252976), (16, 0.39007406813252976), (17, 0.39007406813252976), (18, 0.39007406813252976), (19, 0.39007406813252976), (20, 0.39007406813252976)]
INFO flwr 2026-06-03 15:46:07,893 | app.py:229 | app_fit: metrics_centralized {'val_auprc': [(0, 0.001290872837499856), (1, 0.6099259318674702), (2, 0.6099259318674702), (3, 0.6099259318674702), (4, 0.6099259318674702), (5, 0.6099259318674702), (6, 0.6099259318674702), (7, 0.6099259318674702), (8, 0.6099259318674702), (9, 0.6099259318674702), (10, 0.6099259318674702), (11, 0.6099259318674702), (12, 0.6099259318674702), (13, 0.6099259318674702), (14, 0.6099259318674702), (15, 0.6099259318674702), (16, 0.6099259318674702), (17, 0.6099259318674702), (18, 0.6099259318674702), (19, 0.6099259318674702), (20, 0.6099259318674702)], 'val_f1': [(0, 0.0), (1, 0.0542656958373403), (2, 0.0542656958373403), (3, 0.0542656958373403), (4, 0.0542656958373403), (5, 0.0542656958373403), (6, 0.0542656958373403), (7, 0.0542656958373403), (8, 0.0542656958373403), (9, 0.0542656958373403), (10, 0.0542656958373403), (11, 0.0542656958373403), (12, 0.0542656958373403), (13, 0.0542656958373403), (14, 0.0542656958373403), (15, 0.0542656958373403), (16, 0.0542656958373403), (17, 0.0542656958373403), (18, 0.0542656958373403), (19, 0.0542656958373403), (20, 0.0542656958373403)], 'val_precision': [(0, 0.0), (1, 0.02792045615192498), (2, 0.02792045615192498), (3, 0.02792045615192498), (4, 0.02792045615192498), (5, 0.02792045615192498), (6, 0.02792045615192498), (7, 0.02792045615192498), (8, 0.02792045615192498), (9, 0.02792045615192498), (10, 0.02792045615192498), (11, 0.02792045615192498), (12, 0.02792045615192498), (13, 0.02792045615192498), (14, 0.02792045615192498), (15, 0.02792045615192498), (16, 0.02792045615192498), (17, 0.02792045615192498), (18, 0.02792045615192498), (19, 0.02792045615192498), (20, 0.02792045615192498)], 'val_recall': [(0, 0.0), (1, 0.9618506493506493), (2, 0.9618506493506493), (3, 0.9618506493506493), (4, 0.9618506493506493), (5, 0.9618506493506493), (6, 0.9618506493506493), (7, 0.9618506493506493), (8, 0.9618506493506493), (9, 0.9618506493506493), (10, 0.9618506493506493), (11, 0.9618506493506493), (12, 0.9618506493506493), (13, 0.9618506493506493), (14, 0.9618506493506493), (15, 0.9618506493506493), (16, 0.9618506493506493), (17, 0.9618506493506493), (18, 0.9618506493506493), (19, 0.9618506493506493), (20, 0.9618506493506493)]}
wandb: Waiting for W&B process to finish... (success).
wandb: 
wandb: Run history:
wandb:          round ▁▁▂▂▂▃▃▃▄▄▅▅▅▆▆▆▇▇▇███
wandb:     test_auprc ▁
wandb:        test_f1 ▁
wandb:      test_loss ▁
wandb: test_precision ▁
wandb:    test_recall ▁
wandb:      val_auprc ▁████████████████████
wandb:         val_f1 ▁████████████████████
wandb:       val_loss █▁▁▁▁▁▁▁▁▁▁▁▁▁▁▁▁▁▁▁▁
wandb:  val_precision ▁████████████████████
wandb:     val_recall ▁████████████████████
wandb: 
wandb: Run summary:
wandb:       best_round 1
wandb:   best_val_auprc 0.60993
wandb: duration_seconds 224.79152
wandb:            round 20
wandb:       test_auprc 0.59085
wandb:          test_f1 0.05447
wandb:        test_loss 0.40915
wandb:   test_precision 0.02803
wandb:      test_recall 0.95292
wandb:        val_auprc 0.60993
wandb:           val_f1 0.05427
wandb:         val_loss 0.39007
wandb:    val_precision 0.02792
wandb:       val_recall 0.96185
wandb: 
wandb: 🚀 View run svm_iid_alpha-_smote_seed42 at: https://wandb.ai/deo250605-sepuluh-nopember-insitute-of-technology/hfedxgboost-paysim/runs/8mko0zdm
wandb: Synced 6 W&B file(s), 0 media file(s), 0 artifact file(s) and 0 other file(s)
wandb: Find logs at: ./wandb/run-20260603_154234-8mko0zdm/logs
[run] resolved config: {'model': 'fedavg_svm', 'num_clients': 5, 'num_rounds': 20, 'local_epochs': 1, 'random_seed': 42, 'oversampling': 'smote', 'smote_k_neighbors': 5, 'smote_sampling_strategy': 'auto', 'use_wandb': True, 'wandb_project': 'hfedxgboost-paysim', 'early_stop_patience': 10, 'partition': {'scheme': 'iid', 'alpha': None}, 'svm_params': {'C': 1.0, 'max_iter': 1000, 'warm_start': True}}
[run] === svm | scheme=iid alpha=None K=5 R=20 oversampling=smote seed=42 ===
[paysim] loading data/paysim/paysim.csv
[paysim] loaded 6,362,620 rows, 11 columns

[paysim] === data summary ===
  total rows loaded : 6,362,620
  feature count     : 13
  feature names     : ['step', 'amount', 'oldbalanceOrg', 'newbalanceOrig', 'oldbalanceDest', 'newbalanceDest', 'errorBalanceOrig', 'errorBalanceDest', 'type_CASH_IN', 'type_CASH_OUT', 'type_DEBIT', 'type_PAYMENT', 'type_TRANSFER']
  x_train: (4453834, 13)  dtype=float32   |  y_train: (4453834,)  dtype=int32
  x_val  : (954393, 13)  dtype=float32   |  y_val  : (954393,)  dtype=int32
  x_test : (954393, 13)  dtype=float32   |  y_test : (954393,)  dtype=int32
  fraud in train: 5,749 / 4,453,834  (0.1291%)
  fraud in val  : 1,232 / 954,393  (0.1291%)
  fraud in test : 1,232 / 954,393  (0.1291%)
[paysim] === end summary ===


[smote] === per-client SMOTE summary ===
  cid |    n_before |     n_after |  fraud_before |  fraud_after | ratio_after | applied
----------------------------------------------------------------------------------------
    0 |     890,767 |   1,779,230 |         1,152 |      889,615 |    50.0000% |    True
    1 |     890,767 |   1,779,352 |         1,091 |      889,676 |    50.0000% |    True
    2 |     890,767 |   1,779,186 |         1,174 |      889,593 |    50.0000% |    True
    3 |     890,767 |   1,779,224 |         1,155 |      889,612 |    50.0000% |    True
    4 |     890,766 |   1,779,178 |         1,177 |      889,589 |    50.0000% |    True
[smote] === end summary ===

[run] FL starting: 20 rounds, 5 clients
[server] round 0 | val_auprc=0.0013 | val_f1=0.0000 | val_precision=0.0000 | val_recall=0.0000
[server] round 1 | val_auprc=0.6099 | val_f1=0.0543 | val_precision=0.0279 | val_recall=0.9619
[server] round 2 | val_auprc=0.6099 | val_f1=0.0543 | val_precision=0.0279 | val_recall=0.9619
[server] round 3 | val_auprc=0.6099 | val_f1=0.0543 | val_precision=0.0279 | val_recall=0.9619
[server] round 4 | val_auprc=0.6099 | val_f1=0.0543 | val_precision=0.0279 | val_recall=0.9619
[server] round 5 | val_auprc=0.6099 | val_f1=0.0543 | val_precision=0.0279 | val_recall=0.9619
[server] round 6 | val_auprc=0.6099 | val_f1=0.0543 | val_precision=0.0279 | val_recall=0.9619
[server] round 7 | val_auprc=0.6099 | val_f1=0.0543 | val_precision=0.0279 | val_recall=0.9619
[server] round 8 | val_auprc=0.6099 | val_f1=0.0543 | val_precision=0.0279 | val_recall=0.9619
[server] round 9 | val_auprc=0.6099 | val_f1=0.0543 | val_precision=0.0279 | val_recall=0.9619
[server] round 10 | val_auprc=0.6099 | val_f1=0.0543 | val_precision=0.0279 | val_recall=0.9619
[server] round 11 | val_auprc=0.6099 | val_f1=0.0543 | val_precision=0.0279 | val_recall=0.9619
[server] early-stop signal at round 11: val_auprc unchanged for 10 rounds (best=0.6099 at round 1)
[server] round 12 | val_auprc=0.6099 | val_f1=0.0543 | val_precision=0.0279 | val_recall=0.9619
[server] round 13 | val_auprc=0.6099 | val_f1=0.0543 | val_precision=0.0279 | val_recall=0.9619
[server] round 14 | val_auprc=0.6099 | val_f1=0.0543 | val_precision=0.0279 | val_recall=0.9619
[server] round 15 | val_auprc=0.6099 | val_f1=0.0543 | val_precision=0.0279 | val_recall=0.9619
[server] round 16 | val_auprc=0.6099 | val_f1=0.0543 | val_precision=0.0279 | val_recall=0.9619
[server] round 17 | val_auprc=0.6099 | val_f1=0.0543 | val_precision=0.0279 | val_recall=0.9619
[server] round 18 | val_auprc=0.6099 | val_f1=0.0543 | val_precision=0.0279 | val_recall=0.9619
[server] round 19 | val_auprc=0.6099 | val_f1=0.0543 | val_precision=0.0279 | val_recall=0.9619
[server] round 20 | val_auprc=0.6099 | val_f1=0.0543 | val_precision=0.0279 | val_recall=0.9619
[server] FINAL round 20 | test_auprc=0.5908 | test_f1=0.0545 | test_precision=0.0280 | test_recall=0.9529
[run] best val_auprc: 0.6099 at round 1
[run] final test: auprc=0.5908 | f1=0.0545 | precision=0.0280 | recall=0.9529
[results] wrote summary CSV → results/logs/svm/svm_iid_alpha-_smote_seed42.csv
[results] wrote rounds CSV  → results/logs/svm/svm_iid_alpha-_smote_seed42_rounds.csv
